
===========================================================================
report_checks -path_delay min (Hold)
============================================================================
======================= nom_typ_1p20V_25C Corner ===================================

Startpoint: _311_ (rising edge-triggered flip-flop clocked by clk)
Endpoint: sign (output port clocked by clk)
Path Group: clk
Path Type: min

Fanout         Cap        Slew       Delay        Time   Description
---------------------------------------------------------------------------------------------
                      0.100000    0.000000    0.000000   clock clk (rise edge)
                                  0.000000    0.000000   clock network delay (ideal)
                      0.100000    0.000000    0.000000 ^ _311_/CLK (sg13g2_dfrbpq_1)
     2    0.032816    0.106684    0.268935    0.268935 v _311_/Q (sg13g2_dfrbpq_1)
                                                         sign (net)
                      0.106684    0.000000    0.268935 v sign (out)
                                              0.268935   data arrival time

                      0.100000    0.000000    0.000000   clock clk (rise edge)
                                  0.000000    0.000000   clock network delay (ideal)
                                  0.150000    0.150000   clock uncertainty
                                  0.000000    0.150000   clock reconvergence pessimism
                                  0.000000    0.150000   output external delay
                                              0.150000   data required time
---------------------------------------------------------------------------------------------
                                              0.150000   data required time
                                             -0.268935   data arrival time
---------------------------------------------------------------------------------------------
                                              0.118935   slack (MET)


Startpoint: _310_ (rising edge-triggered flip-flop clocked by clk)
Endpoint: sine_out[16] (output port clocked by clk)
Path Group: clk
Path Type: min

Fanout         Cap        Slew       Delay        Time   Description
---------------------------------------------------------------------------------------------
                      0.100000    0.000000    0.000000   clock clk (rise edge)
                                  0.000000    0.000000   clock network delay (ideal)
                      0.100000    0.000000    0.000000 ^ _310_/CLK (sg13g2_dfrbpq_1)
    17    0.050892    0.160530    0.309028    0.309028 v _310_/Q (sg13g2_dfrbpq_1)
                                                         DPATH.SUM.fa_6.A (net)
                      0.160530    0.000000    0.309028 v _176_/A (sg13g2_nand3_1)
     1    0.010000    0.062551    0.099812    0.408840 ^ _176_/Y (sg13g2_nand3_1)
                                                         sine_out[16] (net)
                      0.062551    0.000000    0.408840 ^ sine_out[16] (out)
                                              0.408840   data arrival time

                      0.100000    0.000000    0.000000   clock clk (rise edge)
                                  0.000000    0.000000   clock network delay (ideal)
                                  0.150000    0.150000   clock uncertainty
                                  0.000000    0.150000   clock reconvergence pessimism
                                  0.000000    0.150000   output external delay
                                              0.150000   data required time
---------------------------------------------------------------------------------------------
                                              0.150000   data required time
                                             -0.408840   data arrival time
---------------------------------------------------------------------------------------------
                                              0.258840   slack (MET)


Startpoint: _310_ (rising edge-triggered flip-flop clocked by clk)
Endpoint: sine_out[14] (output port clocked by clk)
Path Group: clk
Path Type: min

Fanout         Cap        Slew       Delay        Time   Description
---------------------------------------------------------------------------------------------
                      0.100000    0.000000    0.000000   clock clk (rise edge)
                                  0.000000    0.000000   clock network delay (ideal)
                      0.100000    0.000000    0.000000 ^ _310_/CLK (sg13g2_dfrbpq_1)
    17    0.050892    0.160530    0.309028    0.309028 v _310_/Q (sg13g2_dfrbpq_1)
                                                         DPATH.SUM.fa_6.A (net)
                      0.160530    0.000000    0.309028 v _171_/B1 (sg13g2_o21ai_1)
     1    0.010000    0.083823    0.107269    0.416297 ^ _171_/Y (sg13g2_o21ai_1)
                                                         sine_out[14] (net)
                      0.083823    0.000000    0.416297 ^ sine_out[14] (out)
                                              0.416297   data arrival time

                      0.100000    0.000000    0.000000   clock clk (rise edge)
                                  0.000000    0.000000   clock network delay (ideal)
                                  0.150000    0.150000   clock uncertainty
                                  0.000000    0.150000   clock reconvergence pessimism
                                  0.000000    0.150000   output external delay
                                              0.150000   data required time
---------------------------------------------------------------------------------------------
                                              0.150000   data required time
                                             -0.416297   data arrival time
---------------------------------------------------------------------------------------------
                                              0.266297   slack (MET)


Startpoint: _310_ (rising edge-triggered flip-flop clocked by clk)
Endpoint: sine_out[15] (output port clocked by clk)
Path Group: clk
Path Type: min

Fanout         Cap        Slew       Delay        Time   Description
---------------------------------------------------------------------------------------------
                      0.100000    0.000000    0.000000   clock clk (rise edge)
                                  0.000000    0.000000   clock network delay (ideal)
                      0.100000    0.000000    0.000000 ^ _310_/CLK (sg13g2_dfrbpq_1)
    17    0.050892    0.160530    0.309028    0.309028 v _310_/Q (sg13g2_dfrbpq_1)
                                                         DPATH.SUM.fa_6.A (net)
                      0.160530    0.000000    0.309028 v _173_/B1 (sg13g2_o21ai_1)
     1    0.010000    0.083823    0.107269    0.416297 ^ _173_/Y (sg13g2_o21ai_1)
                                                         sine_out[15] (net)
                      0.083823    0.000000    0.416297 ^ sine_out[15] (out)
                                              0.416297   data arrival time

                      0.100000    0.000000    0.000000   clock clk (rise edge)
                                  0.000000    0.000000   clock network delay (ideal)
                                  0.150000    0.150000   clock uncertainty
                                  0.000000    0.150000   clock reconvergence pessimism
                                  0.000000    0.150000   output external delay
                                              0.150000   data required time
---------------------------------------------------------------------------------------------
                                              0.150000   data required time
                                             -0.416297   data arrival time
---------------------------------------------------------------------------------------------
                                              0.266297   slack (MET)


Startpoint: _310_ (rising edge-triggered flip-flop clocked by clk)
Endpoint: sine_out[17] (output port clocked by clk)
Path Group: clk
Path Type: min

Fanout         Cap        Slew       Delay        Time   Description
---------------------------------------------------------------------------------------------
                      0.100000    0.000000    0.000000   clock clk (rise edge)
                                  0.000000    0.000000   clock network delay (ideal)
                      0.100000    0.000000    0.000000 ^ _310_/CLK (sg13g2_dfrbpq_1)
    17    0.050892    0.160530    0.309028    0.309028 v _310_/Q (sg13g2_dfrbpq_1)
                                                         DPATH.SUM.fa_6.A (net)
                      0.160530    0.000000    0.309028 v _179_/B (sg13g2_nand3_1)
     1    0.010000    0.065520    0.108001    0.417029 ^ _179_/Y (sg13g2_nand3_1)
                                                         sine_out[17] (net)
                      0.065520    0.000000    0.417029 ^ sine_out[17] (out)
                                              0.417029   data arrival time

                      0.100000    0.000000    0.000000   clock clk (rise edge)
                                  0.000000    0.000000   clock network delay (ideal)
                                  0.150000    0.150000   clock uncertainty
                                  0.000000    0.150000   clock reconvergence pessimism
                                  0.000000    0.150000   output external delay
                                              0.150000   data required time
---------------------------------------------------------------------------------------------
                                              0.150000   data required time
                                             -0.417029   data arrival time
---------------------------------------------------------------------------------------------
                                              0.267029   slack (MET)


Startpoint: _310_ (rising edge-triggered flip-flop clocked by clk)
Endpoint: sine_out[13] (output port clocked by clk)
Path Group: clk
Path Type: min

Fanout         Cap        Slew       Delay        Time   Description
---------------------------------------------------------------------------------------------
                      0.100000    0.000000    0.000000   clock clk (rise edge)
                                  0.000000    0.000000   clock network delay (ideal)
                      0.100000    0.000000    0.000000 ^ _310_/CLK (sg13g2_dfrbpq_1)
    17    0.050892    0.160530    0.309028    0.309028 v _310_/Q (sg13g2_dfrbpq_1)
                                                         DPATH.SUM.fa_6.A (net)
                      0.160530    0.000000    0.309028 v _170_/B1 (sg13g2_a21oi_1)
     1    0.010000    0.097843    0.114311    0.423339 ^ _170_/Y (sg13g2_a21oi_1)
                                                         sine_out[13] (net)
                      0.097843    0.000000    0.423339 ^ sine_out[13] (out)
                                              0.423339   data arrival time

                      0.100000    0.000000    0.000000   clock clk (rise edge)
                                  0.000000    0.000000   clock network delay (ideal)
                                  0.150000    0.150000   clock uncertainty
                                  0.000000    0.150000   clock reconvergence pessimism
                                  0.000000    0.150000   output external delay
                                              0.150000   data required time
---------------------------------------------------------------------------------------------
                                              0.150000   data required time
                                             -0.423339   data arrival time
---------------------------------------------------------------------------------------------
                                              0.273339   slack (MET)


Startpoint: _310_ (rising edge-triggered flip-flop clocked by clk)
Endpoint: sine_out[9] (output port clocked by clk)
Path Group: clk
Path Type: min

Fanout         Cap        Slew       Delay        Time   Description
---------------------------------------------------------------------------------------------
                      0.100000    0.000000    0.000000   clock clk (rise edge)
                                  0.000000    0.000000   clock network delay (ideal)
                      0.100000    0.000000    0.000000 ^ _310_/CLK (sg13g2_dfrbpq_1)
    17    0.050892    0.160530    0.309028    0.309028 v _310_/Q (sg13g2_dfrbpq_1)
                                                         DPATH.SUM.fa_6.A (net)
                      0.160530    0.000000    0.309028 v _150_/B1 (sg13g2_a21oi_1)
     1    0.010000    0.097843    0.114311    0.423339 ^ _150_/Y (sg13g2_a21oi_1)
                                                         sine_out[9] (net)
                      0.097843    0.000000    0.423339 ^ sine_out[9] (out)
                                              0.423339   data arrival time

                      0.100000    0.000000    0.000000   clock clk (rise edge)
                                  0.000000    0.000000   clock network delay (ideal)
                                  0.150000    0.150000   clock uncertainty
                                  0.000000    0.150000   clock reconvergence pessimism
                                  0.000000    0.150000   output external delay
                                              0.150000   data required time
---------------------------------------------------------------------------------------------
                                              0.150000   data required time
                                             -0.423339   data arrival time
---------------------------------------------------------------------------------------------
                                              0.273339   slack (MET)


Startpoint: _304_ (rising edge-triggered flip-flop clocked by clk)
Endpoint: _305_ (rising edge-triggered flip-flop clocked by clk)
Path Group: clk
Path Type: min

Fanout         Cap        Slew       Delay        Time   Description
---------------------------------------------------------------------------------------------
                      0.100000    0.000000    0.000000   clock clk (rise edge)
                                  0.000000    0.000000   clock network delay (ideal)
                      0.100000    0.000000    0.000000 ^ _304_/CLK (sg13g2_dfrbpq_1)
    16    0.051271    0.161661    0.309867    0.309867 v _304_/Q (sg13g2_dfrbpq_1)
                                                         DPATH.SUM.Cout0 (net)
                      0.161661    0.000000    0.309867 v _182_/A (sg13g2_xnor2_1)
     1    0.001430    0.026517    0.095141    0.405008 v _182_/Y (sg13g2_xnor2_1)
                                                         DPATH.SUM.fa_1.S (net)
                      0.026517    0.000000    0.405008 v _305_/D (sg13g2_dfrbpq_1)
                                              0.405008   data arrival time

                      0.100000    0.000000    0.000000   clock clk (rise edge)
                                  0.000000    0.000000   clock network delay (ideal)
                                  0.150000    0.150000   clock uncertainty
                                  0.000000    0.150000   clock reconvergence pessimism
                                              0.150000 ^ _305_/CLK (sg13g2_dfrbpq_1)
                                 -0.019771    0.130229   library hold time
                                              0.130229   data required time
---------------------------------------------------------------------------------------------
                                              0.130229   data required time
                                             -0.405008   data arrival time
---------------------------------------------------------------------------------------------
                                              0.274779   slack (MET)


Startpoint: _312_ (rising edge-triggered flip-flop clocked by clk)
Endpoint: _312_ (rising edge-triggered flip-flop clocked by clk)
Path Group: clk
Path Type: min

Fanout         Cap        Slew       Delay        Time   Description
---------------------------------------------------------------------------------------------
                      0.100000    0.000000    0.000000   clock clk (rise edge)
                                  0.000000    0.000000   clock network delay (ideal)
                      0.100000    0.000000    0.000000 ^ _312_/CLK (sg13g2_dfrbpq_1)
    13    0.050121    0.158231    0.307322    0.307322 v _312_/Q (sg13g2_dfrbpq_1)
                                                         CTRL.S0 (net)
                      0.158231    0.000000    0.307322 v _206_/B1 (sg13g2_a21oi_1)
     1    0.002993    0.053196    0.072238    0.379560 ^ _206_/Y (sg13g2_a21oi_1)
                                                         _020_ (net)
                      0.053196    0.000000    0.379560 ^ _207_/B (sg13g2_nor2_1)
     1    0.001430    0.019356    0.032572    0.412132 v _207_/Y (sg13g2_nor2_1)
                                                         CTRL.P0 (net)
                      0.019356    0.000000    0.412132 v _312_/D (sg13g2_dfrbpq_1)
                                              0.412132   data arrival time

                      0.100000    0.000000    0.000000   clock clk (rise edge)
                                  0.000000    0.000000   clock network delay (ideal)
                                  0.150000    0.150000   clock uncertainty
                                  0.000000    0.150000   clock reconvergence pessimism
                                              0.150000 ^ _312_/CLK (sg13g2_dfrbpq_1)
                                 -0.017488    0.132512   library hold time
                                              0.132512   data required time
---------------------------------------------------------------------------------------------
                                              0.132512   data required time
                                             -0.412132   data arrival time
---------------------------------------------------------------------------------------------
                                              0.279620   slack (MET)


Startpoint: _311_ (rising edge-triggered flip-flop clocked by clk)
Endpoint: signB (output port clocked by clk)
Path Group: clk
Path Type: min

Fanout         Cap        Slew       Delay        Time   Description
---------------------------------------------------------------------------------------------
                      0.100000    0.000000    0.000000   clock clk (rise edge)
                                  0.000000    0.000000   clock network delay (ideal)
                      0.100000    0.000000    0.000000 ^ _311_/CLK (sg13g2_dfrbpq_1)
     2    0.032816    0.106684    0.268935    0.268935 v _311_/Q (sg13g2_dfrbpq_1)
                                                         sign (net)
                      0.106684    0.000000    0.268935 v _142_/A (sg13g2_inv_1)
     2    0.035655    0.157628    0.167622    0.436557 ^ _142_/Y (sg13g2_inv_1)
                                                         signB (net)
                      0.157628    0.000000    0.436557 ^ signB (out)
                                              0.436557   data arrival time

                      0.100000    0.000000    0.000000   clock clk (rise edge)
                                  0.000000    0.000000   clock network delay (ideal)
                                  0.150000    0.150000   clock uncertainty
                                  0.000000    0.150000   clock reconvergence pessimism
                                  0.000000    0.150000   output external delay
                                              0.150000   data required time
---------------------------------------------------------------------------------------------
                                              0.150000   data required time
                                             -0.436557   data arrival time
---------------------------------------------------------------------------------------------
                                              0.286557   slack (MET)


Startpoint: _306_ (rising edge-triggered flip-flop clocked by clk)
Endpoint: _306_ (rising edge-triggered flip-flop clocked by clk)
Path Group: clk
Path Type: min

Fanout         Cap        Slew       Delay        Time   Description
---------------------------------------------------------------------------------------------
                      0.100000    0.000000    0.000000   clock clk (rise edge)
                                  0.000000    0.000000   clock network delay (ideal)
                      0.100000    0.000000    0.000000 ^ _306_/CLK (sg13g2_dfrbpq_1)
    11    0.036431    0.117427    0.276988    0.276988 v _306_/Q (sg13g2_dfrbpq_1)
                                                         DPATH.SUM.fa_2.A (net)
                      0.117427    0.000000    0.276988 v _185_/A (sg13g2_xor2_1)
     2    0.008058    0.043468    0.112020    0.389008 v _185_/X (sg13g2_xor2_1)
                                                         _134_ (net)
                      0.043468    0.000000    0.389008 v _186_/B (sg13g2_xor2_1)
     1    0.001430    0.023686    0.050309    0.439317 v _186_/X (sg13g2_xor2_1)
                                                         DPATH.SUM.fa_2.S (net)
                      0.023686    0.000000    0.439317 v _306_/D (sg13g2_dfrbpq_1)
                                              0.439317   data arrival time

                      0.100000    0.000000    0.000000   clock clk (rise edge)
                                  0.000000    0.000000   clock network delay (ideal)
                                  0.150000    0.150000   clock uncertainty
                                  0.000000    0.150000   clock reconvergence pessimism
                                              0.150000 ^ _306_/CLK (sg13g2_dfrbpq_1)
                                 -0.018868    0.131132   library hold time
                                              0.131132   data required time
---------------------------------------------------------------------------------------------
                                              0.131132   data required time
                                             -0.439317   data arrival time
---------------------------------------------------------------------------------------------
                                              0.308186   slack (MET)


Startpoint: _310_ (rising edge-triggered flip-flop clocked by clk)
Endpoint: sine_out[0] (output port clocked by clk)
Path Group: clk
Path Type: min

Fanout         Cap        Slew       Delay        Time   Description
---------------------------------------------------------------------------------------------
                      0.100000    0.000000    0.000000   clock clk (rise edge)
                                  0.000000    0.000000   clock network delay (ideal)
                      0.100000    0.000000    0.000000 ^ _310_/CLK (sg13g2_dfrbpq_1)
    17    0.050892    0.160530    0.309028    0.309028 v _310_/Q (sg13g2_dfrbpq_1)
                                                         DPATH.SUM.fa_6.A (net)
                      0.160530    0.000000    0.309028 v _247_/A1 (sg13g2_a22oi_1)
     1    0.010000    0.108476    0.154417    0.463445 ^ _247_/Y (sg13g2_a22oi_1)
                                                         sine_out[0] (net)
                      0.108476    0.000000    0.463445 ^ sine_out[0] (out)
                                              0.463445   data arrival time

                      0.100000    0.000000    0.000000   clock clk (rise edge)
                                  0.000000    0.000000   clock network delay (ideal)
                                  0.150000    0.150000   clock uncertainty
                                  0.000000    0.150000   clock reconvergence pessimism
                                  0.000000    0.150000   output external delay
                                              0.150000   data required time
---------------------------------------------------------------------------------------------
                                              0.150000   data required time
                                             -0.463445   data arrival time
---------------------------------------------------------------------------------------------
                                              0.313445   slack (MET)


Startpoint: _310_ (rising edge-triggered flip-flop clocked by clk)
Endpoint: _310_ (rising edge-triggered flip-flop clocked by clk)
Path Group: clk
Path Type: min

Fanout         Cap        Slew       Delay        Time   Description
---------------------------------------------------------------------------------------------
                      0.100000    0.000000    0.000000   clock clk (rise edge)
                                  0.000000    0.000000   clock network delay (ideal)
                      0.100000    0.000000    0.000000 ^ _310_/CLK (sg13g2_dfrbpq_1)
    17    0.050892    0.160530    0.309028    0.309028 v _310_/Q (sg13g2_dfrbpq_1)
                                                         DPATH.SUM.fa_6.A (net)
                      0.160530    0.000000    0.309028 v _200_/B (sg13g2_xnor2_1)
     1    0.005067    0.048073    0.102125    0.411153 v _200_/Y (sg13g2_xnor2_1)
                                                         _016_ (net)
                      0.048073    0.000000    0.411153 v _201_/B (sg13g2_xnor2_1)
     1    0.001430    0.025398    0.053379    0.464532 v _201_/Y (sg13g2_xnor2_1)
                                                         DPATH.SUM.fa_6.S (net)
                      0.025398    0.000000    0.464532 v _310_/D (sg13g2_dfrbpq_1)
                                              0.464532   data arrival time

                      0.100000    0.000000    0.000000   clock clk (rise edge)
                                  0.000000    0.000000   clock network delay (ideal)
                                  0.150000    0.150000   clock uncertainty
                                  0.000000    0.150000   clock reconvergence pessimism
                                              0.150000 ^ _310_/CLK (sg13g2_dfrbpq_1)
                                 -0.019414    0.130586   library hold time
                                              0.130586   data required time
---------------------------------------------------------------------------------------------
                                              0.130586   data required time
                                             -0.464532   data arrival time
---------------------------------------------------------------------------------------------
                                              0.333946   slack (MET)


Startpoint: _310_ (rising edge-triggered flip-flop clocked by clk)
Endpoint: sine_out[2] (output port clocked by clk)
Path Group: clk
Path Type: min

Fanout         Cap        Slew       Delay        Time   Description
---------------------------------------------------------------------------------------------
                      0.100000    0.000000    0.000000   clock clk (rise edge)
                                  0.000000    0.000000   clock network delay (ideal)
                      0.100000    0.000000    0.000000 ^ _310_/CLK (sg13g2_dfrbpq_1)
    17    0.050892    0.160530    0.309028    0.309028 v _310_/Q (sg13g2_dfrbpq_1)
                                                         DPATH.SUM.fa_6.A (net)
                      0.160530    0.000000    0.309028 v _286_/B1 (sg13g2_o21ai_1)
     1    0.002949    0.052430    0.070497    0.379525 ^ _286_/Y (sg13g2_o21ai_1)
                                                         _097_ (net)
                      0.052430    0.000000    0.379525 ^ _287_/B1 (sg13g2_a21oi_1)
     1    0.002808    0.023282    0.036080    0.415604 v _287_/Y (sg13g2_a21oi_1)
                                                         _098_ (net)
                      0.023282    0.000000    0.415604 v _288_/B1 (sg13g2_a21oi_1)
     1    0.010000    0.075565    0.070048    0.485653 ^ _288_/Y (sg13g2_a21oi_1)
                                                         sine_out[2] (net)
                      0.075565    0.000000    0.485653 ^ sine_out[2] (out)
                                              0.485653   data arrival time

                      0.100000    0.000000    0.000000   clock clk (rise edge)
                                  0.000000    0.000000   clock network delay (ideal)
                                  0.150000    0.150000   clock uncertainty
                                  0.000000    0.150000   clock reconvergence pessimism
                                  0.000000    0.150000   output external delay
                                              0.150000   data required time
---------------------------------------------------------------------------------------------
                                              0.150000   data required time
                                             -0.485653   data arrival time
---------------------------------------------------------------------------------------------
                                              0.335653   slack (MET)


Startpoint: _312_ (rising edge-triggered flip-flop clocked by clk)
Endpoint: _307_ (rising edge-triggered flip-flop clocked by clk)
Path Group: clk
Path Type: min

Fanout         Cap        Slew       Delay        Time   Description
---------------------------------------------------------------------------------------------
                      0.100000    0.000000    0.000000   clock clk (rise edge)
                                  0.000000    0.000000   clock network delay (ideal)
                      0.100000    0.000000    0.000000 ^ _312_/CLK (sg13g2_dfrbpq_1)
    13    0.050121    0.158231    0.307322    0.307322 v _312_/Q (sg13g2_dfrbpq_1)
                                                         CTRL.S0 (net)
                      0.158231    0.000000    0.307322 v _189_/B (sg13g2_xnor2_1)
     2    0.008208    0.065022    0.118153    0.425475 v _189_/Y (sg13g2_xnor2_1)
                                                         _137_ (net)
                      0.065022    0.000000    0.425475 v _190_/B (sg13g2_xor2_1)
     1    0.001430    0.023339    0.058491    0.483967 v _190_/X (sg13g2_xor2_1)
                                                         DPATH.SUM.fa_3.S (net)
                      0.023339    0.000000    0.483967 v _307_/D (sg13g2_dfrbpq_1)
                                              0.483967   data arrival time

                      0.100000    0.000000    0.000000   clock clk (rise edge)
                                  0.000000    0.000000   clock network delay (ideal)
                                  0.150000    0.150000   clock uncertainty
                                  0.000000    0.150000   clock reconvergence pessimism
                                              0.150000 ^ _307_/CLK (sg13g2_dfrbpq_1)
                                 -0.018758    0.131242   library hold time
                                              0.131242   data required time
---------------------------------------------------------------------------------------------
                                              0.131242   data required time
                                             -0.483967   data arrival time
---------------------------------------------------------------------------------------------
                                              0.352724   slack (MET)


Startpoint: _304_ (rising edge-triggered flip-flop clocked by clk)
Endpoint: _311_ (rising edge-triggered flip-flop clocked by clk)
Path Group: clk
Path Type: min

Fanout         Cap        Slew       Delay        Time   Description
---------------------------------------------------------------------------------------------
                      0.100000    0.000000    0.000000   clock clk (rise edge)
                                  0.000000    0.000000   clock network delay (ideal)
                      0.100000    0.000000    0.000000 ^ _304_/CLK (sg13g2_dfrbpq_1)
    16    0.051271    0.161661    0.309867    0.309867 v _304_/Q (sg13g2_dfrbpq_1)
                                                         DPATH.SUM.Cout0 (net)
                      0.161661    0.000000    0.309867 v _202_/B (sg13g2_nand3b_1)
     1    0.002976    0.035782    0.078334    0.388201 ^ _202_/Y (sg13g2_nand3b_1)
                                                         _017_ (net)
                      0.035782    0.000000    0.388201 ^ _203_/C (sg13g2_nor3_1)
     2    0.008136    0.036443    0.046390    0.434591 v _203_/Y (sg13g2_nor3_1)
                                                         _018_ (net)
                      0.036443    0.000000    0.434591 v _204_/B (sg13g2_xnor2_1)
     1    0.001430    0.025004    0.049500    0.484091 v _204_/Y (sg13g2_xnor2_1)
                                                         CTRL.P1 (net)
                      0.025004    0.000000    0.484091 v _311_/D (sg13g2_dfrbpq_1)
                                              0.484091   data arrival time

                      0.100000    0.000000    0.000000   clock clk (rise edge)
                                  0.000000    0.000000   clock network delay (ideal)
                                  0.150000    0.150000   clock uncertainty
                                  0.000000    0.150000   clock reconvergence pessimism
                                              0.150000 ^ _311_/CLK (sg13g2_dfrbpq_1)
                                 -0.019289    0.130711   library hold time
                                              0.130711   data required time
---------------------------------------------------------------------------------------------
                                              0.130711   data required time
                                             -0.484091   data arrival time
---------------------------------------------------------------------------------------------
                                              0.353379   slack (MET)


Startpoint: _312_ (rising edge-triggered flip-flop clocked by clk)
Endpoint: _308_ (rising edge-triggered flip-flop clocked by clk)
Path Group: clk
Path Type: min

Fanout         Cap        Slew       Delay        Time   Description
---------------------------------------------------------------------------------------------
                      0.100000    0.000000    0.000000   clock clk (rise edge)
                                  0.000000    0.000000   clock network delay (ideal)
                      0.100000    0.000000    0.000000 ^ _312_/CLK (sg13g2_dfrbpq_1)
    13    0.050121    0.158231    0.307322    0.307322 v _312_/Q (sg13g2_dfrbpq_1)
                                                         CTRL.S0 (net)
                      0.158231    0.000000    0.307322 v _192_/B (sg13g2_xor2_1)
     2    0.008719    0.047588    0.125273    0.432595 v _192_/X (sg13g2_xor2_1)
                                                         _010_ (net)
                      0.047588    0.000000    0.432595 v _194_/A (sg13g2_xor2_1)
     1    0.001430    0.023477    0.056925    0.489520 v _194_/X (sg13g2_xor2_1)
                                                         DPATH.SUM.fa_4.S (net)
                      0.023477    0.000000    0.489520 v _308_/D (sg13g2_dfrbpq_1)
                                              0.489520   data arrival time

                      0.100000    0.000000    0.000000   clock clk (rise edge)
                                  0.000000    0.000000   clock network delay (ideal)
                                  0.150000    0.150000   clock uncertainty
                                  0.000000    0.150000   clock reconvergence pessimism
                                              0.150000 ^ _308_/CLK (sg13g2_dfrbpq_1)
                                 -0.018802    0.131198   library hold time
                                              0.131198   data required time
---------------------------------------------------------------------------------------------
                                              0.131198   data required time
                                             -0.489520   data arrival time
---------------------------------------------------------------------------------------------
                                              0.358322   slack (MET)


Startpoint: _304_ (rising edge-triggered flip-flop clocked by clk)
Endpoint: _304_ (rising edge-triggered flip-flop clocked by clk)
Path Group: clk
Path Type: min

Fanout         Cap        Slew       Delay        Time   Description
---------------------------------------------------------------------------------------------
                      0.100000    0.000000    0.000000   clock clk (rise edge)
                                  0.000000    0.000000   clock network delay (ideal)
                      0.100000    0.000000    0.000000 ^ _304_/CLK (sg13g2_dfrbpq_1)
    16    0.051271    0.161661    0.309867    0.309867 v _304_/Q (sg13g2_dfrbpq_1)
                                                         DPATH.SUM.Cout0 (net)
                      0.161661    0.000000    0.309867 v _141_/A (sg13g2_inv_1)
     6    0.017290    0.101946    0.126277    0.436144 ^ _141_/Y (sg13g2_inv_1)
                                                         DPATH.SUM.ha_0.S (net)
                      0.101946    0.000000    0.436144 ^ _304_/D (sg13g2_dfrbpq_1)
                                              0.436144   data arrival time

                      0.100000    0.000000    0.000000   clock clk (rise edge)
                                  0.000000    0.000000   clock network delay (ideal)
                                  0.150000    0.150000   clock uncertainty
                                  0.000000    0.150000   clock reconvergence pessimism
                                              0.150000 ^ _304_/CLK (sg13g2_dfrbpq_1)
                                 -0.072648    0.077352   library hold time
                                              0.077352   data required time
---------------------------------------------------------------------------------------------
                                              0.077352   data required time
                                             -0.436144   data arrival time
---------------------------------------------------------------------------------------------
                                              0.358792   slack (MET)


Startpoint: _308_ (rising edge-triggered flip-flop clocked by clk)
Endpoint: sine_out[6] (output port clocked by clk)
Path Group: clk
Path Type: min

Fanout         Cap        Slew       Delay        Time   Description
---------------------------------------------------------------------------------------------
                      0.100000    0.000000    0.000000   clock clk (rise edge)
                                  0.000000    0.000000   clock network delay (ideal)
                      0.100000    0.000000    0.000000 ^ _308_/CLK (sg13g2_dfrbpq_1)
    24    0.070594    0.219370    0.352608    0.352608 v _308_/Q (sg13g2_dfrbpq_1)
                                                         DPATH.SUM.fa_4.A (net)
                      0.219370    0.000000    0.352608 v _293_/A1 (sg13g2_a21oi_1)
     1    0.010000    0.084341    0.156396    0.509005 ^ _293_/Y (sg13g2_a21oi_1)
                                                         sine_out[6] (net)
                      0.084341    0.000000    0.509005 ^ sine_out[6] (out)
                                              0.509005   data arrival time

                      0.100000    0.000000    0.000000   clock clk (rise edge)
                                  0.000000    0.000000   clock network delay (ideal)
                                  0.150000    0.150000   clock uncertainty
                                  0.000000    0.150000   clock reconvergence pessimism
                                  0.000000    0.150000   output external delay
                                              0.150000   data required time
---------------------------------------------------------------------------------------------
                                              0.150000   data required time
                                             -0.509005   data arrival time
---------------------------------------------------------------------------------------------
                                              0.359005   slack (MET)


Startpoint: _308_ (rising edge-triggered flip-flop clocked by clk)
Endpoint: sine_out[7] (output port clocked by clk)
Path Group: clk
Path Type: min

Fanout         Cap        Slew       Delay        Time   Description
---------------------------------------------------------------------------------------------
                      0.100000    0.000000    0.000000   clock clk (rise edge)
                                  0.000000    0.000000   clock network delay (ideal)
                      0.100000    0.000000    0.000000 ^ _308_/CLK (sg13g2_dfrbpq_1)
    24    0.070594    0.219370    0.352608    0.352608 v _308_/Q (sg13g2_dfrbpq_1)
                                                         DPATH.SUM.fa_4.A (net)
                      0.219370    0.000000    0.352608 v _294_/A1 (sg13g2_a21oi_1)
     1    0.010000    0.084341    0.156396    0.509005 ^ _294_/Y (sg13g2_a21oi_1)
                                                         sine_out[7] (net)
                      0.084341    0.000000    0.509005 ^ sine_out[7] (out)
                                              0.509005   data arrival time

                      0.100000    0.000000    0.000000   clock clk (rise edge)
                                  0.000000    0.000000   clock network delay (ideal)
                                  0.150000    0.150000   clock uncertainty
                                  0.000000    0.150000   clock reconvergence pessimism
                                  0.000000    0.150000   output external delay
                                              0.150000   data required time
---------------------------------------------------------------------------------------------
                                              0.150000   data required time
                                             -0.509005   data arrival time
---------------------------------------------------------------------------------------------
                                              0.359005   slack (MET)


Startpoint: _308_ (rising edge-triggered flip-flop clocked by clk)
Endpoint: sine_out[8] (output port clocked by clk)
Path Group: clk
Path Type: min

Fanout         Cap        Slew       Delay        Time   Description
---------------------------------------------------------------------------------------------
                      0.100000    0.000000    0.000000   clock clk (rise edge)
                                  0.000000    0.000000   clock network delay (ideal)
                      0.100000    0.000000    0.000000 ^ _308_/CLK (sg13g2_dfrbpq_1)
    24    0.070594    0.219370    0.352608    0.352608 v _308_/Q (sg13g2_dfrbpq_1)
                                                         DPATH.SUM.fa_4.A (net)
                      0.219370    0.000000    0.352608 v _295_/A1 (sg13g2_a21oi_1)
     1    0.010000    0.084341    0.156396    0.509005 ^ _295_/Y (sg13g2_a21oi_1)
                                                         sine_out[8] (net)
                      0.084341    0.000000    0.509005 ^ sine_out[8] (out)
                                              0.509005   data arrival time

                      0.100000    0.000000    0.000000   clock clk (rise edge)
                                  0.000000    0.000000   clock network delay (ideal)
                                  0.150000    0.150000   clock uncertainty
                                  0.000000    0.150000   clock reconvergence pessimism
                                  0.000000    0.150000   output external delay
                                              0.150000   data required time
---------------------------------------------------------------------------------------------
                                              0.150000   data required time
                                             -0.509005   data arrival time
---------------------------------------------------------------------------------------------
                                              0.359005   slack (MET)


Startpoint: _310_ (rising edge-triggered flip-flop clocked by clk)
Endpoint: sine_out[1] (output port clocked by clk)
Path Group: clk
Path Type: min

Fanout         Cap        Slew       Delay        Time   Description
---------------------------------------------------------------------------------------------
                      0.100000    0.000000    0.000000   clock clk (rise edge)
                                  0.000000    0.000000   clock network delay (ideal)
                      0.100000    0.000000    0.000000 ^ _310_/CLK (sg13g2_dfrbpq_1)
    17    0.052190    0.218475    0.340815    0.340815 ^ _310_/Q (sg13g2_dfrbpq_1)
                                                         DPATH.SUM.fa_6.A (net)
                      0.218475    0.000000    0.340815 ^ _256_/A (sg13g2_nor4_1)
     1    0.002808    0.022030    0.101334    0.442149 v _256_/Y (sg13g2_nor4_1)
                                                         _068_ (net)
                      0.022030    0.000000    0.442149 v _267_/B1 (sg13g2_a21oi_1)
     1    0.010000    0.075373    0.069584    0.511732 ^ _267_/Y (sg13g2_a21oi_1)
                                                         sine_out[1] (net)
                      0.075373    0.000000    0.511732 ^ sine_out[1] (out)
                                              0.511732   data arrival time

                      0.100000    0.000000    0.000000   clock clk (rise edge)
                                  0.000000    0.000000   clock network delay (ideal)
                                  0.150000    0.150000   clock uncertainty
                                  0.000000    0.150000   clock reconvergence pessimism
                                  0.000000    0.150000   output external delay
                                              0.150000   data required time
---------------------------------------------------------------------------------------------
                                              0.150000   data required time
                                             -0.511732   data arrival time
---------------------------------------------------------------------------------------------
                                              0.361732   slack (MET)


Startpoint: _312_ (rising edge-triggered flip-flop clocked by clk)
Endpoint: _309_ (rising edge-triggered flip-flop clocked by clk)
Path Group: clk
Path Type: min

Fanout         Cap        Slew       Delay        Time   Description
---------------------------------------------------------------------------------------------
                      0.100000    0.000000    0.000000   clock clk (rise edge)
                                  0.000000    0.000000   clock network delay (ideal)
                      0.100000    0.000000    0.000000 ^ _312_/CLK (sg13g2_dfrbpq_1)
    13    0.050121    0.158231    0.307322    0.307322 v _312_/Q (sg13g2_dfrbpq_1)
                                                         CTRL.S0 (net)
                      0.158231    0.000000    0.307322 v _196_/B (sg13g2_xnor2_1)
     2    0.008956    0.068926    0.122100    0.429422 v _196_/Y (sg13g2_xnor2_1)
                                                         _013_ (net)
                      0.068926    0.000000    0.429422 v _198_/A (sg13g2_xor2_1)
     1    0.001430    0.023476    0.064917    0.494339 v _198_/X (sg13g2_xor2_1)
                                                         DPATH.SUM.fa_5.S (net)
                      0.023476    0.000000    0.494339 v _309_/D (sg13g2_dfrbpq_1)
                                              0.494339   data arrival time

                      0.100000    0.000000    0.000000   clock clk (rise edge)
                                  0.000000    0.000000   clock network delay (ideal)
                                  0.150000    0.150000   clock uncertainty
                                  0.000000    0.150000   clock reconvergence pessimism
                                              0.150000 ^ _309_/CLK (sg13g2_dfrbpq_1)
                                 -0.018801    0.131199   library hold time
                                              0.131199   data required time
---------------------------------------------------------------------------------------------
                                              0.131199   data required time
                                             -0.494339   data arrival time
---------------------------------------------------------------------------------------------
                                              0.363140   slack (MET)


Startpoint: _310_ (rising edge-triggered flip-flop clocked by clk)
Endpoint: sine_out[11] (output port clocked by clk)
Path Group: clk
Path Type: min

Fanout         Cap        Slew       Delay        Time   Description
---------------------------------------------------------------------------------------------
                      0.100000    0.000000    0.000000   clock clk (rise edge)
                                  0.000000    0.000000   clock network delay (ideal)
                      0.100000    0.000000    0.000000 ^ _310_/CLK (sg13g2_dfrbpq_1)
    17    0.050892    0.160530    0.309028    0.309028 v _310_/Q (sg13g2_dfrbpq_1)
                                                         DPATH.SUM.fa_6.A (net)
                      0.160530    0.000000    0.309028 v _153_/A_N (sg13g2_nand2b_1)
     3    0.009047    0.069083    0.146164    0.455192 v _153_/Y (sg13g2_nand2b_1)
                                                         _111_ (net)
                      0.069083    0.000000    0.455192 v _162_/B1 (sg13g2_o21ai_1)
     1    0.010000    0.067668    0.077902    0.533094 ^ _162_/Y (sg13g2_o21ai_1)
                                                         sine_out[11] (net)
                      0.067668    0.000000    0.533094 ^ sine_out[11] (out)
                                              0.533094   data arrival time

                      0.100000    0.000000    0.000000   clock clk (rise edge)
                                  0.000000    0.000000   clock network delay (ideal)
                                  0.150000    0.150000   clock uncertainty
                                  0.000000    0.150000   clock reconvergence pessimism
                                  0.000000    0.150000   output external delay
                                              0.150000   data required time
---------------------------------------------------------------------------------------------
                                              0.150000   data required time
                                             -0.533094   data arrival time
---------------------------------------------------------------------------------------------
                                              0.383094   slack (MET)


Startpoint: _310_ (rising edge-triggered flip-flop clocked by clk)
Endpoint: sine_out[12] (output port clocked by clk)
Path Group: clk
Path Type: min

Fanout         Cap        Slew       Delay        Time   Description
---------------------------------------------------------------------------------------------
                      0.100000    0.000000    0.000000   clock clk (rise edge)
                                  0.000000    0.000000   clock network delay (ideal)
                      0.100000    0.000000    0.000000 ^ _310_/CLK (sg13g2_dfrbpq_1)
    17    0.050892    0.160530    0.309028    0.309028 v _310_/Q (sg13g2_dfrbpq_1)
                                                         DPATH.SUM.fa_6.A (net)
                      0.160530    0.000000    0.309028 v _153_/A_N (sg13g2_nand2b_1)
     3    0.009047    0.069083    0.146164    0.455192 v _153_/Y (sg13g2_nand2b_1)
                                                         _111_ (net)
                      0.069083    0.000000    0.455192 v _167_/B1 (sg13g2_o21ai_1)
     1    0.010000    0.067668    0.077902    0.533094 ^ _167_/Y (sg13g2_o21ai_1)
                                                         sine_out[12] (net)
                      0.067668    0.000000    0.533094 ^ sine_out[12] (out)
                                              0.533094   data arrival time

                      0.100000    0.000000    0.000000   clock clk (rise edge)
                                  0.000000    0.000000   clock network delay (ideal)
                                  0.150000    0.150000   clock uncertainty
                                  0.000000    0.150000   clock reconvergence pessimism
                                  0.000000    0.150000   output external delay
                                              0.150000   data required time
---------------------------------------------------------------------------------------------
                                              0.150000   data required time
                                             -0.533094   data arrival time
---------------------------------------------------------------------------------------------
                                              0.383094   slack (MET)


Startpoint: _308_ (rising edge-triggered flip-flop clocked by clk)
Endpoint: sine_out[4] (output port clocked by clk)
Path Group: clk
Path Type: min

Fanout         Cap        Slew       Delay        Time   Description
---------------------------------------------------------------------------------------------
                      0.100000    0.000000    0.000000   clock clk (rise edge)
                                  0.000000    0.000000   clock network delay (ideal)
                      0.100000    0.000000    0.000000 ^ _308_/CLK (sg13g2_dfrbpq_1)
    24    0.071656    0.296687    0.394752    0.394752 ^ _308_/Q (sg13g2_dfrbpq_1)
                                                         DPATH.SUM.fa_4.A (net)
                      0.296687    0.000000    0.394752 ^ _290_/A (sg13g2_nor3_1)
     1    0.010000    0.053687    0.140748    0.535501 v _290_/Y (sg13g2_nor3_1)
                                                         sine_out[4] (net)
                      0.053687    0.000000    0.535501 v sine_out[4] (out)
                                              0.535501   data arrival time

                      0.100000    0.000000    0.000000   clock clk (rise edge)
                                  0.000000    0.000000   clock network delay (ideal)
                                  0.150000    0.150000   clock uncertainty
                                  0.000000    0.150000   clock reconvergence pessimism
                                  0.000000    0.150000   output external delay
                                              0.150000   data required time
---------------------------------------------------------------------------------------------
                                              0.150000   data required time
                                             -0.535501   data arrival time
---------------------------------------------------------------------------------------------
                                              0.385501   slack (MET)


Startpoint: _308_ (rising edge-triggered flip-flop clocked by clk)
Endpoint: sine_out[5] (output port clocked by clk)
Path Group: clk
Path Type: min

Fanout         Cap        Slew       Delay        Time   Description
---------------------------------------------------------------------------------------------
                      0.100000    0.000000    0.000000   clock clk (rise edge)
                                  0.000000    0.000000   clock network delay (ideal)
                      0.100000    0.000000    0.000000 ^ _308_/CLK (sg13g2_dfrbpq_1)
    24    0.071656    0.296687    0.394752    0.394752 ^ _308_/Q (sg13g2_dfrbpq_1)
                                                         DPATH.SUM.fa_4.A (net)
                      0.296687    0.000000    0.394752 ^ _292_/A (sg13g2_nor3_1)
     1    0.010000    0.049067    0.140748    0.535501 v _292_/Y (sg13g2_nor3_1)
                                                         sine_out[5] (net)
                      0.049067    0.000000    0.535501 v sine_out[5] (out)
                                              0.535501   data arrival time

                      0.100000    0.000000    0.000000   clock clk (rise edge)
                                  0.000000    0.000000   clock network delay (ideal)
                                  0.150000    0.150000   clock uncertainty
                                  0.000000    0.150000   clock reconvergence pessimism
                                  0.000000    0.150000   output external delay
                                              0.150000   data required time
---------------------------------------------------------------------------------------------
                                              0.150000   data required time
                                             -0.535501   data arrival time
---------------------------------------------------------------------------------------------
                                              0.385501   slack (MET)


Startpoint: _310_ (rising edge-triggered flip-flop clocked by clk)
Endpoint: sine_out[10] (output port clocked by clk)
Path Group: clk
Path Type: min

Fanout         Cap        Slew       Delay        Time   Description
---------------------------------------------------------------------------------------------
                      0.100000    0.000000    0.000000   clock clk (rise edge)
                                  0.000000    0.000000   clock network delay (ideal)
                      0.100000    0.000000    0.000000 ^ _310_/CLK (sg13g2_dfrbpq_1)
    17    0.052190    0.218475    0.340815    0.340815 ^ _310_/Q (sg13g2_dfrbpq_1)
                                                         DPATH.SUM.fa_6.A (net)
                      0.218475    0.000000    0.340815 ^ _153_/A_N (sg13g2_nand2b_1)
     3    0.009548    0.056584    0.140635    0.481450 ^ _153_/Y (sg13g2_nand2b_1)
                                                         _111_ (net)
                      0.056584    0.000000    0.481450 ^ _159_/B1 (sg13g2_a21oi_1)
     1    0.010000    0.044785    0.057909    0.539360 v _159_/Y (sg13g2_a21oi_1)
                                                         sine_out[10] (net)
                      0.044785    0.000000    0.539360 v sine_out[10] (out)
                                              0.539360   data arrival time

                      0.100000    0.000000    0.000000   clock clk (rise edge)
                                  0.000000    0.000000   clock network delay (ideal)
                                  0.150000    0.150000   clock uncertainty
                                  0.000000    0.150000   clock reconvergence pessimism
                                  0.000000    0.150000   output external delay
                                              0.150000   data required time
---------------------------------------------------------------------------------------------
                                              0.150000   data required time
                                             -0.539360   data arrival time
---------------------------------------------------------------------------------------------
                                              0.389360   slack (MET)


Startpoint: _306_ (rising edge-triggered flip-flop clocked by clk)
Endpoint: sine_out[3] (output port clocked by clk)
Path Group: clk
Path Type: min

Fanout         Cap        Slew       Delay        Time   Description
---------------------------------------------------------------------------------------------
                      0.100000    0.000000    0.000000   clock clk (rise edge)
                                  0.000000    0.000000   clock network delay (ideal)
                      0.100000    0.000000    0.000000 ^ _306_/CLK (sg13g2_dfrbpq_1)
    11    0.037099    0.157975    0.298963    0.298963 ^ _306_/Q (sg13g2_dfrbpq_1)
                                                         DPATH.SUM.fa_2.A (net)
                      0.157975    0.000000    0.298963 ^ _148_/B1 (sg13g2_o21ai_1)
     4    0.011789    0.100666    0.123458    0.422421 v _148_/Y (sg13g2_o21ai_1)
                                                         _107_ (net)
                      0.100666    0.000000    0.422421 v _149_/B (sg13g2_nand2_1)
     3    0.009616    0.057242    0.084627    0.507048 ^ _149_/Y (sg13g2_nand2_1)
                                                         _108_ (net)
                      0.057242    0.000000    0.507048 ^ _289_/B (sg13g2_nor2_1)
     1    0.010000    0.044692    0.058216    0.565264 v _289_/Y (sg13g2_nor2_1)
                                                         sine_out[3] (net)
                      0.044692    0.000000    0.565264 v sine_out[3] (out)
                                              0.565264   data arrival time

                      0.100000    0.000000    0.000000   clock clk (rise edge)
                                  0.000000    0.000000   clock network delay (ideal)
                                  0.150000    0.150000   clock uncertainty
                                  0.000000    0.150000   clock reconvergence pessimism
                                  0.000000    0.150000   output external delay
                                              0.150000   data required time
---------------------------------------------------------------------------------------------
                                              0.150000   data required time
                                             -0.565264   data arrival time
---------------------------------------------------------------------------------------------
                                              0.415264   slack (MET)



