2026-09-18 22:15:26 +0200: Memory Usage (458720K) : Starting running IHP-SG13G2 KLayout DRC runset on /foss/designs/BASIC/current_generator/digital/DigitalSine/runs/RUN_2026-09-18_22-13-25/58-klayout-streamout/DigitalSine.gds
2026-09-18 22:15:26 +0200: Memory Usage (458720K) : Ruby Version for klayout: 3.2.3
2026-09-18 22:15:26 +0200: Memory Usage (459968K) : Loading database to memory is complete.
2026-09-18 22:15:26 +0200: Memory Usage (459968K) : IHP-SG13G2 KLayout DRC runset output at: /foss/designs/BASIC/current_generator/digital/DigitalSine/runs/RUN_2026-09-18_22-13-25/65-klayout-drc/reports/drc.klayout.lyrdb
2026-09-18 22:15:26 +0200: Memory Usage (460096K) : Evaluate switches.
2026-09-18 22:15:26 +0200: Memory Usage (460096K) : tables selected: main
2026-09-18 22:15:26 +0200: Memory Usage (460096K) : KLayout will use 12 thread(s) in tiling mode.
2026-09-18 22:15:26 +0200: Memory Usage (460096K) : deep mode is enabled.
2026-09-18 22:15:26 +0200: Memory Usage (460096K) : FEOL enabled: true
2026-09-18 22:15:26 +0200: Memory Usage (460096K) : BEOL enabled: true
2026-09-18 22:15:26 +0200: Memory Usage (460096K) : OFFGRID enabled: true
2026-09-18 22:15:26 +0200: Memory Usage (460096K) : ANGLE enabled: true
2026-09-18 22:15:26 +0200: Memory Usage (460096K) : PIN enabled: true
2026-09-18 22:15:26 +0200: Memory Usage (460096K) : FORBIDDEN enabled: true
2026-09-18 22:15:26 +0200: Memory Usage (460096K) : RECOMMENDED enabled: true
2026-09-18 22:15:26 +0200: Memory Usage (460096K) : PreCheck DRC enabled: false
2026-09-18 22:15:26 +0200: Memory Usage (460096K) : CONNECTIVITY_RULES enabled: true.
2026-09-18 22:15:26 +0200: Memory Usage (460096K) : Read in polygons from layers.
2026-09-18 22:15:26 +0200: Memory Usage (461488K) : activ_drw has 1359 polygons
2026-09-18 22:15:26 +0200: Memory Usage (461488K) : activ_pin has 0 polygons
2026-09-18 22:15:26 +0200: Memory Usage (461488K) : activ_mask has 0 polygons
2026-09-18 22:15:26 +0200: Memory Usage (461488K) : activ_filler has 0 polygons
2026-09-18 22:15:26 +0200: Memory Usage (461488K) : activ_nofill has 0 polygons
2026-09-18 22:15:26 +0200: Memory Usage (461488K) : activ_opc has 0 polygons
2026-09-18 22:15:26 +0200: Memory Usage (461488K) : activ_iopc has 0 polygons
2026-09-18 22:15:26 +0200: Memory Usage (461488K) : activ_noqrc has 0 polygons
2026-09-18 22:15:26 +0200: Memory Usage (461488K) : biwind_drw has 0 polygons
2026-09-18 22:15:26 +0200: Memory Usage (461488K) : biwind_opc has 0 polygons
2026-09-18 22:15:26 +0200: Memory Usage (461616K) : pemwind_drw has 0 polygons
2026-09-18 22:15:26 +0200: Memory Usage (461744K) : gatpoly_drw has 1140 polygons
2026-09-18 22:15:26 +0200: Memory Usage (461744K) : gatpoly_pin has 0 polygons
2026-09-18 22:15:26 +0200: Memory Usage (461744K) : gatpoly_filler has 0 polygons
2026-09-18 22:15:26 +0200: Memory Usage (461744K) : gatpoly_nofill has 0 polygons
2026-09-18 22:15:26 +0200: Memory Usage (461744K) : gatpoly_opc has 0 polygons
2026-09-18 22:15:26 +0200: Memory Usage (461872K) : gatpoly_iopc has 0 polygons
2026-09-18 22:15:26 +0200: Memory Usage (461872K) : gatpoly_noqrc has 0 polygons
2026-09-18 22:15:26 +0200: Memory Usage (461872K) : cont_drw has 9036 polygons
2026-09-18 22:15:26 +0200: Memory Usage (462000K) : cont_opc has 0 polygons
2026-09-18 22:15:26 +0200: Memory Usage (462000K) : nsd_drw has 0 polygons
2026-09-18 22:15:26 +0200: Memory Usage (462128K) : nsd_block has 0 polygons
2026-09-18 22:15:26 +0200: Memory Usage (462288K) : metal1_drw has 2832 polygons
2026-09-18 22:15:26 +0200: Memory Usage (462416K) : metal1_pin has 1360 polygons
2026-09-18 22:15:26 +0200: Memory Usage (462544K) : metal1_mask has 0 polygons
2026-09-18 22:15:26 +0200: Memory Usage (462544K) : metal1_filler has 0 polygons
2026-09-18 22:15:26 +0200: Memory Usage (462672K) : metal1_nofill has 0 polygons
2026-09-18 22:15:26 +0200: Memory Usage (462672K) : metal1_slit has 0 polygons
2026-09-18 22:15:26 +0200: Memory Usage (462944K) : metal1_text has 1318 polygons
2026-09-18 22:15:26 +0200: Memory Usage (462944K) : metal1_opc has 0 polygons
2026-09-18 22:15:26 +0200: Memory Usage (462944K) : metal1_noqrc has 0 polygons
2026-09-18 22:15:26 +0200: Memory Usage (462944K) : metal1_res has 0 polygons
2026-09-18 22:15:26 +0200: Memory Usage (462944K) : metal1_iprobe has 0 polygons
2026-09-18 22:15:26 +0200: Memory Usage (462944K) : metal1_diffprb has 0 polygons
2026-09-18 22:15:26 +0200: Memory Usage (462944K) : passiv_drw has 0 polygons
2026-09-18 22:15:26 +0200: Memory Usage (462944K) : passiv_pin has 0 polygons
2026-09-18 22:15:26 +0200: Memory Usage (463072K) : passiv_sbump has 0 polygons
2026-09-18 22:15:26 +0200: Memory Usage (463072K) : passiv_pillar has 0 polygons
2026-09-18 22:15:26 +0200: Memory Usage (463200K) : passiv_pdl has 0 polygons
2026-09-18 22:15:26 +0200: Memory Usage (463200K) : metal2_drw has 2427 polygons
2026-09-18 22:15:26 +0200: Memory Usage (463328K) : metal2_pin has 2 polygons
2026-09-18 22:15:26 +0200: Memory Usage (463328K) : metal2_mask has 0 polygons
2026-09-18 22:15:26 +0200: Memory Usage (463328K) : metal2_filler has 0 polygons
2026-09-18 22:15:26 +0200: Memory Usage (463456K) : metal2_nofill has 0 polygons
2026-09-18 22:15:26 +0200: Memory Usage (463456K) : metal2_slit has 0 polygons
2026-09-18 22:15:26 +0200: Memory Usage (463584K) : metal2_text has 2 polygons
2026-09-18 22:15:26 +0200: Memory Usage (463584K) : metal2_opc has 0 polygons
2026-09-18 22:15:26 +0200: Memory Usage (463584K) : metal2_noqrc has 0 polygons
2026-09-18 22:15:26 +0200: Memory Usage (463712K) : metal2_res has 0 polygons
2026-09-18 22:15:26 +0200: Memory Usage (463712K) : metal2_iprobe has 0 polygons
2026-09-18 22:15:26 +0200: Memory Usage (463840K) : metal2_diffprb has 0 polygons
2026-09-18 22:15:26 +0200: Memory Usage (463840K) : baspoly_drw has 0 polygons
2026-09-18 22:15:26 +0200: Memory Usage (463968K) : baspoly_pin has 0 polygons
2026-09-18 22:15:26 +0200: Memory Usage (463968K) : psd_drw has 659 polygons
2026-09-18 22:15:26 +0200: Memory Usage (463968K) : nldb_drw has 0 polygons
2026-09-18 22:15:26 +0200: Memory Usage (464096K) : digibnd_drw has 0 polygons
2026-09-18 22:15:26 +0200: Memory Usage (464096K) : via1_drw has 746 polygons
2026-09-18 22:15:26 +0200: Memory Usage (464224K) : backmetal1_drw has 0 polygons
2026-09-18 22:15:26 +0200: Memory Usage (464224K) : backmetal1_pin has 0 polygons
2026-09-18 22:15:26 +0200: Memory Usage (464352K) : backmetal1_mask has 0 polygons
2026-09-18 22:15:26 +0200: Memory Usage (464352K) : backmetal1_filler has 0 polygons
2026-09-18 22:15:26 +0200: Memory Usage (464480K) : backmetal1_nofill has 0 polygons
2026-09-18 22:15:26 +0200: Memory Usage (464480K) : backmetal1_slit has 0 polygons
2026-09-18 22:15:26 +0200: Memory Usage (464608K) : backmetal1_text has 0 polygons
2026-09-18 22:15:26 +0200: Memory Usage (464608K) : backmetal1_opc has 0 polygons
2026-09-18 22:15:26 +0200: Memory Usage (464608K) : backmetal1_noqrc has 0 polygons
2026-09-18 22:15:26 +0200: Memory Usage (464736K) : backmetal1_res has 0 polygons
2026-09-18 22:15:26 +0200: Memory Usage (464864K) : backmetal1_iprobe has 0 polygons
2026-09-18 22:15:26 +0200: Memory Usage (464864K) : backmetal1_diffprb has 0 polygons
2026-09-18 22:15:26 +0200: Memory Usage (464992K) : backpassiv_drw has 0 polygons
2026-09-18 22:15:26 +0200: Memory Usage (464992K) : res_drw has 0 polygons
2026-09-18 22:15:26 +0200: Memory Usage (464992K) : sram_drw has 0 polygons
2026-09-18 22:15:26 +0200: Memory Usage (465120K) : trans_drw has 0 polygons
2026-09-18 22:15:26 +0200: Memory Usage (465248K) : ind_drw has 0 polygons
2026-09-18 22:15:26 +0200: Memory Usage (465248K) : ind_pin has 0 polygons
2026-09-18 22:15:26 +0200: Memory Usage (465248K) : ind_text has 0 polygons
2026-09-18 22:15:26 +0200: Memory Usage (465248K) : salblock_drw has 0 polygons
2026-09-18 22:15:26 +0200: Memory Usage (465376K) : via2_drw has 667 polygons
2026-09-18 22:15:26 +0200: Memory Usage (465376K) : metal3_drw has 1225 polygons
2026-09-18 22:15:26 +0200: Memory Usage (465376K) : metal3_pin has 20 polygons
2026-09-18 22:15:26 +0200: Memory Usage (465504K) : metal3_mask has 0 polygons
2026-09-18 22:15:26 +0200: Memory Usage (465504K) : metal3_filler has 0 polygons
2026-09-18 22:15:26 +0200: Memory Usage (465504K) : metal3_nofill has 0 polygons
2026-09-18 22:15:26 +0200: Memory Usage (465632K) : metal3_slit has 0 polygons
2026-09-18 22:15:26 +0200: Memory Usage (465632K) : metal3_text has 20 polygons
2026-09-18 22:15:26 +0200: Memory Usage (465632K) : metal3_opc has 0 polygons
2026-09-18 22:15:26 +0200: Memory Usage (465632K) : metal3_noqrc has 0 polygons
2026-09-18 22:15:26 +0200: Memory Usage (465760K) : metal3_res has 0 polygons
2026-09-18 22:15:26 +0200: Memory Usage (465760K) : metal3_iprobe has 0 polygons
2026-09-18 22:15:26 +0200: Memory Usage (465760K) : metal3_diffprb has 0 polygons
2026-09-18 22:15:26 +0200: Memory Usage (465888K) : nwell_drw has 326 polygons
2026-09-18 22:15:26 +0200: Memory Usage (465888K) : nwell_pin has 0 polygons
2026-09-18 22:15:26 +0200: Memory Usage (465888K) : nbulay_drw has 0 polygons
2026-09-18 22:15:26 +0200: Memory Usage (466016K) : nbulay_pin has 0 polygons
2026-09-18 22:15:26 +0200: Memory Usage (466016K) : nbulay_block has 0 polygons
2026-09-18 22:15:26 +0200: Memory Usage (466144K) : emwind_drw has 0 polygons
2026-09-18 22:15:26 +0200: Memory Usage (466144K) : emwind_opc has 0 polygons
2026-09-18 22:15:26 +0200: Memory Usage (466272K) : deepco_drw has 0 polygons
2026-09-18 22:15:26 +0200: Memory Usage (466272K) : deepco_drw has 0 polygons
2026-09-18 22:15:26 +0200: Memory Usage (466400K) : mim_drw has 0 polygons
2026-09-18 22:15:26 +0200: Memory Usage (466400K) : edgeseal_drw has 0 polygons
2026-09-18 22:15:26 +0200: Memory Usage (466400K) : edgeseal_bound has 0 polygons
2026-09-18 22:15:26 +0200: Memory Usage (466528K) : substrate_drw has 0 polygons
2026-09-18 22:15:26 +0200: Memory Usage (466528K) : substrate_text has 0 polygons
2026-09-18 22:15:26 +0200: Memory Usage (466656K) : dfpad_drw has 0 polygons
2026-09-18 22:15:26 +0200: Memory Usage (466656K) : dfpad_pillar has 0 polygons
2026-09-18 22:15:26 +0200: Memory Usage (466656K) : dfpad_sbump has 0 polygons
2026-09-18 22:15:26 +0200: Memory Usage (466784K) : thickgateox_drw has 0 polygons
2026-09-18 22:15:26 +0200: Memory Usage (466784K) : pldb_drw has 0 polygons
2026-09-18 22:15:26 +0200: Memory Usage (466912K) : pwell_drw has 0 polygons
2026-09-18 22:15:26 +0200: Memory Usage (466912K) : pwell_pin has 0 polygons
2026-09-18 22:15:26 +0200: Memory Usage (467040K) : pwell_block has 0 polygons
2026-09-18 22:15:26 +0200: Memory Usage (467040K) : ic_drw has 0 polygons
2026-09-18 22:15:26 +0200: Memory Usage (467040K) : via3_drw has 173 polygons
2026-09-18 22:15:26 +0200: Memory Usage (467168K) : metal4_drw has 199 polygons
2026-09-18 22:15:26 +0200: Memory Usage (467168K) : metal4_pin has 6 polygons
2026-09-18 22:15:26 +0200: Memory Usage (467296K) : metal4_mask has 0 polygons
2026-09-18 22:15:26 +0200: Memory Usage (467296K) : metal4_filler has 0 polygons
2026-09-18 22:15:26 +0200: Memory Usage (467296K) : metal4_nofill has 0 polygons
2026-09-18 22:15:26 +0200: Memory Usage (467424K) : metal4_slit has 0 polygons
2026-09-18 22:15:26 +0200: Memory Usage (467424K) : metal4_text has 2 polygons
2026-09-18 22:15:26 +0200: Memory Usage (467424K) : metal4_opc has 0 polygons
2026-09-18 22:15:26 +0200: Memory Usage (467424K) : metal4_noqrc has 0 polygons
2026-09-18 22:15:26 +0200: Memory Usage (467552K) : metal4_res has 0 polygons
2026-09-18 22:15:26 +0200: Memory Usage (467552K) : metal4_iprobe has 0 polygons
2026-09-18 22:15:26 +0200: Memory Usage (467680K) : metal4_diffprb has 0 polygons
2026-09-18 22:15:26 +0200: Memory Usage (467680K) : heattrans_drw has 0 polygons
2026-09-18 22:15:26 +0200: Memory Usage (467680K) : heatres_drw has 0 polygons
2026-09-18 22:15:26 +0200: Memory Usage (467808K) : pempoly_drw has 0 polygons
2026-09-18 22:15:26 +0200: Memory Usage (467808K) : fbe_drw has 0 polygons
2026-09-18 22:15:26 +0200: Memory Usage (467936K) : empoly_drw has 0 polygons
2026-09-18 22:15:26 +0200: Memory Usage (467936K) : ldmos_drw has 0 polygons
2026-09-18 22:15:26 +0200: Memory Usage (468064K) : pbiwind_drw has 0 polygons
2026-09-18 22:15:26 +0200: Memory Usage (468064K) : digisub_drw has 0 polygons
2026-09-18 22:15:26 +0200: Memory Usage (468064K) : nodrc_drw has 0 polygons
2026-09-18 22:15:26 +0200: Memory Usage (468192K) : text_drw has 0 polygons
2026-09-18 22:15:26 +0200: Memory Usage (468192K) : via4_drw has 512 polygons
2026-09-18 22:15:26 +0200: Memory Usage (468320K) : metal5_drw has 30 polygons
2026-09-18 22:15:26 +0200: Memory Usage (468320K) : metal5_pin has 6 polygons
2026-09-18 22:15:26 +0200: Memory Usage (468320K) : metal5_mask has 0 polygons
2026-09-18 22:15:26 +0200: Memory Usage (468448K) : metal5_filler has 0 polygons
2026-09-18 22:15:26 +0200: Memory Usage (468448K) : metal5_nofill has 0 polygons
2026-09-18 22:15:26 +0200: Memory Usage (468576K) : metal5_slit has 0 polygons
2026-09-18 22:15:26 +0200: Memory Usage (468576K) : metal5_text has 2 polygons
2026-09-18 22:15:26 +0200: Memory Usage (468704K) : metal5_opc has 0 polygons
2026-09-18 22:15:26 +0200: Memory Usage (468704K) : metal5_noqrc has 0 polygons
2026-09-18 22:15:26 +0200: Memory Usage (468704K) : metal5_res has 0 polygons
2026-09-18 22:15:26 +0200: Memory Usage (468832K) : metal5_iprobe has 0 polygons
2026-09-18 22:15:26 +0200: Memory Usage (468832K) : metal5_diffprb has 0 polygons
2026-09-18 22:15:26 +0200: Memory Usage (468960K) : radhard_drw has 0 polygons
2026-09-18 22:15:26 +0200: Memory Usage (468960K) : memcap_drw has 0 polygons
2026-09-18 22:15:26 +0200: Memory Usage (469088K) : varicap_drw has 0 polygons
2026-09-18 22:15:26 +0200: Memory Usage (469088K) : flash_drw has 0 polygons
2026-09-18 22:15:26 +0200: Memory Usage (469088K) : intbondvia_drw has 0 polygons
2026-09-18 22:15:26 +0200: Memory Usage (469216K) : intbondmet_drw has 0 polygons
2026-09-18 22:15:26 +0200: Memory Usage (469216K) : devbondvia_drw has 0 polygons
2026-09-18 22:15:26 +0200: Memory Usage (469344K) : devbondmet_drw has 0 polygons
2026-09-18 22:15:26 +0200: Memory Usage (469344K) : devtrench_drw has 0 polygons
2026-09-18 22:15:26 +0200: Memory Usage (469472K) : redist_drw has 0 polygons
2026-09-18 22:15:26 +0200: Memory Usage (469472K) : graphbot_drw has 0 polygons
2026-09-18 22:15:26 +0200: Memory Usage (469472K) : graphtop_drw has 0 polygons
2026-09-18 22:15:26 +0200: Memory Usage (469600K) : antvia1_drw has 0 polygons
2026-09-18 22:15:26 +0200: Memory Usage (469600K) : antmetal2_drw has 0 polygons
2026-09-18 22:15:26 +0200: Memory Usage (469600K) : graphcont_drw has 0 polygons
2026-09-18 22:15:26 +0200: Memory Usage (469728K) : siwg_drw has 0 polygons
2026-09-18 22:15:26 +0200: Memory Usage (469728K) : siwg_filler has 0 polygons
2026-09-18 22:15:26 +0200: Memory Usage (469856K) : siwg_nofill has 0 polygons
2026-09-18 22:15:26 +0200: Memory Usage (469856K) : sigrating_drw has 0 polygons
2026-09-18 22:15:26 +0200: Memory Usage (469984K) : singrating_drw has 0 polygons
2026-09-18 22:15:26 +0200: Memory Usage (469984K) : graphpas_drw has 0 polygons
2026-09-18 22:15:26 +0200: Memory Usage (469984K) : emwind3_drw has 0 polygons
2026-09-18 22:15:26 +0200: Memory Usage (470112K) : emwihv3_drw has 0 polygons
2026-09-18 22:15:26 +0200: Memory Usage (470112K) : redbulay_drw has 0 polygons
2026-09-18 22:15:26 +0200: Memory Usage (470240K) : smos_drw has 0 polygons
2026-09-18 22:15:26 +0200: Memory Usage (470240K) : graphpad_drw has 0 polygons
2026-09-18 22:15:26 +0200: Memory Usage (470368K) : polimide_drw has 0 polygons
2026-09-18 22:15:26 +0200: Memory Usage (470368K) : polimide_pin has 0 polygons
2026-09-18 22:15:26 +0200: Memory Usage (470368K) : recog_drw has 0 polygons
2026-09-18 22:15:26 +0200: Memory Usage (470496K) : recog_pin has 0 polygons
2026-09-18 22:15:26 +0200: Memory Usage (470496K) : recog_esd has 0 polygons
2026-09-18 22:15:26 +0200: Memory Usage (470624K) : recog_diode has 0 polygons
2026-09-18 22:15:26 +0200: Memory Usage (470624K) : recog_tsv has 0 polygons
2026-09-18 22:15:26 +0200: Memory Usage (470624K) : recog_iprobe has 0 polygons
2026-09-18 22:15:26 +0200: Memory Usage (470752K) : recog_diffprb has 0 polygons
2026-09-18 22:15:26 +0200: Memory Usage (470752K) : recog_pillar has 0 polygons
2026-09-18 22:15:26 +0200: Memory Usage (470880K) : recog_sbump has 0 polygons
2026-09-18 22:15:26 +0200: Memory Usage (470880K) : recog_otp has 0 polygons
2026-09-18 22:15:26 +0200: Memory Usage (471008K) : recog_pdiode has 0 polygons
2026-09-18 22:15:26 +0200: Memory Usage (471008K) : recog_mom has 0 polygons
2026-09-18 22:15:26 +0200: Memory Usage (471008K) : recog_momf has 0 polygons
2026-09-18 22:15:26 +0200: Memory Usage (471136K) : recog_pcm has 0 polygons
2026-09-18 22:15:26 +0200: Memory Usage (471136K) : colopen_drw has 0 polygons
2026-09-18 22:15:26 +0200: Memory Usage (471264K) : graphmetal1_drw has 0 polygons
2026-09-18 22:15:26 +0200: Memory Usage (471264K) : graphmetal1_filler has 0 polygons
2026-09-18 22:15:26 +0200: Memory Usage (471264K) : graphmetal1_nofill has 0 polygons
2026-09-18 22:15:26 +0200: Memory Usage (471264K) : graphmetal1_slit has 0 polygons
2026-09-18 22:15:26 +0200: Memory Usage (471264K) : graphmetal1_opc has 0 polygons
2026-09-18 22:15:26 +0200: Memory Usage (471392K) : graphmet1l_drw has 0 polygons
2026-09-18 22:15:26 +0200: Memory Usage (471392K) : graphmet1l_filler has 0 polygons
2026-09-18 22:15:26 +0200: Memory Usage (471520K) : graphmet1l_nofill has 0 polygons
2026-09-18 22:15:26 +0200: Memory Usage (471520K) : graphmet1l_slit has 0 polygons
2026-09-18 22:15:26 +0200: Memory Usage (471520K) : graphmet1l_opc has 0 polygons
2026-09-18 22:15:26 +0200: Memory Usage (471648K) : extblock_drw has 0 polygons
2026-09-18 22:15:26 +0200: Memory Usage (471648K) : nldd_drw has 0 polygons
2026-09-18 22:15:26 +0200: Memory Usage (471776K) : pldd_drw has 0 polygons
2026-09-18 22:15:26 +0200: Memory Usage (471776K) : next_drw has 0 polygons
2026-09-18 22:15:26 +0200: Memory Usage (471776K) : pext_drw has 0 polygons
2026-09-18 22:15:26 +0200: Memory Usage (471904K) : nexthv_drw has 0 polygons
2026-09-18 22:15:26 +0200: Memory Usage (471904K) : pexthv_drw has 0 polygons
2026-09-18 22:15:26 +0200: Memory Usage (472032K) : graphgate_drw has 0 polygons
2026-09-18 22:15:26 +0200: Memory Usage (472032K) : sinwg_drw has 0 polygons
2026-09-18 22:15:26 +0200: Memory Usage (472160K) : sinwg_filler has 0 polygons
2026-09-18 22:15:26 +0200: Memory Usage (472160K) : sinwg_nofill has 0 polygons
2026-09-18 22:15:26 +0200: Memory Usage (472160K) : mempad_drw has 0 polygons
2026-09-18 22:15:26 +0200: Memory Usage (472288K) : topvia1_drw has 0 polygons
2026-09-18 22:15:26 +0200: Memory Usage (472288K) : topmetal1_drw has 0 polygons
2026-09-18 22:15:26 +0200: Memory Usage (472416K) : topmetal1_pin has 0 polygons
2026-09-18 22:15:26 +0200: Memory Usage (472416K) : topmetal1_mask has 0 polygons
2026-09-18 22:15:26 +0200: Memory Usage (472544K) : topmetal1_filler has 0 polygons
2026-09-18 22:15:26 +0200: Memory Usage (472544K) : topmetal1_nofill has 0 polygons
2026-09-18 22:15:26 +0200: Memory Usage (472544K) : topmetal1_slit has 0 polygons
2026-09-18 22:15:26 +0200: Memory Usage (472672K) : topmetal1_text has 0 polygons
2026-09-18 22:15:26 +0200: Memory Usage (472672K) : topmetal1_noqrc has 0 polygons
2026-09-18 22:15:26 +0200: Memory Usage (472800K) : topmetal1_res has 0 polygons
2026-09-18 22:15:26 +0200: Memory Usage (472800K) : topmetal1_iprobe has 0 polygons
2026-09-18 22:15:26 +0200: Memory Usage (472928K) : topmetal1_diffprb has 0 polygons
2026-09-18 22:15:26 +0200: Memory Usage (472928K) : inldpwl_drw has 0 polygons
2026-09-18 22:15:26 +0200: Memory Usage (472928K) : polyres_drw has 0 polygons
2026-09-18 22:15:26 +0200: Memory Usage (473056K) : polyres_pin has 0 polygons
2026-09-18 22:15:26 +0200: Memory Usage (473056K) : vmim_drw has 0 polygons
2026-09-18 22:15:26 +0200: Memory Usage (473184K) : nbulaycut_drw has 0 polygons
2026-09-18 22:15:26 +0200: Memory Usage (473184K) : antmetal1_drw has 0 polygons
2026-09-18 22:15:26 +0200: Memory Usage (473184K) : topvia2_drw has 0 polygons
2026-09-18 22:15:26 +0200: Memory Usage (473184K) : topmetal2_drw has 0 polygons
2026-09-18 22:15:26 +0200: Memory Usage (473184K) : topmetal2_pin has 0 polygons
2026-09-18 22:15:26 +0200: Memory Usage (473184K) : topmetal2_mask has 0 polygons
2026-09-18 22:15:26 +0200: Memory Usage (473184K) : topmetal2_filler has 0 polygons
2026-09-18 22:15:26 +0200: Memory Usage (473312K) : topmetal2_nofill has 0 polygons
2026-09-18 22:15:26 +0200: Memory Usage (473312K) : topmetal2_slit has 0 polygons
2026-09-18 22:15:26 +0200: Memory Usage (473440K) : topmetal2_text has 0 polygons
2026-09-18 22:15:26 +0200: Memory Usage (473440K) : topmetal2_noqrc has 0 polygons
2026-09-18 22:15:26 +0200: Memory Usage (473440K) : topmetal2_res has 0 polygons
2026-09-18 22:15:26 +0200: Memory Usage (473568K) : topmetal2_iprobe has 0 polygons
2026-09-18 22:15:26 +0200: Memory Usage (473568K) : topmetal2_diffprb has 0 polygons
2026-09-18 22:15:26 +0200: Memory Usage (473696K) : snsring_drw has 0 polygons
2026-09-18 22:15:26 +0200: Memory Usage (473696K) : sensor_drw has 0 polygons
2026-09-18 22:15:26 +0200: Memory Usage (473696K) : snsarms_drw has 0 polygons
2026-09-18 22:15:26 +0200: Memory Usage (473824K) : snscmosvia_drw has 0 polygons
2026-09-18 22:15:26 +0200: Memory Usage (473824K) : colwind_drw has 0 polygons
2026-09-18 22:15:26 +0200: Memory Usage (473952K) : flm_drw has 0 polygons
2026-09-18 22:15:26 +0200: Memory Usage (473952K) : hafniumox_drw has 0 polygons
2026-09-18 22:15:26 +0200: Memory Usage (474080K) : memvia_drw has 0 polygons
2026-09-18 22:15:26 +0200: Memory Usage (474080K) : thinfilmres_drw has 0 polygons
2026-09-18 22:15:26 +0200: Memory Usage (474080K) : rfmem_drw has 0 polygons
2026-09-18 22:15:26 +0200: Memory Usage (474208K) : norcx_drw has 0 polygons
2026-09-18 22:15:26 +0200: Memory Usage (474208K) : norcx_m2m3 has 0 polygons
2026-09-18 22:15:26 +0200: Memory Usage (474336K) : norcx_m2m4 has 0 polygons
2026-09-18 22:15:26 +0200: Memory Usage (474336K) : norcx_m2m5 has 0 polygons
2026-09-18 22:15:26 +0200: Memory Usage (474464K) : norcx_m2tm1 has 0 polygons
2026-09-18 22:15:26 +0200: Memory Usage (474464K) : norcx_m2tm2 has 0 polygons
2026-09-18 22:15:26 +0200: Memory Usage (474464K) : norcx_m3m4 has 0 polygons
2026-09-18 22:15:26 +0200: Memory Usage (474592K) : norcx_m3m5 has 0 polygons
2026-09-18 22:15:26 +0200: Memory Usage (474592K) : norcx_m3tm1 has 0 polygons
2026-09-18 22:15:26 +0200: Memory Usage (474720K) : norcx_m3tm2 has 0 polygons
2026-09-18 22:15:26 +0200: Memory Usage (474720K) : norcx_m4m5 has 0 polygons
2026-09-18 22:15:26 +0200: Memory Usage (474848K) : norcx_m4tm1 has 0 polygons
2026-09-18 22:15:26 +0200: Memory Usage (474848K) : norcx_m4tm2 has 0 polygons
2026-09-18 22:15:26 +0200: Memory Usage (474848K) : norcx_m5tm1 has 0 polygons
2026-09-18 22:15:26 +0200: Memory Usage (474976K) : norcx_m5tm2 has 0 polygons
2026-09-18 22:15:26 +0200: Memory Usage (474976K) : norcx_tm1tm2 has 0 polygons
2026-09-18 22:15:26 +0200: Memory Usage (475104K) : norcx_m1sub has 0 polygons
2026-09-18 22:15:26 +0200: Memory Usage (475104K) : norcx_m2sub has 0 polygons
2026-09-18 22:15:26 +0200: Memory Usage (475232K) : norcx_m3sub has 0 polygons
2026-09-18 22:15:26 +0200: Memory Usage (475232K) : norcx_m4sub has 0 polygons
2026-09-18 22:15:26 +0200: Memory Usage (475232K) : norcx_m5sub has 0 polygons
2026-09-18 22:15:26 +0200: Memory Usage (475360K) : norcx_tm1sub has 0 polygons
2026-09-18 22:15:26 +0200: Memory Usage (475360K) : norcx_tm2sub has 0 polygons
2026-09-18 22:15:26 +0200: Memory Usage (475488K) : snsbotvia_drw has 0 polygons
2026-09-18 22:15:27 +0200: Memory Usage (475488K) : snstopvia_drw has 0 polygons
2026-09-18 22:15:27 +0200: Memory Usage (475488K) : deepvia_drw has 0 polygons
2026-09-18 22:15:27 +0200: Memory Usage (475616K) : fgetch_drw has 0 polygons
2026-09-18 22:15:27 +0200: Memory Usage (475616K) : ctrgat_drw has 0 polygons
2026-09-18 22:15:27 +0200: Memory Usage (475744K) : fgimp_drw has 0 polygons
2026-09-18 22:15:27 +0200: Memory Usage (475744K) : emwihv_drw has 0 polygons
2026-09-18 22:15:27 +0200: Memory Usage (475744K) : lbe_drw has 0 polygons
2026-09-18 22:15:27 +0200: Memory Usage (475872K) : alcustop_drw has 0 polygons
2026-09-18 22:15:27 +0200: Memory Usage (475872K) : nometfiller_drw has 0 polygons
2026-09-18 22:15:27 +0200: Memory Usage (476000K) : prboundary_drw has 0 polygons
2026-09-18 22:15:27 +0200: Memory Usage (476128K) : exchange0_drw has 0 polygons
2026-09-18 22:15:27 +0200: Memory Usage (476128K) : exchange0_pin has 0 polygons
2026-09-18 22:15:27 +0200: Memory Usage (476128K) : exchange0_text has 0 polygons
2026-09-18 22:15:27 +0200: Memory Usage (476128K) : exchange1_drw has 0 polygons
2026-09-18 22:15:27 +0200: Memory Usage (476128K) : exchange1_pin has 0 polygons
2026-09-18 22:15:27 +0200: Memory Usage (476128K) : exchange1_text has 0 polygons
2026-09-18 22:15:27 +0200: Memory Usage (476128K) : exchange2_drw has 0 polygons
2026-09-18 22:15:27 +0200: Memory Usage (476128K) : exchange2_pin has 0 polygons
2026-09-18 22:15:27 +0200: Memory Usage (476128K) : exchange2_text has 0 polygons
2026-09-18 22:15:27 +0200: Memory Usage (476128K) : exchange3_drw has 0 polygons
2026-09-18 22:15:27 +0200: Memory Usage (476128K) : exchange3_pin has 0 polygons
2026-09-18 22:15:27 +0200: Memory Usage (476128K) : exchange3_text has 0 polygons
2026-09-18 22:15:27 +0200: Memory Usage (476256K) : exchange4_drw has 0 polygons
2026-09-18 22:15:27 +0200: Memory Usage (476256K) : exchange4_pin has 0 polygons
2026-09-18 22:15:27 +0200: Memory Usage (476256K) : exchange4_text has 0 polygons
2026-09-18 22:15:27 +0200: Memory Usage (476384K) : isonwell_drw has 0 polygons
2026-09-18 22:15:27 +0200: Memory Usage (476384K) : Total no. of polygons in the design is 24069
2026-09-18 22:15:27 +0200: Memory Usage (476384K) : Loaded TECH DRC rules values from /foss/pdks/ihp-sg13g2/libs.tech/klayout/python/sg13g2_pycell_lib/sg13g2_tech_mod.json
2026-09-18 22:15:27 +0200: Memory Usage (476384K) : Loaded default DRC rules values from /foss/pdks/ihp-sg13g2/libs.tech/klayout/tech/drc/rule_decks/sg13g2_tech_default.json
2026-09-18 22:15:27 +0200: Memory Usage (476384K) : The following rules values were missing in tech json and default values were used:
2026-09-18 22:15:27 +0200: Memory Usage (476384K) :   - NW_f1_digibnd
2026-09-18 22:15:27 +0200: Memory Usage (476384K) :   - Cnt_c_digibnd
2026-09-18 22:15:27 +0200: Memory Usage (476384K) :   - Cnt_c_sram
2026-09-18 22:15:27 +0200: Memory Usage (476384K) :   - Sdiod_b
2026-09-18 22:15:27 +0200: Memory Usage (476384K) :   - Sdiod_c
2026-09-18 22:15:27 +0200: Memory Usage (477564K) : Total area of the design is 7319.531999999999 um^2.
2026-09-18 22:15:27 +0200: Memory Usage (477564K) : The design dimensions are 85.2 µm * 85.91 µm.
2026-09-18 22:15:27 +0200: Memory Usage (477564K) : Starting general IHP-SG13G2 derivations.
2026-09-18 22:15:27 +0200: Memory Usage (477564K) : Starting Pwell derivations
2026-09-18 22:15:27 +0200: Memory Usage (479736K) : Starting n-Activ derivations
2026-09-18 22:15:27 +0200: Memory Usage (480636K) : Starting p-Activ derivations
2026-09-18 22:15:27 +0200: Memory Usage (481020K) : Starting ptap derivations
2026-09-18 22:15:27 +0200: Memory Usage (481404K) : Starting ntap derivations
2026-09-18 22:15:27 +0200: Memory Usage (481916K) : Starting pact FET derivations
2026-09-18 22:15:27 +0200: Memory Usage (481916K) : Starting nact FET derivations
2026-09-18 22:15:27 +0200: Memory Usage (482172K) : Starting Gate derivations
2026-09-18 22:15:27 +0200: Memory Usage (482296K) : Starting cont/contbar general derivations
2026-09-18 22:15:27 +0200: Memory Usage (482296K) : Starting pad general derivations
2026-09-18 22:15:27 +0200: Memory Usage (482296K) : Starting schottky_nbl general derivations
2026-09-18 22:15:27 +0200: Memory Usage (482296K) : Starting SVaricap general derivations
2026-09-18 22:15:27 +0200: Memory Usage (482424K) : Starting HBT general derivations
2026-09-18 22:15:27 +0200: Memory Usage (482424K) : Starting IHP-SG13G2 DRC connectivity related derivations.
2026-09-18 22:15:27 +0200: Memory Usage (482424K) : Starting IHP-SG13G2 DRC connectivity setup
2026-09-18 22:15:27 +0200: Memory Usage (482680K) : Starting IHP-SG13G2 DRC rules.
2026-09-18 22:15:27 +0200: Memory Usage (482680K) : Running all FEOL rules
2026-09-18 22:15:27 +0200: Memory Usage (482680K) : Running all BEOL rules
2026-09-18 22:15:27 +0200: Memory Usage (482680K) : Running all PIN rules
2026-09-18 22:15:27 +0200: Memory Usage (482680K) : Running all FORBIDDEN rules
2026-09-18 22:15:27 +0200: Memory Usage (482680K) : Starting 5.1 NWell table
2026-09-18 22:15:27 +0200: Memory Usage (482680K) : Executing rule NW.b
2026-09-18 22:15:27 +0200: Memory Usage (483704K) : Executing rule NW.b1
2026-09-18 22:15:27 +0200: Memory Usage (483832K) : Executing rule NW.f1
2026-09-18 22:15:27 +0200: Memory Usage (483832K) : Executing rule NW.f1.digibnd
2026-09-18 22:15:27 +0200: Memory Usage (483832K) : Starting 5.2 PWell:block
2026-09-18 22:15:27 +0200: Memory Usage (483832K) : Executing rule PWB.e
2026-09-18 22:15:27 +0200: Memory Usage (483832K) : Executing rule PWB.e1
2026-09-18 22:15:27 +0200: Memory Usage (483832K) : Executing rule PWB.f
2026-09-18 22:15:27 +0200: Memory Usage (483832K) : Executing rule PWB.f1
2026-09-18 22:15:27 +0200: Memory Usage (483832K) : Starting 5.3 nBuLay table
2026-09-18 22:15:27 +0200: Memory Usage (483832K) : Executing rule NBL.b
2026-09-18 22:15:27 +0200: Memory Usage (483960K) : Executing rule NBL.c
2026-09-18 22:15:27 +0200: Memory Usage (483960K) : Executing rule NBL.d
2026-09-18 22:15:27 +0200: Memory Usage (483960K) : Executing rule NBL.e
2026-09-18 22:15:27 +0200: Memory Usage (483960K) : Executing rule NBL.f
2026-09-18 22:15:27 +0200: Memory Usage (483960K) : Starting 5.5. Activ table
2026-09-18 22:15:27 +0200: Memory Usage (483960K) : Executing rule Act.a
2026-09-18 22:15:27 +0200: Memory Usage (483960K) : Executing rule Act.b
2026-09-18 22:15:27 +0200: Memory Usage (484652K) : Starting 5.6 Activ:filler table
2026-09-18 22:15:27 +0200: Memory Usage (484652K) : Executing rule AFil.c1
2026-09-18 22:15:27 +0200: Memory Usage (484652K) : Executing rule AFil.c
2026-09-18 22:15:27 +0200: Memory Usage (484652K) : Executing rule AFil.d
2026-09-18 22:15:27 +0200: Memory Usage (484652K) : Executing rule AFil.e
2026-09-18 22:15:27 +0200: Memory Usage (484652K) : Executing rule AFil.j
2026-09-18 22:15:27 +0200: Memory Usage (484652K) : Starting 5.7. ThickGateOx table
2026-09-18 22:15:27 +0200: Memory Usage (484652K) : Executing rule TGO.f
2026-09-18 22:15:27 +0200: Memory Usage (484652K) : Starting 5.8. GatPoly table
2026-09-18 22:15:27 +0200: Memory Usage (484652K) : Executing rule Gat.a
2026-09-18 22:15:27 +0200: Memory Usage (484652K) : Executing rule Gat.b
2026-09-18 22:15:27 +0200: Memory Usage (484780K) : Executing rule Gat.d
2026-09-18 22:15:27 +0200: Memory Usage (484908K) : Executing rule Gat.a1
2026-09-18 22:15:27 +0200: Memory Usage (485300K) : Executing rule Gat.a2
2026-09-18 22:15:27 +0200: Memory Usage (485040K) : Executing rule Gat.g
2026-09-18 22:15:27 +0200: Memory Usage (485040K) : Starting 5.9 GatPoly:filler
2026-09-18 22:15:27 +0200: Memory Usage (485040K) : Executing rule GFil.d
2026-09-18 22:15:27 +0200: Memory Usage (485040K) : Executing rule GFil.e
2026-09-18 22:15:27 +0200: Memory Usage (485040K) : Executing rule GFil.i
2026-09-18 22:15:27 +0200: Memory Usage (485040K) : Starting 5.10 pSD table
2026-09-18 22:15:27 +0200: Memory Usage (485040K) : Executing rule pSD.c1
2026-09-18 22:15:27 +0200: Memory Usage (485552K) : Starting 5.14. Cont table
2026-09-18 22:15:27 +0200: Memory Usage (485552K) : Executing rule Cnt.a
2026-09-18 22:15:27 +0200: Memory Usage (485552K) : Executing rule Cnt.b
2026-09-18 22:15:27 +0200: Memory Usage (485680K) : Executing rule Cnt.c
2026-09-18 22:15:27 +0200: Memory Usage (485808K) : Executing rule Cnt.c.digibnd
2026-09-18 22:15:27 +0200: Memory Usage (485808K) : Executing rule Cnt.c.SRAM
2026-09-18 22:15:27 +0200: Memory Usage (485808K) : Executing rule Cnt.d
2026-09-18 22:15:27 +0200: Memory Usage (485936K) : Executing rule Cnt.e
2026-09-18 22:15:27 +0200: Memory Usage (485936K) : Executing rule Cnt.g1
2026-09-18 22:15:27 +0200: Memory Usage (486064K) : Executing rule Cnt.g2
2026-09-18 22:15:27 +0200: Memory Usage (486064K) : Starting 5.15. ContBar table
2026-09-18 22:15:27 +0200: Memory Usage (486064K) : Executing rule CntB.a
2026-09-18 22:15:27 +0200: Memory Usage (486212K) : Executing rule CntB.a1
2026-09-18 22:15:27 +0200: Memory Usage (486212K) : Executing rule CntB.b1
2026-09-18 22:15:27 +0200: Memory Usage (486212K) : Executing rule CntB.h1
2026-09-18 22:15:27 +0200: Memory Usage (486212K) : Starting 6.1.3 NPN Substrate-Tie table
2026-09-18 22:15:27 +0200: Memory Usage (486212K) : Executing rule npn13G2.bR 
2026-09-18 22:15:28 +0200: Memory Usage (486212K) : Executing rule npn13G2L.cR 
2026-09-18 22:15:28 +0200: Memory Usage (486212K) : Executing rule npn13G2V.cR 
2026-09-18 22:15:28 +0200: Memory Usage (486212K) : Starting 6.7 Schottky diode table
2026-09-18 22:15:28 +0200: Memory Usage (486212K) : Executing rule Sdiod.b
2026-09-18 22:15:28 +0200: Memory Usage (486212K) : Executing rule Sdiod.c
2026-09-18 22:15:28 +0200: Memory Usage (486212K) : Executing rule Sdiod.d
2026-09-18 22:15:28 +0200: Memory Usage (486212K) : Executing rule Sdiod.e
2026-09-18 22:15:28 +0200: Memory Usage (486212K) : Starting 7.2 Latch-up table
2026-09-18 22:15:28 +0200: Memory Usage (486212K) : Executing rule LU.b
2026-09-18 22:15:28 +0200: Memory Usage (486468K) : Starting 5.16. Metal1 table
2026-09-18 22:15:28 +0200: Memory Usage (486468K) : Executing rule M1.a
2026-09-18 22:15:28 +0200: Memory Usage (486468K) : Executing rule M1.b
2026-09-18 22:15:28 +0200: Memory Usage (487364K) : Executing rule M1.e
2026-09-18 22:15:28 +0200: Memory Usage (487492K) : Executing rule M1.f
2026-09-18 22:15:28 +0200: Memory Usage (487492K) : Executing rule M1.g
2026-09-18 22:15:28 +0200: Memory Usage (487492K) : Executing rule M1.i
2026-09-18 22:15:28 +0200: Memory Usage (487876K) : Starting 5.17 Metaln table
2026-09-18 22:15:28 +0200: Memory Usage (487876K) : Executing rule M2.a
2026-09-18 22:15:28 +0200: Memory Usage (487876K) : Executing rule M2.b
2026-09-18 22:15:28 +0200: Memory Usage (488772K) : Executing rule M2.e
2026-09-18 22:15:28 +0200: Memory Usage (488900K) : Executing rule M2.f
2026-09-18 22:15:28 +0200: Memory Usage (488900K) : Executing rule M2.g
2026-09-18 22:15:28 +0200: Memory Usage (489028K) : Executing rule M2.i
2026-09-18 22:15:28 +0200: Memory Usage (489028K) : Executing rule M3.a
2026-09-18 22:15:28 +0200: Memory Usage (489028K) : Executing rule M3.b
2026-09-18 22:15:28 +0200: Memory Usage (489156K) : Executing rule M3.e
2026-09-18 22:15:28 +0200: Memory Usage (489156K) : Executing rule M3.f
2026-09-18 22:15:28 +0200: Memory Usage (489156K) : Executing rule M3.g
2026-09-18 22:15:28 +0200: Memory Usage (489284K) : Executing rule M3.i
2026-09-18 22:15:28 +0200: Memory Usage (489284K) : Executing rule M4.a
2026-09-18 22:15:28 +0200: Memory Usage (489284K) : Executing rule M4.b
2026-09-18 22:15:28 +0200: Memory Usage (489540K) : Executing rule M4.e
2026-09-18 22:15:28 +0200: Memory Usage (489668K) : Executing rule M4.f
2026-09-18 22:15:28 +0200: Memory Usage (489668K) : Executing rule M4.g
2026-09-18 22:15:28 +0200: Memory Usage (489536K) : Executing rule M4.i
2026-09-18 22:15:28 +0200: Memory Usage (489536K) : Executing rule M5.a
2026-09-18 22:15:28 +0200: Memory Usage (489536K) : Executing rule M5.b
2026-09-18 22:15:28 +0200: Memory Usage (489536K) : Executing rule M5.e
2026-09-18 22:15:28 +0200: Memory Usage (489404K) : Executing rule M5.f
2026-09-18 22:15:28 +0200: Memory Usage (489404K) : Executing rule M5.g
2026-09-18 22:15:28 +0200: Memory Usage (489404K) : Executing rule M5.i
2026-09-18 22:15:28 +0200: Memory Usage (489532K) : Starting 5.18 Metaln:filler table
2026-09-18 22:15:28 +0200: Memory Usage (489532K) : Executing rule M1Fil.c
2026-09-18 22:15:28 +0200: Memory Usage (489532K) : Executing rule M1Fil.a2
2026-09-18 22:15:28 +0200: Memory Usage (489532K) : Executing rule M2Fil.c
2026-09-18 22:15:28 +0200: Memory Usage (489532K) : Executing rule M2Fil.a2
2026-09-18 22:15:28 +0200: Memory Usage (489532K) : Executing rule M3Fil.c
2026-09-18 22:15:28 +0200: Memory Usage (489532K) : Executing rule M3Fil.a2
2026-09-18 22:15:28 +0200: Memory Usage (489532K) : Executing rule M4Fil.c
2026-09-18 22:15:28 +0200: Memory Usage (489532K) : Executing rule M4Fil.a2
2026-09-18 22:15:28 +0200: Memory Usage (489532K) : Executing rule M5Fil.c
2026-09-18 22:15:28 +0200: Memory Usage (489532K) : Executing rule M5Fil.a2
2026-09-18 22:15:28 +0200: Memory Usage (489532K) : Starting 5.19. Via1 table
2026-09-18 22:15:28 +0200: Memory Usage (489532K) : Starting 5.19. Via1 table derivations
2026-09-18 22:15:28 +0200: Memory Usage (489532K) : Executing rule V1.a
2026-09-18 22:15:28 +0200: Memory Usage (489532K) : Executing rule V1.b
2026-09-18 22:15:28 +0200: Memory Usage (489532K) : Executing rule V1.c
2026-09-18 22:15:28 +0200: Memory Usage (489532K) : Starting 5.20. Vian table
2026-09-18 22:15:28 +0200: Memory Usage (489532K) : Executing rule V2.a
2026-09-18 22:15:28 +0200: Memory Usage (489532K) : Executing rule V2.b
2026-09-18 22:15:28 +0200: Memory Usage (489532K) : Executing rule V2.c
2026-09-18 22:15:28 +0200: Memory Usage (489532K) : Executing rule V3.a
2026-09-18 22:15:28 +0200: Memory Usage (489532K) : Executing rule V3.b
2026-09-18 22:15:28 +0200: Memory Usage (489660K) : Executing rule V3.c
2026-09-18 22:15:28 +0200: Memory Usage (489532K) : Executing rule V4.a
2026-09-18 22:15:28 +0200: Memory Usage (489532K) : Executing rule V4.b
2026-09-18 22:15:28 +0200: Memory Usage (489660K) : Executing rule V4.c
2026-09-18 22:15:28 +0200: Memory Usage (489656K) : Starting 5.21. TopVia1 table
2026-09-18 22:15:28 +0200: Memory Usage (489656K) : Executing rule TV1.a
2026-09-18 22:15:28 +0200: Memory Usage (489656K) : Executing rule TV1.b
2026-09-18 22:15:28 +0200: Memory Usage (489656K) : Executing rule TV1.c
2026-09-18 22:15:28 +0200: Memory Usage (489656K) : Executing rule TV1.d
2026-09-18 22:15:28 +0200: Memory Usage (489656K) : Starting 5.22. TopMetal1 table
2026-09-18 22:15:28 +0200: Memory Usage (489656K) : Executing rule TM1.a
2026-09-18 22:15:28 +0200: Memory Usage (489656K) : Executing rule TM1.b
2026-09-18 22:15:28 +0200: Memory Usage (489656K) : Starting 5.23 TopMetal1:filler table
2026-09-18 22:15:28 +0200: Memory Usage (489656K) : Executing rule TM1Fil.c
2026-09-18 22:15:28 +0200: Memory Usage (489656K) : Executing rule TM1Fil.a1
2026-09-18 22:15:28 +0200: Memory Usage (489656K) : Starting 5.24. TopVia2 table
2026-09-18 22:15:28 +0200: Memory Usage (489656K) : Executing rule TV2.a
2026-09-18 22:15:28 +0200: Memory Usage (489656K) : Executing rule TV2.b
2026-09-18 22:15:28 +0200: Memory Usage (489656K) : Executing rule TV2.c
2026-09-18 22:15:28 +0200: Memory Usage (489656K) : Executing rule TV2.d
2026-09-18 22:15:28 +0200: Memory Usage (489656K) : Starting 5.25. TopMetal2 table
2026-09-18 22:15:28 +0200: Memory Usage (489656K) : Executing rule TM2.a
2026-09-18 22:15:28 +0200: Memory Usage (489656K) : Executing rule TM2.b
2026-09-18 22:15:28 +0200: Memory Usage (489656K) : Executing rule TM2.bR
2026-09-18 22:15:28 +0200: Memory Usage (489656K) : Starting 5.26 TopMetal2:filler table
2026-09-18 22:15:28 +0200: Memory Usage (489656K) : Executing rule TM2Fil.c
2026-09-18 22:15:28 +0200: Memory Usage (489656K) : Executing rule TM2Fil.a1
2026-09-18 22:15:28 +0200: Memory Usage (489656K) : Starting 5.27. Passiv table
2026-09-18 22:15:28 +0200: Memory Usage (489656K) : Executing rule Pas.a
2026-09-18 22:15:28 +0200: Memory Usage (489656K) : Executing rule Pas.b
2026-09-18 22:15:28 +0200: Memory Usage (489656K) : Executing rule Pas.c
2026-09-18 22:15:28 +0200: Memory Usage (489656K) : Starting 6.9.2 Copper Pillar table
2026-09-18 22:15:28 +0200: Memory Usage (489656K) : Executing rule Padc.a
2026-09-18 22:15:28 +0200: Memory Usage (489656K) : Executing rule Padc.b
2026-09-18 22:15:28 +0200: Memory Usage (489656K) : Executing rule Padc.c
2026-09-18 22:15:28 +0200: Memory Usage (489656K) : Executing rule Padb.f
2026-09-18 22:15:29 +0200: Memory Usage (489656K) : Starting 6.9 Pad table
2026-09-18 22:15:29 +0200: Memory Usage (489656K) : Executing rule Pad.m
2026-09-18 22:15:29 +0200: Memory Usage (489656K) : Executing rule Pad.fR_M1
2026-09-18 22:15:29 +0200: Memory Usage (489656K) : Executing rule Pad.fR_M2
2026-09-18 22:15:29 +0200: Memory Usage (489656K) : Executing rule Pad.fR_M3
2026-09-18 22:15:29 +0200: Memory Usage (489912K) : Executing rule Pad.fR_M4
2026-09-18 22:15:29 +0200: Memory Usage (490296K) : Executing rule Pad.fR_M5
2026-09-18 22:15:29 +0200: Memory Usage (490680K) : Executing rule Pad.fR_TM1
2026-09-18 22:15:29 +0200: Memory Usage (491064K) : Executing rule Pad.fR_TM2
2026-09-18 22:15:29 +0200: Memory Usage (491448K) : Executing rule Pad.i
2026-09-18 22:15:29 +0200: Memory Usage (491576K) : Starting 6.9.1 Solder Bump
2026-09-18 22:15:29 +0200: Memory Usage (491576K) : Executing rule Padb.a
2026-09-18 22:15:29 +0200: Memory Usage (491832K) : Executing rule Padb.b
2026-09-18 22:15:29 +0200: Memory Usage (491960K) : Executing rule Padb.c
2026-09-18 22:15:29 +0200: Memory Usage (492344K) : Executing rule Padb.f
2026-09-18 22:15:29 +0200: Memory Usage (493240K) : Executing rule Padb.d
2026-09-18 22:15:29 +0200: Memory Usage (493368K) : Starting 6.10 Sealring table
2026-09-18 22:15:29 +0200: Memory Usage (493368K) : Executing rule Seal.l
2026-09-18 22:15:29 +0200: Memory Usage (493496K) : Executing rule Seal.n
2026-09-18 22:15:29 +0200: Memory Usage (493624K) : Executing rule seal.b_metal1
2026-09-18 22:15:29 +0200: Memory Usage (493880K) : Executing rule seal.b_metal2
2026-09-18 22:15:29 +0200: Memory Usage (494136K) : Executing rule seal.b_metal3
2026-09-18 22:15:29 +0200: Memory Usage (494264K) : Executing rule seal.b_metal4
2026-09-18 22:15:29 +0200: Memory Usage (494520K) : Executing rule seal.b_metal5
2026-09-18 22:15:29 +0200: Memory Usage (494776K) : Executing rule seal.b_topmetal1
2026-09-18 22:15:29 +0200: Memory Usage (494904K) : Executing rule seal.b_topmetal2
2026-09-18 22:15:29 +0200: Memory Usage (495032K) : Executing rule seal.b_activ
2026-09-18 22:15:29 +0200: Memory Usage (495032K) : Executing rule seal.b_psd
2026-09-18 22:15:29 +0200: Memory Usage (495032K) : Executing rule Seal.k
2026-09-18 22:15:29 +0200: Memory Usage (495032K) : Executing rule Seal.m
2026-09-18 22:15:29 +0200: Memory Usage (495032K) : Starting 6.11 MIM table
2026-09-18 22:15:29 +0200: Memory Usage (495032K) : Executing rule MIM.c
2026-09-18 22:15:29 +0200: Memory Usage (495032K) : Executing rule MIM.d
2026-09-18 22:15:29 +0200: Memory Usage (495032K) : Executing rule MIM.gR
2026-09-18 22:15:29 +0200: Memory Usage (495032K) : Starting 7.3 Metal Slits table
2026-09-18 22:15:29 +0200: Memory Usage (495032K) : Executing rule Slt.e1_M1
2026-09-18 22:15:29 +0200: Memory Usage (495032K) : Executing rule Slt.e1_M2
2026-09-18 22:15:29 +0200: Memory Usage (495032K) : Executing rule Slt.e1_M3
2026-09-18 22:15:29 +0200: Memory Usage (495032K) : Executing rule Slt.e1_M4
2026-09-18 22:15:29 +0200: Memory Usage (495032K) : Executing rule Slt.e1_M5
2026-09-18 22:15:29 +0200: Memory Usage (495032K) : Executing rule Slt.e1_TM1
2026-09-18 22:15:29 +0200: Memory Usage (495032K) : Executing rule Slt.e1_TM2
2026-09-18 22:15:29 +0200: Memory Usage (495032K) : Starting 9.1. LBE table
2026-09-18 22:15:29 +0200: Memory Usage (495032K) : Executing rule LBE.a
2026-09-18 22:15:29 +0200: Memory Usage (495032K) : Executing rule LBE.b
2026-09-18 22:15:29 +0200: Memory Usage (495032K) : Executing rule LBE.b1
2026-09-18 22:15:29 +0200: Memory Usage (495032K) : Executing rule LBE.c
2026-09-18 22:15:29 +0200: Memory Usage (495032K) : Executing rule LBE.d
2026-09-18 22:15:29 +0200: Memory Usage (495032K) : Executing rule LBE.h
2026-09-18 22:15:29 +0200: Memory Usage (495032K) : Starting 7.4. PIN table
2026-09-18 22:15:29 +0200: Memory Usage (495032K) : Executing rule Pin.a
2026-09-18 22:15:29 +0200: Memory Usage (495032K) : Executing rule Pin.b
2026-09-18 22:15:29 +0200: Memory Usage (495032K) : Executing rule Pin.e
2026-09-18 22:15:29 +0200: Memory Usage (495160K) : Executing rule Pin.f_M2
2026-09-18 22:15:29 +0200: Memory Usage (495160K) : Executing rule Pin.f_M3
2026-09-18 22:15:29 +0200: Memory Usage (495160K) : Executing rule Pin.f_M4
2026-09-18 22:15:29 +0200: Memory Usage (495160K) : Executing rule Pin.f_M5
2026-09-18 22:15:29 +0200: Memory Usage (495160K) : Executing rule Pin.g
2026-09-18 22:15:29 +0200: Memory Usage (495160K) : Executing rule Pin.h
2026-09-18 22:15:29 +0200: Memory Usage (495160K) : Starting 3.1. offgrid table
2026-09-18 22:15:29 +0200: Memory Usage (495160K) : Executing rule activ_drw_Offgrid
2026-09-18 22:15:29 +0200: Memory Usage (495160K) : Executing rule activ_mask_Offgrid
2026-09-18 22:15:29 +0200: Memory Usage (495160K) : Executing rule activ_filler_Offgrid
2026-09-18 22:15:29 +0200: Memory Usage (495160K) : Executing rule activ_opc_Offgrid
2026-09-18 22:15:29 +0200: Memory Usage (495160K) : Executing rule activ_iopc_Offgrid
2026-09-18 22:15:29 +0200: Memory Usage (495160K) : Executing rule biwind_drw_Offgrid
2026-09-18 22:15:29 +0200: Memory Usage (495160K) : Executing rule biwind_opc_Offgrid
2026-09-18 22:15:29 +0200: Memory Usage (495160K) : Executing rule pemwind_drw_Offgrid
2026-09-18 22:15:29 +0200: Memory Usage (495160K) : Executing rule gatpoly_drw_Offgrid
2026-09-18 22:15:29 +0200: Memory Usage (495160K) : Executing rule gatpoly_filler_Offgrid
2026-09-18 22:15:29 +0200: Memory Usage (495160K) : Executing rule gatpoly_opc_Offgrid
2026-09-18 22:15:29 +0200: Memory Usage (495160K) : Executing rule gatpoly_iopc_Offgrid
2026-09-18 22:15:29 +0200: Memory Usage (495160K) : Executing rule gatpoly_noqrc_Offgrid
2026-09-18 22:15:29 +0200: Memory Usage (495160K) : Executing rule cont_drw_Offgrid
2026-09-18 22:15:29 +0200: Memory Usage (495160K) : Executing rule cont_opc_Offgrid
2026-09-18 22:15:29 +0200: Memory Usage (495160K) : Executing rule nsd_drw_Offgrid
2026-09-18 22:15:29 +0200: Memory Usage (495160K) : Executing rule nsd_block_Offgrid
2026-09-18 22:15:29 +0200: Memory Usage (495160K) : Executing rule metal1_drw_Offgrid
2026-09-18 22:15:29 +0200: Memory Usage (495160K) : Executing rule metal1_mask_Offgrid
2026-09-18 22:15:29 +0200: Memory Usage (495160K) : Executing rule metal1_filler_Offgrid
2026-09-18 22:15:29 +0200: Memory Usage (495160K) : Executing rule metal1_slit_Offgrid
2026-09-18 22:15:29 +0200: Memory Usage (495160K) : Executing rule metal1_opc_Offgrid
2026-09-18 22:15:29 +0200: Memory Usage (495160K) : Executing rule metal1_noqrc_Offgrid
2026-09-18 22:15:29 +0200: Memory Usage (495160K) : Executing rule metal1_res_Offgrid
2026-09-18 22:15:29 +0200: Memory Usage (495160K) : Executing rule metal1_iprobe_Offgrid
2026-09-18 22:15:29 +0200: Memory Usage (495160K) : Executing rule metal1_diffprb_Offgrid
2026-09-18 22:15:29 +0200: Memory Usage (495416K) : Executing rule passiv_drw_Offgrid
2026-09-18 22:15:29 +0200: Memory Usage (495928K) : Executing rule passiv_pillar_Offgrid
2026-09-18 22:15:29 +0200: Memory Usage (496440K) : Executing rule passiv_sbump_Offgrid
2026-09-18 22:15:29 +0200: Memory Usage (496952K) : Executing rule passiv_pdl_Offgrid
2026-09-18 22:15:29 +0200: Memory Usage (497464K) : Executing rule metal2_drw_Offgrid
2026-09-18 22:15:29 +0200: Memory Usage (499000K) : Executing rule metal2_mask_Offgrid
2026-09-18 22:15:29 +0200: Memory Usage (499000K) : Executing rule metal2_filler_Offgrid
2026-09-18 22:15:29 +0200: Memory Usage (499128K) : Executing rule metal2_slit_Offgrid
2026-09-18 22:15:29 +0200: Memory Usage (499640K) : Executing rule metal2_opc_Offgrid
2026-09-18 22:15:29 +0200: Memory Usage (500152K) : Executing rule metal2_noqrc_Offgrid
2026-09-18 22:15:29 +0200: Memory Usage (500792K) : Executing rule metal2_res_Offgrid
2026-09-18 22:15:29 +0200: Memory Usage (501304K) : Executing rule metal2_iprobe_Offgrid
2026-09-18 22:15:29 +0200: Memory Usage (501816K) : Executing rule metal2_diffprb_Offgrid
2026-09-18 22:15:29 +0200: Memory Usage (502328K) : Executing rule baspoly_drw_Offgrid
2026-09-18 22:15:29 +0200: Memory Usage (502840K) : Executing rule psd_drw_Offgrid
2026-09-18 22:15:29 +0200: Memory Usage (504120K) : Executing rule nldb_drw_Offgrid
2026-09-18 22:15:29 +0200: Memory Usage (504248K) : Executing rule via1_drw_Offgrid
2026-09-18 22:15:29 +0200: Memory Usage (505144K) : Executing rule backmetal1_drw_Offgrid
2026-09-18 22:15:29 +0200: Memory Usage (505528K) : Executing rule backmetal1_mask_Offgrid
2026-09-18 22:15:29 +0200: Memory Usage (506168K) : Executing rule backmetal1_filler_Offgrid
2026-09-18 22:15:29 +0200: Memory Usage (506680K) : Executing rule backmetal1_slit_Offgrid
2026-09-18 22:15:29 +0200: Memory Usage (507192K) : Executing rule backmetal1_opc_Offgrid
2026-09-18 22:15:29 +0200: Memory Usage (507704K) : Executing rule backmetal1_noqrc_Offgrid
2026-09-18 22:15:29 +0200: Memory Usage (507960K) : Executing rule backmetal1_res_Offgrid
2026-09-18 22:15:29 +0200: Memory Usage (507960K) : Executing rule backmetal1_iprobe_Offgrid
2026-09-18 22:15:29 +0200: Memory Usage (507960K) : Executing rule backmetal1_diffprb_Offgrid
2026-09-18 22:15:29 +0200: Memory Usage (507960K) : Executing rule backpassiv_drw_Offgrid
2026-09-18 22:15:29 +0200: Memory Usage (507960K) : Executing rule salblock_drw_Offgrid
2026-09-18 22:15:29 +0200: Memory Usage (507960K) : Executing rule via2_drw_Offgrid
2026-09-18 22:15:29 +0200: Memory Usage (507960K) : Executing rule metal3_drw_Offgrid
2026-09-18 22:15:29 +0200: Memory Usage (507960K) : Executing rule metal3_mask_Offgrid
2026-09-18 22:15:29 +0200: Memory Usage (507960K) : Executing rule metal3_filler_Offgrid
2026-09-18 22:15:29 +0200: Memory Usage (507960K) : Executing rule metal3_slit_Offgrid
2026-09-18 22:15:29 +0200: Memory Usage (507960K) : Executing rule metal3_opc_Offgrid
2026-09-18 22:15:29 +0200: Memory Usage (507960K) : Executing rule metal3_noqrc_Offgrid
2026-09-18 22:15:29 +0200: Memory Usage (507960K) : Executing rule metal3_res_Offgrid
2026-09-18 22:15:29 +0200: Memory Usage (507960K) : Executing rule metal3_iprobe_Offgrid
2026-09-18 22:15:29 +0200: Memory Usage (507960K) : Executing rule metal3_diffprb_Offgrid
2026-09-18 22:15:29 +0200: Memory Usage (507960K) : Executing rule nwell_drw_Offgrid
2026-09-18 22:15:29 +0200: Memory Usage (507960K) : Executing rule nbulay_drw_Offgrid
2026-09-18 22:15:29 +0200: Memory Usage (507960K) : Executing rule nbulay_block_Offgrid
2026-09-18 22:15:29 +0200: Memory Usage (507960K) : Executing rule pwell_drw_Offgrid
2026-09-18 22:15:29 +0200: Memory Usage (507960K) : Executing rule pwell_block_Offgrid
2026-09-18 22:15:29 +0200: Memory Usage (507960K) : Executing rule emwind_drw_Offgrid
2026-09-18 22:15:29 +0200: Memory Usage (507960K) : Executing rule emwind_opc_Offgrid
2026-09-18 22:15:29 +0200: Memory Usage (507960K) : Executing rule deepco_drw_Offgrid
2026-09-18 22:15:29 +0200: Memory Usage (507960K) : Executing rule mim_drw_Offgrid
2026-09-18 22:15:29 +0200: Memory Usage (507960K) : Executing rule substrate_drw_Offgrid
2026-09-18 22:15:29 +0200: Memory Usage (507960K) : Executing rule ic_drw_Offgrid
2026-09-18 22:15:29 +0200: Memory Usage (507960K) : Executing rule via3_drw_Offgrid
2026-09-18 22:15:29 +0200: Memory Usage (507960K) : Executing rule pldb_drw_Offgrid
2026-09-18 22:15:29 +0200: Memory Usage (507960K) : Executing rule metal4_drw_Offgrid
2026-09-18 22:15:29 +0200: Memory Usage (507960K) : Executing rule metal4_mask_Offgrid
2026-09-18 22:15:29 +0200: Memory Usage (507960K) : Executing rule metal4_filler_Offgrid
2026-09-18 22:15:29 +0200: Memory Usage (507960K) : Executing rule metal4_slit_Offgrid
2026-09-18 22:15:29 +0200: Memory Usage (507960K) : Executing rule metal4_opc_Offgrid
2026-09-18 22:15:29 +0200: Memory Usage (507960K) : Executing rule metal4_noqrc_Offgrid
2026-09-18 22:15:29 +0200: Memory Usage (507960K) : Executing rule metal4_res_Offgrid
2026-09-18 22:15:29 +0200: Memory Usage (507960K) : Executing rule metal4_iprobe_Offgrid
2026-09-18 22:15:29 +0200: Memory Usage (507960K) : Executing rule metal4_diffprb_Offgrid
2026-09-18 22:15:29 +0200: Memory Usage (507960K) : Executing rule via4_drw_Offgrid
2026-09-18 22:15:30 +0200: Memory Usage (507960K) : Executing rule metal5_drw_Offgrid
2026-09-18 22:15:30 +0200: Memory Usage (507960K) : Executing rule metal5_mask_Offgrid
2026-09-18 22:15:30 +0200: Memory Usage (507960K) : Executing rule metal5_filler_Offgrid
2026-09-18 22:15:30 +0200: Memory Usage (507960K) : Executing rule metal5_slit_Offgrid
2026-09-18 22:15:30 +0200: Memory Usage (507960K) : Executing rule metal5_opc_Offgrid
2026-09-18 22:15:30 +0200: Memory Usage (507960K) : Executing rule metal5_noqrc_Offgrid
2026-09-18 22:15:30 +0200: Memory Usage (507960K) : Executing rule metal5_res_Offgrid
2026-09-18 22:15:30 +0200: Memory Usage (507960K) : Executing rule metal5_iprobe_Offgrid
2026-09-18 22:15:30 +0200: Memory Usage (507960K) : Executing rule metal5_diffprb_Offgrid
2026-09-18 22:15:30 +0200: Memory Usage (507960K) : Executing rule prboundary_drw_Offgrid
2026-09-18 22:15:30 +0200: Memory Usage (507960K) : Executing rule exchange0_drw_Offgrid
2026-09-18 22:15:30 +0200: Memory Usage (507960K) : Executing rule exchange1_drw_Offgrid
2026-09-18 22:15:30 +0200: Memory Usage (507960K) : Executing rule exchange2_drw_Offgrid
2026-09-18 22:15:30 +0200: Memory Usage (507960K) : Executing rule exchange3_drw_Offgrid
2026-09-18 22:15:30 +0200: Memory Usage (507960K) : Executing rule exchange4_drw_Offgrid
2026-09-18 22:15:30 +0200: Memory Usage (507960K) : Executing rule isonwell_drw_Offgrid
2026-09-18 22:15:30 +0200: Memory Usage (508088K) : Executing rule thickgateox_drw_Offgrid
2026-09-18 22:15:30 +0200: Memory Usage (508088K) : Executing rule pempoly_drw_Offgrid
2026-09-18 22:15:30 +0200: Memory Usage (508088K) : Executing rule fbe_drw_Offgrid
2026-09-18 22:15:30 +0200: Memory Usage (508088K) : Executing rule empoly_drw_Offgrid
2026-09-18 22:15:30 +0200: Memory Usage (508600K) : Executing rule ldmos_drw_Offgrid
2026-09-18 22:15:30 +0200: Memory Usage (509112K) : Executing rule pbiwind_drw_Offgrid
2026-09-18 22:15:30 +0200: Memory Usage (509624K) : Executing rule colopen_drw_Offgrid
2026-09-18 22:15:30 +0200: Memory Usage (510264K) : Executing rule extblock_drw_Offgrid
2026-09-18 22:15:30 +0200: Memory Usage (510776K) : Executing rule nldd_drw_Offgrid
2026-09-18 22:15:30 +0200: Memory Usage (511288K) : Executing rule pldd_drw_Offgrid
2026-09-18 22:15:30 +0200: Memory Usage (511800K) : Executing rule next_drw_Offgrid
2026-09-18 22:15:30 +0200: Memory Usage (512312K) : Executing rule pext_drw_Offgrid
2026-09-18 22:15:30 +0200: Memory Usage (512824K) : Executing rule nexthv_drw_Offgrid
2026-09-18 22:15:30 +0200: Memory Usage (513464K) : Executing rule pexthv_drw_Offgrid
2026-09-18 22:15:30 +0200: Memory Usage (513976K) : Executing rule graphgate_drw_Offgrid
2026-09-18 22:15:30 +0200: Memory Usage (514616K) : Executing rule mempad_drw_Offgrid
2026-09-18 22:15:30 +0200: Memory Usage (515128K) : Executing rule topvia1_drw_Offgrid
2026-09-18 22:15:30 +0200: Memory Usage (515128K) : Executing rule topmetal1_drw_Offgrid
2026-09-18 22:15:30 +0200: Memory Usage (515128K) : Executing rule topmetal1_mask_Offgrid
2026-09-18 22:15:30 +0200: Memory Usage (515128K) : Executing rule topmetal1_filler_Offgrid
2026-09-18 22:15:30 +0200: Memory Usage (515128K) : Executing rule topmetal1_slit_Offgrid
2026-09-18 22:15:30 +0200: Memory Usage (515128K) : Executing rule topmetal1_noqrc_Offgrid
2026-09-18 22:15:30 +0200: Memory Usage (515128K) : Executing rule topmetal1_res_Offgrid
2026-09-18 22:15:30 +0200: Memory Usage (515128K) : Executing rule topmetal1_iprobe_Offgrid
2026-09-18 22:15:30 +0200: Memory Usage (515128K) : Executing rule topmetal1_diffprb_Offgrid
2026-09-18 22:15:30 +0200: Memory Usage (515128K) : Executing rule inldpwl_drw_Offgrid
2026-09-18 22:15:30 +0200: Memory Usage (515128K) : Executing rule polyres_drw_Offgrid
2026-09-18 22:15:30 +0200: Memory Usage (515128K) : Executing rule vmim_drw_Offgrid
2026-09-18 22:15:30 +0200: Memory Usage (515128K) : Executing rule nbulaycut_drw_Offgrid
2026-09-18 22:15:30 +0200: Memory Usage (515128K) : Executing rule antmetal1_drw_Offgrid
2026-09-18 22:15:30 +0200: Memory Usage (515128K) : Executing rule topvia2_drw_Offgrid
2026-09-18 22:15:30 +0200: Memory Usage (515128K) : Executing rule topmetal2_drw_Offgrid
2026-09-18 22:15:30 +0200: Memory Usage (515128K) : Executing rule topmetal2_mask_Offgrid
2026-09-18 22:15:30 +0200: Memory Usage (515128K) : Executing rule topmetal2_filler_Offgrid
2026-09-18 22:15:30 +0200: Memory Usage (515128K) : Executing rule topmetal2_slit_Offgrid
2026-09-18 22:15:30 +0200: Memory Usage (515128K) : Executing rule topmetal2_noqrc_Offgrid
2026-09-18 22:15:30 +0200: Memory Usage (515128K) : Executing rule topmetal2_res_Offgrid
2026-09-18 22:15:30 +0200: Memory Usage (515128K) : Executing rule topmetal2_iprobe_Offgrid
2026-09-18 22:15:30 +0200: Memory Usage (515128K) : Executing rule topmetal2_diffprb_Offgrid
2026-09-18 22:15:30 +0200: Memory Usage (515128K) : Executing rule snsring_drw_Offgrid
2026-09-18 22:15:30 +0200: Memory Usage (515128K) : Executing rule sensor_drw_Offgrid
2026-09-18 22:15:30 +0200: Memory Usage (515128K) : Executing rule snsarms_drw_Offgrid
2026-09-18 22:15:30 +0200: Memory Usage (515128K) : Executing rule snscmosvia_drw_Offgrid
2026-09-18 22:15:30 +0200: Memory Usage (515128K) : Executing rule colwind_drw_Offgrid
2026-09-18 22:15:30 +0200: Memory Usage (515128K) : Executing rule flm_drw_Offgrid
2026-09-18 22:15:30 +0200: Memory Usage (515128K) : Executing rule hafniumox_drw_Offgrid
2026-09-18 22:15:30 +0200: Memory Usage (515128K) : Executing rule memvia_drw_Offgrid
2026-09-18 22:15:30 +0200: Memory Usage (515128K) : Executing rule thinfilmres_drw_Offgrid
2026-09-18 22:15:30 +0200: Memory Usage (515128K) : Executing rule rfmem_drw_Offgrid
2026-09-18 22:15:30 +0200: Memory Usage (515128K) : Executing rule snsbotvia_drw_Offgrid
2026-09-18 22:15:30 +0200: Memory Usage (515128K) : Executing rule snstopvia_drw_Offgrid
2026-09-18 22:15:30 +0200: Memory Usage (515128K) : Executing rule deepvia_drw_Offgrid
2026-09-18 22:15:30 +0200: Memory Usage (515128K) : Executing rule fgetch_drw_Offgrid
2026-09-18 22:15:30 +0200: Memory Usage (515128K) : Executing rule ctrgat_drw_Offgrid
2026-09-18 22:15:30 +0200: Memory Usage (515128K) : Executing rule fgimp_drw_Offgrid
2026-09-18 22:15:30 +0200: Memory Usage (515128K) : Executing rule emwihv_drw_Offgrid
2026-09-18 22:15:30 +0200: Memory Usage (515128K) : Executing rule lbe_drw_Offgrid
2026-09-18 22:15:30 +0200: Memory Usage (515128K) : Executing rule alcustop_drw_Offgrid
2026-09-18 22:15:30 +0200: Memory Usage (515128K) : Starting 3.2. angle table
2026-09-18 22:15:30 +0200: Memory Usage (515128K) : Executing rule activ_drw_Acute
2026-09-18 22:15:30 +0200: Memory Usage (515128K) : Executing rule activ_pin_Acute
2026-09-18 22:15:30 +0200: Memory Usage (515128K) : Executing rule activ_mask_Acute
2026-09-18 22:15:30 +0200: Memory Usage (515128K) : Executing rule activ_filler_Acute
2026-09-18 22:15:30 +0200: Memory Usage (515128K) : Executing rule activ_nofill_Acute
2026-09-18 22:15:30 +0200: Memory Usage (515128K) : Executing rule activ_opc_Acute
2026-09-18 22:15:30 +0200: Memory Usage (515128K) : Executing rule activ_iopc_Acute
2026-09-18 22:15:30 +0200: Memory Usage (515128K) : Executing rule activ_noqrc_Acute
2026-09-18 22:15:30 +0200: Memory Usage (515128K) : Executing rule biwind_drw_Acute
2026-09-18 22:15:30 +0200: Memory Usage (515128K) : Executing rule biwind_opc_Acute
2026-09-18 22:15:30 +0200: Memory Usage (515128K) : Executing rule pemwind_drw_Acute
2026-09-18 22:15:30 +0200: Memory Usage (515128K) : Executing rule gatpoly_drw_Acute
2026-09-18 22:15:30 +0200: Memory Usage (515128K) : Executing rule gatpoly_pin_Acute
2026-09-18 22:15:30 +0200: Memory Usage (515128K) : Executing rule gatpoly_filler_Acute
2026-09-18 22:15:30 +0200: Memory Usage (515128K) : Executing rule gatpoly_nofill_Acute
2026-09-18 22:15:30 +0200: Memory Usage (515128K) : Executing rule gatpoly_opc_Acute
2026-09-18 22:15:30 +0200: Memory Usage (515128K) : Executing rule gatpoly_iopc_Acute
2026-09-18 22:15:30 +0200: Memory Usage (515128K) : Executing rule gatpoly_noqrc_Acute
2026-09-18 22:15:30 +0200: Memory Usage (515128K) : Executing rule cont_drw_Acute
2026-09-18 22:15:30 +0200: Memory Usage (515128K) : Executing rule cont_opc_Acute
2026-09-18 22:15:30 +0200: Memory Usage (515128K) : Executing rule nsd_drw_Acute
2026-09-18 22:15:30 +0200: Memory Usage (515128K) : Executing rule nsd_block_Acute
2026-09-18 22:15:30 +0200: Memory Usage (515128K) : Executing rule metal1_drw_Acute
2026-09-18 22:15:30 +0200: Memory Usage (515128K) : Executing rule metal1_pin_Acute
2026-09-18 22:15:30 +0200: Memory Usage (515128K) : Executing rule metal1_mask_Acute
2026-09-18 22:15:30 +0200: Memory Usage (515128K) : Executing rule metal1_filler_Acute
2026-09-18 22:15:30 +0200: Memory Usage (515128K) : Executing rule metal1_nofill_Acute
2026-09-18 22:15:30 +0200: Memory Usage (515128K) : Executing rule metal1_slit_Acute
2026-09-18 22:15:30 +0200: Memory Usage (515128K) : Executing rule metal1_opc_Acute
2026-09-18 22:15:30 +0200: Memory Usage (515128K) : Executing rule metal1_noqrc_Acute
2026-09-18 22:15:30 +0200: Memory Usage (515128K) : Executing rule metal1_res_Acute
2026-09-18 22:15:30 +0200: Memory Usage (515128K) : Executing rule metal1_iprobe_Acute
2026-09-18 22:15:30 +0200: Memory Usage (515128K) : Executing rule metal1_diffprb_Acute
2026-09-18 22:15:30 +0200: Memory Usage (515128K) : Executing rule passiv_drw_Acute
2026-09-18 22:15:30 +0200: Memory Usage (515128K) : Executing rule passiv_pin_Acute
2026-09-18 22:15:30 +0200: Memory Usage (515128K) : Executing rule passiv_pillar_Acute
2026-09-18 22:15:30 +0200: Memory Usage (515128K) : Executing rule passiv_sbump_Acute
2026-09-18 22:15:30 +0200: Memory Usage (515128K) : Executing rule passiv_pdl_Acute
2026-09-18 22:15:30 +0200: Memory Usage (515128K) : Executing rule metal2_drw_Acute
2026-09-18 22:15:31 +0200: Memory Usage (515128K) : Executing rule metal2_pin_Acute
2026-09-18 22:15:31 +0200: Memory Usage (515128K) : Executing rule metal2_mask_Acute
2026-09-18 22:15:31 +0200: Memory Usage (515128K) : Executing rule metal2_filler_Acute
2026-09-18 22:15:31 +0200: Memory Usage (515128K) : Executing rule metal2_nofill_Acute
2026-09-18 22:15:31 +0200: Memory Usage (515128K) : Executing rule metal2_slit_Acute
2026-09-18 22:15:31 +0200: Memory Usage (515128K) : Executing rule metal2_opc_Acute
2026-09-18 22:15:31 +0200: Memory Usage (515128K) : Executing rule metal2_noqrc_Acute
2026-09-18 22:15:31 +0200: Memory Usage (515128K) : Executing rule metal2_res_Acute
2026-09-18 22:15:31 +0200: Memory Usage (515128K) : Executing rule metal2_iprobe_Acute
2026-09-18 22:15:31 +0200: Memory Usage (515128K) : Executing rule metal2_diffprb_Acute
2026-09-18 22:15:31 +0200: Memory Usage (515128K) : Executing rule baspoly_drw_Acute
2026-09-18 22:15:31 +0200: Memory Usage (515128K) : Executing rule baspoly_pin_Acute
2026-09-18 22:15:31 +0200: Memory Usage (515128K) : Executing rule psd_drw_Acute
2026-09-18 22:15:31 +0200: Memory Usage (515128K) : Executing rule nldb_drw_Acute
2026-09-18 22:15:31 +0200: Memory Usage (515128K) : Executing rule via1_drw_Acute
2026-09-18 22:15:31 +0200: Memory Usage (515128K) : Executing rule backmetal1_drw_Acute
2026-09-18 22:15:31 +0200: Memory Usage (515128K) : Executing rule backmetal1_pin_Acute
2026-09-18 22:15:31 +0200: Memory Usage (515128K) : Executing rule backmetal1_mask_Acute
2026-09-18 22:15:31 +0200: Memory Usage (515128K) : Executing rule backmetal1_filler_Acute
2026-09-18 22:15:31 +0200: Memory Usage (515128K) : Executing rule backmetal1_nofill_Acute
2026-09-18 22:15:31 +0200: Memory Usage (515128K) : Executing rule backmetal1_slit_Acute
2026-09-18 22:15:31 +0200: Memory Usage (515128K) : Executing rule backmetal1_opc_Acute
2026-09-18 22:15:31 +0200: Memory Usage (515128K) : Executing rule backmetal1_noqrc_Acute
2026-09-18 22:15:31 +0200: Memory Usage (515128K) : Executing rule backmetal1_res_Acute
2026-09-18 22:15:31 +0200: Memory Usage (515128K) : Executing rule backmetal1_iprobe_Acute
2026-09-18 22:15:31 +0200: Memory Usage (515128K) : Executing rule backmetal1_diffprb_Acute
2026-09-18 22:15:31 +0200: Memory Usage (515128K) : Executing rule backpassiv_drw_Acute
2026-09-18 22:15:31 +0200: Memory Usage (515128K) : Executing rule salblock_drw_Acute
2026-09-18 22:15:31 +0200: Memory Usage (515128K) : Executing rule via2_drw_Acute
2026-09-18 22:15:31 +0200: Memory Usage (515128K) : Executing rule metal3_drw_Acute
2026-09-18 22:15:31 +0200: Memory Usage (515128K) : Executing rule metal3_pin_Acute
2026-09-18 22:15:31 +0200: Memory Usage (515128K) : Executing rule metal3_mask_Acute
2026-09-18 22:15:31 +0200: Memory Usage (515128K) : Executing rule metal3_filler_Acute
2026-09-18 22:15:31 +0200: Memory Usage (515128K) : Executing rule metal3_nofill_Acute
2026-09-18 22:15:31 +0200: Memory Usage (515128K) : Executing rule metal3_slit_Acute
2026-09-18 22:15:31 +0200: Memory Usage (515128K) : Executing rule metal3_opc_Acute
2026-09-18 22:15:31 +0200: Memory Usage (515128K) : Executing rule metal3_noqrc_Acute
2026-09-18 22:15:31 +0200: Memory Usage (515128K) : Executing rule metal3_res_Acute
2026-09-18 22:15:31 +0200: Memory Usage (515128K) : Executing rule metal3_iprobe_Acute
2026-09-18 22:15:31 +0200: Memory Usage (515128K) : Executing rule metal3_diffprb_Acute
2026-09-18 22:15:31 +0200: Memory Usage (515128K) : Executing rule nwell_drw_Acute
2026-09-18 22:15:31 +0200: Memory Usage (515128K) : Executing rule nwell_pin_Acute
2026-09-18 22:15:31 +0200: Memory Usage (515128K) : Executing rule nbulay_drw_Acute
2026-09-18 22:15:31 +0200: Memory Usage (515128K) : Executing rule nbulay_pin_Acute
2026-09-18 22:15:31 +0200: Memory Usage (515128K) : Executing rule nbulay_block_Acute
2026-09-18 22:15:31 +0200: Memory Usage (515128K) : Executing rule pwell_drw_Acute
2026-09-18 22:15:31 +0200: Memory Usage (515128K) : Executing rule pwell_pin_Acute
2026-09-18 22:15:31 +0200: Memory Usage (515128K) : Executing rule pwell_block_Acute
2026-09-18 22:15:31 +0200: Memory Usage (515128K) : Executing rule emwind_drw_Acute
2026-09-18 22:15:31 +0200: Memory Usage (515128K) : Executing rule emwind_opc_Acute
2026-09-18 22:15:31 +0200: Memory Usage (515128K) : Executing rule deepco_drw_Acute
2026-09-18 22:15:31 +0200: Memory Usage (515128K) : Executing rule mim_drw_Acute
2026-09-18 22:15:31 +0200: Memory Usage (515128K) : Executing rule substrate_drw_Acute
2026-09-18 22:15:31 +0200: Memory Usage (515128K) : Executing rule ic_drw_Acute
2026-09-18 22:15:31 +0200: Memory Usage (515128K) : Executing rule via3_drw_Acute
2026-09-18 22:15:31 +0200: Memory Usage (515128K) : Executing rule pldb_drw_Acute
2026-09-18 22:15:31 +0200: Memory Usage (515128K) : Executing rule metal4_drw_Acute
2026-09-18 22:15:31 +0200: Memory Usage (515128K) : Executing rule metal4_pin_Acute
2026-09-18 22:15:31 +0200: Memory Usage (515128K) : Executing rule metal4_mask_Acute
2026-09-18 22:15:31 +0200: Memory Usage (515128K) : Executing rule metal4_filler_Acute
2026-09-18 22:15:31 +0200: Memory Usage (515128K) : Executing rule metal4_nofill_Acute
2026-09-18 22:15:31 +0200: Memory Usage (515128K) : Executing rule metal4_slit_Acute
2026-09-18 22:15:31 +0200: Memory Usage (515128K) : Executing rule metal4_opc_Acute
2026-09-18 22:15:31 +0200: Memory Usage (515128K) : Executing rule metal4_noqrc_Acute
2026-09-18 22:15:31 +0200: Memory Usage (515128K) : Executing rule metal4_res_Acute
2026-09-18 22:15:31 +0200: Memory Usage (515128K) : Executing rule metal4_iprobe_Acute
2026-09-18 22:15:31 +0200: Memory Usage (515128K) : Executing rule metal4_diffprb_Acute
2026-09-18 22:15:31 +0200: Memory Usage (515128K) : Executing rule via4_drw_Acute
2026-09-18 22:15:31 +0200: Memory Usage (515128K) : Executing rule metal5_drw_Acute
2026-09-18 22:15:31 +0200: Memory Usage (515128K) : Executing rule metal5_pin_Acute
2026-09-18 22:15:31 +0200: Memory Usage (515128K) : Executing rule metal5_mask_Acute
2026-09-18 22:15:31 +0200: Memory Usage (515128K) : Executing rule metal5_filler_Acute
2026-09-18 22:15:31 +0200: Memory Usage (515128K) : Executing rule metal5_nofill_Acute
2026-09-18 22:15:31 +0200: Memory Usage (515128K) : Executing rule metal5_slit_Acute
2026-09-18 22:15:31 +0200: Memory Usage (515128K) : Executing rule metal5_opc_Acute
2026-09-18 22:15:31 +0200: Memory Usage (515128K) : Executing rule metal5_noqrc_Acute
2026-09-18 22:15:31 +0200: Memory Usage (515128K) : Executing rule metal5_res_Acute
2026-09-18 22:15:31 +0200: Memory Usage (515128K) : Executing rule metal5_iprobe_Acute
2026-09-18 22:15:31 +0200: Memory Usage (515128K) : Executing rule metal5_diffprb_Acute
2026-09-18 22:15:31 +0200: Memory Usage (515128K) : Executing rule prboundary_drw_Acute
2026-09-18 22:15:31 +0200: Memory Usage (515128K) : Executing rule exchange0_drw_Acute
2026-09-18 22:15:31 +0200: Memory Usage (515128K) : Executing rule exchange0_pin_Acute
2026-09-18 22:15:31 +0200: Memory Usage (515128K) : Executing rule exchange1_drw_Acute
2026-09-18 22:15:31 +0200: Memory Usage (515128K) : Executing rule exchange1_pin_Acute
2026-09-18 22:15:31 +0200: Memory Usage (515128K) : Executing rule exchange2_drw_Acute
2026-09-18 22:15:31 +0200: Memory Usage (515128K) : Executing rule exchange2_pin_Acute
2026-09-18 22:15:31 +0200: Memory Usage (515128K) : Executing rule exchange3_drw_Acute
2026-09-18 22:15:31 +0200: Memory Usage (515128K) : Executing rule exchange3_pin_Acute
2026-09-18 22:15:31 +0200: Memory Usage (515128K) : Executing rule exchange4_drw_Acute
2026-09-18 22:15:31 +0200: Memory Usage (515128K) : Executing rule exchange4_pin_Acute
2026-09-18 22:15:31 +0200: Memory Usage (515128K) : Executing rule isonwell_drw_Acute
2026-09-18 22:15:31 +0200: Memory Usage (515128K) : Executing rule thickgateox_drw_Acute
2026-09-18 22:15:31 +0200: Memory Usage (515128K) : Executing rule pempoly_drw_Acute
2026-09-18 22:15:31 +0200: Memory Usage (515128K) : Executing rule fbe_drw_Acute
2026-09-18 22:15:31 +0200: Memory Usage (515128K) : Executing rule empoly_drw_Acute
2026-09-18 22:15:31 +0200: Memory Usage (515128K) : Executing rule ldmos_drw_Acute
2026-09-18 22:15:31 +0200: Memory Usage (515128K) : Executing rule pbiwind_drw_Acute
2026-09-18 22:15:31 +0200: Memory Usage (515128K) : Executing rule colopen_drw_Acute
2026-09-18 22:15:31 +0200: Memory Usage (515128K) : Executing rule extblock_drw_Acute
2026-09-18 22:15:31 +0200: Memory Usage (515128K) : Executing rule nldd_drw_Acute
2026-09-18 22:15:31 +0200: Memory Usage (515128K) : Executing rule pldd_drw_Acute
2026-09-18 22:15:31 +0200: Memory Usage (515128K) : Executing rule next_drw_Acute
2026-09-18 22:15:31 +0200: Memory Usage (515128K) : Executing rule pext_drw_Acute
2026-09-18 22:15:31 +0200: Memory Usage (515128K) : Executing rule nexthv_drw_Acute
2026-09-18 22:15:32 +0200: Memory Usage (515128K) : Executing rule pexthv_drw_Acute
2026-09-18 22:15:32 +0200: Memory Usage (515128K) : Executing rule graphgate_drw_Acute
2026-09-18 22:15:32 +0200: Memory Usage (515128K) : Executing rule mempad_drw_Acute
2026-09-18 22:15:32 +0200: Memory Usage (515128K) : Executing rule topvia1_drw_Acute
2026-09-18 22:15:32 +0200: Memory Usage (515128K) : Executing rule topmetal1_drw_Acute
2026-09-18 22:15:32 +0200: Memory Usage (515128K) : Executing rule topmetal1_pin_Acute
2026-09-18 22:15:32 +0200: Memory Usage (515128K) : Executing rule topmetal1_mask_Acute
2026-09-18 22:15:32 +0200: Memory Usage (515128K) : Executing rule topmetal1_filler_Acute
2026-09-18 22:15:32 +0200: Memory Usage (515128K) : Executing rule topmetal1_nofill_Acute
2026-09-18 22:15:32 +0200: Memory Usage (515128K) : Executing rule topmetal1_slit_Acute
2026-09-18 22:15:32 +0200: Memory Usage (515128K) : Executing rule topmetal1_noqrc_Acute
2026-09-18 22:15:32 +0200: Memory Usage (515128K) : Executing rule topmetal1_res_Acute
2026-09-18 22:15:32 +0200: Memory Usage (515128K) : Executing rule topmetal1_iprobe_Acute
2026-09-18 22:15:32 +0200: Memory Usage (515128K) : Executing rule topmetal1_diffprb_Acute
2026-09-18 22:15:32 +0200: Memory Usage (515128K) : Executing rule inldpwl_drw_Acute
2026-09-18 22:15:32 +0200: Memory Usage (515128K) : Executing rule polyres_drw_Acute
2026-09-18 22:15:32 +0200: Memory Usage (515128K) : Executing rule polyres_pin_Acute
2026-09-18 22:15:32 +0200: Memory Usage (515128K) : Executing rule vmim_drw_Acute
2026-09-18 22:15:32 +0200: Memory Usage (515128K) : Executing rule nbulaycut_drw_Acute
2026-09-18 22:15:32 +0200: Memory Usage (515128K) : Executing rule antmetal1_drw_Acute
2026-09-18 22:15:32 +0200: Memory Usage (515128K) : Executing rule topvia2_drw_Acute
2026-09-18 22:15:32 +0200: Memory Usage (515128K) : Executing rule topmetal2_drw_Acute
2026-09-18 22:15:32 +0200: Memory Usage (515128K) : Executing rule topmetal2_pin_Acute
2026-09-18 22:15:32 +0200: Memory Usage (515128K) : Executing rule topmetal2_mask_Acute
2026-09-18 22:15:32 +0200: Memory Usage (515128K) : Executing rule topmetal2_filler_Acute
2026-09-18 22:15:32 +0200: Memory Usage (515128K) : Executing rule topmetal2_nofill_Acute
2026-09-18 22:15:32 +0200: Memory Usage (515128K) : Executing rule topmetal2_slit_Acute
2026-09-18 22:15:32 +0200: Memory Usage (515128K) : Executing rule topmetal2_noqrc_Acute
2026-09-18 22:15:32 +0200: Memory Usage (515128K) : Executing rule topmetal2_res_Acute
2026-09-18 22:15:32 +0200: Memory Usage (515128K) : Executing rule topmetal2_iprobe_Acute
2026-09-18 22:15:32 +0200: Memory Usage (515128K) : Executing rule topmetal2_diffprb_Acute
2026-09-18 22:15:32 +0200: Memory Usage (515128K) : Executing rule snsring_drw_Acute
2026-09-18 22:15:32 +0200: Memory Usage (515128K) : Executing rule sensor_drw_Acute
2026-09-18 22:15:32 +0200: Memory Usage (515128K) : Executing rule snsarms_drw_Acute
2026-09-18 22:15:32 +0200: Memory Usage (515128K) : Executing rule snscmosvia_drw_Acute
2026-09-18 22:15:32 +0200: Memory Usage (515128K) : Executing rule colwind_drw_Acute
2026-09-18 22:15:32 +0200: Memory Usage (515128K) : Executing rule flm_drw_Acute
2026-09-18 22:15:32 +0200: Memory Usage (515128K) : Executing rule hafniumox_drw_Acute
2026-09-18 22:15:32 +0200: Memory Usage (515128K) : Executing rule memvia_drw_Acute
2026-09-18 22:15:32 +0200: Memory Usage (515128K) : Executing rule thinfilmres_drw_Acute
2026-09-18 22:15:32 +0200: Memory Usage (515128K) : Executing rule rfmem_drw_Acute
2026-09-18 22:15:32 +0200: Memory Usage (515128K) : Executing rule snsbotvia_drw_Acute
2026-09-18 22:15:32 +0200: Memory Usage (515128K) : Executing rule snstopvia_drw_Acute
2026-09-18 22:15:32 +0200: Memory Usage (515128K) : Executing rule deepvia_drw_Acute
2026-09-18 22:15:32 +0200: Memory Usage (515128K) : Executing rule fgetch_drw_Acute
2026-09-18 22:15:32 +0200: Memory Usage (515128K) : Executing rule ctrgat_drw_Acute
2026-09-18 22:15:32 +0200: Memory Usage (515128K) : Executing rule fgimp_drw_Acute
2026-09-18 22:15:32 +0200: Memory Usage (515128K) : Executing rule emwihv_drw_Acute
2026-09-18 22:15:32 +0200: Memory Usage (515128K) : Executing rule lbe_drw_Acute
2026-09-18 22:15:32 +0200: Memory Usage (515128K) : Executing rule alcustop_drw_Acute
2026-09-18 22:15:32 +0200: Memory Usage (515128K) : Executing rule cont_drw_Angle90
2026-09-18 22:15:32 +0200: Memory Usage (515512K) : Executing rule via1_drw_Angle90
2026-09-18 22:15:32 +0200: Memory Usage (515512K) : Executing rule via2_drw_Angle90
2026-09-18 22:15:32 +0200: Memory Usage (515512K) : Executing rule via3_drw_Angle90
2026-09-18 22:15:32 +0200: Memory Usage (515380K) : Executing rule via4_drw_Angle90
2026-09-18 22:15:32 +0200: Memory Usage (515380K) : Executing rule vmim_drw_Angle90
2026-09-18 22:15:32 +0200: Memory Usage (515380K) : Executing rule topvia1_drw_Angle90
2026-09-18 22:15:32 +0200: Memory Usage (515380K) : Executing rule topvia2_drw_Angle90
2026-09-18 22:15:32 +0200: Memory Usage (515380K) : Executing rule gatpoly_drw_Angle45
2026-09-18 22:15:32 +0200: Memory Usage (515380K) : Executing rule activ_drw_Angle45
2026-09-18 22:15:32 +0200: Memory Usage (515380K) : Executing rule metal1_drw_Angle45
2026-09-18 22:15:32 +0200: Memory Usage (516532K) : Executing rule metal2_drw_Angle45
2026-09-18 22:15:33 +0200: Memory Usage (520884K) : Executing rule metal3_drw_Angle45
2026-09-18 22:15:33 +0200: Memory Usage (521268K) : Executing rule metal4_drw_Angle45
2026-09-18 22:15:33 +0200: Memory Usage (521268K) : Executing rule metal5_drw_Angle45
2026-09-18 22:15:33 +0200: Memory Usage (521268K) : Executing rule topmetal1_drw_Angle45
2026-09-18 22:15:33 +0200: Memory Usage (521268K) : Executing rule topmetal2_drw_Angle45
2026-09-18 22:15:33 +0200: Memory Usage (521268K) : Starting 3.2. FORBIDDEN table
2026-09-18 22:15:33 +0200: Memory Usage (521268K) : Executing rule forbidden.biwind
2026-09-18 22:15:33 +0200: Memory Usage (521268K) : Executing rule forbidden.pemwind
2026-09-18 22:15:33 +0200: Memory Usage (521268K) : Executing rule forbidden.baspoly
2026-09-18 22:15:33 +0200: Memory Usage (521268K) : Executing rule forbidden.deepco
2026-09-18 22:15:33 +0200: Memory Usage (521268K) : Executing rule forbidden.pempoly
2026-09-18 22:15:33 +0200: Memory Usage (521268K) : Executing rule forbidden.empoly
2026-09-18 22:15:33 +0200: Memory Usage (521268K) : Executing rule forbidden.ldmos
2026-09-18 22:15:33 +0200: Memory Usage (521268K) : Executing rule forbidden.pbiwind
2026-09-18 22:15:33 +0200: Memory Usage (521268K) : Executing rule forbidden.nodrc
2026-09-18 22:15:33 +0200: Memory Usage (521268K) : Executing rule forbidden.flash
2026-09-18 22:15:33 +0200: Memory Usage (521268K) : Executing rule forbidden.colwind
2026-09-18 22:15:33 +0200: Memory Usage (521268K) : KLayout DRC run for tables 'main' completed in 6.65 seconds
