
===========================================================================
report_checks -unconstrained
===========================================================================
======================= nom_typ_1p20V_25C Corner ===================================

Startpoint: _305_ (rising edge-triggered flip-flop clocked by clk)
Endpoint: sine_out[1] (output port clocked by clk)
Path Group: clk
Path Type: max

Fanout         Cap        Slew       Delay        Time   Description
---------------------------------------------------------------------------------------------
                                  0.000000    0.000000   clock clk (rise edge)
                                  0.000000    0.000000   clock source latency
     1    0.022027    0.000000    0.000000    0.000000 ^ clk (in)
                                                         clk (net)
                      0.003409    0.001704    0.001704 ^ clkbuf_0_clk/A (sg13g2_buf_16)
     2    0.038149    0.022228    0.055134    0.056838 ^ clkbuf_0_clk/X (sg13g2_buf_16)
                                                         clknet_0_clk (net)
                      0.022491    0.003049    0.059887 ^ clkbuf_1_1__f_clk/A (sg13g2_buf_16)
     5    0.020199    0.019149    0.061465    0.121352 ^ clkbuf_1_1__f_clk/X (sg13g2_buf_16)
                                                         clknet_1_1__leaf_clk (net)
                      0.019176    0.001336    0.122688 ^ _305_/CLK (sg13g2_dfrbpq_1)
     3    0.018856    0.065704    0.197123    0.319811 v _305_/Q (sg13g2_dfrbpq_1)
                                                         DPATH.SUM.fa_1.A (net)
                      0.065717    0.000936    0.320747 v fanout38/A (sg13g2_buf_1)
     8    0.045799    0.147065    0.175538    0.496285 v fanout38/X (sg13g2_buf_1)
                                                         net38 (net)
                      0.147193    0.003621    0.499906 v fanout37/A (sg13g2_buf_1)
     8    0.030459    0.100786    0.170632    0.670538 v fanout37/X (sg13g2_buf_1)
                                                         net37 (net)
                      0.100827    0.001895    0.672434 v _154_/B (sg13g2_nor2_1)
     4    0.019949    0.184836    0.181704    0.854138 ^ _154_/Y (sg13g2_nor2_1)
                                                         _112_ (net)
                      0.184845    0.001085    0.855223 ^ _211_/B (sg13g2_nand2_1)
     3    0.010501    0.090216    0.127893    0.983116 v _211_/Y (sg13g2_nand2_1)
                                                         _024_ (net)
                      0.090216    0.000398    0.983514 v _214_/B (sg13g2_and3_1)
     3    0.012465    0.049865    0.128865    1.112379 v _214_/X (sg13g2_and3_1)
                                                         _027_ (net)
                      0.049901    0.001223    1.113603 v _249_/A2 (sg13g2_a221oi_1)
     1    0.004034    0.119386    0.157847    1.271449 ^ _249_/Y (sg13g2_a221oi_1)
                                                         _061_ (net)
                      0.119386    0.000161    1.271610 ^ _250_/B (sg13g2_nor2_1)
     1    0.004064    0.040723    0.057856    1.329467 v _250_/Y (sg13g2_nor2_1)
                                                         _062_ (net)
                      0.040724    0.000288    1.329755 v _256_/B (sg13g2_nor4_1)
     1    0.006858    0.171362    0.187888    1.517643 ^ _256_/Y (sg13g2_nor4_1)
                                                         _068_ (net)
                      0.171362    0.000242    1.517886 ^ _267_/B1 (sg13g2_a21oi_1)
     1    0.005600    0.062168    0.075384    1.593270 v _267_/Y (sg13g2_a21oi_1)
                                                         net13 (net)
                      0.062168    0.000398    1.593668 v output13/A (sg13g2_buf_1)
     1    0.012715    0.048725    0.099885    1.693553 v output13/X (sg13g2_buf_1)
                                                         sine_out[1] (net)
                      0.048733    0.000628    1.694181 v sine_out[1] (out)
                                              1.694181   data arrival time

                                  5.000000    5.000000   clock clk (rise edge)
                                  0.000000    5.000000   clock network delay (propagated)
                                 -0.150000    4.850000   clock uncertainty
                                  0.000000    4.850000   clock reconvergence pessimism
                                 -1.000000    3.850000   output external delay
                                              3.850000   data required time
---------------------------------------------------------------------------------------------
                                              3.850000   data required time
                                             -1.694181   data arrival time
---------------------------------------------------------------------------------------------
                                              2.155819   slack (MET)




===========================================================================
report_checks --slack_max -0.01
============================================================================
======================= nom_typ_1p20V_25C Corner ===================================

No paths found.


===========================================================================
 report_check_types -max_slew -max_cap -max_fanout -violators
============================================================================
======================= nom_typ_1p20V_25C Corner ===================================



===========================================================================
report_parasitic_annotation -report_unannotated
============================================================================
Found 1 unannotated drivers.
 clkload0/Y
Found 0 partially unannotated drivers.

===========================================================================
max slew violation count 0
max fanout violation count 0
max cap violation count 0
============================================================================

===========================================================================
check_setup -verbose -unconstrained_endpoints -multiple_clock -no_clock -no_input_delay -loops -generated_clocks
===========================================================================
