Clock: clk
Sources: clk 
Generated: no
Virtual: yes
Propagated: no
Period: 5.000000

===========================================================================
report_clock_properties
============================================================================
Clock                   Period          Waveform
----------------------------------------------------
clk                   5.000000    0.000000  2.500000

===========================================================================
report_clock_latency
============================================================================
Clock clk
rise -> rise
    min     max
0.000000 0.000000 source latency
0.122688         network latency _305_/CLK
        0.123996 network latency _308_/CLK
---------------
0.122688 0.123996 latency
        0.001308 skew

fall -> fall
    min     max
0.000000 0.000000 source latency
0.135239         network latency _305_/CLK
        0.136383 network latency _308_/CLK
---------------
0.135239 0.136383 latency
        0.001144 skew



===========================================================================
report_clock_min_period
============================================================================
clk period_min = 1.90 fmax = 525.16
