Clock: clk
Sources: clk 
Generated: no
Virtual: yes
Propagated: no
Period: 5.000000

===========================================================================
report_clock_properties
============================================================================
Clock                   Period          Waveform
----------------------------------------------------
clk                   5.000000    0.000000  2.500000

===========================================================================
report_clock_latency
============================================================================
Clock clk
rise -> rise
    min     max
0.000000 0.000000 source latency
0.115296         network latency _290_/CLK
        0.118294 network latency _293_/CLK
---------------
0.115296 0.118294 latency
        0.002997 skew

fall -> fall
    min     max
0.000000 0.000000 source latency
0.128413         network latency _290_/CLK
        0.131025 network latency _293_/CLK
---------------
0.128413 0.131025 latency
        0.002612 skew



===========================================================================
report_clock_min_period
============================================================================
clk period_min = 1.81 fmax = 552.18
