
===========================================================================
report_checks -unconstrained
===========================================================================
======================= nom_slow_1p08V_125C Corner ===================================

Startpoint: _290_ (rising edge-triggered flip-flop clocked by clk)
Endpoint: DATA[0] (output port clocked by clk)
Path Group: clk
Path Type: max

Fanout         Cap        Slew       Delay        Time   Description
---------------------------------------------------------------------------------------------
                                  0.000000    0.000000   clock clk (rise edge)
                                  0.000000    0.000000   clock source latency
     1    0.019988    0.000000    0.000000    0.000000 ^ clk (in)
                                                         clk (net)
                      0.002916    0.001458    0.001458 ^ clkbuf_0_clk/A (sg13g2_buf_16)
     2    0.038337    0.035134    0.085122    0.086580 ^ clkbuf_0_clk/X (sg13g2_buf_16)
                                                         clknet_0_clk (net)
                      0.035156    0.001589    0.088168 ^ clkbuf_1_0__f_clk/A (sg13g2_buf_16)
     5    0.019457    0.029658    0.098058    0.186227 ^ clkbuf_1_0__f_clk/X (sg13g2_buf_16)
                                                         clknet_1_0__leaf_clk (net)
                      0.029659    0.000392    0.186619 ^ _290_/CLK (sg13g2_dfrbpq_1)
     4    0.020867    0.142717    0.337360    0.523979 ^ _290_/Q (sg13g2_dfrbpq_1)
                                                         DPATH.SUM.fa_2.A (net)
                      0.142733    0.001567    0.525546 ^ fanout37/A (sg13g2_buf_1)
     8    0.038728    0.252591    0.300464    0.826010 ^ fanout37/X (sg13g2_buf_1)
                                                         net37 (net)
                      0.252608    0.001727    0.827738 ^ fanout36/A (sg13g2_buf_1)
     8    0.043155    0.279678    0.355440    1.183178 ^ fanout36/X (sg13g2_buf_1)
                                                         net36 (net)
                      0.279814    0.005111    1.188289 ^ _164_/B (sg13g2_and2_1)
     5    0.021075    0.150740    0.306431    1.494720 ^ _164_/X (sg13g2_and2_1)
                                                         _113_ (net)
                      0.150745    0.001023    1.495742 ^ _180_/A2 (sg13g2_a21oi_1)
     4    0.021510    0.267548    0.274022    1.769764 v _180_/Y (sg13g2_a21oi_1)
                                                         _128_ (net)
                      0.267558    0.001768    1.771533 v _181_/B (sg13g2_and2_1)
     2    0.011411    0.077721    0.240304    2.011836 v _181_/X (sg13g2_and2_1)
                                                         _129_ (net)
                      0.077724    0.000586    2.012422 v _182_/B1 (sg13g2_o21ai_1)
     1    0.003807    0.128754    0.075399    2.087821 ^ _182_/Y (sg13g2_o21ai_1)
                                                         _009_ (net)
                      0.128754    0.000151    2.087971 ^ _183_/A2 (sg13g2_a21oi_1)
     1    0.004848    0.085509    0.141151    2.229122 v _183_/Y (sg13g2_a21oi_1)
                                                         _010_ (net)
                      0.085509    0.000360    2.229483 v _198_/B (sg13g2_nor4_1)
     1    0.005052    0.227449    0.269782    2.499264 ^ _198_/Y (sg13g2_nor4_1)
                                                         _025_ (net)
                      0.227449    0.000206    2.499470 ^ _216_/A2 (sg13g2_a22oi_1)
     1    0.008734    0.138403    0.216055    2.715525 v _216_/Y (sg13g2_a22oi_1)
                                                         net2 (net)
                      0.138404    0.000675    2.716200 v output2/A (sg13g2_buf_1)
     1    0.012257    0.077941    0.178808    2.895009 v output2/X (sg13g2_buf_1)
                                                         DATA[0] (net)
                      0.077945    0.000632    2.895640 v DATA[0] (out)
                                              2.895640   data arrival time

                                  5.000000    5.000000   clock clk (rise edge)
                                  0.000000    5.000000   clock network delay (propagated)
                                 -0.150000    4.850000   clock uncertainty
                                  0.000000    4.850000   clock reconvergence pessimism
                                 -1.000000    3.850000   output external delay
                                              3.850000   data required time
---------------------------------------------------------------------------------------------
                                              3.850000   data required time
                                             -2.895640   data arrival time
---------------------------------------------------------------------------------------------
                                              0.954360   slack (MET)




===========================================================================
report_checks --slack_max -0.01
============================================================================
======================= nom_slow_1p08V_125C Corner ===================================

No paths found.


===========================================================================
 report_check_types -max_slew -max_cap -max_fanout -violators
============================================================================
======================= nom_slow_1p08V_125C Corner ===================================



===========================================================================
report_parasitic_annotation -report_unannotated
============================================================================
Found 1 unannotated drivers.
 clkload0/Y
Found 0 partially unannotated drivers.

===========================================================================
max slew violation count 0
max fanout violation count 0
max cap violation count 0
============================================================================

===========================================================================
check_setup -verbose -unconstrained_endpoints -multiple_clock -no_clock -no_input_delay -loops -generated_clocks
===========================================================================
Warning: There is 1 input port missing set_input_delay.
  rst
