
===========================================================================
report_checks -unconstrained
===========================================================================
======================= nom_slow_1p08V_125C Corner ===================================

Startpoint: _290_ (rising edge-triggered flip-flop clocked by clk)
Endpoint: sine_out[0] (output port clocked by clk)
Path Group: clk
Path Type: max

Fanout         Cap        Slew       Delay        Time   Description
---------------------------------------------------------------------------------------------
                                  0.000000    0.000000   clock clk (rise edge)
                                  0.000000    0.000000   clock source latency
     1    0.020302    0.000000    0.000000    0.000000 ^ clk (in)
                                                         clk (net)
                      0.000919    0.000459    0.000459 ^ clkbuf_0_clk/A (sg13g2_buf_16)
     2    0.037895    0.034919    0.083950    0.084410 ^ clkbuf_0_clk/X (sg13g2_buf_16)
                                                         clknet_0_clk (net)
                      0.034940    0.001575    0.085985 ^ clkbuf_1_0__f_clk/A (sg13g2_buf_16)
     5    0.019526    0.029675    0.097958    0.183943 ^ clkbuf_1_0__f_clk/X (sg13g2_buf_16)
                                                         clknet_1_0__leaf_clk (net)
                      0.029676    0.000394    0.184337 ^ _290_/CLK (sg13g2_dfrbpq_1)
     4    0.021958    0.148825    0.341962    0.526298 ^ _290_/Q (sg13g2_dfrbpq_1)
                                                         DPATH.SUM.fa_2.A (net)
                      0.148852    0.001982    0.528280 ^ fanout37/A (sg13g2_buf_1)
     8    0.040846    0.265580    0.312937    0.841217 ^ fanout37/X (sg13g2_buf_1)
                                                         net37 (net)
                      0.265583    0.000798    0.842015 ^ fanout36/A (sg13g2_buf_1)
     8    0.044540    0.289121    0.366169    1.208184 ^ fanout36/X (sg13g2_buf_1)
                                                         net36 (net)
                      0.289250    0.003012    1.211197 ^ _164_/B (sg13g2_and2_1)
     5    0.020922    0.149966    0.308658    1.519855 ^ _164_/X (sg13g2_and2_1)
                                                         _113_ (net)
                      0.149971    0.001015    1.520870 ^ _180_/A2 (sg13g2_a21oi_1)
     4    0.021208    0.262013    0.271428    1.792298 v _180_/Y (sg13g2_a21oi_1)
                                                         _128_ (net)
                      0.262022    0.001727    1.794024 v _181_/B (sg13g2_and2_1)
     2    0.012556    0.083152    0.243143    2.037168 v _181_/X (sg13g2_and2_1)
                                                         _129_ (net)
                      0.083159    0.000834    2.038001 v _182_/B1 (sg13g2_o21ai_1)
     1    0.003808    0.128314    0.077648    2.115649 ^ _182_/Y (sg13g2_o21ai_1)
                                                         _009_ (net)
                      0.128315    0.000151    2.115800 ^ _183_/A2 (sg13g2_a21oi_1)
     1    0.005011    0.086752    0.142194    2.257994 v _183_/Y (sg13g2_a21oi_1)
                                                         _010_ (net)
                      0.086753    0.000355    2.258349 v _198_/B (sg13g2_nor4_1)
     1    0.004990    0.226001    0.269075    2.527424 ^ _198_/Y (sg13g2_nor4_1)
                                                         _025_ (net)
                      0.226001    0.000201    2.527624 ^ _216_/A2 (sg13g2_a22oi_1)
     1    0.008071    0.132832    0.210282    2.737906 v _216_/Y (sg13g2_a22oi_1)
                                                         net4 (net)
                      0.132834    0.000604    2.738510 v output4/A (sg13g2_buf_1)
     1    0.012257    0.077792    0.176625    2.915135 v output4/X (sg13g2_buf_1)
                                                         sine_out[0] (net)
                      0.077796    0.000632    2.915767 v sine_out[0] (out)
                                              2.915767   data arrival time

                                  5.000000    5.000000   clock clk (rise edge)
                                  0.000000    5.000000   clock network delay (propagated)
                                 -0.150000    4.850000   clock uncertainty
                                  0.000000    4.850000   clock reconvergence pessimism
                                 -1.000000    3.850000   output external delay
                                              3.850000   data required time
---------------------------------------------------------------------------------------------
                                              3.850000   data required time
                                             -2.915767   data arrival time
---------------------------------------------------------------------------------------------
                                              0.934233   slack (MET)




===========================================================================
report_checks --slack_max -0.01
============================================================================
======================= nom_slow_1p08V_125C Corner ===================================

No paths found.


===========================================================================
 report_check_types -max_slew -max_cap -max_fanout -violators
============================================================================
======================= nom_slow_1p08V_125C Corner ===================================



===========================================================================
report_parasitic_annotation -report_unannotated
============================================================================
Found 1 unannotated drivers.
 clkload0/Y
Found 0 partially unannotated drivers.

===========================================================================
max slew violation count 0
max fanout violation count 0
max cap violation count 0
============================================================================

===========================================================================
check_setup -verbose -unconstrained_endpoints -multiple_clock -no_clock -no_input_delay -loops -generated_clocks
===========================================================================
Warning: There is 1 input port missing set_input_delay.
  rst
