Clock: clk
Sources: clk 
Generated: no
Virtual: yes
Propagated: no
Period: 5.000000

===========================================================================
report_clock_properties
============================================================================
Clock                   Period          Waveform
----------------------------------------------------
clk                   5.000000    0.000000  2.500000

===========================================================================
report_clock_latency
============================================================================
Clock clk
rise -> rise
    min     max
0.000000 0.000000 source latency
0.180907         network latency _289_/CLK
        0.186539 network latency _293_/CLK
---------------
0.180907 0.186539 latency
        0.005633 skew

fall -> fall
    min     max
0.000000 0.000000 source latency
0.198650         network latency _289_/CLK
        0.203758 network latency _293_/CLK
---------------
0.198650 0.203758 latency
        0.005108 skew



===========================================================================
report_clock_min_period
============================================================================
clk period_min = 2.92 fmax = 342.27
