
===========================================================================
report_checks -path_delay min (Hold)
============================================================================
======================= nom_slow_1p08V_125C Corner ===================================

Startpoint: _294_ (rising edge-triggered flip-flop clocked by clk)
Endpoint: sine_out[17] (output port clocked by clk)
Path Group: clk
Path Type: min

Fanout         Cap        Slew       Delay        Time   Description
---------------------------------------------------------------------------------------------
                                  0.000000    0.000000   clock clk (rise edge)
                                  0.000000    0.000000   clock source latency
     1    0.017978    0.000000    0.000000    0.000000 ^ clk (in)
                                                         clk (net)
                      0.000800    0.000400    0.000400 ^ clkbuf_0_clk/A (sg13g2_buf_16)
     2    0.033249    0.033307    0.082549    0.082949 ^ clkbuf_0_clk/X (sg13g2_buf_16)
                                                         clknet_0_clk (net)
                      0.033321    0.001444    0.084394 ^ clkbuf_1_1__f_clk/A (sg13g2_buf_16)
     5    0.021416    0.030286    0.097551    0.181944 ^ clkbuf_1_1__f_clk/X (sg13g2_buf_16)
                                                         clknet_1_1__leaf_clk (net)
                      0.030295    0.001037    0.182981 ^ _294_/CLK (sg13g2_dfrbpq_1)
     3    0.013881    0.083494    0.298693    0.481674 v _294_/Q (sg13g2_dfrbpq_1)
                                                         DPATH.SUM.fa_6.A (net)
                      0.083499    0.000721    0.482395 v _277_/B (sg13g2_nand3_1)
     1    0.002331    0.049806    0.076978    0.559373 ^ _277_/Y (sg13g2_nand3_1)
                                                         net12 (net)
                      0.049806    0.000177    0.559550 ^ output12/A (sg13g2_buf_1)
     1    0.011342    0.084747    0.137781    0.697332 ^ output12/X (sg13g2_buf_1)
                                                         sine_out[17] (net)
                      0.084748    0.000492    0.697823 ^ sine_out[17] (out)
                                              0.697823   data arrival time

                                  0.000000    0.000000   clock clk (rise edge)
                                  0.000000    0.000000   clock network delay (propagated)
                                  0.150000    0.150000   clock uncertainty
                                  0.000000    0.150000   clock reconvergence pessimism
                                  0.000000    0.150000   output external delay
                                              0.150000   data required time
---------------------------------------------------------------------------------------------
                                              0.150000   data required time
                                             -0.697823   data arrival time
---------------------------------------------------------------------------------------------
                                              0.547823   slack (MET)


Startpoint: _288_ (rising edge-triggered flip-flop clocked by clk)
Endpoint: _289_ (rising edge-triggered flip-flop clocked by clk)
Path Group: clk
Path Type: min

Fanout         Cap        Slew       Delay        Time   Description
---------------------------------------------------------------------------------------------
                                  0.000000    0.000000   clock clk (rise edge)
                                  0.000000    0.000000   clock source latency
     1    0.017978    0.000000    0.000000    0.000000 ^ clk (in)
                                                         clk (net)
                      0.000800    0.000400    0.000400 ^ clkbuf_0_clk/A (sg13g2_buf_16)
     2    0.033249    0.033307    0.082549    0.082949 ^ clkbuf_0_clk/X (sg13g2_buf_16)
                                                         clknet_0_clk (net)
                      0.033320    0.001375    0.084324 ^ clkbuf_1_0__f_clk/A (sg13g2_buf_16)
     5    0.017591    0.028930    0.096455    0.180779 ^ clkbuf_1_0__f_clk/X (sg13g2_buf_16)
                                                         clknet_1_0__leaf_clk (net)
                      0.028931    0.000379    0.181158 ^ _288_/CLK (sg13g2_dfrbpq_1)
     1    0.003548    0.034224    0.256783    0.437942 v _288_/Q (sg13g2_dfrbpq_1)
                                                         DPATH.SUM.Cout0 (net)
                      0.034466    0.000243    0.438185 v fanout41/A (sg13g2_buf_1)
     8    0.039412    0.209798    0.233921    0.672106 v fanout41/X (sg13g2_buf_1)
                                                         net41 (net)
                      0.209804    0.000918    0.673025 v _279_/A (sg13g2_xnor2_1)
     1    0.002228    0.048224    0.154837    0.827862 v _279_/Y (sg13g2_xnor2_1)
                                                         DPATH.SUM.fa_1.S (net)
                      0.048224    0.000141    0.828003 v _289_/D (sg13g2_dfrbpq_1)
                                              0.828003   data arrival time

                                  0.000000    0.000000   clock clk (rise edge)
                                  0.000000    0.000000   clock source latency
     1    0.020302    0.000000    0.000000    0.000000 ^ clk (in)
                                                         clk (net)
                      0.000919    0.000459    0.000459 ^ clkbuf_0_clk/A (sg13g2_buf_16)
     2    0.037895    0.034919    0.083950    0.084410 ^ clkbuf_0_clk/X (sg13g2_buf_16)
                                                         clknet_0_clk (net)
                      0.034940    0.001575    0.085985 ^ clkbuf_1_0__f_clk/A (sg13g2_buf_16)
     5    0.019526    0.029675    0.097958    0.183943 ^ clkbuf_1_0__f_clk/X (sg13g2_buf_16)
                                                         clknet_1_0__leaf_clk (net)
                      0.029675    0.000144    0.184086 ^ _289_/CLK (sg13g2_dfrbpq_1)
                                  0.150000    0.334086   clock uncertainty
                                 -0.003163    0.330923   clock reconvergence pessimism
                                 -0.057641    0.273282   library hold time
                                              0.273282   data required time
---------------------------------------------------------------------------------------------
                                              0.273282   data required time
                                             -0.828003   data arrival time
---------------------------------------------------------------------------------------------
                                              0.554721   slack (MET)


Startpoint: _295_ (rising edge-triggered flip-flop clocked by clk)
Endpoint: sign (output port clocked by clk)
Path Group: clk
Path Type: min

Fanout         Cap        Slew       Delay        Time   Description
---------------------------------------------------------------------------------------------
                                  0.000000    0.000000   clock clk (rise edge)
                                  0.000000    0.000000   clock source latency
     1    0.017978    0.000000    0.000000    0.000000 ^ clk (in)
                                                         clk (net)
                      0.000800    0.000400    0.000400 ^ clkbuf_0_clk/A (sg13g2_buf_16)
     2    0.033249    0.033307    0.082549    0.082949 ^ clkbuf_0_clk/X (sg13g2_buf_16)
                                                         clknet_0_clk (net)
                      0.033321    0.001444    0.084394 ^ clkbuf_1_1__f_clk/A (sg13g2_buf_16)
     5    0.021416    0.030286    0.097551    0.181944 ^ clkbuf_1_1__f_clk/X (sg13g2_buf_16)
                                                         clknet_1_1__leaf_clk (net)
                      0.030295    0.001059    0.183003 ^ _295_/CLK (sg13g2_dfrbpq_1)
     3    0.014388    0.086006    0.300685    0.483689 v _295_/Q (sg13g2_dfrbpq_1)
                                                         net2 (net)
                      0.086012    0.000772    0.484461 v output2/A (sg13g2_buf_1)
     1    0.034250    0.184397    0.240908    0.725369 v output2/X (sg13g2_buf_1)
                                                         sign (net)
                      0.184524    0.003117    0.728486 v sign (out)
                                              0.728486   data arrival time

                                  0.000000    0.000000   clock clk (rise edge)
                                  0.000000    0.000000   clock network delay (propagated)
                                  0.150000    0.150000   clock uncertainty
                                  0.000000    0.150000   clock reconvergence pessimism
                                  0.000000    0.150000   output external delay
                                              0.150000   data required time
---------------------------------------------------------------------------------------------
                                              0.150000   data required time
                                             -0.728486   data arrival time
---------------------------------------------------------------------------------------------
                                              0.578486   slack (MET)


Startpoint: _295_ (rising edge-triggered flip-flop clocked by clk)
Endpoint: signB (output port clocked by clk)
Path Group: clk
Path Type: min

Fanout         Cap        Slew       Delay        Time   Description
---------------------------------------------------------------------------------------------
                                  0.000000    0.000000   clock clk (rise edge)
                                  0.000000    0.000000   clock source latency
     1    0.017978    0.000000    0.000000    0.000000 ^ clk (in)
                                                         clk (net)
                      0.000800    0.000400    0.000400 ^ clkbuf_0_clk/A (sg13g2_buf_16)
     2    0.033249    0.033307    0.082549    0.082949 ^ clkbuf_0_clk/X (sg13g2_buf_16)
                                                         clknet_0_clk (net)
                      0.033321    0.001444    0.084394 ^ clkbuf_1_1__f_clk/A (sg13g2_buf_16)
     5    0.021416    0.030286    0.097551    0.181944 ^ clkbuf_1_1__f_clk/X (sg13g2_buf_16)
                                                         clknet_1_1__leaf_clk (net)
                      0.030295    0.001059    0.183003 ^ _295_/CLK (sg13g2_dfrbpq_1)
     3    0.014397    0.103641    0.308987    0.491991 ^ _295_/Q (sg13g2_dfrbpq_1)
                                                         net2 (net)
                      0.103648    0.000939    0.492930 ^ _133_/A (sg13g2_inv_1)
     1    0.004613    0.047354    0.073890    0.566820 v _133_/Y (sg13g2_inv_1)
                                                         net3 (net)
                      0.047360    0.000274    0.567094 v output3/A (sg13g2_buf_1)
     1    0.035716    0.191673    0.226229    0.793323 v output3/X (sg13g2_buf_1)
                                                         signB (net)
                      0.191831    0.003727    0.797050 v signB (out)
                                              0.797050   data arrival time

                                  0.000000    0.000000   clock clk (rise edge)
                                  0.000000    0.000000   clock network delay (propagated)
                                  0.150000    0.150000   clock uncertainty
                                  0.000000    0.150000   clock reconvergence pessimism
                                  0.000000    0.150000   output external delay
                                              0.150000   data required time
---------------------------------------------------------------------------------------------
                                              0.150000   data required time
                                             -0.797050   data arrival time
---------------------------------------------------------------------------------------------
                                              0.647050   slack (MET)


Startpoint: _296_ (rising edge-triggered flip-flop clocked by clk)
Endpoint: _295_ (rising edge-triggered flip-flop clocked by clk)
Path Group: clk
Path Type: min

Fanout         Cap        Slew       Delay        Time   Description
---------------------------------------------------------------------------------------------
                                  0.000000    0.000000   clock clk (rise edge)
                                  0.000000    0.000000   clock source latency
     1    0.017978    0.000000    0.000000    0.000000 ^ clk (in)
                                                         clk (net)
                      0.000800    0.000400    0.000400 ^ clkbuf_0_clk/A (sg13g2_buf_16)
     2    0.033249    0.033307    0.082549    0.082949 ^ clkbuf_0_clk/X (sg13g2_buf_16)
                                                         clknet_0_clk (net)
                      0.033321    0.001444    0.084394 ^ clkbuf_1_1__f_clk/A (sg13g2_buf_16)
     5    0.021416    0.030286    0.097551    0.181944 ^ clkbuf_1_1__f_clk/X (sg13g2_buf_16)
                                                         clknet_1_1__leaf_clk (net)
                      0.030294    0.000990    0.182935 ^ _296_/CLK (sg13g2_dfrbpq_1)
     2    0.010933    0.069050    0.286905    0.469840 v _296_/Q (sg13g2_dfrbpq_1)
                                                         CTRL.S0 (net)
                      0.069055    0.000643    0.470482 v fanout24/A (sg13g2_buf_1)
     5    0.025568    0.140144    0.200059    0.670541 v fanout24/X (sg13g2_buf_1)
                                                         net24 (net)
                      0.140221    0.001665    0.672205 v _162_/A (sg13g2_nand4_1)
     2    0.012379    0.108649    0.145914    0.818120 ^ _162_/Y (sg13g2_nand4_1)
                                                         _112_ (net)
                      0.108685    0.000450    0.818569 ^ _163_/B (sg13g2_xnor2_1)
     1    0.002326    0.048811    0.109678    0.928247 v _163_/Y (sg13g2_xnor2_1)
                                                         CTRL.P1 (net)
                      0.048811    0.000137    0.928384 v _295_/D (sg13g2_dfrbpq_1)
                                              0.928384   data arrival time

                                  0.000000    0.000000   clock clk (rise edge)
                                  0.000000    0.000000   clock source latency
     1    0.020302    0.000000    0.000000    0.000000 ^ clk (in)
                                                         clk (net)
                      0.000919    0.000459    0.000459 ^ clkbuf_0_clk/A (sg13g2_buf_16)
     2    0.037895    0.034919    0.083950    0.084410 ^ clkbuf_0_clk/X (sg13g2_buf_16)
                                                         clknet_0_clk (net)
                      0.034942    0.001650    0.086060 ^ clkbuf_1_1__f_clk/A (sg13g2_buf_16)
     5    0.023597    0.031111    0.099112    0.185172 ^ clkbuf_1_1__f_clk/X (sg13g2_buf_16)
                                                         clknet_1_1__leaf_clk (net)
                      0.031122    0.001172    0.186344 ^ _295_/CLK (sg13g2_dfrbpq_1)
                                  0.150000    0.336344   clock uncertainty
                                 -0.003228    0.333116   clock reconvergence pessimism
                                 -0.057461    0.275655   library hold time
                                              0.275655   data required time
---------------------------------------------------------------------------------------------
                                              0.275655   data required time
                                             -0.928384   data arrival time
---------------------------------------------------------------------------------------------
                                              0.652729   slack (MET)


Startpoint: _296_ (rising edge-triggered flip-flop clocked by clk)
Endpoint: _294_ (rising edge-triggered flip-flop clocked by clk)
Path Group: clk
Path Type: min

Fanout         Cap        Slew       Delay        Time   Description
---------------------------------------------------------------------------------------------
                                  0.000000    0.000000   clock clk (rise edge)
                                  0.000000    0.000000   clock source latency
     1    0.017978    0.000000    0.000000    0.000000 ^ clk (in)
                                                         clk (net)
                      0.000800    0.000400    0.000400 ^ clkbuf_0_clk/A (sg13g2_buf_16)
     2    0.033249    0.033307    0.082549    0.082949 ^ clkbuf_0_clk/X (sg13g2_buf_16)
                                                         clknet_0_clk (net)
                      0.033321    0.001444    0.084394 ^ clkbuf_1_1__f_clk/A (sg13g2_buf_16)
     5    0.021416    0.030286    0.097551    0.181944 ^ clkbuf_1_1__f_clk/X (sg13g2_buf_16)
                                                         clknet_1_1__leaf_clk (net)
                      0.030294    0.000990    0.182935 ^ _296_/CLK (sg13g2_dfrbpq_1)
     2    0.010933    0.069050    0.286905    0.469840 v _296_/Q (sg13g2_dfrbpq_1)
                                                         CTRL.S0 (net)
                      0.069055    0.000643    0.470482 v fanout24/A (sg13g2_buf_1)
     5    0.025568    0.140144    0.200059    0.670541 v fanout24/X (sg13g2_buf_1)
                                                         net24 (net)
                      0.140312    0.003387    0.673927 v _153_/A (sg13g2_xnor2_1)
     1    0.005610    0.077192    0.158351    0.832278 v _153_/Y (sg13g2_xnor2_1)
                                                         _104_ (net)
                      0.077192    0.000230    0.832509 v _154_/B (sg13g2_xnor2_1)
     1    0.003328    0.056472    0.104781    0.937290 v _154_/Y (sg13g2_xnor2_1)
                                                         DPATH.SUM.fa_6.S (net)
                      0.056472    0.000185    0.937475 v _294_/D (sg13g2_dfrbpq_1)
                                              0.937475   data arrival time

                                  0.000000    0.000000   clock clk (rise edge)
                                  0.000000    0.000000   clock source latency
     1    0.020302    0.000000    0.000000    0.000000 ^ clk (in)
                                                         clk (net)
                      0.000919    0.000459    0.000459 ^ clkbuf_0_clk/A (sg13g2_buf_16)
     2    0.037895    0.034919    0.083950    0.084410 ^ clkbuf_0_clk/X (sg13g2_buf_16)
                                                         clknet_0_clk (net)
                      0.034942    0.001650    0.086060 ^ clkbuf_1_1__f_clk/A (sg13g2_buf_16)
     5    0.023597    0.031111    0.099112    0.185172 ^ clkbuf_1_1__f_clk/X (sg13g2_buf_16)
                                                         clknet_1_1__leaf_clk (net)
                      0.031121    0.001147    0.186319 ^ _294_/CLK (sg13g2_dfrbpq_1)
                                  0.150000    0.336319   clock uncertainty
                                 -0.003228    0.333091   clock reconvergence pessimism
                                 -0.060546    0.272545   library hold time
                                              0.272545   data required time
---------------------------------------------------------------------------------------------
                                              0.272545   data required time
                                             -0.937475   data arrival time
---------------------------------------------------------------------------------------------
                                              0.664930   slack (MET)


Startpoint: _296_ (rising edge-triggered flip-flop clocked by clk)
Endpoint: _296_ (rising edge-triggered flip-flop clocked by clk)
Path Group: clk
Path Type: min

Fanout         Cap        Slew       Delay        Time   Description
---------------------------------------------------------------------------------------------
                                  0.000000    0.000000   clock clk (rise edge)
                                  0.000000    0.000000   clock source latency
     1    0.017978    0.000000    0.000000    0.000000 ^ clk (in)
                                                         clk (net)
                      0.000800    0.000400    0.000400 ^ clkbuf_0_clk/A (sg13g2_buf_16)
     2    0.033249    0.033307    0.082549    0.082949 ^ clkbuf_0_clk/X (sg13g2_buf_16)
                                                         clknet_0_clk (net)
                      0.033321    0.001444    0.084394 ^ clkbuf_1_1__f_clk/A (sg13g2_buf_16)
     5    0.021416    0.030286    0.097551    0.181944 ^ clkbuf_1_1__f_clk/X (sg13g2_buf_16)
                                                         clknet_1_1__leaf_clk (net)
                      0.030294    0.000990    0.182935 ^ _296_/CLK (sg13g2_dfrbpq_1)
     2    0.010933    0.069050    0.286905    0.469840 v _296_/Q (sg13g2_dfrbpq_1)
                                                         CTRL.S0 (net)
                      0.069055    0.000643    0.470482 v fanout24/A (sg13g2_buf_1)
     5    0.025568    0.140144    0.200059    0.670541 v fanout24/X (sg13g2_buf_1)
                                                         net24 (net)
                      0.140259    0.002539    0.673080 v _170_/B1 (sg13g2_a21o_1)
     1    0.004338    0.044543    0.167261    0.840341 v _170_/X (sg13g2_a21o_1)
                                                         _119_ (net)
                      0.044543    0.000287    0.840629 v _171_/B (sg13g2_and2_1)
     1    0.003453    0.035651    0.115105    0.955734 v _171_/X (sg13g2_and2_1)
                                                         CTRL.P0 (net)
                      0.035651    0.000195    0.955929 v _296_/D (sg13g2_dfrbpq_1)
                                              0.955929   data arrival time

                                  0.000000    0.000000   clock clk (rise edge)
                                  0.000000    0.000000   clock source latency
     1    0.020302    0.000000    0.000000    0.000000 ^ clk (in)
                                                         clk (net)
                      0.000919    0.000459    0.000459 ^ clkbuf_0_clk/A (sg13g2_buf_16)
     2    0.037895    0.034919    0.083950    0.084410 ^ clkbuf_0_clk/X (sg13g2_buf_16)
                                                         clknet_0_clk (net)
                      0.034942    0.001650    0.086060 ^ clkbuf_1_1__f_clk/A (sg13g2_buf_16)
     5    0.023597    0.031111    0.099112    0.185172 ^ clkbuf_1_1__f_clk/X (sg13g2_buf_16)
                                                         clknet_1_1__leaf_clk (net)
                      0.031120    0.001096    0.186268 ^ _296_/CLK (sg13g2_dfrbpq_1)
                                  0.150000    0.336268   clock uncertainty
                                 -0.003334    0.332935   clock reconvergence pessimism
                                 -0.052161    0.280773   library hold time
                                              0.280773   data required time
---------------------------------------------------------------------------------------------
                                              0.280773   data required time
                                             -0.955929   data arrival time
---------------------------------------------------------------------------------------------
                                              0.675156   slack (MET)


Startpoint: _296_ (rising edge-triggered flip-flop clocked by clk)
Endpoint: _293_ (rising edge-triggered flip-flop clocked by clk)
Path Group: clk
Path Type: min

Fanout         Cap        Slew       Delay        Time   Description
---------------------------------------------------------------------------------------------
                                  0.000000    0.000000   clock clk (rise edge)
                                  0.000000    0.000000   clock source latency
     1    0.017978    0.000000    0.000000    0.000000 ^ clk (in)
                                                         clk (net)
                      0.000800    0.000400    0.000400 ^ clkbuf_0_clk/A (sg13g2_buf_16)
     2    0.033249    0.033307    0.082549    0.082949 ^ clkbuf_0_clk/X (sg13g2_buf_16)
                                                         clknet_0_clk (net)
                      0.033321    0.001444    0.084394 ^ clkbuf_1_1__f_clk/A (sg13g2_buf_16)
     5    0.021416    0.030286    0.097551    0.181944 ^ clkbuf_1_1__f_clk/X (sg13g2_buf_16)
                                                         clknet_1_1__leaf_clk (net)
                      0.030294    0.000990    0.182935 ^ _296_/CLK (sg13g2_dfrbpq_1)
     2    0.010933    0.069050    0.286905    0.469840 v _296_/Q (sg13g2_dfrbpq_1)
                                                         CTRL.S0 (net)
                      0.069055    0.000643    0.470482 v fanout24/A (sg13g2_buf_1)
     5    0.025568    0.140144    0.200059    0.670541 v fanout24/X (sg13g2_buf_1)
                                                         net24 (net)
                      0.140337    0.003721    0.674262 v _150_/A (sg13g2_xnor2_1)
     2    0.009449    0.110578    0.187007    0.861269 v _150_/Y (sg13g2_xnor2_1)
                                                         _102_ (net)
                      0.110578    0.000289    0.861558 v _151_/B (sg13g2_xor2_1)
     1    0.002215    0.040201    0.107520    0.969078 v _151_/X (sg13g2_xor2_1)
                                                         DPATH.SUM.fa_5.S (net)
                      0.040201    0.000080    0.969159 v _293_/D (sg13g2_dfrbpq_1)
                                              0.969159   data arrival time

                                  0.000000    0.000000   clock clk (rise edge)
                                  0.000000    0.000000   clock source latency
     1    0.020302    0.000000    0.000000    0.000000 ^ clk (in)
                                                         clk (net)
                      0.000919    0.000459    0.000459 ^ clkbuf_0_clk/A (sg13g2_buf_16)
     2    0.037895    0.034919    0.083950    0.084410 ^ clkbuf_0_clk/X (sg13g2_buf_16)
                                                         clknet_0_clk (net)
                      0.034942    0.001650    0.086060 ^ clkbuf_1_1__f_clk/A (sg13g2_buf_16)
     5    0.023597    0.031111    0.099112    0.185172 ^ clkbuf_1_1__f_clk/X (sg13g2_buf_16)
                                                         clknet_1_1__leaf_clk (net)
                      0.031125    0.001367    0.186539 ^ _293_/CLK (sg13g2_dfrbpq_1)
                                  0.150000    0.336539   clock uncertainty
                                 -0.003228    0.333311   clock reconvergence pessimism
                                 -0.053992    0.279319   library hold time
                                              0.279319   data required time
---------------------------------------------------------------------------------------------
                                              0.279319   data required time
                                             -0.969159   data arrival time
---------------------------------------------------------------------------------------------
                                              0.689840   slack (MET)


Startpoint: _296_ (rising edge-triggered flip-flop clocked by clk)
Endpoint: _290_ (rising edge-triggered flip-flop clocked by clk)
Path Group: clk
Path Type: min

Fanout         Cap        Slew       Delay        Time   Description
---------------------------------------------------------------------------------------------
                                  0.000000    0.000000   clock clk (rise edge)
                                  0.000000    0.000000   clock source latency
     1    0.017978    0.000000    0.000000    0.000000 ^ clk (in)
                                                         clk (net)
                      0.000800    0.000400    0.000400 ^ clkbuf_0_clk/A (sg13g2_buf_16)
     2    0.033249    0.033307    0.082549    0.082949 ^ clkbuf_0_clk/X (sg13g2_buf_16)
                                                         clknet_0_clk (net)
                      0.033321    0.001444    0.084394 ^ clkbuf_1_1__f_clk/A (sg13g2_buf_16)
     5    0.021416    0.030286    0.097551    0.181944 ^ clkbuf_1_1__f_clk/X (sg13g2_buf_16)
                                                         clknet_1_1__leaf_clk (net)
                      0.030294    0.000990    0.182935 ^ _296_/CLK (sg13g2_dfrbpq_1)
     2    0.010933    0.069050    0.286905    0.469840 v _296_/Q (sg13g2_dfrbpq_1)
                                                         CTRL.S0 (net)
                      0.069056    0.000694    0.470534 v fanout23/A (sg13g2_buf_1)
     8    0.035205    0.189017    0.236321    0.706855 v fanout23/X (sg13g2_buf_1)
                                                         net23 (net)
                      0.189126    0.002759    0.709614 v _139_/A (sg13g2_xor2_1)
     2    0.008511    0.069690    0.192015    0.901629 v _139_/X (sg13g2_xor2_1)
                                                         _093_ (net)
                      0.069690    0.000269    0.901898 v _278_/B (sg13g2_xor2_1)
     1    0.002007    0.039793    0.089086    0.990984 v _278_/X (sg13g2_xor2_1)
                                                         DPATH.SUM.fa_2.S (net)
                      0.039794    0.000129    0.991113 v _290_/D (sg13g2_dfrbpq_1)
                                              0.991113   data arrival time

                                  0.000000    0.000000   clock clk (rise edge)
                                  0.000000    0.000000   clock source latency
     1    0.020302    0.000000    0.000000    0.000000 ^ clk (in)
                                                         clk (net)
                      0.000919    0.000459    0.000459 ^ clkbuf_0_clk/A (sg13g2_buf_16)
     2    0.037895    0.034919    0.083950    0.084410 ^ clkbuf_0_clk/X (sg13g2_buf_16)
                                                         clknet_0_clk (net)
                      0.034940    0.001575    0.085985 ^ clkbuf_1_0__f_clk/A (sg13g2_buf_16)
     5    0.019526    0.029675    0.097958    0.183943 ^ clkbuf_1_0__f_clk/X (sg13g2_buf_16)
                                                         clknet_1_0__leaf_clk (net)
                      0.029676    0.000394    0.184337 ^ _290_/CLK (sg13g2_dfrbpq_1)
                                  0.150000    0.334337   clock uncertainty
                                 -0.001460    0.332876   clock reconvergence pessimism
                                 -0.054246    0.278631   library hold time
                                              0.278631   data required time
---------------------------------------------------------------------------------------------
                                              0.278631   data required time
                                             -0.991113   data arrival time
---------------------------------------------------------------------------------------------
                                              0.712483   slack (MET)


Startpoint: _296_ (rising edge-triggered flip-flop clocked by clk)
Endpoint: _292_ (rising edge-triggered flip-flop clocked by clk)
Path Group: clk
Path Type: min

Fanout         Cap        Slew       Delay        Time   Description
---------------------------------------------------------------------------------------------
                                  0.000000    0.000000   clock clk (rise edge)
                                  0.000000    0.000000   clock source latency
     1    0.017978    0.000000    0.000000    0.000000 ^ clk (in)
                                                         clk (net)
                      0.000800    0.000400    0.000400 ^ clkbuf_0_clk/A (sg13g2_buf_16)
     2    0.033249    0.033307    0.082549    0.082949 ^ clkbuf_0_clk/X (sg13g2_buf_16)
                                                         clknet_0_clk (net)
                      0.033321    0.001444    0.084394 ^ clkbuf_1_1__f_clk/A (sg13g2_buf_16)
     5    0.021416    0.030286    0.097551    0.181944 ^ clkbuf_1_1__f_clk/X (sg13g2_buf_16)
                                                         clknet_1_1__leaf_clk (net)
                      0.030294    0.000990    0.182935 ^ _296_/CLK (sg13g2_dfrbpq_1)
     2    0.010933    0.069050    0.286905    0.469840 v _296_/Q (sg13g2_dfrbpq_1)
                                                         CTRL.S0 (net)
                      0.069056    0.000694    0.470534 v fanout23/A (sg13g2_buf_1)
     8    0.035205    0.189017    0.236321    0.706855 v fanout23/X (sg13g2_buf_1)
                                                         net23 (net)
                      0.189032    0.001797    0.708652 v _146_/A (sg13g2_xor2_1)
     2    0.008717    0.070650    0.193576    0.902228 v _146_/X (sg13g2_xor2_1)
                                                         _099_ (net)
                      0.070650    0.000292    0.902520 v _147_/B (sg13g2_xor2_1)
     1    0.002010    0.039738    0.089532    0.992052 v _147_/X (sg13g2_xor2_1)
                                                         DPATH.SUM.fa_4.S (net)
                      0.039738    0.000154    0.992206 v _292_/D (sg13g2_dfrbpq_1)
                                              0.992206   data arrival time

                                  0.000000    0.000000   clock clk (rise edge)
                                  0.000000    0.000000   clock source latency
     1    0.020302    0.000000    0.000000    0.000000 ^ clk (in)
                                                         clk (net)
                      0.000919    0.000459    0.000459 ^ clkbuf_0_clk/A (sg13g2_buf_16)
     2    0.037895    0.034919    0.083950    0.084410 ^ clkbuf_0_clk/X (sg13g2_buf_16)
                                                         clknet_0_clk (net)
                      0.034940    0.001575    0.085985 ^ clkbuf_1_0__f_clk/A (sg13g2_buf_16)
     5    0.019526    0.029675    0.097958    0.183943 ^ clkbuf_1_0__f_clk/X (sg13g2_buf_16)
                                                         clknet_1_0__leaf_clk (net)
                      0.029678    0.000556    0.184499 ^ _292_/CLK (sg13g2_dfrbpq_1)
                                  0.150000    0.334499   clock uncertainty
                                 -0.001460    0.333038   clock reconvergence pessimism
                                 -0.054223    0.278815   library hold time
                                              0.278815   data required time
---------------------------------------------------------------------------------------------
                                              0.278815   data required time
                                             -0.992206   data arrival time
---------------------------------------------------------------------------------------------
                                              0.713390   slack (MET)


Startpoint: _296_ (rising edge-triggered flip-flop clocked by clk)
Endpoint: _291_ (rising edge-triggered flip-flop clocked by clk)
Path Group: clk
Path Type: min

Fanout         Cap        Slew       Delay        Time   Description
---------------------------------------------------------------------------------------------
                                  0.000000    0.000000   clock clk (rise edge)
                                  0.000000    0.000000   clock source latency
     1    0.017978    0.000000    0.000000    0.000000 ^ clk (in)
                                                         clk (net)
                      0.000800    0.000400    0.000400 ^ clkbuf_0_clk/A (sg13g2_buf_16)
     2    0.033249    0.033307    0.082549    0.082949 ^ clkbuf_0_clk/X (sg13g2_buf_16)
                                                         clknet_0_clk (net)
                      0.033321    0.001444    0.084394 ^ clkbuf_1_1__f_clk/A (sg13g2_buf_16)
     5    0.021416    0.030286    0.097551    0.181944 ^ clkbuf_1_1__f_clk/X (sg13g2_buf_16)
                                                         clknet_1_1__leaf_clk (net)
                      0.030294    0.000990    0.182935 ^ _296_/CLK (sg13g2_dfrbpq_1)
     2    0.010933    0.069050    0.286905    0.469840 v _296_/Q (sg13g2_dfrbpq_1)
                                                         CTRL.S0 (net)
                      0.069056    0.000694    0.470534 v fanout23/A (sg13g2_buf_1)
     8    0.035205    0.189017    0.236321    0.706855 v fanout23/X (sg13g2_buf_1)
                                                         net23 (net)
                      0.189142    0.003113    0.709968 v _142_/A (sg13g2_xnor2_1)
     2    0.008096    0.099591    0.194811    0.904779 v _142_/Y (sg13g2_xnor2_1)
                                                         _096_ (net)
                      0.099591    0.000266    0.905045 v _143_/B (sg13g2_xor2_1)
     1    0.002506    0.041432    0.105914    1.010960 v _143_/X (sg13g2_xor2_1)
                                                         DPATH.SUM.fa_3.S (net)
                      0.041432    0.000148    1.011108 v _291_/D (sg13g2_dfrbpq_1)
                                              1.011108   data arrival time

                                  0.000000    0.000000   clock clk (rise edge)
                                  0.000000    0.000000   clock source latency
     1    0.020302    0.000000    0.000000    0.000000 ^ clk (in)
                                                         clk (net)
                      0.000919    0.000459    0.000459 ^ clkbuf_0_clk/A (sg13g2_buf_16)
     2    0.037895    0.034919    0.083950    0.084410 ^ clkbuf_0_clk/X (sg13g2_buf_16)
                                                         clknet_0_clk (net)
                      0.034940    0.001575    0.085985 ^ clkbuf_1_0__f_clk/A (sg13g2_buf_16)
     5    0.019526    0.029675    0.097958    0.183943 ^ clkbuf_1_0__f_clk/X (sg13g2_buf_16)
                                                         clknet_1_0__leaf_clk (net)
                      0.029677    0.000405    0.184348 ^ _291_/CLK (sg13g2_dfrbpq_1)
                                  0.150000    0.334348   clock uncertainty
                                 -0.001460    0.332887   clock reconvergence pessimism
                                 -0.054905    0.277982   library hold time
                                              0.277982   data required time
---------------------------------------------------------------------------------------------
                                              0.277982   data required time
                                             -1.011108   data arrival time
---------------------------------------------------------------------------------------------
                                              0.733126   slack (MET)


Startpoint: _292_ (rising edge-triggered flip-flop clocked by clk)
Endpoint: sine_out[5] (output port clocked by clk)
Path Group: clk
Path Type: min

Fanout         Cap        Slew       Delay        Time   Description
---------------------------------------------------------------------------------------------
                                  0.000000    0.000000   clock clk (rise edge)
                                  0.000000    0.000000   clock source latency
     1    0.017978    0.000000    0.000000    0.000000 ^ clk (in)
                                                         clk (net)
                      0.000800    0.000400    0.000400 ^ clkbuf_0_clk/A (sg13g2_buf_16)
     2    0.033249    0.033307    0.082549    0.082949 ^ clkbuf_0_clk/X (sg13g2_buf_16)
                                                         clknet_0_clk (net)
                      0.033320    0.001375    0.084324 ^ clkbuf_1_0__f_clk/A (sg13g2_buf_16)
     5    0.017591    0.028930    0.096455    0.180779 ^ clkbuf_1_0__f_clk/X (sg13g2_buf_16)
                                                         clknet_1_0__leaf_clk (net)
                      0.028932    0.000499    0.181278 ^ _292_/CLK (sg13g2_dfrbpq_1)
     4    0.020142    0.138231    0.334033    0.515311 ^ _292_/Q (sg13g2_dfrbpq_1)
                                                         DPATH.SUM.fa_4.A (net)
                      0.138241    0.001257    0.516568 ^ _159_/A (sg13g2_or2_1)
     2    0.010158    0.079627    0.189059    0.705626 ^ _159_/X (sg13g2_or2_1)
                                                         _109_ (net)
                      0.079629    0.000554    0.706180 ^ _260_/B (sg13g2_nor3_1)
     1    0.002478    0.043445    0.072915    0.779095 v _260_/Y (sg13g2_nor3_1)
                                                         net17 (net)
                      0.043446    0.000179    0.779274 v output17/A (sg13g2_buf_1)
     1    0.010770    0.068769    0.129722    0.908996 v output17/X (sg13g2_buf_1)
                                                         sine_out[5] (net)
                      0.068771    0.000458    0.909454 v sine_out[5] (out)
                                              0.909454   data arrival time

                                  0.000000    0.000000   clock clk (rise edge)
                                  0.000000    0.000000   clock network delay (propagated)
                                  0.150000    0.150000   clock uncertainty
                                  0.000000    0.150000   clock reconvergence pessimism
                                  0.000000    0.150000   output external delay
                                              0.150000   data required time
---------------------------------------------------------------------------------------------
                                              0.150000   data required time
                                             -0.909454   data arrival time
---------------------------------------------------------------------------------------------
                                              0.759454   slack (MET)


Startpoint: _294_ (rising edge-triggered flip-flop clocked by clk)
Endpoint: sine_out[13] (output port clocked by clk)
Path Group: clk
Path Type: min

Fanout         Cap        Slew       Delay        Time   Description
---------------------------------------------------------------------------------------------
                                  0.000000    0.000000   clock clk (rise edge)
                                  0.000000    0.000000   clock source latency
     1    0.017978    0.000000    0.000000    0.000000 ^ clk (in)
                                                         clk (net)
                      0.000800    0.000400    0.000400 ^ clkbuf_0_clk/A (sg13g2_buf_16)
     2    0.033249    0.033307    0.082549    0.082949 ^ clkbuf_0_clk/X (sg13g2_buf_16)
                                                         clknet_0_clk (net)
                      0.033321    0.001444    0.084394 ^ clkbuf_1_1__f_clk/A (sg13g2_buf_16)
     5    0.021416    0.030286    0.097551    0.181944 ^ clkbuf_1_1__f_clk/X (sg13g2_buf_16)
                                                         clknet_1_1__leaf_clk (net)
                      0.030295    0.001037    0.182981 ^ _294_/CLK (sg13g2_dfrbpq_1)
     3    0.014053    0.101573    0.307449    0.490430 ^ _294_/Q (sg13g2_dfrbpq_1)
                                                         DPATH.SUM.fa_6.A (net)
                      0.101577    0.000749    0.491179 ^ fanout27/A (sg13g2_buf_1)
     4    0.019714    0.136340    0.202223    0.693402 ^ fanout27/X (sg13g2_buf_1)
                                                         net27 (net)
                      0.136347    0.001092    0.694495 ^ _272_/A (sg13g2_nor2_1)
     1    0.002860    0.052871    0.089824    0.784318 v _272_/Y (sg13g2_nor2_1)
                                                         net8 (net)
                      0.052872    0.000195    0.784513 v output8/A (sg13g2_buf_1)
     1    0.011755    0.073862    0.138122    0.922635 v output8/X (sg13g2_buf_1)
                                                         sine_out[13] (net)
                      0.073876    0.000986    0.923621 v sine_out[13] (out)
                                              0.923621   data arrival time

                                  0.000000    0.000000   clock clk (rise edge)
                                  0.000000    0.000000   clock network delay (propagated)
                                  0.150000    0.150000   clock uncertainty
                                  0.000000    0.150000   clock reconvergence pessimism
                                  0.000000    0.150000   output external delay
                                              0.150000   data required time
---------------------------------------------------------------------------------------------
                                              0.150000   data required time
                                             -0.923621   data arrival time
---------------------------------------------------------------------------------------------
                                              0.773621   slack (MET)


Startpoint: _292_ (rising edge-triggered flip-flop clocked by clk)
Endpoint: sine_out[16] (output port clocked by clk)
Path Group: clk
Path Type: min

Fanout         Cap        Slew       Delay        Time   Description
---------------------------------------------------------------------------------------------
                                  0.000000    0.000000   clock clk (rise edge)
                                  0.000000    0.000000   clock source latency
     1    0.017978    0.000000    0.000000    0.000000 ^ clk (in)
                                                         clk (net)
                      0.000800    0.000400    0.000400 ^ clkbuf_0_clk/A (sg13g2_buf_16)
     2    0.033249    0.033307    0.082549    0.082949 ^ clkbuf_0_clk/X (sg13g2_buf_16)
                                                         clknet_0_clk (net)
                      0.033320    0.001375    0.084324 ^ clkbuf_1_0__f_clk/A (sg13g2_buf_16)
     5    0.017591    0.028930    0.096455    0.180779 ^ clkbuf_1_0__f_clk/X (sg13g2_buf_16)
                                                         clknet_1_0__leaf_clk (net)
                      0.028932    0.000499    0.181278 ^ _292_/CLK (sg13g2_dfrbpq_1)
     4    0.019902    0.113458    0.321621    0.502899 v _292_/Q (sg13g2_dfrbpq_1)
                                                         DPATH.SUM.fa_4.A (net)
                      0.113486    0.001697    0.504596 v _270_/B_N (sg13g2_nor2b_1)
     2    0.008368    0.063165    0.162949    0.667545 v _270_/Y (sg13g2_nor2b_1)
                                                         _085_ (net)
                      0.063169    0.000504    0.668050 v _275_/A2 (sg13g2_o21ai_1)
     1    0.002667    0.059989    0.122141    0.790191 ^ _275_/Y (sg13g2_o21ai_1)
                                                         net11 (net)
                      0.059989    0.000181    0.790372 ^ output11/A (sg13g2_buf_1)
     1    0.010716    0.081115    0.140301    0.930672 ^ output11/X (sg13g2_buf_1)
                                                         sine_out[16] (net)
                      0.081116    0.000454    0.931126 ^ sine_out[16] (out)
                                              0.931126   data arrival time

                                  0.000000    0.000000   clock clk (rise edge)
                                  0.000000    0.000000   clock network delay (propagated)
                                  0.150000    0.150000   clock uncertainty
                                  0.000000    0.150000   clock reconvergence pessimism
                                  0.000000    0.150000   output external delay
                                              0.150000   data required time
---------------------------------------------------------------------------------------------
                                              0.150000   data required time
                                             -0.931126   data arrival time
---------------------------------------------------------------------------------------------
                                              0.781126   slack (MET)


Startpoint: _292_ (rising edge-triggered flip-flop clocked by clk)
Endpoint: sine_out[12] (output port clocked by clk)
Path Group: clk
Path Type: min

Fanout         Cap        Slew       Delay        Time   Description
---------------------------------------------------------------------------------------------
                                  0.000000    0.000000   clock clk (rise edge)
                                  0.000000    0.000000   clock source latency
     1    0.017978    0.000000    0.000000    0.000000 ^ clk (in)
                                                         clk (net)
                      0.000800    0.000400    0.000400 ^ clkbuf_0_clk/A (sg13g2_buf_16)
     2    0.033249    0.033307    0.082549    0.082949 ^ clkbuf_0_clk/X (sg13g2_buf_16)
                                                         clknet_0_clk (net)
                      0.033320    0.001375    0.084324 ^ clkbuf_1_0__f_clk/A (sg13g2_buf_16)
     5    0.017591    0.028930    0.096455    0.180779 ^ clkbuf_1_0__f_clk/X (sg13g2_buf_16)
                                                         clknet_1_0__leaf_clk (net)
                      0.028932    0.000499    0.181278 ^ _292_/CLK (sg13g2_dfrbpq_1)
     4    0.019902    0.113458    0.321621    0.502899 v _292_/Q (sg13g2_dfrbpq_1)
                                                         DPATH.SUM.fa_4.A (net)
                      0.113486    0.001697    0.504596 v _270_/B_N (sg13g2_nor2b_1)
     2    0.008368    0.063165    0.162949    0.667545 v _270_/Y (sg13g2_nor2b_1)
                                                         _085_ (net)
                      0.063168    0.000490    0.668035 v _271_/A2 (sg13g2_a21oi_1)
     1    0.003596    0.076498    0.124705    0.792740 ^ _271_/Y (sg13g2_a21oi_1)
                                                         net7 (net)
                      0.076498    0.000268    0.793008 ^ output7/A (sg13g2_buf_1)
     1    0.010927    0.082665    0.149946    0.942955 ^ output7/X (sg13g2_buf_1)
                                                         sine_out[12] (net)
                      0.082666    0.000473    0.943428 ^ sine_out[12] (out)
                                              0.943428   data arrival time

                                  0.000000    0.000000   clock clk (rise edge)
                                  0.000000    0.000000   clock network delay (propagated)
                                  0.150000    0.150000   clock uncertainty
                                  0.000000    0.150000   clock reconvergence pessimism
                                  0.000000    0.150000   output external delay
                                              0.150000   data required time
---------------------------------------------------------------------------------------------
                                              0.150000   data required time
                                             -0.943428   data arrival time
---------------------------------------------------------------------------------------------
                                              0.793428   slack (MET)


Startpoint: _288_ (rising edge-triggered flip-flop clocked by clk)
Endpoint: _288_ (rising edge-triggered flip-flop clocked by clk)
Path Group: clk
Path Type: min

Fanout         Cap        Slew       Delay        Time   Description
---------------------------------------------------------------------------------------------
                                  0.000000    0.000000   clock clk (rise edge)
                                  0.000000    0.000000   clock source latency
     1    0.017978    0.000000    0.000000    0.000000 ^ clk (in)
                                                         clk (net)
                      0.000800    0.000400    0.000400 ^ clkbuf_0_clk/A (sg13g2_buf_16)
     2    0.033249    0.033307    0.082549    0.082949 ^ clkbuf_0_clk/X (sg13g2_buf_16)
                                                         clknet_0_clk (net)
                      0.033320    0.001375    0.084324 ^ clkbuf_1_0__f_clk/A (sg13g2_buf_16)
     5    0.017591    0.028930    0.096455    0.180779 ^ clkbuf_1_0__f_clk/X (sg13g2_buf_16)
                                                         clknet_1_0__leaf_clk (net)
                      0.028931    0.000379    0.181158 ^ _288_/CLK (sg13g2_dfrbpq_1)
     1    0.003594    0.040599    0.259276    0.440434 ^ _288_/Q (sg13g2_dfrbpq_1)
                                                         DPATH.SUM.Cout0 (net)
                      0.040792    0.000247    0.440682 ^ fanout41/A (sg13g2_buf_1)
     8    0.039825    0.259188    0.258052    0.698734 ^ fanout41/X (sg13g2_buf_1)
                                                         net41 (net)
                      0.259241    0.003087    0.701821 ^ _132_/A (sg13g2_inv_1)
     8    0.040472    0.243390    0.317778    1.019599 v _132_/Y (sg13g2_inv_1)
                                                         DPATH.SUM.ha_0.S (net)
                      0.243432    0.002666    1.022265 v _288_/D (sg13g2_dfrbpq_1)
                                              1.022265   data arrival time

                                  0.000000    0.000000   clock clk (rise edge)
                                  0.000000    0.000000   clock source latency
     1    0.020302    0.000000    0.000000    0.000000 ^ clk (in)
                                                         clk (net)
                      0.000919    0.000459    0.000459 ^ clkbuf_0_clk/A (sg13g2_buf_16)
     2    0.037895    0.034919    0.083950    0.084410 ^ clkbuf_0_clk/X (sg13g2_buf_16)
                                                         clknet_0_clk (net)
                      0.034940    0.001575    0.085985 ^ clkbuf_1_0__f_clk/A (sg13g2_buf_16)
     5    0.019526    0.029675    0.097958    0.183943 ^ clkbuf_1_0__f_clk/X (sg13g2_buf_16)
                                                         clknet_1_0__leaf_clk (net)
                      0.029677    0.000420    0.184362 ^ _288_/CLK (sg13g2_dfrbpq_1)
                                  0.150000    0.334362   clock uncertainty
                                 -0.003204    0.331158   clock reconvergence pessimism
                                 -0.136254    0.194904   library hold time
                                              0.194904   data required time
---------------------------------------------------------------------------------------------
                                              0.194904   data required time
                                             -1.022265   data arrival time
---------------------------------------------------------------------------------------------
                                              0.827361   slack (MET)


Startpoint: _290_ (rising edge-triggered flip-flop clocked by clk)
Endpoint: sine_out[11] (output port clocked by clk)
Path Group: clk
Path Type: min

Fanout         Cap        Slew       Delay        Time   Description
---------------------------------------------------------------------------------------------
                                  0.000000    0.000000   clock clk (rise edge)
                                  0.000000    0.000000   clock source latency
     1    0.017978    0.000000    0.000000    0.000000 ^ clk (in)
                                                         clk (net)
                      0.000800    0.000400    0.000400 ^ clkbuf_0_clk/A (sg13g2_buf_16)
     2    0.033249    0.033307    0.082549    0.082949 ^ clkbuf_0_clk/X (sg13g2_buf_16)
                                                         clknet_0_clk (net)
                      0.033320    0.001375    0.084324 ^ clkbuf_1_0__f_clk/A (sg13g2_buf_16)
     5    0.017591    0.028930    0.096455    0.180779 ^ clkbuf_1_0__f_clk/X (sg13g2_buf_16)
                                                         clknet_1_0__leaf_clk (net)
                      0.028931    0.000353    0.181133 ^ _290_/CLK (sg13g2_dfrbpq_1)
     4    0.020074    0.137484    0.333137    0.514270 ^ _290_/Q (sg13g2_dfrbpq_1)
                                                         DPATH.SUM.fa_2.A (net)
                      0.137542    0.002640    0.516910 ^ _210_/B (sg13g2_nor2_1)
     4    0.014670    0.105371    0.140691    0.657601 v _210_/Y (sg13g2_nor2_1)
                                                         _037_ (net)
                      0.105377    0.000795    0.658396 v _268_/A2 (sg13g2_a21oi_1)
     1    0.002518    0.064486    0.132721    0.791117 ^ _268_/Y (sg13g2_a21oi_1)
                                                         _084_ (net)
                      0.064486    0.000100    0.791217 ^ _269_/B (sg13g2_nor2_1)
     1    0.003070    0.035361    0.056421    0.847638 v _269_/Y (sg13g2_nor2_1)
                                                         net6 (net)
                      0.035361    0.000196    0.847834 v output6/A (sg13g2_buf_1)
     1    0.012969    0.079566    0.134376    0.982210 v output6/X (sg13g2_buf_1)
                                                         sine_out[11] (net)
                      0.079570    0.000664    0.982874 v sine_out[11] (out)
                                              0.982874   data arrival time

                                  0.000000    0.000000   clock clk (rise edge)
                                  0.000000    0.000000   clock network delay (propagated)
                                  0.150000    0.150000   clock uncertainty
                                  0.000000    0.150000   clock reconvergence pessimism
                                  0.000000    0.150000   output external delay
                                              0.150000   data required time
---------------------------------------------------------------------------------------------
                                              0.150000   data required time
                                             -0.982874   data arrival time
---------------------------------------------------------------------------------------------
                                              0.832874   slack (MET)


Startpoint: _294_ (rising edge-triggered flip-flop clocked by clk)
Endpoint: sine_out[14] (output port clocked by clk)
Path Group: clk
Path Type: min

Fanout         Cap        Slew       Delay        Time   Description
---------------------------------------------------------------------------------------------
                                  0.000000    0.000000   clock clk (rise edge)
                                  0.000000    0.000000   clock source latency
     1    0.017978    0.000000    0.000000    0.000000 ^ clk (in)
                                                         clk (net)
                      0.000800    0.000400    0.000400 ^ clkbuf_0_clk/A (sg13g2_buf_16)
     2    0.033249    0.033307    0.082549    0.082949 ^ clkbuf_0_clk/X (sg13g2_buf_16)
                                                         clknet_0_clk (net)
                      0.033321    0.001444    0.084394 ^ clkbuf_1_1__f_clk/A (sg13g2_buf_16)
     5    0.021416    0.030286    0.097551    0.181944 ^ clkbuf_1_1__f_clk/X (sg13g2_buf_16)
                                                         clknet_1_1__leaf_clk (net)
                      0.030295    0.001037    0.182981 ^ _294_/CLK (sg13g2_dfrbpq_1)
     3    0.013881    0.083494    0.298693    0.481674 v _294_/Q (sg13g2_dfrbpq_1)
                                                         DPATH.SUM.fa_6.A (net)
                      0.083501    0.000805    0.482479 v fanout25/A (sg13g2_buf_1)
     8    0.036582    0.195824    0.249189    0.731668 v fanout25/X (sg13g2_buf_1)
                                                         net25 (net)
                      0.195831    0.001397    0.733064 v _273_/A (sg13g2_nand2_1)
     1    0.005336    0.065778    0.109816    0.842880 ^ _273_/Y (sg13g2_nand2_1)
                                                         net9 (net)
                      0.065779    0.000522    0.843402 ^ output9/A (sg13g2_buf_1)
     1    0.010842    0.081972    0.143917    0.987319 ^ output9/X (sg13g2_buf_1)
                                                         sine_out[14] (net)
                      0.081973    0.000466    0.987785 ^ sine_out[14] (out)
                                              0.987785   data arrival time

                                  0.000000    0.000000   clock clk (rise edge)
                                  0.000000    0.000000   clock network delay (propagated)
                                  0.150000    0.150000   clock uncertainty
                                  0.000000    0.150000   clock reconvergence pessimism
                                  0.000000    0.150000   output external delay
                                              0.150000   data required time
---------------------------------------------------------------------------------------------
                                              0.150000   data required time
                                             -0.987785   data arrival time
---------------------------------------------------------------------------------------------
                                              0.837785   slack (MET)


Startpoint: _290_ (rising edge-triggered flip-flop clocked by clk)
Endpoint: sine_out[6] (output port clocked by clk)
Path Group: clk
Path Type: min

Fanout         Cap        Slew       Delay        Time   Description
---------------------------------------------------------------------------------------------
                                  0.000000    0.000000   clock clk (rise edge)
                                  0.000000    0.000000   clock source latency
     1    0.017978    0.000000    0.000000    0.000000 ^ clk (in)
                                                         clk (net)
                      0.000800    0.000400    0.000400 ^ clkbuf_0_clk/A (sg13g2_buf_16)
     2    0.033249    0.033307    0.082549    0.082949 ^ clkbuf_0_clk/X (sg13g2_buf_16)
                                                         clknet_0_clk (net)
                      0.033320    0.001375    0.084324 ^ clkbuf_1_0__f_clk/A (sg13g2_buf_16)
     5    0.017591    0.028930    0.096455    0.180779 ^ clkbuf_1_0__f_clk/X (sg13g2_buf_16)
                                                         clknet_1_0__leaf_clk (net)
                      0.028931    0.000353    0.181133 ^ _290_/CLK (sg13g2_dfrbpq_1)
     4    0.020074    0.137484    0.333137    0.514270 ^ _290_/Q (sg13g2_dfrbpq_1)
                                                         DPATH.SUM.fa_2.A (net)
                      0.137542    0.002640    0.516910 ^ _210_/B (sg13g2_nor2_1)
     4    0.014670    0.105371    0.140691    0.657601 v _210_/Y (sg13g2_nor2_1)
                                                         _037_ (net)
                      0.105380    0.000946    0.658547 v _211_/A (sg13g2_inv_1)
     1    0.003248    0.048351    0.069306    0.727853 ^ _211_/Y (sg13g2_inv_1)
                                                         _038_ (net)
                      0.048351    0.000236    0.728088 ^ _262_/A2 (sg13g2_a21oi_1)
     1    0.007195    0.057513    0.123287    0.851375 v _262_/Y (sg13g2_a21oi_1)
                                                         net18 (net)
                      0.057516    0.000465    0.851839 v output18/A (sg13g2_buf_1)
     1    0.011437    0.072247    0.139487    0.991327 v output18/X (sg13g2_buf_1)
                                                         sine_out[6] (net)
                      0.072249    0.000502    0.991829 v sine_out[6] (out)
                                              0.991829   data arrival time

                                  0.000000    0.000000   clock clk (rise edge)
                                  0.000000    0.000000   clock network delay (propagated)
                                  0.150000    0.150000   clock uncertainty
                                  0.000000    0.150000   clock reconvergence pessimism
                                  0.000000    0.150000   output external delay
                                              0.150000   data required time
---------------------------------------------------------------------------------------------
                                              0.150000   data required time
                                             -0.991829   data arrival time
---------------------------------------------------------------------------------------------
                                              0.841829   slack (MET)


Startpoint: _290_ (rising edge-triggered flip-flop clocked by clk)
Endpoint: sine_out[1] (output port clocked by clk)
Path Group: clk
Path Type: min

Fanout         Cap        Slew       Delay        Time   Description
---------------------------------------------------------------------------------------------
                                  0.000000    0.000000   clock clk (rise edge)
                                  0.000000    0.000000   clock source latency
     1    0.017978    0.000000    0.000000    0.000000 ^ clk (in)
                                                         clk (net)
                      0.000800    0.000400    0.000400 ^ clkbuf_0_clk/A (sg13g2_buf_16)
     2    0.033249    0.033307    0.082549    0.082949 ^ clkbuf_0_clk/X (sg13g2_buf_16)
                                                         clknet_0_clk (net)
                      0.033320    0.001375    0.084324 ^ clkbuf_1_0__f_clk/A (sg13g2_buf_16)
     5    0.017591    0.028930    0.096455    0.180779 ^ clkbuf_1_0__f_clk/X (sg13g2_buf_16)
                                                         clknet_1_0__leaf_clk (net)
                      0.028931    0.000353    0.181133 ^ _290_/CLK (sg13g2_dfrbpq_1)
     4    0.020074    0.137484    0.333137    0.514270 ^ _290_/Q (sg13g2_dfrbpq_1)
                                                         DPATH.SUM.fa_2.A (net)
                      0.137534    0.002482    0.516752 ^ _233_/A1 (sg13g2_a221oi_1)
     1    0.006275    0.057266    0.172774    0.689526 v _233_/Y (sg13g2_a221oi_1)
                                                         _059_ (net)
                      0.057276    0.000387    0.689913 v _235_/A2 (sg13g2_o21ai_1)
     1    0.005614    0.066710    0.151830    0.841743 ^ _235_/Y (sg13g2_o21ai_1)
                                                         net13 (net)
                      0.066711    0.000358    0.842101 ^ output13/A (sg13g2_buf_1)
     1    0.015630    0.111117    0.166018    1.008120 ^ output13/X (sg13g2_buf_1)
                                                         sine_out[1] (net)
                      0.111122    0.000867    1.008987 ^ sine_out[1] (out)
                                              1.008987   data arrival time

                                  0.000000    0.000000   clock clk (rise edge)
                                  0.000000    0.000000   clock network delay (propagated)
                                  0.150000    0.150000   clock uncertainty
                                  0.000000    0.150000   clock reconvergence pessimism
                                  0.000000    0.150000   output external delay
                                              0.150000   data required time
---------------------------------------------------------------------------------------------
                                              0.150000   data required time
                                             -1.008987   data arrival time
---------------------------------------------------------------------------------------------
                                              0.858987   slack (MET)


Startpoint: _293_ (rising edge-triggered flip-flop clocked by clk)
Endpoint: sine_out[9] (output port clocked by clk)
Path Group: clk
Path Type: min

Fanout         Cap        Slew       Delay        Time   Description
---------------------------------------------------------------------------------------------
                                  0.000000    0.000000   clock clk (rise edge)
                                  0.000000    0.000000   clock source latency
     1    0.017978    0.000000    0.000000    0.000000 ^ clk (in)
                                                         clk (net)
                      0.000800    0.000400    0.000400 ^ clkbuf_0_clk/A (sg13g2_buf_16)
     2    0.033249    0.033307    0.082549    0.082949 ^ clkbuf_0_clk/X (sg13g2_buf_16)
                                                         clknet_0_clk (net)
                      0.033321    0.001444    0.084394 ^ clkbuf_1_1__f_clk/A (sg13g2_buf_16)
     5    0.021416    0.030286    0.097551    0.181944 ^ clkbuf_1_1__f_clk/X (sg13g2_buf_16)
                                                         clknet_1_1__leaf_clk (net)
                      0.030298    0.001238    0.183182 ^ _293_/CLK (sg13g2_dfrbpq_1)
     1    0.006469    0.047536    0.269219    0.452401 v _293_/Q (sg13g2_dfrbpq_1)
                                                         DPATH.SUM.fa_5.A (net)
                      0.047536    0.000387    0.452788 v fanout29/A (sg13g2_buf_1)
     8    0.038455    0.205366    0.236394    0.689182 v fanout29/X (sg13g2_buf_1)
                                                         net29 (net)
                      0.205540    0.004977    0.694159 v _265_/A1 (sg13g2_a21oi_1)
     1    0.003400    0.074994    0.156323    0.850481 ^ _265_/Y (sg13g2_a21oi_1)
                                                         net21 (net)
                      0.074994    0.000217    0.850699 ^ output21/A (sg13g2_buf_1)
     1    0.012934    0.094797    0.158200    1.008899 ^ output21/X (sg13g2_buf_1)
                                                         sine_out[9] (net)
                      0.094800    0.000692    1.009591 ^ sine_out[9] (out)
                                              1.009591   data arrival time

                                  0.000000    0.000000   clock clk (rise edge)
                                  0.000000    0.000000   clock network delay (propagated)
                                  0.150000    0.150000   clock uncertainty
                                  0.000000    0.150000   clock reconvergence pessimism
                                  0.000000    0.150000   output external delay
                                              0.150000   data required time
---------------------------------------------------------------------------------------------
                                              0.150000   data required time
                                             -1.009591   data arrival time
---------------------------------------------------------------------------------------------
                                              0.859591   slack (MET)


Startpoint: _294_ (rising edge-triggered flip-flop clocked by clk)
Endpoint: sine_out[3] (output port clocked by clk)
Path Group: clk
Path Type: min

Fanout         Cap        Slew       Delay        Time   Description
---------------------------------------------------------------------------------------------
                                  0.000000    0.000000   clock clk (rise edge)
                                  0.000000    0.000000   clock source latency
     1    0.017978    0.000000    0.000000    0.000000 ^ clk (in)
                                                         clk (net)
                      0.000800    0.000400    0.000400 ^ clkbuf_0_clk/A (sg13g2_buf_16)
     2    0.033249    0.033307    0.082549    0.082949 ^ clkbuf_0_clk/X (sg13g2_buf_16)
                                                         clknet_0_clk (net)
                      0.033321    0.001444    0.084394 ^ clkbuf_1_1__f_clk/A (sg13g2_buf_16)
     5    0.021416    0.030286    0.097551    0.181944 ^ clkbuf_1_1__f_clk/X (sg13g2_buf_16)
                                                         clknet_1_1__leaf_clk (net)
                      0.030295    0.001037    0.182981 ^ _294_/CLK (sg13g2_dfrbpq_1)
     3    0.013881    0.083494    0.298693    0.481674 v _294_/Q (sg13g2_dfrbpq_1)
                                                         DPATH.SUM.fa_6.A (net)
                      0.083501    0.000805    0.482479 v fanout25/A (sg13g2_buf_1)
     8    0.036582    0.195824    0.249189    0.731668 v fanout25/X (sg13g2_buf_1)
                                                         net25 (net)
                      0.195921    0.002426    0.734093 v _256_/A (sg13g2_nor2_1)
     1    0.002300    0.072485    0.130853    0.864946 ^ _256_/Y (sg13g2_nor2_1)
                                                         net15 (net)
                      0.072485    0.000168    0.865113 ^ output15/A (sg13g2_buf_1)
     1    0.012307    0.090946    0.154095    1.019209 ^ output15/X (sg13g2_buf_1)
                                                         sine_out[3] (net)
                      0.090948    0.000555    1.019763 ^ sine_out[3] (out)
                                              1.019763   data arrival time

                                  0.000000    0.000000   clock clk (rise edge)
                                  0.000000    0.000000   clock network delay (propagated)
                                  0.150000    0.150000   clock uncertainty
                                  0.000000    0.150000   clock reconvergence pessimism
                                  0.000000    0.150000   output external delay
                                              0.150000   data required time
---------------------------------------------------------------------------------------------
                                              0.150000   data required time
                                             -1.019763   data arrival time
---------------------------------------------------------------------------------------------
                                              0.869763   slack (MET)


Startpoint: _292_ (rising edge-triggered flip-flop clocked by clk)
Endpoint: sine_out[8] (output port clocked by clk)
Path Group: clk
Path Type: min

Fanout         Cap        Slew       Delay        Time   Description
---------------------------------------------------------------------------------------------
                                  0.000000    0.000000   clock clk (rise edge)
                                  0.000000    0.000000   clock source latency
     1    0.017978    0.000000    0.000000    0.000000 ^ clk (in)
                                                         clk (net)
                      0.000800    0.000400    0.000400 ^ clkbuf_0_clk/A (sg13g2_buf_16)
     2    0.033249    0.033307    0.082549    0.082949 ^ clkbuf_0_clk/X (sg13g2_buf_16)
                                                         clknet_0_clk (net)
                      0.033320    0.001375    0.084324 ^ clkbuf_1_0__f_clk/A (sg13g2_buf_16)
     5    0.017591    0.028930    0.096455    0.180779 ^ clkbuf_1_0__f_clk/X (sg13g2_buf_16)
                                                         clknet_1_0__leaf_clk (net)
                      0.028932    0.000499    0.181278 ^ _292_/CLK (sg13g2_dfrbpq_1)
     4    0.019902    0.113458    0.321621    0.502899 v _292_/Q (sg13g2_dfrbpq_1)
                                                         DPATH.SUM.fa_4.A (net)
                      0.113483    0.001600    0.504499 v fanout30/A (sg13g2_buf_1)
     8    0.030342    0.164828    0.239143    0.743642 v fanout30/X (sg13g2_buf_1)
                                                         net30 (net)
                      0.164874    0.002627    0.746269 v _264_/A1 (sg13g2_a21oi_1)
     1    0.002482    0.056301    0.137021    0.883290 ^ _264_/Y (sg13g2_a21oi_1)
                                                         net20 (net)
                      0.056301    0.000097    0.883387 ^ output20/A (sg13g2_buf_1)
     1    0.010798    0.081549    0.138728    1.022115 ^ output20/X (sg13g2_buf_1)
                                                         sine_out[8] (net)
                      0.081550    0.000465    1.022580 ^ sine_out[8] (out)
                                              1.022580   data arrival time

                                  0.000000    0.000000   clock clk (rise edge)
                                  0.000000    0.000000   clock network delay (propagated)
                                  0.150000    0.150000   clock uncertainty
                                  0.000000    0.150000   clock reconvergence pessimism
                                  0.000000    0.150000   output external delay
                                              0.150000   data required time
---------------------------------------------------------------------------------------------
                                              0.150000   data required time
                                             -1.022580   data arrival time
---------------------------------------------------------------------------------------------
                                              0.872580   slack (MET)


Startpoint: _294_ (rising edge-triggered flip-flop clocked by clk)
Endpoint: sine_out[15] (output port clocked by clk)
Path Group: clk
Path Type: min

Fanout         Cap        Slew       Delay        Time   Description
---------------------------------------------------------------------------------------------
                                  0.000000    0.000000   clock clk (rise edge)
                                  0.000000    0.000000   clock source latency
     1    0.017978    0.000000    0.000000    0.000000 ^ clk (in)
                                                         clk (net)
                      0.000800    0.000400    0.000400 ^ clkbuf_0_clk/A (sg13g2_buf_16)
     2    0.033249    0.033307    0.082549    0.082949 ^ clkbuf_0_clk/X (sg13g2_buf_16)
                                                         clknet_0_clk (net)
                      0.033321    0.001444    0.084394 ^ clkbuf_1_1__f_clk/A (sg13g2_buf_16)
     5    0.021416    0.030286    0.097551    0.181944 ^ clkbuf_1_1__f_clk/X (sg13g2_buf_16)
                                                         clknet_1_1__leaf_clk (net)
                      0.030295    0.001037    0.182981 ^ _294_/CLK (sg13g2_dfrbpq_1)
     3    0.013881    0.083494    0.298693    0.481674 v _294_/Q (sg13g2_dfrbpq_1)
                                                         DPATH.SUM.fa_6.A (net)
                      0.083501    0.000805    0.482479 v fanout25/A (sg13g2_buf_1)
     8    0.036582    0.195824    0.249189    0.731668 v fanout25/X (sg13g2_buf_1)
                                                         net25 (net)
                      0.195933    0.002746    0.734413 v _274_/A (sg13g2_nand2_1)
     1    0.006951    0.078610    0.120424    0.854837 ^ _274_/Y (sg13g2_nand2_1)
                                                         net10 (net)
                      0.078620    0.000464    0.855301 ^ output10/A (sg13g2_buf_1)
     1    0.016286    0.114990    0.174769    1.030069 ^ output10/X (sg13g2_buf_1)
                                                         sine_out[15] (net)
                      0.115081    0.001932    1.032001 ^ sine_out[15] (out)
                                              1.032001   data arrival time

                                  0.000000    0.000000   clock clk (rise edge)
                                  0.000000    0.000000   clock network delay (propagated)
                                  0.150000    0.150000   clock uncertainty
                                  0.000000    0.150000   clock reconvergence pessimism
                                  0.000000    0.150000   output external delay
                                              0.150000   data required time
---------------------------------------------------------------------------------------------
                                              0.150000   data required time
                                             -1.032001   data arrival time
---------------------------------------------------------------------------------------------
                                              0.882001   slack (MET)


Startpoint: _292_ (rising edge-triggered flip-flop clocked by clk)
Endpoint: sine_out[7] (output port clocked by clk)
Path Group: clk
Path Type: min

Fanout         Cap        Slew       Delay        Time   Description
---------------------------------------------------------------------------------------------
                                  0.000000    0.000000   clock clk (rise edge)
                                  0.000000    0.000000   clock source latency
     1    0.017978    0.000000    0.000000    0.000000 ^ clk (in)
                                                         clk (net)
                      0.000800    0.000400    0.000400 ^ clkbuf_0_clk/A (sg13g2_buf_16)
     2    0.033249    0.033307    0.082549    0.082949 ^ clkbuf_0_clk/X (sg13g2_buf_16)
                                                         clknet_0_clk (net)
                      0.033320    0.001375    0.084324 ^ clkbuf_1_0__f_clk/A (sg13g2_buf_16)
     5    0.017591    0.028930    0.096455    0.180779 ^ clkbuf_1_0__f_clk/X (sg13g2_buf_16)
                                                         clknet_1_0__leaf_clk (net)
                      0.028932    0.000499    0.181278 ^ _292_/CLK (sg13g2_dfrbpq_1)
     4    0.019902    0.113458    0.321621    0.502899 v _292_/Q (sg13g2_dfrbpq_1)
                                                         DPATH.SUM.fa_4.A (net)
                      0.113483    0.001600    0.504499 v fanout30/A (sg13g2_buf_1)
     8    0.030342    0.164828    0.239143    0.743642 v fanout30/X (sg13g2_buf_1)
                                                         net30 (net)
                      0.164875    0.002657    0.746299 v _263_/A1 (sg13g2_a21oi_1)
     1    0.002717    0.058201    0.139314    0.885613 ^ _263_/Y (sg13g2_a21oi_1)
                                                         net19 (net)
                      0.058201    0.000106    0.885719 ^ output19/A (sg13g2_buf_1)
     1    0.013010    0.095022    0.149713    1.035433 ^ output19/X (sg13g2_buf_1)
                                                         sine_out[7] (net)
                      0.095025    0.000662    1.036094 ^ sine_out[7] (out)
                                              1.036094   data arrival time

                                  0.000000    0.000000   clock clk (rise edge)
                                  0.000000    0.000000   clock network delay (propagated)
                                  0.150000    0.150000   clock uncertainty
                                  0.000000    0.150000   clock reconvergence pessimism
                                  0.000000    0.150000   output external delay
                                              0.150000   data required time
---------------------------------------------------------------------------------------------
                                              0.150000   data required time
                                             -1.036094   data arrival time
---------------------------------------------------------------------------------------------
                                              0.886094   slack (MET)


Startpoint: _294_ (rising edge-triggered flip-flop clocked by clk)
Endpoint: sine_out[10] (output port clocked by clk)
Path Group: clk
Path Type: min

Fanout         Cap        Slew       Delay        Time   Description
---------------------------------------------------------------------------------------------
                                  0.000000    0.000000   clock clk (rise edge)
                                  0.000000    0.000000   clock source latency
     1    0.017978    0.000000    0.000000    0.000000 ^ clk (in)
                                                         clk (net)
                      0.000800    0.000400    0.000400 ^ clkbuf_0_clk/A (sg13g2_buf_16)
     2    0.033249    0.033307    0.082549    0.082949 ^ clkbuf_0_clk/X (sg13g2_buf_16)
                                                         clknet_0_clk (net)
                      0.033321    0.001444    0.084394 ^ clkbuf_1_1__f_clk/A (sg13g2_buf_16)
     5    0.021416    0.030286    0.097551    0.181944 ^ clkbuf_1_1__f_clk/X (sg13g2_buf_16)
                                                         clknet_1_1__leaf_clk (net)
                      0.030295    0.001037    0.182981 ^ _294_/CLK (sg13g2_dfrbpq_1)
     3    0.014053    0.101573    0.307449    0.490430 ^ _294_/Q (sg13g2_dfrbpq_1)
                                                         DPATH.SUM.fa_6.A (net)
                      0.101577    0.000749    0.491179 ^ fanout27/A (sg13g2_buf_1)
     4    0.019714    0.136340    0.202223    0.693402 ^ fanout27/X (sg13g2_buf_1)
                                                         net27 (net)
                      0.136352    0.001352    0.694755 ^ _257_/B (sg13g2_nor2_1)
     1    0.003548    0.051211    0.081955    0.776710 v _257_/Y (sg13g2_nor2_1)
                                                         _080_ (net)
                      0.051211    0.000141    0.776851 v _266_/B1 (sg13g2_o21ai_1)
     1    0.005943    0.063376    0.075999    0.852850 ^ _266_/Y (sg13g2_o21ai_1)
                                                         _083_ (net)
                      0.063414    0.000752    0.853601 ^ _267_/B (sg13g2_nand2_1)
     1    0.003251    0.052908    0.086355    0.939957 v _267_/Y (sg13g2_nand2_1)
                                                         net5 (net)
                      0.052908    0.000128    0.940085 v output5/A (sg13g2_buf_1)
     1    0.010915    0.069614    0.135070    1.075155 v output5/X (sg13g2_buf_1)
                                                         sine_out[10] (net)
                      0.069616    0.000467    1.075622 v sine_out[10] (out)
                                              1.075622   data arrival time

                                  0.000000    0.000000   clock clk (rise edge)
                                  0.000000    0.000000   clock network delay (propagated)
                                  0.150000    0.150000   clock uncertainty
                                  0.000000    0.150000   clock reconvergence pessimism
                                  0.000000    0.150000   output external delay
                                              0.150000   data required time
---------------------------------------------------------------------------------------------
                                              0.150000   data required time
                                             -1.075622   data arrival time
---------------------------------------------------------------------------------------------
                                              0.925622   slack (MET)


Startpoint: _294_ (rising edge-triggered flip-flop clocked by clk)
Endpoint: sine_out[4] (output port clocked by clk)
Path Group: clk
Path Type: min

Fanout         Cap        Slew       Delay        Time   Description
---------------------------------------------------------------------------------------------
                                  0.000000    0.000000   clock clk (rise edge)
                                  0.000000    0.000000   clock source latency
     1    0.017978    0.000000    0.000000    0.000000 ^ clk (in)
                                                         clk (net)
                      0.000800    0.000400    0.000400 ^ clkbuf_0_clk/A (sg13g2_buf_16)
     2    0.033249    0.033307    0.082549    0.082949 ^ clkbuf_0_clk/X (sg13g2_buf_16)
                                                         clknet_0_clk (net)
                      0.033321    0.001444    0.084394 ^ clkbuf_1_1__f_clk/A (sg13g2_buf_16)
     5    0.021416    0.030286    0.097551    0.181944 ^ clkbuf_1_1__f_clk/X (sg13g2_buf_16)
                                                         clknet_1_1__leaf_clk (net)
                      0.030295    0.001037    0.182981 ^ _294_/CLK (sg13g2_dfrbpq_1)
     3    0.014053    0.101573    0.307449    0.490430 ^ _294_/Q (sg13g2_dfrbpq_1)
                                                         DPATH.SUM.fa_6.A (net)
                      0.101578    0.000816    0.491246 ^ fanout25/A (sg13g2_buf_1)
     8    0.037538    0.245013    0.280375    0.771621 ^ fanout25/X (sg13g2_buf_1)
                                                         net25 (net)
                      0.245032    0.001810    0.773431 ^ _258_/A (sg13g2_nor3_1)
     1    0.012026    0.108747    0.186311    0.959742 v _258_/Y (sg13g2_nor3_1)
                                                         net16 (net)
                      0.108749    0.000670    0.960413 v output16/A (sg13g2_buf_1)
     1    0.017587    0.103690    0.188244    1.148657 v output16/X (sg13g2_buf_1)
                                                         sine_out[4] (net)
                      0.103715    0.001556    1.150213 v sine_out[4] (out)
                                              1.150213   data arrival time

                                  0.000000    0.000000   clock clk (rise edge)
                                  0.000000    0.000000   clock network delay (propagated)
                                  0.150000    0.150000   clock uncertainty
                                  0.000000    0.150000   clock reconvergence pessimism
                                  0.000000    0.150000   output external delay
                                              0.150000   data required time
---------------------------------------------------------------------------------------------
                                              0.150000   data required time
                                             -1.150213   data arrival time
---------------------------------------------------------------------------------------------
                                              1.000213   slack (MET)


Startpoint: _294_ (rising edge-triggered flip-flop clocked by clk)
Endpoint: sine_out[0] (output port clocked by clk)
Path Group: clk
Path Type: min

Fanout         Cap        Slew       Delay        Time   Description
---------------------------------------------------------------------------------------------
                                  0.000000    0.000000   clock clk (rise edge)
                                  0.000000    0.000000   clock source latency
     1    0.017978    0.000000    0.000000    0.000000 ^ clk (in)
                                                         clk (net)
                      0.000800    0.000400    0.000400 ^ clkbuf_0_clk/A (sg13g2_buf_16)
     2    0.033249    0.033307    0.082549    0.082949 ^ clkbuf_0_clk/X (sg13g2_buf_16)
                                                         clknet_0_clk (net)
                      0.033321    0.001444    0.084394 ^ clkbuf_1_1__f_clk/A (sg13g2_buf_16)
     5    0.021416    0.030286    0.097551    0.181944 ^ clkbuf_1_1__f_clk/X (sg13g2_buf_16)
                                                         clknet_1_1__leaf_clk (net)
                      0.030295    0.001037    0.182981 ^ _294_/CLK (sg13g2_dfrbpq_1)
     3    0.014053    0.101573    0.307449    0.490430 ^ _294_/Q (sg13g2_dfrbpq_1)
                                                         DPATH.SUM.fa_6.A (net)
                      0.101577    0.000749    0.491179 ^ fanout27/A (sg13g2_buf_1)
     4    0.019714    0.136340    0.202223    0.693402 ^ fanout27/X (sg13g2_buf_1)
                                                         net27 (net)
                      0.136349    0.001221    0.694623 ^ _198_/A (sg13g2_nor4_1)
     1    0.004325    0.047482    0.115635    0.810258 v _198_/Y (sg13g2_nor4_1)
                                                         _025_ (net)
                      0.047482    0.000169    0.810428 v _216_/A2 (sg13g2_a22oi_1)
     1    0.007798    0.134916    0.167069    0.977496 ^ _216_/Y (sg13g2_a22oi_1)
                                                         net4 (net)
                      0.134917    0.000566    0.978063 ^ output4/A (sg13g2_buf_1)
     1    0.012257    0.091940    0.181101    1.159164 ^ output4/X (sg13g2_buf_1)
                                                         sine_out[0] (net)
                      0.091943    0.000632    1.159796 ^ sine_out[0] (out)
                                              1.159796   data arrival time

                                  0.000000    0.000000   clock clk (rise edge)
                                  0.000000    0.000000   clock network delay (propagated)
                                  0.150000    0.150000   clock uncertainty
                                  0.000000    0.150000   clock reconvergence pessimism
                                  0.000000    0.150000   output external delay
                                              0.150000   data required time
---------------------------------------------------------------------------------------------
                                              0.150000   data required time
                                             -1.159796   data arrival time
---------------------------------------------------------------------------------------------
                                              1.009796   slack (MET)


Startpoint: _292_ (rising edge-triggered flip-flop clocked by clk)
Endpoint: sine_out[2] (output port clocked by clk)
Path Group: clk
Path Type: min

Fanout         Cap        Slew       Delay        Time   Description
---------------------------------------------------------------------------------------------
                                  0.000000    0.000000   clock clk (rise edge)
                                  0.000000    0.000000   clock source latency
     1    0.017978    0.000000    0.000000    0.000000 ^ clk (in)
                                                         clk (net)
                      0.000800    0.000400    0.000400 ^ clkbuf_0_clk/A (sg13g2_buf_16)
     2    0.033249    0.033307    0.082549    0.082949 ^ clkbuf_0_clk/X (sg13g2_buf_16)
                                                         clknet_0_clk (net)
                      0.033320    0.001375    0.084324 ^ clkbuf_1_0__f_clk/A (sg13g2_buf_16)
     5    0.017591    0.028930    0.096455    0.180779 ^ clkbuf_1_0__f_clk/X (sg13g2_buf_16)
                                                         clknet_1_0__leaf_clk (net)
                      0.028932    0.000499    0.181278 ^ _292_/CLK (sg13g2_dfrbpq_1)
     4    0.019902    0.113458    0.321621    0.502899 v _292_/Q (sg13g2_dfrbpq_1)
                                                         DPATH.SUM.fa_4.A (net)
                      0.113483    0.001600    0.504499 v fanout30/A (sg13g2_buf_1)
     8    0.030342    0.164828    0.239143    0.743642 v fanout30/X (sg13g2_buf_1)
                                                         net30 (net)
                      0.164850    0.001947    0.745589 v _251_/A1 (sg13g2_a21oi_1)
     1    0.002830    0.059811    0.140404    0.885993 ^ _251_/Y (sg13g2_a21oi_1)
                                                         _076_ (net)
                      0.059811    0.000111    0.886104 ^ _252_/B (sg13g2_nand2b_1)
     1    0.003470    0.057216    0.090346    0.976451 v _252_/Y (sg13g2_nand2b_1)
                                                         _077_ (net)
                      0.057216    0.000136    0.976587 v _253_/B1 (sg13g2_o21ai_1)
     1    0.007494    0.074855    0.087180    1.063767 ^ _253_/Y (sg13g2_o21ai_1)
                                                         net14 (net)
                      0.074866    0.000741    1.064508 ^ output14/A (sg13g2_buf_1)
     1    0.013429    0.097805    0.160363    1.224871 ^ output14/X (sg13g2_buf_1)
                                                         sine_out[2] (net)
                      0.097808    0.000703    1.225574 ^ sine_out[2] (out)
                                              1.225574   data arrival time

                                  0.000000    0.000000   clock clk (rise edge)
                                  0.000000    0.000000   clock network delay (propagated)
                                  0.150000    0.150000   clock uncertainty
                                  0.000000    0.150000   clock reconvergence pessimism
                                  0.000000    0.150000   output external delay
                                              0.150000   data required time
---------------------------------------------------------------------------------------------
                                              0.150000   data required time
                                             -1.225574   data arrival time
---------------------------------------------------------------------------------------------
                                              1.075574   slack (MET)



