
===========================================================================
report_checks -unconstrained
===========================================================================
======================= nom_typ_1p20V_25C Corner ===================================

Startpoint: _290_ (rising edge-triggered flip-flop clocked by clk)
Endpoint: DATA[0] (output port clocked by clk)
Path Group: clk
Path Type: max

Fanout         Cap        Slew       Delay        Time   Description
---------------------------------------------------------------------------------------------
                                  0.000000    0.000000   clock clk (rise edge)
                                  0.000000    0.000000   clock source latency
     1    0.021221    0.000000    0.000000    0.000000 ^ clk (in)
                                                         clk (net)
                      0.003114    0.001557    0.001557 ^ clkbuf_0_clk/A (sg13g2_buf_16)
     2    0.040803    0.022872    0.055763    0.057320 ^ clkbuf_0_clk/X (sg13g2_buf_16)
                                                         clknet_0_clk (net)
                      0.022914    0.001691    0.059011 ^ clkbuf_1_0__f_clk/A (sg13g2_buf_16)
     5    0.020498    0.019235    0.061856    0.120867 ^ clkbuf_1_0__f_clk/X (sg13g2_buf_16)
                                                         clknet_1_0__leaf_clk (net)
                      0.019237    0.000414    0.121281 ^ _290_/CLK (sg13g2_dfrbpq_1)
     4    0.021666    0.094890    0.215605    0.336887 ^ _290_/Q (sg13g2_dfrbpq_1)
                                                         DPATH.SUM.fa_2.A (net)
                      0.094920    0.001633    0.338520 ^ fanout37/A (sg13g2_buf_1)
     8    0.040745    0.171383    0.194812    0.533332 ^ fanout37/X (sg13g2_buf_1)
                                                         net37 (net)
                      0.171411    0.001815    0.535147 ^ fanout36/A (sg13g2_buf_1)
     8    0.045211    0.189765    0.228117    0.763264 ^ fanout36/X (sg13g2_buf_1)
                                                         net36 (net)
                      0.189988    0.005343    0.768607 ^ _164_/B (sg13g2_and2_1)
     5    0.022216    0.101868    0.192616    0.961223 ^ _164_/X (sg13g2_and2_1)
                                                         _113_ (net)
                      0.101879    0.001076    0.962299 ^ _180_/A2 (sg13g2_a21oi_1)
     4    0.022520    0.172871    0.172438    1.134738 v _180_/Y (sg13g2_a21oi_1)
                                                         _128_ (net)
                      0.172892    0.001850    1.136587 v _181_/B (sg13g2_and2_1)
     2    0.011866    0.049240    0.148849    1.285437 v _181_/X (sg13g2_and2_1)
                                                         _129_ (net)
                      0.049247    0.000610    1.286047 v _182_/B1 (sg13g2_o21ai_1)
     1    0.004014    0.086751    0.046985    1.333032 ^ _182_/Y (sg13g2_o21ai_1)
                                                         _009_ (net)
                      0.086751    0.000159    1.333191 ^ _183_/A2 (sg13g2_a21oi_1)
     1    0.005096    0.054866    0.087412    1.420603 v _183_/Y (sg13g2_a21oi_1)
                                                         _010_ (net)
                      0.054867    0.000381    1.420984 v _198_/B (sg13g2_nor4_1)
     1    0.005260    0.150641    0.173408    1.594393 ^ _198_/Y (sg13g2_nor4_1)
                                                         _025_ (net)
                      0.150641    0.000216    1.594608 ^ _216_/A2 (sg13g2_a22oi_1)
     1    0.008913    0.086980    0.131750    1.726359 v _216_/Y (sg13g2_a22oi_1)
                                                         net2 (net)
                      0.086985    0.000700    1.727059 v output2/A (sg13g2_buf_1)
     1    0.012257    0.047868    0.109412    1.836470 v output2/X (sg13g2_buf_1)
                                                         DATA[0] (net)
                      0.047876    0.000631    1.837102 v DATA[0] (out)
                                              1.837102   data arrival time

                                  5.000000    5.000000   clock clk (rise edge)
                                  0.000000    5.000000   clock network delay (propagated)
                                 -0.150000    4.850000   clock uncertainty
                                  0.000000    4.850000   clock reconvergence pessimism
                                 -1.000000    3.850000   output external delay
                                              3.850000   data required time
---------------------------------------------------------------------------------------------
                                              3.850000   data required time
                                             -1.837102   data arrival time
---------------------------------------------------------------------------------------------
                                              2.012898   slack (MET)




===========================================================================
report_checks --slack_max -0.01
============================================================================
======================= nom_typ_1p20V_25C Corner ===================================

No paths found.


===========================================================================
 report_check_types -max_slew -max_cap -max_fanout -violators
============================================================================
======================= nom_typ_1p20V_25C Corner ===================================



===========================================================================
report_parasitic_annotation -report_unannotated
============================================================================
Found 1 unannotated drivers.
 clkload0/Y
Found 0 partially unannotated drivers.

===========================================================================
max slew violation count 0
max fanout violation count 0
max cap violation count 0
============================================================================

===========================================================================
check_setup -verbose -unconstrained_endpoints -multiple_clock -no_clock -no_input_delay -loops -generated_clocks
===========================================================================
Warning: There is 1 input port missing set_input_delay.
  rst
