Clock: clk
Sources: clk 
Generated: no
Virtual: yes
Propagated: no
Period: 5.000000

===========================================================================
report_clock_properties
============================================================================
Clock                   Period          Waveform
----------------------------------------------------
clk                   5.000000    0.000000  2.500000

===========================================================================
report_clock_latency
============================================================================
Clock clk
rise -> rise
    min     max
0.000000 0.000000 source latency
0.118414         network latency _289_/CLK
        0.124086 network latency _293_/CLK
---------------
0.118414 0.124086 latency
        0.005672 skew

fall -> fall
    min     max
0.000000 0.000000 source latency
0.131489         network latency _289_/CLK
        0.136692 network latency _293_/CLK
---------------
0.131489 0.136692 latency
        0.005203 skew



===========================================================================
report_clock_min_period
============================================================================
clk period_min = 1.92 fmax = 520.87
