Clock: clk
Sources: clk 
Generated: no
Virtual: yes
Propagated: no
Period: 5.000000

===========================================================================
report_clock_properties
============================================================================
Clock                   Period          Waveform
----------------------------------------------------
clk                   5.000000    0.000000  2.500000

===========================================================================
report_clock_latency
============================================================================
Clock clk
rise -> rise
    min     max
0.000000 0.000000 source latency
0.086143         network latency _298_/CLK
        0.086951 network latency _296_/CLK
---------------
0.086143 0.086951 latency
        0.000808 skew

fall -> fall
    min     max
0.000000 0.000000 source latency
0.091576         network latency _294_/CLK
        0.092340 network latency _296_/CLK
---------------
0.091576 0.092340 latency
        0.000764 skew



===========================================================================
report_clock_min_period
============================================================================
clk period_min = 1.27 fmax = 786.72
