
===========================================================================
report_checks -unconstrained
===========================================================================
======================= nom_typ_1p20V_25C Corner ===================================

Startpoint: rst (input port clocked by clk)
Endpoint: _297_ (recovery check against rising-edge clock clk)
Path Group: asynchronous
Path Type: max

Fanout         Cap        Slew       Delay        Time   Description
---------------------------------------------------------------------------------------------
                                  0.000000    0.000000   clock clk (rise edge)
                                  0.000000    0.000000   clock network delay (propagated)
                                  1.000000    1.000000 v input external delay
     1    0.002958    0.017161    0.002150    1.002150 v rst (in)
                                                         rst (net)
                      0.017161    0.000000    1.002150 v input1/A (sg13g2_buf_1)
     2    0.018697    0.066208    0.094704    1.096854 v input1/X (sg13g2_buf_1)
                                                         net1 (net)
                      0.066273    0.001459    1.098313 v fanout78/A (sg13g2_buf_8)
     8    0.036605    0.029777    0.097493    1.195806 v fanout78/X (sg13g2_buf_8)
                                                         net78 (net)
                      0.030186    0.003012    1.198818 v _288_/A (sg13g2_inv_1)
     1    0.007252    0.038197    0.042074    1.240892 ^ _288_/Y (sg13g2_inv_1)
                                                         _004_ (net)
                      0.038210    0.000549    1.241441 ^ _297_/RESET_B (sg13g2_dfrbpq_1)
                                              1.241441   data arrival time

                                  5.000000    5.000000   clock clk (rise edge)
                                  0.000000    5.000000   clock source latency
     1    0.017562    0.033145    0.015245    5.015245 ^ clk (in)
                                                         clk (net)
                      0.033171    0.000000    5.015245 ^ clkbuf_0_clk/A (sg13g2_buf_8)
     2    0.022242    0.024735    0.071083    5.086328 ^ clkbuf_0_clk/X (sg13g2_buf_8)
                                                         clknet_0_clk (net)
                      0.024746    0.000951    5.087279 ^ clkbuf_1_1__f_clk/A (sg13g2_buf_8)
     5    0.021030    0.023805    0.066537    5.153815 ^ clkbuf_1_1__f_clk/X (sg13g2_buf_8)
                                                         clknet_1_1__leaf_clk (net)
                      0.023806    0.000504    5.154319 ^ _297_/CLK (sg13g2_dfrbpq_1)
                                 -0.250000    4.904319   clock uncertainty
                                  0.000000    4.904319   clock reconvergence pessimism
                                 -0.125068    4.779251   library recovery time
                                              4.779251   data required time
---------------------------------------------------------------------------------------------
                                              4.779251   data required time
                                             -1.241441   data arrival time
---------------------------------------------------------------------------------------------
                                              3.537809   slack (MET)


Startpoint: _294_ (rising edge-triggered flip-flop clocked by clk)
Endpoint: sine_out[1] (output port clocked by clk)
Path Group: clk
Path Type: max

Fanout         Cap        Slew       Delay        Time   Description
---------------------------------------------------------------------------------------------
                                  0.000000    0.000000   clock clk (rise edge)
                                  0.000000    0.000000   clock source latency
     1    0.017562    0.033145    0.015245    0.015245 ^ clk (in)
                                                         clk (net)
                      0.033171    0.000000    0.015245 ^ clkbuf_0_clk/A (sg13g2_buf_8)
     2    0.022242    0.024735    0.071083    0.086328 ^ clkbuf_0_clk/X (sg13g2_buf_8)
                                                         clknet_0_clk (net)
                      0.024735    0.000423    0.086751 ^ clkbuf_1_0__f_clk/A (sg13g2_buf_8)
     5    0.021308    0.023927    0.066628    0.153379 ^ clkbuf_1_0__f_clk/X (sg13g2_buf_8)
                                                         clknet_1_0__leaf_clk (net)
                      0.023934    0.000721    0.154100 ^ _294_/CLK (sg13g2_dfrbpq_1)
     1    0.002170    0.017616    0.159706    0.313806 v _294_/Q (sg13g2_dfrbpq_1)
                                                         DPATH.SUM.fa_1.A (net)
                      0.017616    0.000081    0.313887 v hold4/A (sg13g2_dlygate4sd3_1)
     1    0.008903    0.053770    0.385580    0.699467 v hold4/X (sg13g2_dlygate4sd3_1)
                                                         net40 (net)
                      0.053770    0.000704    0.700171 v fanout75/A (sg13g2_buf_8)
     5    0.037875    0.029801    0.091337    0.791508 v fanout75/X (sg13g2_buf_8)
                                                         net75 (net)
                      0.030714    0.004010    0.795518 v fanout74/A (sg13g2_buf_8)
     5    0.029989    0.026488    0.078676    0.874194 v fanout74/X (sg13g2_buf_8)
                                                         net74 (net)
                      0.026497    0.000799    0.874993 v fanout73/A (sg13g2_buf_8)
     8    0.038977    0.029270    0.079476    0.954469 v fanout73/X (sg13g2_buf_8)
                                                         net73 (net)
                      0.029579    0.002143    0.956612 v _146_/A1 (sg13g2_o21ai_1)
     4    0.016526    0.191265    0.179250    1.135862 ^ _146_/Y (sg13g2_o21ai_1)
                                                         _114_ (net)
                      0.191274    0.001066    1.136928 ^ _234_/A2 (sg13g2_a21oi_1)
     2    0.007138    0.077793    0.127028    1.263956 v _234_/Y (sg13g2_a21oi_1)
                                                         _059_ (net)
                      0.077793    0.000219    1.264175 v _267_/A1 (sg13g2_o21ai_1)
     1    0.003726    0.076205    0.107874    1.372048 ^ _267_/Y (sg13g2_o21ai_1)
                                                         _091_ (net)
                      0.076206    0.000148    1.372197 ^ _270_/A1 (sg13g2_a21oi_1)
     1    0.005749    0.060596    0.082928    1.455124 v _270_/Y (sg13g2_a21oi_1)
                                                         _094_ (net)
                      0.060597    0.000596    1.455720 v _273_/A (sg13g2_nor2_1)
     1    0.005584    0.070239    0.082218    1.537939 ^ _273_/Y (sg13g2_nor2_1)
                                                         _097_ (net)
                      0.070239    0.000232    1.538170 ^ _274_/B1 (sg13g2_a22oi_1)
     1    0.008347    0.079645    0.089107    1.627277 v _274_/Y (sg13g2_a22oi_1)
                                                         net15 (net)
                      0.079656    0.000847    1.628124 v output15/A (sg13g2_buf_1)
     1    0.014232    0.053489    0.110952    1.739076 v output15/X (sg13g2_buf_1)
                                                         sine_out[1] (net)
                      0.053516    0.001119    1.740196 v sine_out[1] (out)
                                              1.740196   data arrival time

                                  5.000000    5.000000   clock clk (rise edge)
                                  0.000000    5.000000   clock network delay (propagated)
                                 -0.250000    4.750000   clock uncertainty
                                  0.000000    4.750000   clock reconvergence pessimism
                                 -1.000000    3.750000   output external delay
                                              3.750000   data required time
---------------------------------------------------------------------------------------------
                                              3.750000   data required time
                                             -1.740196   data arrival time
---------------------------------------------------------------------------------------------
                                              2.009804   slack (MET)




===========================================================================
report_checks --slack_max -0.01
============================================================================
======================= nom_typ_1p20V_25C Corner ===================================

No paths found.


===========================================================================
 report_check_types -max_slew -max_cap -max_fanout -violators
============================================================================
======================= nom_typ_1p20V_25C Corner ===================================



===========================================================================
report_parasitic_annotation -report_unannotated
============================================================================
Found 1 unannotated drivers.
 clkload0/Y
Found 0 partially unannotated drivers.

===========================================================================
max slew violation count 0
max fanout violation count 0
max cap violation count 0
============================================================================

===========================================================================
check_setup -verbose -unconstrained_endpoints -multiple_clock -no_clock -no_input_delay -loops -generated_clocks
===========================================================================
