
===========================================================================
 report_power
============================================================================
======================= nom_typ_1p20V_25C Corner ===================================

Group                    Internal    Switching      Leakage        Total
                            Power        Power        Power        Power (Watts)
------------------------------------------------------------------------
Sequential           9.498890e-05 0.000000e+00 4.566787e-09 9.499347e-05  99.0%
Combinational        2.951054e-07 6.755702e-07 2.788332e-08 9.985589e-07   1.0%
Clock                0.000000e+00 0.000000e+00 0.000000e+00 0.000000e+00   0.0%
Macro                0.000000e+00 0.000000e+00 0.000000e+00 0.000000e+00   0.0%
Pad                  0.000000e+00 0.000000e+00 0.000000e+00 0.000000e+00   0.0%
------------------------------------------------------------------------
Total                9.528400e-05 6.755702e-07 3.245011e-08 9.599202e-05 100.0%
                            99.3%         0.7%         0.0%
Writing metric power__internal__total: 9.528399823466316e-5
Writing metric power__switching__total: 6.755702202099201e-7
Writing metric power__leakage__total: 3.24501137072275e-8
Writing metric power__total: 9.599202167009935e-5

