Clock: clk
Sources: clk 
Generated: no
Virtual: yes
Propagated: no
Period: 5.000000

===========================================================================
report_clock_properties
============================================================================
Clock                   Period          Waveform
----------------------------------------------------
clk                   5.000000    0.000000  2.500000

===========================================================================
report_clock_latency
============================================================================
Clock clk
rise -> rise
    min     max
0.000000 0.000000 source latency
0.121307         network latency _288_/CLK
        0.124876 network latency _293_/CLK
---------------
0.121307 0.124876 latency
        0.003569 skew

fall -> fall
    min     max
0.000000 0.000000 source latency
0.133984         network latency _288_/CLK
        0.137206 network latency _293_/CLK
---------------
0.133984 0.137206 latency
        0.003222 skew



===========================================================================
report_clock_min_period
============================================================================
clk period_min = 2.03 fmax = 491.81
