
===========================================================================
 report_power
============================================================================
======================= nom_fast_1p32V_m40C Corner ===================================

Group                    Internal    Switching      Leakage        Total
                            Power        Power        Power        Power (Watts)
------------------------------------------------------------------------
Sequential           1.139293e-04 0.000000e+00 9.376656e-09 1.139387e-04  58.0%
Combinational        7.617514e-07 1.889161e-06 8.872102e-08 2.739633e-06   1.4%
Clock                5.591069e-05 2.364154e-05 1.376714e-07 7.968990e-05  40.6%
Macro                0.000000e+00 0.000000e+00 0.000000e+00 0.000000e+00   0.0%
Pad                  0.000000e+00 0.000000e+00 0.000000e+00 0.000000e+00   0.0%
------------------------------------------------------------------------
Total                1.706017e-04 2.553069e-05 2.357692e-07 1.963682e-04 100.0%
                            86.9%        13.0%         0.1%

