124. Printing statistics.

=== DigitalSine ===

        +----------Local Count, excluding submodules.
        |        +-Local Area, excluding submodules.
        |        | 
      195        - wires
      212        - wire bits
       22        - public wires
       39        - public wire bits
        5        - ports
       22        - port bits
      210  440.899 cells
       52        -   $_ANDNOT_
        2        -   $_AND_
       65        -   $_MUX_
        9        -   $_NAND_
        6        -   $_NOR_
       21        -   $_NOT_
        3        -   $_ORNOT_
       28        -   $_OR_
        8        -   $_XNOR_
        7        -   $_XOR_
        9  440.899   sg13g2_dfrbpq_1

   Area for cell type $_ANDNOT_ is unknown!
   Area for cell type $_AND_ is unknown!
   Area for cell type $_MUX_ is unknown!
   Area for cell type $_NAND_ is unknown!
   Area for cell type $_NOR_ is unknown!
   Area for cell type $_NOT_ is unknown!
   Area for cell type $_ORNOT_ is unknown!
   Area for cell type $_OR_ is unknown!
   Area for cell type $_XNOR_ is unknown!
   Area for cell type $_XOR_ is unknown!

   Chip area for module '\DigitalSine': 440.899200
     of which used for sequential elements: 440.899200 (100.00%)

