118. Printing statistics.

=== DigitalSine ===

        +----------Local Count, excluding submodules.
        | 
      186 wires
      203 wire bits
       22 public wires
       39 public wire bits
        5 ports
       22 port bits
      201 cells
       52   $_ANDNOT_
        2   $_AND_
        9   $_DFF_PP0_
       65   $_MUX_
        9   $_NAND_
        6   $_NOR_
       12   $_NOT_
        3   $_ORNOT_
       28   $_OR_
        8   $_XNOR_
        7   $_XOR_

   Area for cell type $_ANDNOT_ is unknown!
   Area for cell type $_AND_ is unknown!
   Area for cell type $_DFF_PP0_ is unknown!
   Area for cell type $_MUX_ is unknown!
   Area for cell type $_NAND_ is unknown!
   Area for cell type $_NOR_ is unknown!
   Area for cell type $_NOT_ is unknown!
   Area for cell type $_ORNOT_ is unknown!
   Area for cell type $_OR_ is unknown!
   Area for cell type $_XNOR_ is unknown!
   Area for cell type $_XOR_ is unknown!

