132. Printing statistics.

=== DigitalSine ===

        +----------Local Count, excluding submodules.
        |        +-Local Area, excluding submodules.
        |        | 
      160        - wires
      177        - wire bits
       22        - public wires
       39        - public wire bits
        5        - ports
       22        - port bits
      175 1.93E+03 cells
       26  235.872   sg13g2_a21oi_1
        2    29.03   sg13g2_a221oi_1
        2   21.697   sg13g2_a22oi_1
        8   72.576   sg13g2_and2_1
        2   25.402   sg13g2_and3_1
        9  440.899   sg13g2_dfrbpq_1
       16   87.091   sg13g2_inv_1
       19  137.894   sg13g2_nand2_1
        2   18.144   sg13g2_nand2b_1
        7   63.504   sg13g2_nand3_1
        2   25.402   sg13g2_nand3b_1
       22  159.667   sg13g2_nor2_1
        2   18.144   sg13g2_nor2b_1
        9   81.648   sg13g2_nor3_1
        2   21.773   sg13g2_nor4_1
       22  199.584   sg13g2_o21ai_1
        8   72.576   sg13g2_or2_1
        8  116.122   sg13g2_xnor2_1
        7  101.606   sg13g2_xor2_1

   Chip area for module '\DigitalSine': 1928.631600
     of which used for sequential elements: 440.899200 (22.86%)

