126. Printing statistics.

=== DigitalSine ===

        +----------Local Count, excluding submodules.
        |        +-Local Area, excluding submodules.
        |        | 
      214        - wires
      231        - wire bits
       22        - public wires
       39        - public wire bits
        5        - ports
       22        - port bits
      229  440.899 cells
       17        -   $_ANDNOT_
       47        -   $_AND_
        8        -   $_MUX_
       64        -   $_NAND_
       14        -   $_NOR_
       13        -   $_NOT_
       16        -   $_ORNOT_
       26        -   $_OR_
        6        -   $_XNOR_
        9        -   $_XOR_
        9  440.899   sg13g2_dfrbpq_1

   Area for cell type $_ANDNOT_ is unknown!
   Area for cell type $_AND_ is unknown!
   Area for cell type $_MUX_ is unknown!
   Area for cell type $_NAND_ is unknown!
   Area for cell type $_NOR_ is unknown!
   Area for cell type $_NOT_ is unknown!
   Area for cell type $_ORNOT_ is unknown!
   Area for cell type $_OR_ is unknown!
   Area for cell type $_XNOR_ is unknown!
   Area for cell type $_XOR_ is unknown!

   Chip area for module '\DigitalSine': 440.899200
     of which used for sequential elements: 440.899200 (100.00%)

