Reading timing models for corner nom_fast_1p32V_m40C…
Reading timing library for the 'nom_fast_1p32V_m40C' corner at '/opt/pdks/ciel/ihp-sg13g2/versions/c4b8b4e5e7a05f375cca3815d51b3a37721fbf5c/ihp-sg13g2/libs.ref/sg13g2_stdcell/lib/sg13g2_stdcell_fast_1p32V_m40C.lib'…
Reading timing library for the 'nom_fast_1p32V_m40C' corner at '/opt/pdks/ciel/ihp-sg13g2/versions/c4b8b4e5e7a05f375cca3815d51b3a37721fbf5c/ihp-sg13g2/libs.ref/sg13g2_io/lib/sg13g2_io_fast_1p32V_3p6V_m40C.lib'…
Reading timing models for corner nom_slow_1p08V_125C…
Reading timing library for the 'nom_slow_1p08V_125C' corner at '/opt/pdks/ciel/ihp-sg13g2/versions/c4b8b4e5e7a05f375cca3815d51b3a37721fbf5c/ihp-sg13g2/libs.ref/sg13g2_stdcell/lib/sg13g2_stdcell_slow_1p08V_125C.lib'…
Reading timing library for the 'nom_slow_1p08V_125C' corner at '/opt/pdks/ciel/ihp-sg13g2/versions/c4b8b4e5e7a05f375cca3815d51b3a37721fbf5c/ihp-sg13g2/libs.ref/sg13g2_io/lib/sg13g2_io_slow_1p08V_3p0V_125C.lib'…
Reading timing models for corner nom_typ_1p20V_25C…
Reading timing library for the 'nom_typ_1p20V_25C' corner at '/opt/pdks/ciel/ihp-sg13g2/versions/c4b8b4e5e7a05f375cca3815d51b3a37721fbf5c/ihp-sg13g2/libs.ref/sg13g2_stdcell/lib/sg13g2_stdcell_typ_1p20V_25C.lib'…
Reading timing library for the 'nom_typ_1p20V_25C' corner at '/opt/pdks/ciel/ihp-sg13g2/versions/c4b8b4e5e7a05f375cca3815d51b3a37721fbf5c/ihp-sg13g2/libs.ref/sg13g2_io/lib/sg13g2_io_typ_1p2V_3p3V_25C.lib'…
Reading OpenROAD database at '/home/designer/shared/BASIC/current_generator/digital/DigitalSine/runs/RUN_2026-03-28_21-39-37/28-openroad-globalplacement/DigitalSine.odb'…
Reading design constraints file at '/home/designer/shared/BASIC/current_generator/digital/DigitalSine/cons.sdc'…
[WARNING STA-1551] /home/designer/shared/BASIC/current_generator/digital/DigitalSine/cons.sdc line 22, 'rst' is not a valid endpoint.
[WARNING STA-0441] set_input_delay relative to a clock defined on the same port/pin not allowed.
[WARNING STA-0441] set_input_delay relative to a clock defined on the same port/pin not allowed.
[WARNING STA-0441] set_input_delay relative to a clock defined on the same port/pin not allowed.
[WARNING STA-0441] set_input_delay relative to a clock defined on the same port/pin not allowed.
[INFO] No information on clock propagation in input SDC file-- propagating all clocks.
[INFO RSZ-0027] Inserted 1 sg13g2_buf_1 input buffers.
[INFO RSZ-0028] Inserted 20 sg13g2_buf_1 output buffers.
+ repair_design -verbose -max_wire_length 0 -slew_margin 20 -cap_margin 20
Iteration |   Area    | Resized | Buffers | Nets repaired | Remaining
---------------------------------------------------------------------
        0 |     +0.0% |       0 |       0 |             0 |       198
       10 |     +0.0% |       0 |       0 |             0 |       188
       20 |     +0.0% |       0 |       0 |             0 |       178
       30 |     +0.0% |       0 |       0 |             0 |       168
       40 |     +0.0% |       0 |       0 |             0 |       158
       50 |     +0.0% |       0 |       0 |             0 |       148
       60 |     +0.0% |       0 |       0 |             0 |       138
       70 |     +0.0% |       0 |       0 |             0 |       128
       80 |     +0.0% |       0 |       0 |             0 |       118
       90 |     +0.0% |       0 |       0 |             0 |       108
      100 |     +0.0% |       0 |       0 |             0 |        98
      110 |     +0.0% |       0 |       0 |             0 |        88
      120 |     +0.0% |       0 |       0 |             0 |        78
      130 |     +0.0% |       0 |       0 |             0 |        68
      140 |     +0.0% |       0 |       0 |             0 |        58
      150 |     +0.0% |       0 |       0 |             0 |        48
      160 |     +0.0% |       0 |       0 |             0 |        38
      170 |     +0.0% |       0 |       0 |             0 |        28
      180 |     +1.0% |       0 |       3 |             2 |        18
      190 |     +7.0% |       0 |      20 |             9 |         8
    final |     +7.3% |       0 |      21 |            10 |         0
---------------------------------------------------------------------
[INFO RSZ-0035] Found 10 fanout violations.
[INFO RSZ-0038] Inserted 21 buffers in 10 nets.
+ detailed_placement -max_displacement  500 100 
Placement Analysis
---------------------------------
total displacement        919.4 u
average displacement        4.2 u
max displacement           34.1 u
original HPWL            3664.2 u
legalized HPWL           4201.6 u
delta HPWL                   15 %

[INFO DPL-0020] Mirrored 93 instances
[INFO DPL-0021] HPWL before            4201.6 u
[INFO DPL-0022] HPWL after             4092.6 u
[INFO DPL-0023] HPWL delta               -2.6 %
Setting global connections for newly added cells…
[INFO] Setting global connections...
[INFO ODB-0403] 84 connections made, 0 conflicts skipped.
Updating metrics…
Cell type report:                       Count       Area
  Timing Repair Buffer                     42     304.82
  Inverter                                 16      87.09
  Sequential cell                           9     440.90
  Multi-Input combinational cell          150    1400.72
  Total                                   217    2233.53
Writing OpenROAD database to '/home/designer/shared/BASIC/current_generator/digital/DigitalSine/runs/RUN_2026-03-28_21-39-37/32-openroad-repairdesignpostgpl/DigitalSine.odb'…
Writing netlist to '/home/designer/shared/BASIC/current_generator/digital/DigitalSine/runs/RUN_2026-03-28_21-39-37/32-openroad-repairdesignpostgpl/DigitalSine.nl.v'…
Writing powered netlist to '/home/designer/shared/BASIC/current_generator/digital/DigitalSine/runs/RUN_2026-03-28_21-39-37/32-openroad-repairdesignpostgpl/DigitalSine.pnl.v'…
Writing layout to '/home/designer/shared/BASIC/current_generator/digital/DigitalSine/runs/RUN_2026-03-28_21-39-37/32-openroad-repairdesignpostgpl/DigitalSine.def'…
Writing timing constraints to '/home/designer/shared/BASIC/current_generator/digital/DigitalSine/runs/RUN_2026-03-28_21-39-37/32-openroad-repairdesignpostgpl/DigitalSine.sdc'…
