[WARNING ORD-0039] .openroad ignored with -python
                                Cells by Master                                 
┏━━━━━━━━━━━━━━━━━━━━━━━━━━━━━━━━━━━━━━━━━━━━━━━━━━━━━━━━━━━┳━━━━━━━━━━━━━━━━━━┓
┃ Cell                                                      ┃ Count            ┃
┡━━━━━━━━━━━━━━━━━━━━━━━━━━━━━━━━━━━━━━━━━━━━━━━━━━━━━━━━━━━╇━━━━━━━━━━━━━━━━━━┩
│ sg13g2_a21oi_1                                            │ 26               │
│ sg13g2_a221oi_1                                           │ 2                │
│ sg13g2_a22oi_1                                            │ 2                │
│ sg13g2_and2_1                                             │ 8                │
│ sg13g2_and3_1                                             │ 2                │
│ sg13g2_buf_1                                              │ 42               │
│ sg13g2_buf_16                                             │ 3                │
│ sg13g2_decap_4                                            │ 18               │
│ sg13g2_decap_8                                            │ 40               │
│ sg13g2_dfrbpq_1                                           │ 9                │
│ sg13g2_dlygate4sd3_1                                      │ 1                │
│ sg13g2_fill_1                                             │ 50               │
│ sg13g2_fill_2                                             │ 40               │
│ sg13g2_inv_1                                              │ 17               │
│ sg13g2_nand2_1                                            │ 19               │
│ sg13g2_nand2b_1                                           │ 2                │
│ sg13g2_nand3_1                                            │ 7                │
│ sg13g2_nand3b_1                                           │ 2                │
│ sg13g2_nor2_1                                             │ 22               │
│ sg13g2_nor2b_1                                            │ 2                │
│ sg13g2_nor3_1                                             │ 9                │
│ sg13g2_nor4_1                                             │ 2                │
│ sg13g2_o21ai_1                                            │ 22               │
│ sg13g2_or2_1                                              │ 8                │
│ sg13g2_xnor2_1                                            │ 8                │
│ sg13g2_xor2_1                                             │ 7                │
└───────────────────────────────────────────────────────────┴──────────────────┘
                               Cells by Function                                
┏━━━━━━━━━━━━━━━━━━━━━━━━━━━━━━━━━━━━━━━━━━━━━━━━━━━━━┳━━━━━━━━━━━━━━━━━━━━━━━━┓
┃ Cell Function                                       ┃ Count                  ┃
┡━━━━━━━━━━━━━━━━━━━━━━━━━━━━━━━━━━━━━━━━━━━━━━━━━━━━━╇━━━━━━━━━━━━━━━━━━━━━━━━┩
└─────────────────────────────────────────────────────┴────────────────────────┘
                                  Cells by SCL                                  
┏━━━━━━━━━━━━━━━━━━━━━━━━━━━━━━━━━┳━━━━━━━━━━━━━━━━━━━━━━━━━━━━━━━━━━━━━━━━━━━━┓
┃ SCL                             ┃ Count                                      ┃
┡━━━━━━━━━━━━━━━━━━━━━━━━━━━━━━━━━╇━━━━━━━━━━━━━━━━━━━━━━━━━━━━━━━━━━━━━━━━━━━━┩
└─────────────────────────────────┴────────────────────────────────────────────┘
                             Buffers by Cell Master                             
┏━━━━━━━━━━━━━━━━━━━━━━━━━━━━━━━━━━━━━━━━━━━━━━━━━━━━━━━━━━━┳━━━━━━━━━━━━━━━━━━┓
┃ Buffer                                                    ┃ Count            ┃
┡━━━━━━━━━━━━━━━━━━━━━━━━━━━━━━━━━━━━━━━━━━━━━━━━━━━━━━━━━━━╇━━━━━━━━━━━━━━━━━━┩
│ sg13g2_buf_1                                              │ 42               │
│ sg13g2_buf_16                                             │ 3                │
│ sg13g2_dlygate4sd3_1                                      │ 1                │
└───────────────────────────────────────────────────────────┴──────────────────┘
