
===========================================================================
 report_power
============================================================================
======================= nom_typ_1p20V_25C Corner ===================================

Group                    Internal    Switching      Leakage        Total
                            Power        Power        Power        Power (Watts)
------------------------------------------------------------------------
Sequential           1.888562e-05 0.000000e+00 4.691985e-09 1.889031e-05  59.7%
Combinational        2.277340e-07 2.773474e-07 4.177117e-08 5.468526e-07   1.7%
Clock                8.900437e-06 3.305443e-06 2.141074e-09 1.220802e-05  38.6%
Macro                0.000000e+00 0.000000e+00 0.000000e+00 0.000000e+00   0.0%
Pad                  0.000000e+00 0.000000e+00 0.000000e+00 0.000000e+00   0.0%
------------------------------------------------------------------------
Total                2.801379e-05 3.582790e-06 4.860422e-08 3.164518e-05 100.0%
                            88.5%        11.3%         0.2%
Writing metric power__internal__total: 2.801379196171183e-5
Writing metric power__switching__total: 3.5827902138407808e-6
Writing metric power__leakage__total: 4.860421753960509e-8
Writing metric power__total: 3.1645184208173305e-5

