
===========================================================================
report_checks -unconstrained
===========================================================================
======================= nom_fast_1p32V_m40C Corner ===================================

Startpoint: _305_ (rising edge-triggered flip-flop clocked by clk)
Endpoint: sine_out[1] (output port clocked by clk)
Path Group: clk
Path Type: max

Fanout         Cap        Slew       Delay        Time   Description
---------------------------------------------------------------------------------------------
                      0.100000    0.000000    0.000000   clock clk (rise edge)
                                  0.000000    0.000000   clock network delay (ideal)
                      0.100000    0.000000    0.000000 ^ _305_/CLK (sg13g2_dfrbpq_1)
    17    0.061642    0.164873    0.246029    0.246029 ^ _305_/Q (sg13g2_dfrbpq_1)
                                                         DPATH.SUM.fa_1.A (net)
                      0.164873    0.000000    0.246029 ^ _212_/A (sg13g2_xor2_1)
     3    0.008712    0.073017    0.094556    0.340585 v _212_/X (sg13g2_xor2_1)
                                                         _025_ (net)
                      0.073017    0.000000    0.340585 v _213_/B (sg13g2_or2_1)
     4    0.012365    0.038528    0.097964    0.438549 v _213_/X (sg13g2_or2_1)
                                                         _026_ (net)
                      0.038528    0.000000    0.438549 v _214_/C (sg13g2_and3_1)
     3    0.009912    0.031462    0.071439    0.509988 v _214_/X (sg13g2_and3_1)
                                                         _027_ (net)
                      0.031462    0.000000    0.509988 v _249_/A2 (sg13g2_a221oi_1)
     1    0.003191    0.072914    0.093956    0.603944 ^ _249_/Y (sg13g2_a221oi_1)
                                                         _061_ (net)
                      0.072914    0.000000    0.603944 ^ _250_/B (sg13g2_nor2_1)
     1    0.003275    0.027295    0.031703    0.635647 v _250_/Y (sg13g2_nor2_1)
                                                         _062_ (net)
                      0.027295    0.000000    0.635647 v _256_/B (sg13g2_nor4_1)
     1    0.003144    0.079660    0.090124    0.725771 ^ _256_/Y (sg13g2_nor4_1)
                                                         _068_ (net)
                      0.079660    0.000000    0.725771 ^ _267_/B1 (sg13g2_a21oi_1)
     1    0.010000    0.060316    0.050558    0.776329 v _267_/Y (sg13g2_a21oi_1)
                                                         sine_out[1] (net)
                      0.060316    0.000000    0.776329 v sine_out[1] (out)
                                              0.776329   data arrival time

                      0.100000    5.000000    5.000000   clock clk (rise edge)
                                  0.000000    5.000000   clock network delay (ideal)
                                 -0.150000    4.850000   clock uncertainty
                                  0.000000    4.850000   clock reconvergence pessimism
                                 -1.000000    3.850000   output external delay
                                              3.850000   data required time
---------------------------------------------------------------------------------------------
                                              3.850000   data required time
                                             -0.776329   data arrival time
---------------------------------------------------------------------------------------------
                                              3.073671   slack (MET)




===========================================================================
report_checks --slack_max -0.01
============================================================================
======================= nom_fast_1p32V_m40C Corner ===================================

No paths found.


===========================================================================
 report_check_types -max_slew -max_cap -max_fanout -violators
============================================================================
======================= nom_fast_1p32V_m40C Corner ===================================

max fanout

Pin                                   Limit Fanout  Slack
---------------------------------------------------------
_308_/Q                                   8     24    -16 (VIOLATED)
_307_/Q                                   8     19    -11 (VIOLATED)
_309_/Q                                   8     19    -11 (VIOLATED)
_305_/Q                                   8     17     -9 (VIOLATED)
_310_/Q                                   8     17     -9 (VIOLATED)
_304_/Q                                   8     16     -8 (VIOLATED)
_312_/Q                                   8     13     -5 (VIOLATED)
_138_/Y                                   8     11     -3 (VIOLATED)
_306_/Q                                   8     11     -3 (VIOLATED)



===========================================================================
report_parasitic_annotation -report_unannotated
============================================================================
Found 177 unannotated drivers.
 clk
 rst
 _138_/Y
 _139_/Y
 _140_/Y
 _141_/Y
 _142_/Y
 _143_/Y
 _144_/X
 _145_/Y
 _146_/Y
 _147_/Y
 _148_/Y
 _149_/Y
 _150_/Y
 _151_/Y
 _152_/Y
 _153_/Y
 _154_/Y
 _155_/X
 _156_/Y
 _157_/X
 _158_/X
 _159_/Y
 _160_/Y
 _161_/X
 _162_/Y
 _163_/Y
 _164_/X
 _165_/Y
 _166_/Y
 _167_/Y
 _168_/Y
 _169_/Y
 _170_/Y
 _171_/Y
 _172_/X
 _173_/Y
 _174_/Y
 _175_/Y
 _176_/Y
 _177_/Y
 _178_/Y
 _179_/Y
 _180_/Y
 _181_/Y
 _182_/Y
 _183_/Y
 _184_/X
 _185_/X
 _186_/X
 _187_/Y
 _188_/Y
 _189_/Y
 _190_/X
 _191_/X
 _192_/X
 _193_/Y
 _194_/X
 _195_/Y
 _196_/Y
 _197_/Y
 _198_/X
 _199_/Y
 _200_/Y
 _201_/Y
 _202_/Y
 _203_/Y
 _204_/Y
 _205_/Y
 _206_/Y
 _207_/Y
 _208_/X
 _209_/Y
 _210_/Y
 _211_/Y
 _212_/X
 _213_/X
 _214_/X
 _215_/Y
 _216_/Y
 _217_/Y
 _218_/Y
 _219_/Y
 _220_/Y
 _221_/Y
 _222_/Y
 _223_/Y
 _224_/Y
 _225_/Y
 _226_/Y
 _227_/X
 _228_/Y
 _229_/Y
 _230_/Y
 _231_/Y
 _232_/Y
 _233_/Y
 _234_/Y
 _235_/Y
 _236_/Y
 _237_/Y
 _238_/Y
 _239_/Y
 _240_/X
 _241_/Y
 _242_/Y
 _243_/Y
 _244_/Y
 _245_/Y
 _246_/Y
 _247_/Y
 _248_/Y
 _249_/Y
 _250_/Y
 _251_/Y
 _252_/Y
 _253_/Y
 _254_/Y
 _255_/Y
 _256_/Y
 _257_/Y
 _258_/Y
 _259_/Y
 _260_/Y
 _261_/Y
 _262_/Y
 _263_/Y
 _264_/Y
 _265_/Y
 _266_/Y
 _267_/Y
 _268_/X
 _269_/Y
 _270_/Y
 _271_/Y
 _272_/Y
 _273_/X
 _274_/X
 _275_/Y
 _276_/Y
 _277_/Y
 _278_/Y
 _279_/Y
 _280_/Y
 _281_/X
 _282_/Y
 _283_/Y
 _284_/Y
 _285_/Y
 _286_/Y
 _287_/Y
 _288_/Y
 _289_/Y
 _290_/Y
 _291_/Y
 _292_/Y
 _293_/Y
 _294_/Y
 _295_/Y
 _296_/Y
 _297_/Y
 _298_/Y
 _299_/Y
 _300_/Y
 _301_/Y
 _302_/Y
 _303_/Y
 _304_/Q
 _305_/Q
 _306_/Q
 _307_/Q
 _308_/Q
 _309_/Q
 _310_/Q
 _311_/Q
 _312_/Q
Found 0 partially unannotated drivers.

===========================================================================
max slew violation count 0
max fanout violation count 9
max cap violation count 0
============================================================================

===========================================================================
check_setup -verbose -unconstrained_endpoints -multiple_clock -no_clock -no_input_delay -loops -generated_clocks
===========================================================================
