
===========================================================================
report_checks -path_delay min (Hold)
============================================================================
======================= nom_fast_1p32V_m40C Corner ===================================

Startpoint: _311_ (rising edge-triggered flip-flop clocked by clk)
Endpoint: sign (output port clocked by clk)
Path Group: clk
Path Type: min

Fanout         Cap        Slew       Delay        Time   Description
---------------------------------------------------------------------------------------------
                      0.100000    0.000000    0.000000   clock clk (rise edge)
                                  0.000000    0.000000   clock network delay (ideal)
                      0.100000    0.000000    0.000000 ^ _311_/CLK (sg13g2_dfrbpq_1)
     2    0.033015    0.073575    0.187202    0.187202 v _311_/Q (sg13g2_dfrbpq_1)
                                                         sign (net)
                      0.073575    0.000000    0.187202 v sign (out)
                                              0.187202   data arrival time

                      0.100000    0.000000    0.000000   clock clk (rise edge)
                                  0.000000    0.000000   clock network delay (ideal)
                                  0.150000    0.150000   clock uncertainty
                                  0.000000    0.150000   clock reconvergence pessimism
                                  0.000000    0.150000   output external delay
                                              0.150000   data required time
---------------------------------------------------------------------------------------------
                                              0.150000   data required time
                                             -0.187202   data arrival time
---------------------------------------------------------------------------------------------
                                              0.037202   slack (MET)


Startpoint: _310_ (rising edge-triggered flip-flop clocked by clk)
Endpoint: sine_out[16] (output port clocked by clk)
Path Group: clk
Path Type: min

Fanout         Cap        Slew       Delay        Time   Description
---------------------------------------------------------------------------------------------
                      0.100000    0.000000    0.000000   clock clk (rise edge)
                                  0.000000    0.000000   clock network delay (ideal)
                      0.100000    0.000000    0.000000 ^ _310_/CLK (sg13g2_dfrbpq_1)
    17    0.054798    0.118184    0.219541    0.219541 v _310_/Q (sg13g2_dfrbpq_1)
                                                         DPATH.SUM.fa_6.A (net)
                      0.118184    0.000000    0.219541 v _176_/A (sg13g2_nand3_1)
     1    0.010000    0.040943    0.063174    0.282715 ^ _176_/Y (sg13g2_nand3_1)
                                                         sine_out[16] (net)
                      0.040943    0.000000    0.282715 ^ sine_out[16] (out)
                                              0.282715   data arrival time

                      0.100000    0.000000    0.000000   clock clk (rise edge)
                                  0.000000    0.000000   clock network delay (ideal)
                                  0.150000    0.150000   clock uncertainty
                                  0.000000    0.150000   clock reconvergence pessimism
                                  0.000000    0.150000   output external delay
                                              0.150000   data required time
---------------------------------------------------------------------------------------------
                                              0.150000   data required time
                                             -0.282715   data arrival time
---------------------------------------------------------------------------------------------
                                              0.132715   slack (MET)


Startpoint: _310_ (rising edge-triggered flip-flop clocked by clk)
Endpoint: sine_out[17] (output port clocked by clk)
Path Group: clk
Path Type: min

Fanout         Cap        Slew       Delay        Time   Description
---------------------------------------------------------------------------------------------
                      0.100000    0.000000    0.000000   clock clk (rise edge)
                                  0.000000    0.000000   clock network delay (ideal)
                      0.100000    0.000000    0.000000 ^ _310_/CLK (sg13g2_dfrbpq_1)
    17    0.054798    0.118184    0.219541    0.219541 v _310_/Q (sg13g2_dfrbpq_1)
                                                         DPATH.SUM.fa_6.A (net)
                      0.118184    0.000000    0.219541 v _179_/B (sg13g2_nand3_1)
     1    0.010000    0.043717    0.068823    0.288363 ^ _179_/Y (sg13g2_nand3_1)
                                                         sine_out[17] (net)
                      0.043717    0.000000    0.288363 ^ sine_out[17] (out)
                                              0.288363   data arrival time

                      0.100000    0.000000    0.000000   clock clk (rise edge)
                                  0.000000    0.000000   clock network delay (ideal)
                                  0.150000    0.150000   clock uncertainty
                                  0.000000    0.150000   clock reconvergence pessimism
                                  0.000000    0.150000   output external delay
                                              0.150000   data required time
---------------------------------------------------------------------------------------------
                                              0.150000   data required time
                                             -0.288363   data arrival time
---------------------------------------------------------------------------------------------
                                              0.138363   slack (MET)


Startpoint: _310_ (rising edge-triggered flip-flop clocked by clk)
Endpoint: sine_out[14] (output port clocked by clk)
Path Group: clk
Path Type: min

Fanout         Cap        Slew       Delay        Time   Description
---------------------------------------------------------------------------------------------
                      0.100000    0.000000    0.000000   clock clk (rise edge)
                                  0.000000    0.000000   clock network delay (ideal)
                      0.100000    0.000000    0.000000 ^ _310_/CLK (sg13g2_dfrbpq_1)
    17    0.054798    0.118184    0.219541    0.219541 v _310_/Q (sg13g2_dfrbpq_1)
                                                         DPATH.SUM.fa_6.A (net)
                      0.118184    0.000000    0.219541 v _171_/B1 (sg13g2_o21ai_1)
     1    0.010000    0.057611    0.069976    0.289517 ^ _171_/Y (sg13g2_o21ai_1)
                                                         sine_out[14] (net)
                      0.057611    0.000000    0.289517 ^ sine_out[14] (out)
                                              0.289517   data arrival time

                      0.100000    0.000000    0.000000   clock clk (rise edge)
                                  0.000000    0.000000   clock network delay (ideal)
                                  0.150000    0.150000   clock uncertainty
                                  0.000000    0.150000   clock reconvergence pessimism
                                  0.000000    0.150000   output external delay
                                              0.150000   data required time
---------------------------------------------------------------------------------------------
                                              0.150000   data required time
                                             -0.289517   data arrival time
---------------------------------------------------------------------------------------------
                                              0.139517   slack (MET)


Startpoint: _310_ (rising edge-triggered flip-flop clocked by clk)
Endpoint: sine_out[15] (output port clocked by clk)
Path Group: clk
Path Type: min

Fanout         Cap        Slew       Delay        Time   Description
---------------------------------------------------------------------------------------------
                      0.100000    0.000000    0.000000   clock clk (rise edge)
                                  0.000000    0.000000   clock network delay (ideal)
                      0.100000    0.000000    0.000000 ^ _310_/CLK (sg13g2_dfrbpq_1)
    17    0.054798    0.118184    0.219541    0.219541 v _310_/Q (sg13g2_dfrbpq_1)
                                                         DPATH.SUM.fa_6.A (net)
                      0.118184    0.000000    0.219541 v _173_/B1 (sg13g2_o21ai_1)
     1    0.010000    0.057611    0.069976    0.289517 ^ _173_/Y (sg13g2_o21ai_1)
                                                         sine_out[15] (net)
                      0.057611    0.000000    0.289517 ^ sine_out[15] (out)
                                              0.289517   data arrival time

                      0.100000    0.000000    0.000000   clock clk (rise edge)
                                  0.000000    0.000000   clock network delay (ideal)
                                  0.150000    0.150000   clock uncertainty
                                  0.000000    0.150000   clock reconvergence pessimism
                                  0.000000    0.150000   output external delay
                                              0.150000   data required time
---------------------------------------------------------------------------------------------
                                              0.150000   data required time
                                             -0.289517   data arrival time
---------------------------------------------------------------------------------------------
                                              0.139517   slack (MET)


Startpoint: _304_ (rising edge-triggered flip-flop clocked by clk)
Endpoint: _305_ (rising edge-triggered flip-flop clocked by clk)
Path Group: clk
Path Type: min

Fanout         Cap        Slew       Delay        Time   Description
---------------------------------------------------------------------------------------------
                      0.100000    0.000000    0.000000   clock clk (rise edge)
                                  0.000000    0.000000   clock network delay (ideal)
                      0.100000    0.000000    0.000000 ^ _304_/CLK (sg13g2_dfrbpq_1)
    16    0.055184    0.118974    0.220112    0.220112 v _304_/Q (sg13g2_dfrbpq_1)
                                                         DPATH.SUM.Cout0 (net)
                      0.118974    0.000000    0.220112 v _182_/A (sg13g2_xnor2_1)
     1    0.001523    0.018802    0.060923    0.281034 v _182_/Y (sg13g2_xnor2_1)
                                                         DPATH.SUM.fa_1.S (net)
                      0.018802    0.000000    0.281034 v _305_/D (sg13g2_dfrbpq_1)
                                              0.281034   data arrival time

                      0.100000    0.000000    0.000000   clock clk (rise edge)
                                  0.000000    0.000000   clock network delay (ideal)
                                  0.150000    0.150000   clock uncertainty
                                  0.000000    0.150000   clock reconvergence pessimism
                                              0.150000 ^ _305_/CLK (sg13g2_dfrbpq_1)
                                 -0.009108    0.140892   library hold time
                                              0.140892   data required time
---------------------------------------------------------------------------------------------
                                              0.140892   data required time
                                             -0.281034   data arrival time
---------------------------------------------------------------------------------------------
                                              0.140142   slack (MET)


Startpoint: _312_ (rising edge-triggered flip-flop clocked by clk)
Endpoint: _312_ (rising edge-triggered flip-flop clocked by clk)
Path Group: clk
Path Type: min

Fanout         Cap        Slew       Delay        Time   Description
---------------------------------------------------------------------------------------------
                      0.100000    0.000000    0.000000   clock clk (rise edge)
                                  0.000000    0.000000   clock network delay (ideal)
                      0.100000    0.000000    0.000000 ^ _312_/CLK (sg13g2_dfrbpq_1)
    13    0.053779    0.116094    0.218030    0.218030 v _312_/Q (sg13g2_dfrbpq_1)
                                                         CTRL.S0 (net)
                      0.116094    0.000000    0.218030 v _206_/B1 (sg13g2_a21oi_1)
     1    0.003191    0.035870    0.045935    0.263966 ^ _206_/Y (sg13g2_a21oi_1)
                                                         _020_ (net)
                      0.035870    0.000000    0.263966 ^ _207_/B (sg13g2_nor2_1)
     1    0.001523    0.013077    0.020594    0.284560 v _207_/Y (sg13g2_nor2_1)
                                                         CTRL.P0 (net)
                      0.013077    0.000000    0.284560 v _312_/D (sg13g2_dfrbpq_1)
                                              0.284560   data arrival time

                      0.100000    0.000000    0.000000   clock clk (rise edge)
                                  0.000000    0.000000   clock network delay (ideal)
                                  0.150000    0.150000   clock uncertainty
                                  0.000000    0.150000   clock reconvergence pessimism
                                              0.150000 ^ _312_/CLK (sg13g2_dfrbpq_1)
                                 -0.007774    0.142226   library hold time
                                              0.142226   data required time
---------------------------------------------------------------------------------------------
                                              0.142226   data required time
                                             -0.284560   data arrival time
---------------------------------------------------------------------------------------------
                                              0.142334   slack (MET)


Startpoint: _310_ (rising edge-triggered flip-flop clocked by clk)
Endpoint: sine_out[13] (output port clocked by clk)
Path Group: clk
Path Type: min

Fanout         Cap        Slew       Delay        Time   Description
---------------------------------------------------------------------------------------------
                      0.100000    0.000000    0.000000   clock clk (rise edge)
                                  0.000000    0.000000   clock network delay (ideal)
                      0.100000    0.000000    0.000000 ^ _310_/CLK (sg13g2_dfrbpq_1)
    17    0.054798    0.118184    0.219541    0.219541 v _310_/Q (sg13g2_dfrbpq_1)
                                                         DPATH.SUM.fa_6.A (net)
                      0.118184    0.000000    0.219541 v _170_/B1 (sg13g2_a21oi_1)
     1    0.010000    0.064882    0.073237    0.292777 ^ _170_/Y (sg13g2_a21oi_1)
                                                         sine_out[13] (net)
                      0.064882    0.000000    0.292777 ^ sine_out[13] (out)
                                              0.292777   data arrival time

                      0.100000    0.000000    0.000000   clock clk (rise edge)
                                  0.000000    0.000000   clock network delay (ideal)
                                  0.150000    0.150000   clock uncertainty
                                  0.000000    0.150000   clock reconvergence pessimism
                                  0.000000    0.150000   output external delay
                                              0.150000   data required time
---------------------------------------------------------------------------------------------
                                              0.150000   data required time
                                             -0.292777   data arrival time
---------------------------------------------------------------------------------------------
                                              0.142777   slack (MET)


Startpoint: _310_ (rising edge-triggered flip-flop clocked by clk)
Endpoint: sine_out[9] (output port clocked by clk)
Path Group: clk
Path Type: min

Fanout         Cap        Slew       Delay        Time   Description
---------------------------------------------------------------------------------------------
                      0.100000    0.000000    0.000000   clock clk (rise edge)
                                  0.000000    0.000000   clock network delay (ideal)
                      0.100000    0.000000    0.000000 ^ _310_/CLK (sg13g2_dfrbpq_1)
    17    0.054798    0.118184    0.219541    0.219541 v _310_/Q (sg13g2_dfrbpq_1)
                                                         DPATH.SUM.fa_6.A (net)
                      0.118184    0.000000    0.219541 v _150_/B1 (sg13g2_a21oi_1)
     1    0.010000    0.065677    0.073237    0.292777 ^ _150_/Y (sg13g2_a21oi_1)
                                                         sine_out[9] (net)
                      0.065677    0.000000    0.292777 ^ sine_out[9] (out)
                                              0.292777   data arrival time

                      0.100000    0.000000    0.000000   clock clk (rise edge)
                                  0.000000    0.000000   clock network delay (ideal)
                                  0.150000    0.150000   clock uncertainty
                                  0.000000    0.150000   clock reconvergence pessimism
                                  0.000000    0.150000   output external delay
                                              0.150000   data required time
---------------------------------------------------------------------------------------------
                                              0.150000   data required time
                                             -0.292777   data arrival time
---------------------------------------------------------------------------------------------
                                              0.142777   slack (MET)


Startpoint: _311_ (rising edge-triggered flip-flop clocked by clk)
Endpoint: signB (output port clocked by clk)
Path Group: clk
Path Type: min

Fanout         Cap        Slew       Delay        Time   Description
---------------------------------------------------------------------------------------------
                      0.100000    0.000000    0.000000   clock clk (rise edge)
                                  0.000000    0.000000   clock network delay (ideal)
                      0.100000    0.000000    0.000000 ^ _311_/CLK (sg13g2_dfrbpq_1)
     2    0.033015    0.073575    0.187202    0.187202 v _311_/Q (sg13g2_dfrbpq_1)
                                                         sign (net)
                      0.073575    0.000000    0.187202 v _142_/A (sg13g2_inv_1)
     2    0.036136    0.105753    0.107859    0.295061 ^ _142_/Y (sg13g2_inv_1)
                                                         signB (net)
                      0.105753    0.000000    0.295061 ^ signB (out)
                                              0.295061   data arrival time

                      0.100000    0.000000    0.000000   clock clk (rise edge)
                                  0.000000    0.000000   clock network delay (ideal)
                                  0.150000    0.150000   clock uncertainty
                                  0.000000    0.150000   clock reconvergence pessimism
                                  0.000000    0.150000   output external delay
                                              0.150000   data required time
---------------------------------------------------------------------------------------------
                                              0.150000   data required time
                                             -0.295061   data arrival time
---------------------------------------------------------------------------------------------
                                              0.145061   slack (MET)


Startpoint: _310_ (rising edge-triggered flip-flop clocked by clk)
Endpoint: sine_out[0] (output port clocked by clk)
Path Group: clk
Path Type: min

Fanout         Cap        Slew       Delay        Time   Description
---------------------------------------------------------------------------------------------
                      0.100000    0.000000    0.000000   clock clk (rise edge)
                                  0.000000    0.000000   clock network delay (ideal)
                      0.100000    0.000000    0.000000 ^ _310_/CLK (sg13g2_dfrbpq_1)
    17    0.054798    0.118184    0.219541    0.219541 v _310_/Q (sg13g2_dfrbpq_1)
                                                         DPATH.SUM.fa_6.A (net)
                      0.118184    0.000000    0.219541 v _247_/A1 (sg13g2_a22oi_1)
     1    0.010000    0.069281    0.095926    0.315467 ^ _247_/Y (sg13g2_a22oi_1)
                                                         sine_out[0] (net)
                      0.069281    0.000000    0.315467 ^ sine_out[0] (out)
                                              0.315467   data arrival time

                      0.100000    0.000000    0.000000   clock clk (rise edge)
                                  0.000000    0.000000   clock network delay (ideal)
                                  0.150000    0.150000   clock uncertainty
                                  0.000000    0.150000   clock reconvergence pessimism
                                  0.000000    0.150000   output external delay
                                              0.150000   data required time
---------------------------------------------------------------------------------------------
                                              0.150000   data required time
                                             -0.315467   data arrival time
---------------------------------------------------------------------------------------------
                                              0.165467   slack (MET)


Startpoint: _306_ (rising edge-triggered flip-flop clocked by clk)
Endpoint: _306_ (rising edge-triggered flip-flop clocked by clk)
Path Group: clk
Path Type: min

Fanout         Cap        Slew       Delay        Time   Description
---------------------------------------------------------------------------------------------
                      0.100000    0.000000    0.000000   clock clk (rise edge)
                                  0.000000    0.000000   clock network delay (ideal)
                      0.100000    0.000000    0.000000 ^ _306_/CLK (sg13g2_dfrbpq_1)
    11    0.039592    0.086993    0.197005    0.197005 v _306_/Q (sg13g2_dfrbpq_1)
                                                         DPATH.SUM.fa_2.A (net)
                      0.086993    0.000000    0.197005 v _185_/A (sg13g2_xor2_1)
     2    0.008688    0.031052    0.076220    0.273226 v _185_/X (sg13g2_xor2_1)
                                                         _134_ (net)
                      0.031052    0.000000    0.273226 v _186_/B (sg13g2_xor2_1)
     1    0.001523    0.015992    0.034389    0.307614 v _186_/X (sg13g2_xor2_1)
                                                         DPATH.SUM.fa_2.S (net)
                      0.015992    0.000000    0.307614 v _306_/D (sg13g2_dfrbpq_1)
                                              0.307614   data arrival time

                      0.100000    0.000000    0.000000   clock clk (rise edge)
                                  0.000000    0.000000   clock network delay (ideal)
                                  0.150000    0.150000   clock uncertainty
                                  0.000000    0.150000   clock reconvergence pessimism
                                              0.150000 ^ _306_/CLK (sg13g2_dfrbpq_1)
                                 -0.008453    0.141547   library hold time
                                              0.141547   data required time
---------------------------------------------------------------------------------------------
                                              0.141547   data required time
                                             -0.307614   data arrival time
---------------------------------------------------------------------------------------------
                                              0.166067   slack (MET)


Startpoint: _310_ (rising edge-triggered flip-flop clocked by clk)
Endpoint: _310_ (rising edge-triggered flip-flop clocked by clk)
Path Group: clk
Path Type: min

Fanout         Cap        Slew       Delay        Time   Description
---------------------------------------------------------------------------------------------
                      0.100000    0.000000    0.000000   clock clk (rise edge)
                                  0.000000    0.000000   clock network delay (ideal)
                      0.100000    0.000000    0.000000 ^ _310_/CLK (sg13g2_dfrbpq_1)
    17    0.054798    0.118184    0.219541    0.219541 v _310_/Q (sg13g2_dfrbpq_1)
                                                         DPATH.SUM.fa_6.A (net)
                      0.118184    0.000000    0.219541 v _200_/B (sg13g2_xnor2_1)
     1    0.005424    0.035146    0.066348    0.285889 v _200_/Y (sg13g2_xnor2_1)
                                                         _016_ (net)
                      0.035146    0.000000    0.285889 v _201_/B (sg13g2_xnor2_1)
     1    0.001523    0.017902    0.035293    0.321181 v _201_/Y (sg13g2_xnor2_1)
                                                         DPATH.SUM.fa_6.S (net)
                      0.017902    0.000000    0.321181 v _310_/D (sg13g2_dfrbpq_1)
                                              0.321181   data arrival time

                      0.100000    0.000000    0.000000   clock clk (rise edge)
                                  0.000000    0.000000   clock network delay (ideal)
                                  0.150000    0.150000   clock uncertainty
                                  0.000000    0.150000   clock reconvergence pessimism
                                              0.150000 ^ _310_/CLK (sg13g2_dfrbpq_1)
                                 -0.008898    0.141102   library hold time
                                              0.141102   data required time
---------------------------------------------------------------------------------------------
                                              0.141102   data required time
                                             -0.321181   data arrival time
---------------------------------------------------------------------------------------------
                                              0.180080   slack (MET)


Startpoint: _310_ (rising edge-triggered flip-flop clocked by clk)
Endpoint: sine_out[2] (output port clocked by clk)
Path Group: clk
Path Type: min

Fanout         Cap        Slew       Delay        Time   Description
---------------------------------------------------------------------------------------------
                      0.100000    0.000000    0.000000   clock clk (rise edge)
                                  0.000000    0.000000   clock network delay (ideal)
                      0.100000    0.000000    0.000000 ^ _310_/CLK (sg13g2_dfrbpq_1)
    17    0.054798    0.118184    0.219541    0.219541 v _310_/Q (sg13g2_dfrbpq_1)
                                                         DPATH.SUM.fa_6.A (net)
                      0.118184    0.000000    0.219541 v _286_/B1 (sg13g2_o21ai_1)
     1    0.003144    0.036479    0.045571    0.265111 ^ _286_/Y (sg13g2_o21ai_1)
                                                         _097_ (net)
                      0.036479    0.000000    0.265111 ^ _287_/B1 (sg13g2_a21oi_1)
     1    0.002979    0.016194    0.023362    0.288473 v _287_/Y (sg13g2_a21oi_1)
                                                         _098_ (net)
                      0.016194    0.000000    0.288473 v _288_/B1 (sg13g2_a21oi_1)
     1    0.010000    0.048412    0.045071    0.333544 ^ _288_/Y (sg13g2_a21oi_1)
                                                         sine_out[2] (net)
                      0.048412    0.000000    0.333544 ^ sine_out[2] (out)
                                              0.333544   data arrival time

                      0.100000    0.000000    0.000000   clock clk (rise edge)
                                  0.000000    0.000000   clock network delay (ideal)
                                  0.150000    0.150000   clock uncertainty
                                  0.000000    0.150000   clock reconvergence pessimism
                                  0.000000    0.150000   output external delay
                                              0.150000   data required time
---------------------------------------------------------------------------------------------
                                              0.150000   data required time
                                             -0.333544   data arrival time
---------------------------------------------------------------------------------------------
                                              0.183544   slack (MET)


Startpoint: _304_ (rising edge-triggered flip-flop clocked by clk)
Endpoint: _311_ (rising edge-triggered flip-flop clocked by clk)
Path Group: clk
Path Type: min

Fanout         Cap        Slew       Delay        Time   Description
---------------------------------------------------------------------------------------------
                      0.100000    0.000000    0.000000   clock clk (rise edge)
                                  0.000000    0.000000   clock network delay (ideal)
                      0.100000    0.000000    0.000000 ^ _304_/CLK (sg13g2_dfrbpq_1)
    16    0.055184    0.118974    0.220112    0.220112 v _304_/Q (sg13g2_dfrbpq_1)
                                                         DPATH.SUM.Cout0 (net)
                      0.118974    0.000000    0.220112 v _202_/B (sg13g2_nand3b_1)
     1    0.003189    0.024214    0.049149    0.269260 ^ _202_/Y (sg13g2_nand3b_1)
                                                         _017_ (net)
                      0.024214    0.000000    0.269260 ^ _203_/C (sg13g2_nor3_1)
     2    0.008767    0.025982    0.031757    0.301017 v _203_/Y (sg13g2_nor3_1)
                                                         _018_ (net)
                      0.025982    0.000000    0.301017 v _204_/B (sg13g2_xnor2_1)
     1    0.001523    0.017674    0.033246    0.334263 v _204_/Y (sg13g2_xnor2_1)
                                                         CTRL.P1 (net)
                      0.017674    0.000000    0.334263 v _311_/D (sg13g2_dfrbpq_1)
                                              0.334263   data arrival time

                      0.100000    0.000000    0.000000   clock clk (rise edge)
                                  0.000000    0.000000   clock network delay (ideal)
                                  0.150000    0.150000   clock uncertainty
                                  0.000000    0.150000   clock reconvergence pessimism
                                              0.150000 ^ _311_/CLK (sg13g2_dfrbpq_1)
                                 -0.008845    0.141155   library hold time
                                              0.141155   data required time
---------------------------------------------------------------------------------------------
                                              0.141155   data required time
                                             -0.334263   data arrival time
---------------------------------------------------------------------------------------------
                                              0.193108   slack (MET)


Startpoint: _312_ (rising edge-triggered flip-flop clocked by clk)
Endpoint: _307_ (rising edge-triggered flip-flop clocked by clk)
Path Group: clk
Path Type: min

Fanout         Cap        Slew       Delay        Time   Description
---------------------------------------------------------------------------------------------
                      0.100000    0.000000    0.000000   clock clk (rise edge)
                                  0.000000    0.000000   clock network delay (ideal)
                      0.100000    0.000000    0.000000 ^ _312_/CLK (sg13g2_dfrbpq_1)
    13    0.053779    0.116094    0.218030    0.218030 v _312_/Q (sg13g2_dfrbpq_1)
                                                         CTRL.S0 (net)
                      0.116094    0.000000    0.218030 v _189_/B (sg13g2_xnor2_1)
     2    0.008760    0.047755    0.078255    0.296285 v _189_/Y (sg13g2_xnor2_1)
                                                         _137_ (net)
                      0.047755    0.000000    0.296285 v _190_/B (sg13g2_xor2_1)
     1    0.001523    0.015717    0.039190    0.335475 v _190_/X (sg13g2_xor2_1)
                                                         DPATH.SUM.fa_3.S (net)
                      0.015717    0.000000    0.335475 v _307_/D (sg13g2_dfrbpq_1)
                                              0.335475   data arrival time

                      0.100000    0.000000    0.000000   clock clk (rise edge)
                                  0.000000    0.000000   clock network delay (ideal)
                                  0.150000    0.150000   clock uncertainty
                                  0.000000    0.150000   clock reconvergence pessimism
                                              0.150000 ^ _307_/CLK (sg13g2_dfrbpq_1)
                                 -0.008389    0.141611   library hold time
                                              0.141611   data required time
---------------------------------------------------------------------------------------------
                                              0.141611   data required time
                                             -0.335475   data arrival time
---------------------------------------------------------------------------------------------
                                              0.193864   slack (MET)


Startpoint: _310_ (rising edge-triggered flip-flop clocked by clk)
Endpoint: sine_out[1] (output port clocked by clk)
Path Group: clk
Path Type: min

Fanout         Cap        Slew       Delay        Time   Description
---------------------------------------------------------------------------------------------
                      0.100000    0.000000    0.000000   clock clk (rise edge)
                                  0.000000    0.000000   clock network delay (ideal)
                      0.100000    0.000000    0.000000 ^ _310_/CLK (sg13g2_dfrbpq_1)
    17    0.055543    0.149160    0.235284    0.235284 ^ _310_/Q (sg13g2_dfrbpq_1)
                                                         DPATH.SUM.fa_6.A (net)
                      0.149160    0.000000    0.235284 ^ _256_/A (sg13g2_nor4_1)
     1    0.002979    0.015445    0.064088    0.299372 v _256_/Y (sg13g2_nor4_1)
                                                         _068_ (net)
                      0.015445    0.000000    0.299372 v _267_/B1 (sg13g2_a21oi_1)
     1    0.010000    0.048285    0.044849    0.344221 ^ _267_/Y (sg13g2_a21oi_1)
                                                         sine_out[1] (net)
                      0.048285    0.000000    0.344221 ^ sine_out[1] (out)
                                              0.344221   data arrival time

                      0.100000    0.000000    0.000000   clock clk (rise edge)
                                  0.000000    0.000000   clock network delay (ideal)
                                  0.150000    0.150000   clock uncertainty
                                  0.000000    0.150000   clock reconvergence pessimism
                                  0.000000    0.150000   output external delay
                                              0.150000   data required time
---------------------------------------------------------------------------------------------
                                              0.150000   data required time
                                             -0.344221   data arrival time
---------------------------------------------------------------------------------------------
                                              0.194221   slack (MET)


Startpoint: _308_ (rising edge-triggered flip-flop clocked by clk)
Endpoint: sine_out[6] (output port clocked by clk)
Path Group: clk
Path Type: min

Fanout         Cap        Slew       Delay        Time   Description
---------------------------------------------------------------------------------------------
                      0.100000    0.000000    0.000000   clock clk (rise edge)
                                  0.000000    0.000000   clock network delay (ideal)
                      0.100000    0.000000    0.000000 ^ _308_/CLK (sg13g2_dfrbpq_1)
    24    0.076460    0.162686    0.251596    0.251596 v _308_/Q (sg13g2_dfrbpq_1)
                                                         DPATH.SUM.fa_4.A (net)
                      0.162686    0.000000    0.251596 v _293_/A1 (sg13g2_a21oi_1)
     1    0.010000    0.055520    0.097219    0.348815 ^ _293_/Y (sg13g2_a21oi_1)
                                                         sine_out[6] (net)
                      0.055520    0.000000    0.348815 ^ sine_out[6] (out)
                                              0.348815   data arrival time

                      0.100000    0.000000    0.000000   clock clk (rise edge)
                                  0.000000    0.000000   clock network delay (ideal)
                                  0.150000    0.150000   clock uncertainty
                                  0.000000    0.150000   clock reconvergence pessimism
                                  0.000000    0.150000   output external delay
                                              0.150000   data required time
---------------------------------------------------------------------------------------------
                                              0.150000   data required time
                                             -0.348815   data arrival time
---------------------------------------------------------------------------------------------
                                              0.198815   slack (MET)


Startpoint: _308_ (rising edge-triggered flip-flop clocked by clk)
Endpoint: sine_out[7] (output port clocked by clk)
Path Group: clk
Path Type: min

Fanout         Cap        Slew       Delay        Time   Description
---------------------------------------------------------------------------------------------
                      0.100000    0.000000    0.000000   clock clk (rise edge)
                                  0.000000    0.000000   clock network delay (ideal)
                      0.100000    0.000000    0.000000 ^ _308_/CLK (sg13g2_dfrbpq_1)
    24    0.076460    0.162686    0.251596    0.251596 v _308_/Q (sg13g2_dfrbpq_1)
                                                         DPATH.SUM.fa_4.A (net)
                      0.162686    0.000000    0.251596 v _294_/A1 (sg13g2_a21oi_1)
     1    0.010000    0.055520    0.097219    0.348815 ^ _294_/Y (sg13g2_a21oi_1)
                                                         sine_out[7] (net)
                      0.055520    0.000000    0.348815 ^ sine_out[7] (out)
                                              0.348815   data arrival time

                      0.100000    0.000000    0.000000   clock clk (rise edge)
                                  0.000000    0.000000   clock network delay (ideal)
                                  0.150000    0.150000   clock uncertainty
                                  0.000000    0.150000   clock reconvergence pessimism
                                  0.000000    0.150000   output external delay
                                              0.150000   data required time
---------------------------------------------------------------------------------------------
                                              0.150000   data required time
                                             -0.348815   data arrival time
---------------------------------------------------------------------------------------------
                                              0.198815   slack (MET)


Startpoint: _308_ (rising edge-triggered flip-flop clocked by clk)
Endpoint: sine_out[8] (output port clocked by clk)
Path Group: clk
Path Type: min

Fanout         Cap        Slew       Delay        Time   Description
---------------------------------------------------------------------------------------------
                      0.100000    0.000000    0.000000   clock clk (rise edge)
                                  0.000000    0.000000   clock network delay (ideal)
                      0.100000    0.000000    0.000000 ^ _308_/CLK (sg13g2_dfrbpq_1)
    24    0.076460    0.162686    0.251596    0.251596 v _308_/Q (sg13g2_dfrbpq_1)
                                                         DPATH.SUM.fa_4.A (net)
                      0.162686    0.000000    0.251596 v _295_/A1 (sg13g2_a21oi_1)
     1    0.010000    0.055520    0.097219    0.348815 ^ _295_/Y (sg13g2_a21oi_1)
                                                         sine_out[8] (net)
                      0.055520    0.000000    0.348815 ^ sine_out[8] (out)
                                              0.348815   data arrival time

                      0.100000    0.000000    0.000000   clock clk (rise edge)
                                  0.000000    0.000000   clock network delay (ideal)
                                  0.150000    0.150000   clock uncertainty
                                  0.000000    0.150000   clock reconvergence pessimism
                                  0.000000    0.150000   output external delay
                                              0.150000   data required time
---------------------------------------------------------------------------------------------
                                              0.150000   data required time
                                             -0.348815   data arrival time
---------------------------------------------------------------------------------------------
                                              0.198815   slack (MET)


Startpoint: _304_ (rising edge-triggered flip-flop clocked by clk)
Endpoint: _304_ (rising edge-triggered flip-flop clocked by clk)
Path Group: clk
Path Type: min

Fanout         Cap        Slew       Delay        Time   Description
---------------------------------------------------------------------------------------------
                      0.100000    0.000000    0.000000   clock clk (rise edge)
                                  0.000000    0.000000   clock network delay (ideal)
                      0.100000    0.000000    0.000000 ^ _304_/CLK (sg13g2_dfrbpq_1)
    16    0.055184    0.118974    0.220112    0.220112 v _304_/Q (sg13g2_dfrbpq_1)
                                                         DPATH.SUM.Cout0 (net)
                      0.118974    0.000000    0.220112 v _141_/A (sg13g2_inv_1)
     6    0.018449    0.072711    0.085016    0.305128 ^ _141_/Y (sg13g2_inv_1)
                                                         DPATH.SUM.ha_0.S (net)
                      0.072711    0.000000    0.305128 ^ _304_/D (sg13g2_dfrbpq_1)
                                              0.305128   data arrival time

                      0.100000    0.000000    0.000000   clock clk (rise edge)
                                  0.000000    0.000000   clock network delay (ideal)
                                  0.150000    0.150000   clock uncertainty
                                  0.000000    0.150000   clock reconvergence pessimism
                                              0.150000 ^ _304_/CLK (sg13g2_dfrbpq_1)
                                 -0.045978    0.104022   library hold time
                                              0.104022   data required time
---------------------------------------------------------------------------------------------
                                              0.104022   data required time
                                             -0.305128   data arrival time
---------------------------------------------------------------------------------------------
                                              0.201106   slack (MET)


Startpoint: _312_ (rising edge-triggered flip-flop clocked by clk)
Endpoint: _309_ (rising edge-triggered flip-flop clocked by clk)
Path Group: clk
Path Type: min

Fanout         Cap        Slew       Delay        Time   Description
---------------------------------------------------------------------------------------------
                      0.100000    0.000000    0.000000   clock clk (rise edge)
                                  0.000000    0.000000   clock network delay (ideal)
                      0.100000    0.000000    0.000000 ^ _312_/CLK (sg13g2_dfrbpq_1)
    13    0.053779    0.116094    0.218030    0.218030 v _312_/Q (sg13g2_dfrbpq_1)
                                                         CTRL.S0 (net)
                      0.116094    0.000000    0.218030 v _196_/B (sg13g2_xnor2_1)
     2    0.009798    0.051542    0.082067    0.300097 v _196_/Y (sg13g2_xnor2_1)
                                                         _013_ (net)
                      0.051542    0.000000    0.300097 v _198_/A (sg13g2_xor2_1)
     1    0.001523    0.015786    0.043019    0.343117 v _198_/X (sg13g2_xor2_1)
                                                         DPATH.SUM.fa_5.S (net)
                      0.015786    0.000000    0.343117 v _309_/D (sg13g2_dfrbpq_1)
                                              0.343117   data arrival time

                      0.100000    0.000000    0.000000   clock clk (rise edge)
                                  0.000000    0.000000   clock network delay (ideal)
                                  0.150000    0.150000   clock uncertainty
                                  0.000000    0.150000   clock reconvergence pessimism
                                              0.150000 ^ _309_/CLK (sg13g2_dfrbpq_1)
                                 -0.008405    0.141595   library hold time
                                              0.141595   data required time
---------------------------------------------------------------------------------------------
                                              0.141595   data required time
                                             -0.343117   data arrival time
---------------------------------------------------------------------------------------------
                                              0.201522   slack (MET)


Startpoint: _312_ (rising edge-triggered flip-flop clocked by clk)
Endpoint: _308_ (rising edge-triggered flip-flop clocked by clk)
Path Group: clk
Path Type: min

Fanout         Cap        Slew       Delay        Time   Description
---------------------------------------------------------------------------------------------
                      0.100000    0.000000    0.000000   clock clk (rise edge)
                                  0.000000    0.000000   clock network delay (ideal)
                      0.100000    0.000000    0.000000 ^ _312_/CLK (sg13g2_dfrbpq_1)
    13    0.053779    0.116094    0.218030    0.218030 v _312_/Q (sg13g2_dfrbpq_1)
                                                         CTRL.S0 (net)
                      0.116094    0.000000    0.218030 v _192_/B (sg13g2_xor2_1)
     2    0.009540    0.034181    0.087501    0.305532 v _192_/X (sg13g2_xor2_1)
                                                         _010_ (net)
                      0.034181    0.000000    0.305532 v _194_/A (sg13g2_xor2_1)
     1    0.001523    0.015883    0.038407    0.343939 v _194_/X (sg13g2_xor2_1)
                                                         DPATH.SUM.fa_4.S (net)
                      0.015883    0.000000    0.343939 v _308_/D (sg13g2_dfrbpq_1)
                                              0.343939   data arrival time

                      0.100000    0.000000    0.000000   clock clk (rise edge)
                                  0.000000    0.000000   clock network delay (ideal)
                                  0.150000    0.150000   clock uncertainty
                                  0.000000    0.150000   clock reconvergence pessimism
                                              0.150000 ^ _308_/CLK (sg13g2_dfrbpq_1)
                                 -0.008428    0.141572   library hold time
                                              0.141572   data required time
---------------------------------------------------------------------------------------------
                                              0.141572   data required time
                                             -0.343939   data arrival time
---------------------------------------------------------------------------------------------
                                              0.202366   slack (MET)


Startpoint: _308_ (rising edge-triggered flip-flop clocked by clk)
Endpoint: sine_out[4] (output port clocked by clk)
Path Group: clk
Path Type: min

Fanout         Cap        Slew       Delay        Time   Description
---------------------------------------------------------------------------------------------
                      0.100000    0.000000    0.000000   clock clk (rise edge)
                                  0.000000    0.000000   clock network delay (ideal)
                      0.100000    0.000000    0.000000 ^ _308_/CLK (sg13g2_dfrbpq_1)
    24    0.076323    0.202735    0.271878    0.271878 ^ _308_/Q (sg13g2_dfrbpq_1)
                                                         DPATH.SUM.fa_4.A (net)
                      0.202735    0.000000    0.271878 ^ _290_/A (sg13g2_nor3_1)
     1    0.010000    0.036691    0.088711    0.360589 v _290_/Y (sg13g2_nor3_1)
                                                         sine_out[4] (net)
                      0.036691    0.000000    0.360589 v sine_out[4] (out)
                                              0.360589   data arrival time

                      0.100000    0.000000    0.000000   clock clk (rise edge)
                                  0.000000    0.000000   clock network delay (ideal)
                                  0.150000    0.150000   clock uncertainty
                                  0.000000    0.150000   clock reconvergence pessimism
                                  0.000000    0.150000   output external delay
                                              0.150000   data required time
---------------------------------------------------------------------------------------------
                                              0.150000   data required time
                                             -0.360589   data arrival time
---------------------------------------------------------------------------------------------
                                              0.210589   slack (MET)


Startpoint: _308_ (rising edge-triggered flip-flop clocked by clk)
Endpoint: sine_out[5] (output port clocked by clk)
Path Group: clk
Path Type: min

Fanout         Cap        Slew       Delay        Time   Description
---------------------------------------------------------------------------------------------
                      0.100000    0.000000    0.000000   clock clk (rise edge)
                                  0.000000    0.000000   clock network delay (ideal)
                      0.100000    0.000000    0.000000 ^ _308_/CLK (sg13g2_dfrbpq_1)
    24    0.076323    0.202735    0.271878    0.271878 ^ _308_/Q (sg13g2_dfrbpq_1)
                                                         DPATH.SUM.fa_4.A (net)
                      0.202735    0.000000    0.271878 ^ _292_/A (sg13g2_nor3_1)
     1    0.010000    0.033565    0.088711    0.360589 v _292_/Y (sg13g2_nor3_1)
                                                         sine_out[5] (net)
                      0.033565    0.000000    0.360589 v sine_out[5] (out)
                                              0.360589   data arrival time

                      0.100000    0.000000    0.000000   clock clk (rise edge)
                                  0.000000    0.000000   clock network delay (ideal)
                                  0.150000    0.150000   clock uncertainty
                                  0.000000    0.150000   clock reconvergence pessimism
                                  0.000000    0.150000   output external delay
                                              0.150000   data required time
---------------------------------------------------------------------------------------------
                                              0.150000   data required time
                                             -0.360589   data arrival time
---------------------------------------------------------------------------------------------
                                              0.210589   slack (MET)


Startpoint: _310_ (rising edge-triggered flip-flop clocked by clk)
Endpoint: sine_out[10] (output port clocked by clk)
Path Group: clk
Path Type: min

Fanout         Cap        Slew       Delay        Time   Description
---------------------------------------------------------------------------------------------
                      0.100000    0.000000    0.000000   clock clk (rise edge)
                                  0.000000    0.000000   clock network delay (ideal)
                      0.100000    0.000000    0.000000 ^ _310_/CLK (sg13g2_dfrbpq_1)
    17    0.055543    0.149160    0.235284    0.235284 ^ _310_/Q (sg13g2_dfrbpq_1)
                                                         DPATH.SUM.fa_6.A (net)
                      0.149160    0.000000    0.235284 ^ _153_/A_N (sg13g2_nand2b_1)
     3    0.010144    0.038399    0.090139    0.325423 ^ _153_/Y (sg13g2_nand2b_1)
                                                         _111_ (net)
                      0.038399    0.000000    0.325423 ^ _159_/B1 (sg13g2_a21oi_1)
     1    0.010000    0.030617    0.037127    0.362550 v _159_/Y (sg13g2_a21oi_1)
                                                         sine_out[10] (net)
                      0.030617    0.000000    0.362550 v sine_out[10] (out)
                                              0.362550   data arrival time

                      0.100000    0.000000    0.000000   clock clk (rise edge)
                                  0.000000    0.000000   clock network delay (ideal)
                                  0.150000    0.150000   clock uncertainty
                                  0.000000    0.150000   clock reconvergence pessimism
                                  0.000000    0.150000   output external delay
                                              0.150000   data required time
---------------------------------------------------------------------------------------------
                                              0.150000   data required time
                                             -0.362550   data arrival time
---------------------------------------------------------------------------------------------
                                              0.212550   slack (MET)


Startpoint: _310_ (rising edge-triggered flip-flop clocked by clk)
Endpoint: sine_out[11] (output port clocked by clk)
Path Group: clk
Path Type: min

Fanout         Cap        Slew       Delay        Time   Description
---------------------------------------------------------------------------------------------
                      0.100000    0.000000    0.000000   clock clk (rise edge)
                                  0.000000    0.000000   clock network delay (ideal)
                      0.100000    0.000000    0.000000 ^ _310_/CLK (sg13g2_dfrbpq_1)
    17    0.054798    0.118184    0.219541    0.219541 v _310_/Q (sg13g2_dfrbpq_1)
                                                         DPATH.SUM.fa_6.A (net)
                      0.118184    0.000000    0.219541 v _153_/A_N (sg13g2_nand2b_1)
     3    0.009662    0.050754    0.097232    0.316773 v _153_/Y (sg13g2_nand2b_1)
                                                         _111_ (net)
                      0.050754    0.000000    0.316773 v _162_/B1 (sg13g2_o21ai_1)
     1    0.010000    0.045635    0.050566    0.367338 ^ _162_/Y (sg13g2_o21ai_1)
                                                         sine_out[11] (net)
                      0.045635    0.000000    0.367338 ^ sine_out[11] (out)
                                              0.367338   data arrival time

                      0.100000    0.000000    0.000000   clock clk (rise edge)
                                  0.000000    0.000000   clock network delay (ideal)
                                  0.150000    0.150000   clock uncertainty
                                  0.000000    0.150000   clock reconvergence pessimism
                                  0.000000    0.150000   output external delay
                                              0.150000   data required time
---------------------------------------------------------------------------------------------
                                              0.150000   data required time
                                             -0.367338   data arrival time
---------------------------------------------------------------------------------------------
                                              0.217338   slack (MET)


Startpoint: _310_ (rising edge-triggered flip-flop clocked by clk)
Endpoint: sine_out[12] (output port clocked by clk)
Path Group: clk
Path Type: min

Fanout         Cap        Slew       Delay        Time   Description
---------------------------------------------------------------------------------------------
                      0.100000    0.000000    0.000000   clock clk (rise edge)
                                  0.000000    0.000000   clock network delay (ideal)
                      0.100000    0.000000    0.000000 ^ _310_/CLK (sg13g2_dfrbpq_1)
    17    0.054798    0.118184    0.219541    0.219541 v _310_/Q (sg13g2_dfrbpq_1)
                                                         DPATH.SUM.fa_6.A (net)
                      0.118184    0.000000    0.219541 v _153_/A_N (sg13g2_nand2b_1)
     3    0.009662    0.050754    0.097232    0.316773 v _153_/Y (sg13g2_nand2b_1)
                                                         _111_ (net)
                      0.050754    0.000000    0.316773 v _167_/B1 (sg13g2_o21ai_1)
     1    0.010000    0.045635    0.050566    0.367338 ^ _167_/Y (sg13g2_o21ai_1)
                                                         sine_out[12] (net)
                      0.045635    0.000000    0.367338 ^ sine_out[12] (out)
                                              0.367338   data arrival time

                      0.100000    0.000000    0.000000   clock clk (rise edge)
                                  0.000000    0.000000   clock network delay (ideal)
                                  0.150000    0.150000   clock uncertainty
                                  0.000000    0.150000   clock reconvergence pessimism
                                  0.000000    0.150000   output external delay
                                              0.150000   data required time
---------------------------------------------------------------------------------------------
                                              0.150000   data required time
                                             -0.367338   data arrival time
---------------------------------------------------------------------------------------------
                                              0.217338   slack (MET)


Startpoint: _306_ (rising edge-triggered flip-flop clocked by clk)
Endpoint: sine_out[3] (output port clocked by clk)
Path Group: clk
Path Type: min

Fanout         Cap        Slew       Delay        Time   Description
---------------------------------------------------------------------------------------------
                      0.100000    0.000000    0.000000   clock clk (rise edge)
                                  0.000000    0.000000   clock network delay (ideal)
                      0.100000    0.000000    0.000000 ^ _306_/CLK (sg13g2_dfrbpq_1)
    11    0.039707    0.108353    0.207379    0.207379 ^ _306_/Q (sg13g2_dfrbpq_1)
                                                         DPATH.SUM.fa_2.A (net)
                      0.108353    0.000000    0.207379 ^ _148_/B1 (sg13g2_o21ai_1)
     4    0.012693    0.073051    0.084775    0.292154 v _148_/Y (sg13g2_o21ai_1)
                                                         _107_ (net)
                      0.073051    0.000000    0.292154 v _149_/B (sg13g2_nand2_1)
     3    0.010347    0.039425    0.054684    0.346838 ^ _149_/Y (sg13g2_nand2_1)
                                                         _108_ (net)
                      0.039425    0.000000    0.346838 ^ _289_/B (sg13g2_nor2_1)
     1    0.010000    0.030596    0.037426    0.384264 v _289_/Y (sg13g2_nor2_1)
                                                         sine_out[3] (net)
                      0.030596    0.000000    0.384264 v sine_out[3] (out)
                                              0.384264   data arrival time

                      0.100000    0.000000    0.000000   clock clk (rise edge)
                                  0.000000    0.000000   clock network delay (ideal)
                                  0.150000    0.150000   clock uncertainty
                                  0.000000    0.150000   clock reconvergence pessimism
                                  0.000000    0.150000   output external delay
                                              0.150000   data required time
---------------------------------------------------------------------------------------------
                                              0.150000   data required time
                                             -0.384264   data arrival time
---------------------------------------------------------------------------------------------
                                              0.234264   slack (MET)



