
===========================================================================
report_checks -unconstrained
===========================================================================
======================= nom_typ_1p20V_25C Corner ===================================

Startpoint: _305_ (rising edge-triggered flip-flop clocked by clk)
Endpoint: sine_out[1] (output port clocked by clk)
Path Group: clk
Path Type: max

Fanout         Cap        Slew       Delay        Time   Description
---------------------------------------------------------------------------------------------
                                  0.000000    0.000000   clock clk (rise edge)
                                  0.000000    0.000000   clock source latency
     9    0.037747    0.000000    0.000000    0.000000 ^ clk (in)
                                                         clk (net)
                      0.002912    0.001456    0.001456 ^ _305_/CLK (sg13g2_dfrbpq_1)
    17    0.069195    0.283387    0.340352    0.341808 ^ _305_/Q (sg13g2_dfrbpq_1)
                                                         DPATH.SUM.fa_1.A (net)
                      0.283495    0.002191    0.343998 ^ _212_/A (sg13g2_xor2_1)
     3    0.010410    0.119307    0.167743    0.511741 v _212_/X (sg13g2_xor2_1)
                                                         _025_ (net)
                      0.119307    0.000144    0.511885 v _213_/B (sg13g2_or2_1)
     4    0.015250    0.064612    0.166575    0.678460 v _213_/X (sg13g2_or2_1)
                                                         _026_ (net)
                      0.064612    0.000160    0.678620 v _214_/C (sg13g2_and3_1)
     3    0.011409    0.049824    0.119219    0.797839 v _214_/X (sg13g2_and3_1)
                                                         _027_ (net)
                      0.049824    0.000139    0.797978 v _249_/A2 (sg13g2_a221oi_1)
     1    0.003209    0.110690    0.150479    0.948457 ^ _249_/Y (sg13g2_a221oi_1)
                                                         _061_ (net)
                      0.110690    0.000018    0.948475 ^ _250_/B (sg13g2_nor2_1)
     1    0.003240    0.043292    0.053333    1.001809 v _250_/Y (sg13g2_nor2_1)
                                                         _062_ (net)
                      0.043292    0.000019    1.001828 v _256_/B (sg13g2_nor4_1)
     1    0.005833    0.161514    0.176527    1.178355 ^ _256_/Y (sg13g2_nor4_1)
                                                         _068_ (net)
                      0.161514    0.000137    1.178491 ^ _267_/B1 (sg13g2_a21oi_1)
     1    0.010000    0.085282    0.092216    1.270707 v _267_/Y (sg13g2_a21oi_1)
                                                         sine_out[1] (net)
                      0.085282    0.000000    1.270707 v sine_out[1] (out)
                                              1.270707   data arrival time

                                  5.000000    5.000000   clock clk (rise edge)
                                  0.000000    5.000000   clock network delay (propagated)
                                 -0.150000    4.850000   clock uncertainty
                                  0.000000    4.850000   clock reconvergence pessimism
                                 -1.000000    3.850000   output external delay
                                              3.850000   data required time
---------------------------------------------------------------------------------------------
                                              3.850000   data required time
                                             -1.270707   data arrival time
---------------------------------------------------------------------------------------------
                                              2.579293   slack (MET)




===========================================================================
report_checks --slack_max -0.01
============================================================================
======================= nom_typ_1p20V_25C Corner ===================================

No paths found.


===========================================================================
 report_check_types -max_slew -max_cap -max_fanout -violators
============================================================================
======================= nom_typ_1p20V_25C Corner ===================================

max fanout

Pin                                   Limit Fanout  Slack
---------------------------------------------------------
_308_/Q                                   8     24    -16 (VIOLATED)
_307_/Q                                   8     19    -11 (VIOLATED)
_309_/Q                                   8     19    -11 (VIOLATED)
_305_/Q                                   8     17     -9 (VIOLATED)
_310_/Q                                   8     17     -9 (VIOLATED)
_304_/Q                                   8     16     -8 (VIOLATED)
_312_/Q                                   8     13     -5 (VIOLATED)
_138_/Y                                   8     11     -3 (VIOLATED)
_306_/Q                                   8     11     -3 (VIOLATED)



===========================================================================
report_parasitic_annotation -report_unannotated
============================================================================
Found 0 unannotated drivers.
Found 20 partially unannotated drivers.
 _142_/Y
 _150_/Y
 _159_/Y
 _162_/Y
 _167_/Y
 _170_/Y
 _171_/Y
 _173_/Y
 _176_/Y
 _179_/Y
 _247_/Y
 _267_/Y
 _288_/Y
 _289_/Y
 _290_/Y
 _292_/Y
 _293_/Y
 _294_/Y
 _295_/Y
 _311_/Q

===========================================================================
max slew violation count 0
Writing metric design__max_slew_violation__count__corner:nom_typ_1p20V_25C: 0
max fanout violation count 9
Writing metric design__max_fanout_violation__count__corner:nom_typ_1p20V_25C: 9
max cap violation count 0
Writing metric design__max_cap_violation__count__corner:nom_typ_1p20V_25C: 0
============================================================================

===========================================================================
check_setup -verbose -unconstrained_endpoints -multiple_clock -no_clock -no_input_delay -loops -generated_clocks
===========================================================================
