Clock: clk
Sources: clk 
Generated: no
Virtual: yes
Propagated: no
Period: 5.000000

===========================================================================
report_clock_properties
============================================================================
Clock                   Period          Waveform
----------------------------------------------------
clk                   5.000000    0.000000  2.500000

===========================================================================
report_clock_latency
============================================================================
Clock clk
rise -> rise
    min     max
0.000000 0.000000 source latency
0.000546         network latency _311_/CLK
        0.001462 network latency _304_/CLK
---------------
0.000546 0.001462 latency
        0.000916 skew

fall -> fall
    min     max
0.000000 0.000000 source latency
0.000488         network latency _311_/CLK
        0.001300 network latency _304_/CLK
---------------
0.000488 0.001300 latency
        0.000812 skew



===========================================================================
report_clock_min_period
============================================================================
clk period_min = 1.60 fmax = 623.83
