
===========================================================================
report_checks -path_delay min (Hold)
============================================================================
======================= nom_typ_1p20V_25C Corner ===================================

Startpoint: _311_ (rising edge-triggered flip-flop clocked by clk)
Endpoint: sign (output port clocked by clk)
Path Group: clk
Path Type: min

Fanout         Cap        Slew       Delay        Time   Description
---------------------------------------------------------------------------------------------
                                  0.000000    0.000000   clock clk (rise edge)
                                  0.000000    0.000000   clock source latency
     9    0.037747    0.000000    0.000000    0.000000 ^ clk (in)
                                                         clk (net)
                      0.001092    0.000546    0.000546 ^ _311_/CLK (sg13g2_dfrbpq_1)
     2    0.032816    0.106683    0.221521    0.222067 v _311_/Q (sg13g2_dfrbpq_1)
                                                         sign (net)
                      0.106683    0.000000    0.222067 v sign (out)
                                              0.222067   data arrival time

                                  0.000000    0.000000   clock clk (rise edge)
                                  0.000000    0.000000   clock network delay (propagated)
                                  0.150000    0.150000   clock uncertainty
                                  0.000000    0.150000   clock reconvergence pessimism
                                  0.000000    0.150000   output external delay
                                              0.150000   data required time
---------------------------------------------------------------------------------------------
                                              0.150000   data required time
                                             -0.222067   data arrival time
---------------------------------------------------------------------------------------------
                                              0.072067   slack (MET)


Startpoint: _311_ (rising edge-triggered flip-flop clocked by clk)
Endpoint: signB (output port clocked by clk)
Path Group: clk
Path Type: min

Fanout         Cap        Slew       Delay        Time   Description
---------------------------------------------------------------------------------------------
                                  0.000000    0.000000   clock clk (rise edge)
                                  0.000000    0.000000   clock source latency
     9    0.037747    0.000000    0.000000    0.000000 ^ clk (in)
                                                         clk (net)
                      0.001092    0.000546    0.000546 ^ _311_/CLK (sg13g2_dfrbpq_1)
     2    0.032816    0.106683    0.221521    0.222067 v _311_/Q (sg13g2_dfrbpq_1)
                                                         sign (net)
                      0.106683    0.000000    0.222067 v _142_/A (sg13g2_inv_1)
     2    0.035655    0.157627    0.167621    0.389688 ^ _142_/Y (sg13g2_inv_1)
                                                         signB (net)
                      0.157627    0.000000    0.389688 ^ signB (out)
                                              0.389688   data arrival time

                                  0.000000    0.000000   clock clk (rise edge)
                                  0.000000    0.000000   clock network delay (propagated)
                                  0.150000    0.150000   clock uncertainty
                                  0.000000    0.150000   clock reconvergence pessimism
                                  0.000000    0.150000   output external delay
                                              0.150000   data required time
---------------------------------------------------------------------------------------------
                                              0.150000   data required time
                                             -0.389688   data arrival time
---------------------------------------------------------------------------------------------
                                              0.239688   slack (MET)


Startpoint: _310_ (rising edge-triggered flip-flop clocked by clk)
Endpoint: sine_out[16] (output port clocked by clk)
Path Group: clk
Path Type: min

Fanout         Cap        Slew       Delay        Time   Description
---------------------------------------------------------------------------------------------
                                  0.000000    0.000000   clock clk (rise edge)
                                  0.000000    0.000000   clock source latency
     9    0.037747    0.000000    0.000000    0.000000 ^ clk (in)
                                                         clk (net)
                      0.001789    0.000894    0.000894 ^ _310_/CLK (sg13g2_dfrbpq_1)
    17    0.065089    0.203361    0.292185    0.293079 v _310_/Q (sg13g2_dfrbpq_1)
                                                         DPATH.SUM.fa_6.A (net)
                      0.203379    0.001968    0.295047 v _176_/A (sg13g2_nand3_1)
     1    0.010000    0.063042    0.109210    0.404258 ^ _176_/Y (sg13g2_nand3_1)
                                                         sine_out[16] (net)
                      0.063042    0.000000    0.404258 ^ sine_out[16] (out)
                                              0.404258   data arrival time

                                  0.000000    0.000000   clock clk (rise edge)
                                  0.000000    0.000000   clock network delay (propagated)
                                  0.150000    0.150000   clock uncertainty
                                  0.000000    0.150000   clock reconvergence pessimism
                                  0.000000    0.150000   output external delay
                                              0.150000   data required time
---------------------------------------------------------------------------------------------
                                              0.150000   data required time
                                             -0.404258   data arrival time
---------------------------------------------------------------------------------------------
                                              0.254258   slack (MET)


Startpoint: _310_ (rising edge-triggered flip-flop clocked by clk)
Endpoint: sine_out[15] (output port clocked by clk)
Path Group: clk
Path Type: min

Fanout         Cap        Slew       Delay        Time   Description
---------------------------------------------------------------------------------------------
                                  0.000000    0.000000   clock clk (rise edge)
                                  0.000000    0.000000   clock source latency
     9    0.037747    0.000000    0.000000    0.000000 ^ clk (in)
                                                         clk (net)
                      0.001789    0.000894    0.000894 ^ _310_/CLK (sg13g2_dfrbpq_1)
    17    0.065089    0.203361    0.292185    0.293079 v _310_/Q (sg13g2_dfrbpq_1)
                                                         DPATH.SUM.fa_6.A (net)
                      0.203379    0.001980    0.295059 v _173_/B1 (sg13g2_o21ai_1)
     1    0.010000    0.091361    0.117525    0.412585 ^ _173_/Y (sg13g2_o21ai_1)
                                                         sine_out[15] (net)
                      0.091361    0.000000    0.412585 ^ sine_out[15] (out)
                                              0.412585   data arrival time

                                  0.000000    0.000000   clock clk (rise edge)
                                  0.000000    0.000000   clock network delay (propagated)
                                  0.150000    0.150000   clock uncertainty
                                  0.000000    0.150000   clock reconvergence pessimism
                                  0.000000    0.150000   output external delay
                                              0.150000   data required time
---------------------------------------------------------------------------------------------
                                              0.150000   data required time
                                             -0.412585   data arrival time
---------------------------------------------------------------------------------------------
                                              0.262585   slack (MET)


Startpoint: _310_ (rising edge-triggered flip-flop clocked by clk)
Endpoint: sine_out[14] (output port clocked by clk)
Path Group: clk
Path Type: min

Fanout         Cap        Slew       Delay        Time   Description
---------------------------------------------------------------------------------------------
                                  0.000000    0.000000   clock clk (rise edge)
                                  0.000000    0.000000   clock source latency
     9    0.037747    0.000000    0.000000    0.000000 ^ clk (in)
                                                         clk (net)
                      0.001789    0.000894    0.000894 ^ _310_/CLK (sg13g2_dfrbpq_1)
    17    0.065089    0.203361    0.292185    0.293079 v _310_/Q (sg13g2_dfrbpq_1)
                                                         DPATH.SUM.fa_6.A (net)
                      0.203382    0.002079    0.295159 v _171_/B1 (sg13g2_o21ai_1)
     1    0.010000    0.091361    0.117526    0.412684 ^ _171_/Y (sg13g2_o21ai_1)
                                                         sine_out[14] (net)
                      0.091361    0.000000    0.412684 ^ sine_out[14] (out)
                                              0.412684   data arrival time

                                  0.000000    0.000000   clock clk (rise edge)
                                  0.000000    0.000000   clock network delay (propagated)
                                  0.150000    0.150000   clock uncertainty
                                  0.000000    0.150000   clock reconvergence pessimism
                                  0.000000    0.150000   output external delay
                                              0.150000   data required time
---------------------------------------------------------------------------------------------
                                              0.150000   data required time
                                             -0.412684   data arrival time
---------------------------------------------------------------------------------------------
                                              0.262684   slack (MET)


Startpoint: _310_ (rising edge-triggered flip-flop clocked by clk)
Endpoint: sine_out[17] (output port clocked by clk)
Path Group: clk
Path Type: min

Fanout         Cap        Slew       Delay        Time   Description
---------------------------------------------------------------------------------------------
                                  0.000000    0.000000   clock clk (rise edge)
                                  0.000000    0.000000   clock source latency
     9    0.037747    0.000000    0.000000    0.000000 ^ clk (in)
                                                         clk (net)
                      0.001789    0.000894    0.000894 ^ _310_/CLK (sg13g2_dfrbpq_1)
    17    0.065089    0.203361    0.292185    0.293079 v _310_/Q (sg13g2_dfrbpq_1)
                                                         DPATH.SUM.fa_6.A (net)
                      0.203372    0.001647    0.294726 v _179_/B (sg13g2_nand3_1)
     1    0.010000    0.066141    0.118424    0.413150 ^ _179_/Y (sg13g2_nand3_1)
                                                         sine_out[17] (net)
                      0.066141    0.000000    0.413150 ^ sine_out[17] (out)
                                              0.413150   data arrival time

                                  0.000000    0.000000   clock clk (rise edge)
                                  0.000000    0.000000   clock network delay (propagated)
                                  0.150000    0.150000   clock uncertainty
                                  0.000000    0.150000   clock reconvergence pessimism
                                  0.000000    0.150000   output external delay
                                              0.150000   data required time
---------------------------------------------------------------------------------------------
                                              0.150000   data required time
                                             -0.413150   data arrival time
---------------------------------------------------------------------------------------------
                                              0.263150   slack (MET)


Startpoint: _310_ (rising edge-triggered flip-flop clocked by clk)
Endpoint: sine_out[9] (output port clocked by clk)
Path Group: clk
Path Type: min

Fanout         Cap        Slew       Delay        Time   Description
---------------------------------------------------------------------------------------------
                                  0.000000    0.000000   clock clk (rise edge)
                                  0.000000    0.000000   clock source latency
     9    0.037747    0.000000    0.000000    0.000000 ^ clk (in)
                                                         clk (net)
                      0.001789    0.000894    0.000894 ^ _310_/CLK (sg13g2_dfrbpq_1)
    17    0.065089    0.203361    0.292185    0.293079 v _310_/Q (sg13g2_dfrbpq_1)
                                                         DPATH.SUM.fa_6.A (net)
                      0.203385    0.002198    0.295277 v _150_/B1 (sg13g2_a21oi_1)
     1    0.010000    0.105204    0.123968    0.419245 ^ _150_/Y (sg13g2_a21oi_1)
                                                         sine_out[9] (net)
                      0.105204    0.000000    0.419245 ^ sine_out[9] (out)
                                              0.419245   data arrival time

                                  0.000000    0.000000   clock clk (rise edge)
                                  0.000000    0.000000   clock network delay (propagated)
                                  0.150000    0.150000   clock uncertainty
                                  0.000000    0.150000   clock reconvergence pessimism
                                  0.000000    0.150000   output external delay
                                              0.150000   data required time
---------------------------------------------------------------------------------------------
                                              0.150000   data required time
                                             -0.419245   data arrival time
---------------------------------------------------------------------------------------------
                                              0.269245   slack (MET)


Startpoint: _310_ (rising edge-triggered flip-flop clocked by clk)
Endpoint: sine_out[13] (output port clocked by clk)
Path Group: clk
Path Type: min

Fanout         Cap        Slew       Delay        Time   Description
---------------------------------------------------------------------------------------------
                                  0.000000    0.000000   clock clk (rise edge)
                                  0.000000    0.000000   clock source latency
     9    0.037747    0.000000    0.000000    0.000000 ^ clk (in)
                                                         clk (net)
                      0.001789    0.000894    0.000894 ^ _310_/CLK (sg13g2_dfrbpq_1)
    17    0.065089    0.203361    0.292185    0.293079 v _310_/Q (sg13g2_dfrbpq_1)
                                                         DPATH.SUM.fa_6.A (net)
                      0.203385    0.002218    0.295297 v _170_/B1 (sg13g2_a21oi_1)
     1    0.010000    0.101718    0.123968    0.419265 ^ _170_/Y (sg13g2_a21oi_1)
                                                         sine_out[13] (net)
                      0.101718    0.000000    0.419265 ^ sine_out[13] (out)
                                              0.419265   data arrival time

                                  0.000000    0.000000   clock clk (rise edge)
                                  0.000000    0.000000   clock network delay (propagated)
                                  0.150000    0.150000   clock uncertainty
                                  0.000000    0.150000   clock reconvergence pessimism
                                  0.000000    0.150000   output external delay
                                              0.150000   data required time
---------------------------------------------------------------------------------------------
                                              0.150000   data required time
                                             -0.419265   data arrival time
---------------------------------------------------------------------------------------------
                                              0.269265   slack (MET)


Startpoint: _312_ (rising edge-triggered flip-flop clocked by clk)
Endpoint: _312_ (rising edge-triggered flip-flop clocked by clk)
Path Group: clk
Path Type: min

Fanout         Cap        Slew       Delay        Time   Description
---------------------------------------------------------------------------------------------
                                  0.000000    0.000000   clock clk (rise edge)
                                  0.000000    0.000000   clock source latency
     9    0.037747    0.000000    0.000000    0.000000 ^ clk (in)
                                                         clk (net)
                      0.001094    0.000547    0.000547 ^ _312_/CLK (sg13g2_dfrbpq_1)
    13    0.058723    0.184305    0.277360    0.277906 v _312_/Q (sg13g2_dfrbpq_1)
                                                         CTRL.S0 (net)
                      0.184305    0.000649    0.278555 v _206_/B1 (sg13g2_a21oi_1)
     1    0.003200    0.054564    0.077557    0.356112 ^ _206_/Y (sg13g2_a21oi_1)
                                                         _020_ (net)
                      0.054564    0.000018    0.356131 ^ _207_/B (sg13g2_nor2_1)
     1    0.001700    0.020237    0.033714    0.389844 v _207_/Y (sg13g2_nor2_1)
                                                         CTRL.P0 (net)
                      0.020237    0.000010    0.389854 v _312_/D (sg13g2_dfrbpq_1)
                                              0.389854   data arrival time

                                  0.000000    0.000000   clock clk (rise edge)
                                  0.000000    0.000000   clock source latency
     9    0.037747    0.000000    0.000000    0.000000 ^ clk (in)
                                                         clk (net)
                      0.001094    0.000547    0.000547 ^ _312_/CLK (sg13g2_dfrbpq_1)
                                  0.150000    0.150547   clock uncertainty
                                  0.000000    0.150547   clock reconvergence pessimism
                                 -0.038404    0.112143   library hold time
                                              0.112143   data required time
---------------------------------------------------------------------------------------------
                                              0.112143   data required time
                                             -0.389854   data arrival time
---------------------------------------------------------------------------------------------
                                              0.277711   slack (MET)


Startpoint: _304_ (rising edge-triggered flip-flop clocked by clk)
Endpoint: _305_ (rising edge-triggered flip-flop clocked by clk)
Path Group: clk
Path Type: min

Fanout         Cap        Slew       Delay        Time   Description
---------------------------------------------------------------------------------------------
                                  0.000000    0.000000   clock clk (rise edge)
                                  0.000000    0.000000   clock source latency
     9    0.037747    0.000000    0.000000    0.000000 ^ clk (in)
                                                         clk (net)
                      0.002924    0.001462    0.001462 ^ _304_/CLK (sg13g2_dfrbpq_1)
    16    0.066046    0.206048    0.295432    0.296894 v _304_/Q (sg13g2_dfrbpq_1)
                                                         DPATH.SUM.Cout0 (net)
                      0.206048    0.000351    0.297245 v _182_/A (sg13g2_xnor2_1)
     1    0.002639    0.032468    0.110216    0.407461 v _182_/Y (sg13g2_xnor2_1)
                                                         DPATH.SUM.fa_1.S (net)
                      0.032468    0.000030    0.407491 v _305_/D (sg13g2_dfrbpq_1)
                                              0.407491   data arrival time

                                  0.000000    0.000000   clock clk (rise edge)
                                  0.000000    0.000000   clock source latency
     9    0.037747    0.000000    0.000000    0.000000 ^ clk (in)
                                                         clk (net)
                      0.002912    0.001456    0.001456 ^ _305_/CLK (sg13g2_dfrbpq_1)
                                  0.150000    0.151456   clock uncertainty
                                  0.000000    0.151456   clock reconvergence pessimism
                                 -0.041894    0.109561   library hold time
                                              0.109561   data required time
---------------------------------------------------------------------------------------------
                                              0.109561   data required time
                                             -0.407491   data arrival time
---------------------------------------------------------------------------------------------
                                              0.297930   slack (MET)


Startpoint: _310_ (rising edge-triggered flip-flop clocked by clk)
Endpoint: sine_out[0] (output port clocked by clk)
Path Group: clk
Path Type: min

Fanout         Cap        Slew       Delay        Time   Description
---------------------------------------------------------------------------------------------
                                  0.000000    0.000000   clock clk (rise edge)
                                  0.000000    0.000000   clock source latency
     9    0.037747    0.000000    0.000000    0.000000 ^ clk (in)
                                                         clk (net)
                      0.001789    0.000894    0.000894 ^ _310_/CLK (sg13g2_dfrbpq_1)
    17    0.065089    0.203361    0.292185    0.293079 v _310_/Q (sg13g2_dfrbpq_1)
                                                         DPATH.SUM.fa_6.A (net)
                      0.203375    0.001793    0.294872 v _247_/A1 (sg13g2_a22oi_1)
     1    0.010000    0.109036    0.164149    0.459021 ^ _247_/Y (sg13g2_a22oi_1)
                                                         sine_out[0] (net)
                      0.109036    0.000000    0.459021 ^ sine_out[0] (out)
                                              0.459021   data arrival time

                                  0.000000    0.000000   clock clk (rise edge)
                                  0.000000    0.000000   clock network delay (propagated)
                                  0.150000    0.150000   clock uncertainty
                                  0.000000    0.150000   clock reconvergence pessimism
                                  0.000000    0.150000   output external delay
                                              0.150000   data required time
---------------------------------------------------------------------------------------------
                                              0.150000   data required time
                                             -0.459021   data arrival time
---------------------------------------------------------------------------------------------
                                              0.309021   slack (MET)


Startpoint: _306_ (rising edge-triggered flip-flop clocked by clk)
Endpoint: _306_ (rising edge-triggered flip-flop clocked by clk)
Path Group: clk
Path Type: min

Fanout         Cap        Slew       Delay        Time   Description
---------------------------------------------------------------------------------------------
                                  0.000000    0.000000   clock clk (rise edge)
                                  0.000000    0.000000   clock source latency
     9    0.037747    0.000000    0.000000    0.000000 ^ clk (in)
                                                         clk (net)
                      0.002922    0.001461    0.001461 ^ _306_/CLK (sg13g2_dfrbpq_1)
    11    0.042014    0.133560    0.242393    0.243854 v _306_/Q (sg13g2_dfrbpq_1)
                                                         DPATH.SUM.fa_2.A (net)
                      0.133562    0.000687    0.244541 v _185_/A (sg13g2_xor2_1)
     2    0.008572    0.043744    0.119347    0.363888 v _185_/X (sg13g2_xor2_1)
                                                         _134_ (net)
                      0.043744    0.000050    0.363938 v _186_/B (sg13g2_xor2_1)
     1    0.003066    0.027978    0.057650    0.421588 v _186_/X (sg13g2_xor2_1)
                                                         DPATH.SUM.fa_2.S (net)
                      0.027978    0.000043    0.421631 v _306_/D (sg13g2_dfrbpq_1)
                                              0.421631   data arrival time

                                  0.000000    0.000000   clock clk (rise edge)
                                  0.000000    0.000000   clock source latency
     9    0.037747    0.000000    0.000000    0.000000 ^ clk (in)
                                                         clk (net)
                      0.002922    0.001461    0.001461 ^ _306_/CLK (sg13g2_dfrbpq_1)
                                  0.150000    0.151461   clock uncertainty
                                  0.000000    0.151461   clock reconvergence pessimism
                                 -0.040472    0.110989   library hold time
                                              0.110989   data required time
---------------------------------------------------------------------------------------------
                                              0.110989   data required time
                                             -0.421631   data arrival time
---------------------------------------------------------------------------------------------
                                              0.310642   slack (MET)


Startpoint: _310_ (rising edge-triggered flip-flop clocked by clk)
Endpoint: sine_out[2] (output port clocked by clk)
Path Group: clk
Path Type: min

Fanout         Cap        Slew       Delay        Time   Description
---------------------------------------------------------------------------------------------
                                  0.000000    0.000000   clock clk (rise edge)
                                  0.000000    0.000000   clock source latency
     9    0.037747    0.000000    0.000000    0.000000 ^ clk (in)
                                                         clk (net)
                      0.001789    0.000894    0.000894 ^ _310_/CLK (sg13g2_dfrbpq_1)
    17    0.065089    0.203361    0.292185    0.293079 v _310_/Q (sg13g2_dfrbpq_1)
                                                         DPATH.SUM.fa_6.A (net)
                      0.203361    0.000256    0.293335 v _279_/A (sg13g2_nor2_1)
     1    0.003646    0.049959    0.100187    0.393522 ^ _279_/Y (sg13g2_nor2_1)
                                                         _090_ (net)
                      0.049959    0.000030    0.393552 ^ _288_/A2 (sg13g2_a21oi_1)
     1    0.010000    0.042201    0.094660    0.488212 v _288_/Y (sg13g2_a21oi_1)
                                                         sine_out[2] (net)
                      0.042201    0.000000    0.488212 v sine_out[2] (out)
                                              0.488212   data arrival time

                                  0.000000    0.000000   clock clk (rise edge)
                                  0.000000    0.000000   clock network delay (propagated)
                                  0.150000    0.150000   clock uncertainty
                                  0.000000    0.150000   clock reconvergence pessimism
                                  0.000000    0.150000   output external delay
                                              0.150000   data required time
---------------------------------------------------------------------------------------------
                                              0.150000   data required time
                                             -0.488212   data arrival time
---------------------------------------------------------------------------------------------
                                              0.338212   slack (MET)


Startpoint: _312_ (rising edge-triggered flip-flop clocked by clk)
Endpoint: _310_ (rising edge-triggered flip-flop clocked by clk)
Path Group: clk
Path Type: min

Fanout         Cap        Slew       Delay        Time   Description
---------------------------------------------------------------------------------------------
                                  0.000000    0.000000   clock clk (rise edge)
                                  0.000000    0.000000   clock source latency
     9    0.037747    0.000000    0.000000    0.000000 ^ clk (in)
                                                         clk (net)
                      0.001094    0.000547    0.000547 ^ _312_/CLK (sg13g2_dfrbpq_1)
    13    0.058723    0.184305    0.277360    0.277906 v _312_/Q (sg13g2_dfrbpq_1)
                                                         CTRL.S0 (net)
                      0.184315    0.001540    0.279447 v _200_/A (sg13g2_xnor2_1)
     1    0.005556    0.049533    0.121700    0.401147 v _200_/Y (sg13g2_xnor2_1)
                                                         _016_ (net)
                      0.049533    0.000043    0.401190 v _201_/B (sg13g2_xnor2_1)
     1    0.001608    0.026196    0.054657    0.455847 v _201_/Y (sg13g2_xnor2_1)
                                                         DPATH.SUM.fa_6.S (net)
                      0.026196    0.000009    0.455855 v _310_/D (sg13g2_dfrbpq_1)
                                              0.455855   data arrival time

                                  0.000000    0.000000   clock clk (rise edge)
                                  0.000000    0.000000   clock source latency
     9    0.037747    0.000000    0.000000    0.000000 ^ clk (in)
                                                         clk (net)
                      0.001789    0.000894    0.000894 ^ _310_/CLK (sg13g2_dfrbpq_1)
                                  0.150000    0.150894   clock uncertainty
                                  0.000000    0.150894   clock reconvergence pessimism
                                 -0.040144    0.110750   library hold time
                                              0.110750   data required time
---------------------------------------------------------------------------------------------
                                              0.110750   data required time
                                             -0.455855   data arrival time
---------------------------------------------------------------------------------------------
                                              0.345105   slack (MET)


Startpoint: _312_ (rising edge-triggered flip-flop clocked by clk)
Endpoint: _307_ (rising edge-triggered flip-flop clocked by clk)
Path Group: clk
Path Type: min

Fanout         Cap        Slew       Delay        Time   Description
---------------------------------------------------------------------------------------------
                                  0.000000    0.000000   clock clk (rise edge)
                                  0.000000    0.000000   clock source latency
     9    0.037747    0.000000    0.000000    0.000000 ^ clk (in)
                                                         clk (net)
                      0.001094    0.000547    0.000547 ^ _312_/CLK (sg13g2_dfrbpq_1)
    13    0.058723    0.184305    0.277360    0.277906 v _312_/Q (sg13g2_dfrbpq_1)
                                                         CTRL.S0 (net)
                      0.184339    0.002447    0.280353 v _189_/B (sg13g2_xnor2_1)
     2    0.008636    0.066002    0.126727    0.407080 v _189_/Y (sg13g2_xnor2_1)
                                                         _137_ (net)
                      0.066002    0.000046    0.407126 v _190_/B (sg13g2_xor2_1)
     1    0.001768    0.024235    0.060414    0.467539 v _190_/X (sg13g2_xor2_1)
                                                         DPATH.SUM.fa_3.S (net)
                      0.024235    0.000011    0.467550 v _307_/D (sg13g2_dfrbpq_1)
                                              0.467550   data arrival time

                                  0.000000    0.000000   clock clk (rise edge)
                                  0.000000    0.000000   clock source latency
     9    0.037747    0.000000    0.000000    0.000000 ^ clk (in)
                                                         clk (net)
                      0.002585    0.001293    0.001293 ^ _307_/CLK (sg13g2_dfrbpq_1)
                                  0.150000    0.151293   clock uncertainty
                                  0.000000    0.151293   clock reconvergence pessimism
                                 -0.039358    0.111935   library hold time
                                              0.111935   data required time
---------------------------------------------------------------------------------------------
                                              0.111935   data required time
                                             -0.467550   data arrival time
---------------------------------------------------------------------------------------------
                                              0.355615   slack (MET)


Startpoint: _312_ (rising edge-triggered flip-flop clocked by clk)
Endpoint: _308_ (rising edge-triggered flip-flop clocked by clk)
Path Group: clk
Path Type: min

Fanout         Cap        Slew       Delay        Time   Description
---------------------------------------------------------------------------------------------
                                  0.000000    0.000000   clock clk (rise edge)
                                  0.000000    0.000000   clock source latency
     9    0.037747    0.000000    0.000000    0.000000 ^ clk (in)
                                                         clk (net)
                      0.001094    0.000547    0.000547 ^ _312_/CLK (sg13g2_dfrbpq_1)
    13    0.058723    0.184305    0.277360    0.277906 v _312_/Q (sg13g2_dfrbpq_1)
                                                         CTRL.S0 (net)
                      0.184330    0.002157    0.280064 v _192_/B (sg13g2_xor2_1)
     2    0.009198    0.048015    0.135498    0.415561 v _192_/X (sg13g2_xor2_1)
                                                         _010_ (net)
                      0.048015    0.000051    0.415613 v _194_/A (sg13g2_xor2_1)
     1    0.001643    0.024002    0.058017    0.473629 v _194_/X (sg13g2_xor2_1)
                                                         DPATH.SUM.fa_4.S (net)
                      0.024002    0.000009    0.473638 v _308_/D (sg13g2_dfrbpq_1)
                                              0.473638   data arrival time

                                  0.000000    0.000000   clock clk (rise edge)
                                  0.000000    0.000000   clock source latency
     9    0.037747    0.000000    0.000000    0.000000 ^ clk (in)
                                                         clk (net)
                      0.002328    0.001164    0.001164 ^ _308_/CLK (sg13g2_dfrbpq_1)
                                  0.150000    0.151164   clock uncertainty
                                  0.000000    0.151164   clock reconvergence pessimism
                                 -0.039338    0.111826   library hold time
                                              0.111826   data required time
---------------------------------------------------------------------------------------------
                                              0.111826   data required time
                                             -0.473638   data arrival time
---------------------------------------------------------------------------------------------
                                              0.361812   slack (MET)


Startpoint: _312_ (rising edge-triggered flip-flop clocked by clk)
Endpoint: _311_ (rising edge-triggered flip-flop clocked by clk)
Path Group: clk
Path Type: min

Fanout         Cap        Slew       Delay        Time   Description
---------------------------------------------------------------------------------------------
                                  0.000000    0.000000   clock clk (rise edge)
                                  0.000000    0.000000   clock source latency
     9    0.037747    0.000000    0.000000    0.000000 ^ clk (in)
                                                         clk (net)
                      0.001094    0.000547    0.000547 ^ _312_/CLK (sg13g2_dfrbpq_1)
    13    0.058723    0.184305    0.277360    0.277906 v _312_/Q (sg13g2_dfrbpq_1)
                                                         CTRL.S0 (net)
                      0.184305    0.000396    0.278302 v _202_/C (sg13g2_nand3b_1)
     1    0.003299    0.038241    0.091455    0.369757 ^ _202_/Y (sg13g2_nand3b_1)
                                                         _017_ (net)
                      0.038241    0.000021    0.369778 ^ _203_/C (sg13g2_nor3_1)
     2    0.009865    0.040492    0.051549    0.421327 v _203_/Y (sg13g2_nor3_1)
                                                         _018_ (net)
                      0.040492    0.000108    0.421435 v _204_/B (sg13g2_xnor2_1)
     1    0.001914    0.027560    0.052975    0.474410 v _204_/Y (sg13g2_xnor2_1)
                                                         CTRL.P1 (net)
                      0.027560    0.000013    0.474424 v _311_/D (sg13g2_dfrbpq_1)
                                              0.474424   data arrival time

                                  0.000000    0.000000   clock clk (rise edge)
                                  0.000000    0.000000   clock source latency
     9    0.037747    0.000000    0.000000    0.000000 ^ clk (in)
                                                         clk (net)
                      0.001092    0.000546    0.000546 ^ _311_/CLK (sg13g2_dfrbpq_1)
                                  0.150000    0.150546   clock uncertainty
                                  0.000000    0.150546   clock reconvergence pessimism
                                 -0.040721    0.109825   library hold time
                                              0.109825   data required time
---------------------------------------------------------------------------------------------
                                              0.109825   data required time
                                             -0.474424   data arrival time
---------------------------------------------------------------------------------------------
                                              0.364598   slack (MET)


Startpoint: _308_ (rising edge-triggered flip-flop clocked by clk)
Endpoint: sine_out[6] (output port clocked by clk)
Path Group: clk
Path Type: min

Fanout         Cap        Slew       Delay        Time   Description
---------------------------------------------------------------------------------------------
                                  0.000000    0.000000   clock clk (rise edge)
                                  0.000000    0.000000   clock source latency
     9    0.037747    0.000000    0.000000    0.000000 ^ clk (in)
                                                         clk (net)
                      0.002328    0.001164    0.001164 ^ _308_/CLK (sg13g2_dfrbpq_1)
    24    0.089014    0.275566    0.345682    0.346846 v _308_/Q (sg13g2_dfrbpq_1)
                                                         DPATH.SUM.fa_4.A (net)
                      0.275567    0.001078    0.347924 v _293_/A1 (sg13g2_a21oi_1)
     1    0.010000    0.086101    0.167176    0.515100 ^ _293_/Y (sg13g2_a21oi_1)
                                                         sine_out[6] (net)
                      0.086101    0.000000    0.515100 ^ sine_out[6] (out)
                                              0.515100   data arrival time

                                  0.000000    0.000000   clock clk (rise edge)
                                  0.000000    0.000000   clock network delay (propagated)
                                  0.150000    0.150000   clock uncertainty
                                  0.000000    0.150000   clock reconvergence pessimism
                                  0.000000    0.150000   output external delay
                                              0.150000   data required time
---------------------------------------------------------------------------------------------
                                              0.150000   data required time
                                             -0.515100   data arrival time
---------------------------------------------------------------------------------------------
                                              0.365100   slack (MET)


Startpoint: _312_ (rising edge-triggered flip-flop clocked by clk)
Endpoint: _309_ (rising edge-triggered flip-flop clocked by clk)
Path Group: clk
Path Type: min

Fanout         Cap        Slew       Delay        Time   Description
---------------------------------------------------------------------------------------------
                                  0.000000    0.000000   clock clk (rise edge)
                                  0.000000    0.000000   clock source latency
     9    0.037747    0.000000    0.000000    0.000000 ^ clk (in)
                                                         clk (net)
                      0.001094    0.000547    0.000547 ^ _312_/CLK (sg13g2_dfrbpq_1)
    13    0.058723    0.184305    0.277360    0.277906 v _312_/Q (sg13g2_dfrbpq_1)
                                                         CTRL.S0 (net)
                      0.184323    0.001880    0.279787 v _196_/B (sg13g2_xnor2_1)
     2    0.009291    0.069532    0.130327    0.410113 v _196_/Y (sg13g2_xnor2_1)
                                                         _013_ (net)
                      0.069532    0.000048    0.410161 v _198_/A (sg13g2_xor2_1)
     1    0.001754    0.024349    0.066591    0.476752 v _198_/X (sg13g2_xor2_1)
                                                         DPATH.SUM.fa_5.S (net)
                      0.024349    0.000011    0.476763 v _309_/D (sg13g2_dfrbpq_1)
                                              0.476763   data arrival time

                                  0.000000    0.000000   clock clk (rise edge)
                                  0.000000    0.000000   clock source latency
     9    0.037747    0.000000    0.000000    0.000000 ^ clk (in)
                                                         clk (net)
                      0.002042    0.001021    0.001021 ^ _309_/CLK (sg13g2_dfrbpq_1)
                                  0.150000    0.151021   clock uncertainty
                                  0.000000    0.151021   clock reconvergence pessimism
                                 -0.039507    0.111514   library hold time
                                              0.111514   data required time
---------------------------------------------------------------------------------------------
                                              0.111514   data required time
                                             -0.476763   data arrival time
---------------------------------------------------------------------------------------------
                                              0.365249   slack (MET)


Startpoint: _308_ (rising edge-triggered flip-flop clocked by clk)
Endpoint: sine_out[7] (output port clocked by clk)
Path Group: clk
Path Type: min

Fanout         Cap        Slew       Delay        Time   Description
---------------------------------------------------------------------------------------------
                                  0.000000    0.000000   clock clk (rise edge)
                                  0.000000    0.000000   clock source latency
     9    0.037747    0.000000    0.000000    0.000000 ^ clk (in)
                                                         clk (net)
                      0.002328    0.001164    0.001164 ^ _308_/CLK (sg13g2_dfrbpq_1)
    24    0.089014    0.275566    0.345682    0.346846 v _308_/Q (sg13g2_dfrbpq_1)
                                                         DPATH.SUM.fa_4.A (net)
                      0.275575    0.001836    0.348682 v _294_/A1 (sg13g2_a21oi_1)
     1    0.010000    0.086101    0.167177    0.515859 ^ _294_/Y (sg13g2_a21oi_1)
                                                         sine_out[7] (net)
                      0.086101    0.000000    0.515859 ^ sine_out[7] (out)
                                              0.515859   data arrival time

                                  0.000000    0.000000   clock clk (rise edge)
                                  0.000000    0.000000   clock network delay (propagated)
                                  0.150000    0.150000   clock uncertainty
                                  0.000000    0.150000   clock reconvergence pessimism
                                  0.000000    0.150000   output external delay
                                              0.150000   data required time
---------------------------------------------------------------------------------------------
                                              0.150000   data required time
                                             -0.515859   data arrival time
---------------------------------------------------------------------------------------------
                                              0.365859   slack (MET)


Startpoint: _308_ (rising edge-triggered flip-flop clocked by clk)
Endpoint: sine_out[8] (output port clocked by clk)
Path Group: clk
Path Type: min

Fanout         Cap        Slew       Delay        Time   Description
---------------------------------------------------------------------------------------------
                                  0.000000    0.000000   clock clk (rise edge)
                                  0.000000    0.000000   clock source latency
     9    0.037747    0.000000    0.000000    0.000000 ^ clk (in)
                                                         clk (net)
                      0.002328    0.001164    0.001164 ^ _308_/CLK (sg13g2_dfrbpq_1)
    24    0.089014    0.275566    0.345682    0.346846 v _308_/Q (sg13g2_dfrbpq_1)
                                                         DPATH.SUM.fa_4.A (net)
                      0.275575    0.001845    0.348691 v _295_/A1 (sg13g2_a21oi_1)
     1    0.010000    0.086101    0.167177    0.515868 ^ _295_/Y (sg13g2_a21oi_1)
                                                         sine_out[8] (net)
                      0.086101    0.000000    0.515868 ^ sine_out[8] (out)
                                              0.515868   data arrival time

                                  0.000000    0.000000   clock clk (rise edge)
                                  0.000000    0.000000   clock network delay (propagated)
                                  0.150000    0.150000   clock uncertainty
                                  0.000000    0.150000   clock reconvergence pessimism
                                  0.000000    0.150000   output external delay
                                              0.150000   data required time
---------------------------------------------------------------------------------------------
                                              0.150000   data required time
                                             -0.515868   data arrival time
---------------------------------------------------------------------------------------------
                                              0.365868   slack (MET)


Startpoint: _310_ (rising edge-triggered flip-flop clocked by clk)
Endpoint: sine_out[1] (output port clocked by clk)
Path Group: clk
Path Type: min

Fanout         Cap        Slew       Delay        Time   Description
---------------------------------------------------------------------------------------------
                                  0.000000    0.000000   clock clk (rise edge)
                                  0.000000    0.000000   clock source latency
     9    0.037747    0.000000    0.000000    0.000000 ^ clk (in)
                                                         clk (net)
                      0.001789    0.000894    0.000894 ^ _310_/CLK (sg13g2_dfrbpq_1)
    17    0.065089    0.203361    0.292185    0.293079 v _310_/Q (sg13g2_dfrbpq_1)
                                                         DPATH.SUM.fa_6.A (net)
                      0.203366    0.001217    0.294296 v _265_/B1 (sg13g2_o21ai_1)
     1    0.004049    0.062293    0.083352    0.377648 ^ _265_/Y (sg13g2_o21ai_1)
                                                         _077_ (net)
                      0.062293    0.000048    0.377696 ^ _266_/B (sg13g2_nor2_1)
     1    0.003117    0.025396    0.040049    0.417745 v _266_/Y (sg13g2_nor2_1)
                                                         _078_ (net)
                      0.025396    0.000015    0.417760 v _267_/A2 (sg13g2_a21oi_1)
     1    0.010000    0.076576    0.110413    0.528173 ^ _267_/Y (sg13g2_a21oi_1)
                                                         sine_out[1] (net)
                      0.076576    0.000000    0.528173 ^ sine_out[1] (out)
                                              0.528173   data arrival time

                                  0.000000    0.000000   clock clk (rise edge)
                                  0.000000    0.000000   clock network delay (propagated)
                                  0.150000    0.150000   clock uncertainty
                                  0.000000    0.150000   clock reconvergence pessimism
                                  0.000000    0.150000   output external delay
                                              0.150000   data required time
---------------------------------------------------------------------------------------------
                                              0.150000   data required time
                                             -0.528173   data arrival time
---------------------------------------------------------------------------------------------
                                              0.378173   slack (MET)


Startpoint: _310_ (rising edge-triggered flip-flop clocked by clk)
Endpoint: sine_out[11] (output port clocked by clk)
Path Group: clk
Path Type: min

Fanout         Cap        Slew       Delay        Time   Description
---------------------------------------------------------------------------------------------
                                  0.000000    0.000000   clock clk (rise edge)
                                  0.000000    0.000000   clock source latency
     9    0.037747    0.000000    0.000000    0.000000 ^ clk (in)
                                                         clk (net)
                      0.001789    0.000894    0.000894 ^ _310_/CLK (sg13g2_dfrbpq_1)
    17    0.065089    0.203361    0.292185    0.293079 v _310_/Q (sg13g2_dfrbpq_1)
                                                         DPATH.SUM.fa_6.A (net)
                      0.203385    0.002219    0.295299 v _153_/A_N (sg13g2_nand2b_1)
     3    0.009586    0.070640    0.157311    0.452609 v _153_/Y (sg13g2_nand2b_1)
                                                         _111_ (net)
                      0.070640    0.000033    0.452642 v _162_/B1 (sg13g2_o21ai_1)
     1    0.010000    0.067926    0.078534    0.531176 ^ _162_/Y (sg13g2_o21ai_1)
                                                         sine_out[11] (net)
                      0.067926    0.000000    0.531176 ^ sine_out[11] (out)
                                              0.531176   data arrival time

                                  0.000000    0.000000   clock clk (rise edge)
                                  0.000000    0.000000   clock network delay (propagated)
                                  0.150000    0.150000   clock uncertainty
                                  0.000000    0.150000   clock reconvergence pessimism
                                  0.000000    0.150000   output external delay
                                              0.150000   data required time
---------------------------------------------------------------------------------------------
                                              0.150000   data required time
                                             -0.531176   data arrival time
---------------------------------------------------------------------------------------------
                                              0.381176   slack (MET)


Startpoint: _310_ (rising edge-triggered flip-flop clocked by clk)
Endpoint: sine_out[12] (output port clocked by clk)
Path Group: clk
Path Type: min

Fanout         Cap        Slew       Delay        Time   Description
---------------------------------------------------------------------------------------------
                                  0.000000    0.000000   clock clk (rise edge)
                                  0.000000    0.000000   clock source latency
     9    0.037747    0.000000    0.000000    0.000000 ^ clk (in)
                                                         clk (net)
                      0.001789    0.000894    0.000894 ^ _310_/CLK (sg13g2_dfrbpq_1)
    17    0.065089    0.203361    0.292185    0.293079 v _310_/Q (sg13g2_dfrbpq_1)
                                                         DPATH.SUM.fa_6.A (net)
                      0.203385    0.002219    0.295299 v _153_/A_N (sg13g2_nand2b_1)
     3    0.009586    0.070640    0.157311    0.452609 v _153_/Y (sg13g2_nand2b_1)
                                                         _111_ (net)
                      0.070640    0.000036    0.452646 v _167_/B1 (sg13g2_o21ai_1)
     1    0.010000    0.067926    0.078534    0.531180 ^ _167_/Y (sg13g2_o21ai_1)
                                                         sine_out[12] (net)
                      0.067926    0.000000    0.531180 ^ sine_out[12] (out)
                                              0.531180   data arrival time

                                  0.000000    0.000000   clock clk (rise edge)
                                  0.000000    0.000000   clock network delay (propagated)
                                  0.150000    0.150000   clock uncertainty
                                  0.000000    0.150000   clock reconvergence pessimism
                                  0.000000    0.150000   output external delay
                                              0.150000   data required time
---------------------------------------------------------------------------------------------
                                              0.150000   data required time
                                             -0.531180   data arrival time
---------------------------------------------------------------------------------------------
                                              0.381180   slack (MET)


Startpoint: _310_ (rising edge-triggered flip-flop clocked by clk)
Endpoint: sine_out[10] (output port clocked by clk)
Path Group: clk
Path Type: min

Fanout         Cap        Slew       Delay        Time   Description
---------------------------------------------------------------------------------------------
                                  0.000000    0.000000   clock clk (rise edge)
                                  0.000000    0.000000   clock source latency
     9    0.037747    0.000000    0.000000    0.000000 ^ clk (in)
                                                         clk (net)
                      0.001789    0.000894    0.000894 ^ _310_/CLK (sg13g2_dfrbpq_1)
    17    0.065089    0.203361    0.292185    0.293079 v _310_/Q (sg13g2_dfrbpq_1)
                                                         DPATH.SUM.fa_6.A (net)
                      0.203385    0.002219    0.295299 v _153_/A_N (sg13g2_nand2b_1)
     3    0.009586    0.070640    0.157311    0.452609 v _153_/Y (sg13g2_nand2b_1)
                                                         _111_ (net)
                      0.070640    0.000044    0.452654 v _159_/B1 (sg13g2_a21oi_1)
     1    0.010000    0.082817    0.087624    0.540278 ^ _159_/Y (sg13g2_a21oi_1)
                                                         sine_out[10] (net)
                      0.082817    0.000000    0.540278 ^ sine_out[10] (out)
                                              0.540278   data arrival time

                                  0.000000    0.000000   clock clk (rise edge)
                                  0.000000    0.000000   clock network delay (propagated)
                                  0.150000    0.150000   clock uncertainty
                                  0.000000    0.150000   clock reconvergence pessimism
                                  0.000000    0.150000   output external delay
                                              0.150000   data required time
---------------------------------------------------------------------------------------------
                                              0.150000   data required time
                                             -0.540278   data arrival time
---------------------------------------------------------------------------------------------
                                              0.390278   slack (MET)


Startpoint: _308_ (rising edge-triggered flip-flop clocked by clk)
Endpoint: sine_out[4] (output port clocked by clk)
Path Group: clk
Path Type: min

Fanout         Cap        Slew       Delay        Time   Description
---------------------------------------------------------------------------------------------
                                  0.000000    0.000000   clock clk (rise edge)
                                  0.000000    0.000000   clock source latency
     9    0.037747    0.000000    0.000000    0.000000 ^ clk (in)
                                                         clk (net)
                      0.002328    0.001164    0.001164 ^ _308_/CLK (sg13g2_dfrbpq_1)
    24    0.090076    0.366681    0.397961    0.399125 ^ _308_/Q (sg13g2_dfrbpq_1)
                                                         DPATH.SUM.fa_4.A (net)
                      0.366685    0.001054    0.400178 ^ _290_/A (sg13g2_nor3_1)
     1    0.010000    0.058874    0.154885    0.555064 v _290_/Y (sg13g2_nor3_1)
                                                         sine_out[4] (net)
                      0.058874    0.000000    0.555064 v sine_out[4] (out)
                                              0.555064   data arrival time

                                  0.000000    0.000000   clock clk (rise edge)
                                  0.000000    0.000000   clock network delay (propagated)
                                  0.150000    0.150000   clock uncertainty
                                  0.000000    0.150000   clock reconvergence pessimism
                                  0.000000    0.150000   output external delay
                                              0.150000   data required time
---------------------------------------------------------------------------------------------
                                              0.150000   data required time
                                             -0.555064   data arrival time
---------------------------------------------------------------------------------------------
                                              0.405064   slack (MET)


Startpoint: _308_ (rising edge-triggered flip-flop clocked by clk)
Endpoint: sine_out[5] (output port clocked by clk)
Path Group: clk
Path Type: min

Fanout         Cap        Slew       Delay        Time   Description
---------------------------------------------------------------------------------------------
                                  0.000000    0.000000   clock clk (rise edge)
                                  0.000000    0.000000   clock source latency
     9    0.037747    0.000000    0.000000    0.000000 ^ clk (in)
                                                         clk (net)
                      0.002328    0.001164    0.001164 ^ _308_/CLK (sg13g2_dfrbpq_1)
    24    0.090076    0.366681    0.397961    0.399125 ^ _308_/Q (sg13g2_dfrbpq_1)
                                                         DPATH.SUM.fa_4.A (net)
                      0.366695    0.001932    0.401057 ^ _292_/A (sg13g2_nor3_1)
     1    0.010000    0.051090    0.154887    0.555943 v _292_/Y (sg13g2_nor3_1)
                                                         sine_out[5] (net)
                      0.051090    0.000000    0.555943 v sine_out[5] (out)
                                              0.555943   data arrival time

                                  0.000000    0.000000   clock clk (rise edge)
                                  0.000000    0.000000   clock network delay (propagated)
                                  0.150000    0.150000   clock uncertainty
                                  0.000000    0.150000   clock reconvergence pessimism
                                  0.000000    0.150000   output external delay
                                              0.150000   data required time
---------------------------------------------------------------------------------------------
                                              0.150000   data required time
                                             -0.555943   data arrival time
---------------------------------------------------------------------------------------------
                                              0.405943   slack (MET)


Startpoint: _304_ (rising edge-triggered flip-flop clocked by clk)
Endpoint: _304_ (rising edge-triggered flip-flop clocked by clk)
Path Group: clk
Path Type: min

Fanout         Cap        Slew       Delay        Time   Description
---------------------------------------------------------------------------------------------
                                  0.000000    0.000000   clock clk (rise edge)
                                  0.000000    0.000000   clock source latency
     9    0.037747    0.000000    0.000000    0.000000 ^ clk (in)
                                                         clk (net)
                      0.002924    0.001462    0.001462 ^ _304_/CLK (sg13g2_dfrbpq_1)
    16    0.066046    0.206048    0.295432    0.296894 v _304_/Q (sg13g2_dfrbpq_1)
                                                         DPATH.SUM.Cout0 (net)
                      0.206048    0.000324    0.297218 v _141_/A (sg13g2_inv_1)
     6    0.024216    0.135569    0.174306    0.471523 ^ _141_/Y (sg13g2_inv_1)
                                                         DPATH.SUM.ha_0.S (net)
                      0.135569    0.000086    0.471610 ^ _304_/D (sg13g2_dfrbpq_1)
                                              0.471610   data arrival time

                                  0.000000    0.000000   clock clk (rise edge)
                                  0.000000    0.000000   clock source latency
     9    0.037747    0.000000    0.000000    0.000000 ^ clk (in)
                                                         clk (net)
                      0.002924    0.001462    0.001462 ^ _304_/CLK (sg13g2_dfrbpq_1)
                                  0.150000    0.151462   clock uncertainty
                                  0.000000    0.151462   clock reconvergence pessimism
                                 -0.092273    0.059189   library hold time
                                              0.059189   data required time
---------------------------------------------------------------------------------------------
                                              0.059189   data required time
                                             -0.471610   data arrival time
---------------------------------------------------------------------------------------------
                                              0.412421   slack (MET)


Startpoint: _306_ (rising edge-triggered flip-flop clocked by clk)
Endpoint: sine_out[3] (output port clocked by clk)
Path Group: clk
Path Type: min

Fanout         Cap        Slew       Delay        Time   Description
---------------------------------------------------------------------------------------------
                                  0.000000    0.000000   clock clk (rise edge)
                                  0.000000    0.000000   clock source latency
     9    0.037747    0.000000    0.000000    0.000000 ^ clk (in)
                                                         clk (net)
                      0.002922    0.001461    0.001461 ^ _306_/CLK (sg13g2_dfrbpq_1)
    11    0.042682    0.177863    0.267071    0.268532 ^ _306_/Q (sg13g2_dfrbpq_1)
                                                         DPATH.SUM.fa_2.A (net)
                      0.177864    0.000753    0.269285 ^ _148_/B1 (sg13g2_o21ai_1)
     4    0.015261    0.125137    0.149930    0.419215 v _148_/Y (sg13g2_o21ai_1)
                                                         _107_ (net)
                      0.125137    0.000256    0.419471 v _149_/B (sg13g2_nand2_1)
     3    0.013013    0.070054    0.104871    0.524342 ^ _149_/Y (sg13g2_nand2_1)
                                                         _108_ (net)
                      0.070054    0.000075    0.524418 ^ _289_/B (sg13g2_nor2_1)
     1    0.010000    0.047052    0.063344    0.587761 v _289_/Y (sg13g2_nor2_1)
                                                         sine_out[3] (net)
                      0.047052    0.000000    0.587761 v sine_out[3] (out)
                                              0.587761   data arrival time

                                  0.000000    0.000000   clock clk (rise edge)
                                  0.000000    0.000000   clock network delay (propagated)
                                  0.150000    0.150000   clock uncertainty
                                  0.000000    0.150000   clock reconvergence pessimism
                                  0.000000    0.150000   output external delay
                                              0.150000   data required time
---------------------------------------------------------------------------------------------
                                              0.150000   data required time
                                             -0.587761   data arrival time
---------------------------------------------------------------------------------------------
                                              0.437761   slack (MET)



