
===========================================================================
 report_power
============================================================================
======================= nom_slow_1p08V_125C Corner ===================================

Group                    Internal    Switching      Leakage        Total
                            Power        Power        Power        Power (Watts)
------------------------------------------------------------------------
Sequential           7.729173e-05 0.000000e+00 2.079022e-08 7.731252e-05  59.7%
Combinational        4.804717e-07 1.170264e-06 2.014739e-07 1.852210e-06   1.4%
Clock                3.532044e-05 1.495928e-05 1.426621e-08 5.029398e-05  38.8%
Macro                0.000000e+00 0.000000e+00 0.000000e+00 0.000000e+00   0.0%
Pad                  0.000000e+00 0.000000e+00 0.000000e+00 0.000000e+00   0.0%
------------------------------------------------------------------------
Total                1.130926e-04 1.612954e-05 2.365304e-07 1.294587e-04 100.0%
                            87.4%        12.5%         0.2%

