120. Printing statistics.

=== DigitalSine ===

        +----------Local Count, excluding submodules.
        | 
      205 wires
      222 wire bits
       22 public wires
       39 public wire bits
        5 ports
       22 port bits
      220 cells
       17   $_ANDNOT_
       47   $_AND_
        9   $_DFF_PP0_
        8   $_MUX_
       64   $_NAND_
       14   $_NOR_
        4   $_NOT_
       16   $_ORNOT_
       26   $_OR_
        6   $_XNOR_
        9   $_XOR_

   Area for cell type $_ANDNOT_ is unknown!
   Area for cell type $_AND_ is unknown!
   Area for cell type $_DFF_PP0_ is unknown!
   Area for cell type $_MUX_ is unknown!
   Area for cell type $_NAND_ is unknown!
   Area for cell type $_NOR_ is unknown!
   Area for cell type $_NOT_ is unknown!
   Area for cell type $_ORNOT_ is unknown!
   Area for cell type $_OR_ is unknown!
   Area for cell type $_XNOR_ is unknown!
   Area for cell type $_XOR_ is unknown!

