134. Printing statistics.

=== DigitalSine ===

        +----------Local Count, excluding submodules.
        |        +-Local Area, excluding submodules.
        |        | 
      152        - wires
      169        - wire bits
       22        - public wires
       39        - public wire bits
        5        - ports
       22        - port bits
      167 1.89E+03 cells
        2   25.402   sg13g2_a21o_1
       20   181.44   sg13g2_a21oi_1
        2    29.03   sg13g2_a221oi_1
        2   21.697   sg13g2_a22oi_1
        6   54.432   sg13g2_and2_1
        9  440.899   sg13g2_dfrbpq_1
       16   87.091   sg13g2_inv_1
       14  101.606   sg13g2_nand2_1
       12  108.864   sg13g2_nand2b_1
        4   36.288   sg13g2_nand3_1
        1   12.701   sg13g2_nand3b_1
        2   21.773   sg13g2_nand4_1
       20  145.152   sg13g2_nor2_1
        3   27.216   sg13g2_nor2b_1
        5    45.36   sg13g2_nor3_1
        2   21.773   sg13g2_nor4_1
       26  235.872   sg13g2_o21ai_1
        2   18.144   sg13g2_or2_1
        1   14.515   sg13g2_or4_1
       11  159.667   sg13g2_xnor2_1
        7  101.606   sg13g2_xor2_1

   Chip area for module '\DigitalSine': 1890.529200
     of which used for sequential elements: 440.899200 (23.32%)

