
 /----------------------------------------------------------------------------\
 |  yosys -- Yosys Open SYnthesis Suite                                       |
 |  Copyright (C) 2012 - 2026  Claire Xenia Wolf <claire@yosyshq.com>         |
 |  Distributed under an ISC-like license, type "license" to see terms        |
 \----------------------------------------------------------------------------/
 Yosys 0.68 (git sha1 38e001a6f, Release, GNU /usr/bin/c++ 13.3.0)

-- Running command `
                    verilog_defines -DUSE_POWER_PINS;
read_verilog -sv -lib /foss/designs/BASIC/current_generator/digital/DigitalSine/runs/RUN_2026-09-18_22-13-25/tmp/783f68d20a5542b4bd39b43e6b087b36.bb.v;

                    blackbox;
                    write_verilog -noattr -noexpr -nohex -nodec -defparam -blackboxes /foss/designs/BASIC/current_generator/digital/DigitalSine/runs/RUN_2026-09-18_22-13-25/tmp/783f68d20a5542b4bd39b43e6b087b36.bb.v;
                    ' --

1. Executing Verilog-2005 frontend: /foss/designs/BASIC/current_generator/digital/DigitalSine/runs/RUN_2026-09-18_22-13-25/tmp/783f68d20a5542b4bd39b43e6b087b36.bb.v
Parsing SystemVerilog input from `/foss/designs/BASIC/current_generator/digital/DigitalSine/runs/RUN_2026-09-18_22-13-25/tmp/783f68d20a5542b4bd39b43e6b087b36.bb.v' to AST representation.
Generating RTLIL representation for module `\sg13g2_Corner'.
Generating RTLIL representation for module `\sg13g2_Filler200'.
Generating RTLIL representation for module `\sg13g2_Filler400'.
Generating RTLIL representation for module `\sg13g2_Filler1000'.
Generating RTLIL representation for module `\sg13g2_Filler2000'.
Generating RTLIL representation for module `\sg13g2_Filler4000'.
Generating RTLIL representation for module `\sg13g2_Filler10000'.
Generating RTLIL representation for module `\sg13g2_IOPadIn'.
Generating RTLIL representation for module `\sg13g2_IOPadOut4mA'.
Generating RTLIL representation for module `\sg13g2_IOPadOut16mA'.
Generating RTLIL representation for module `\sg13g2_IOPadOut30mA'.
Generating RTLIL representation for module `\sg13g2_IOPadTriOut4mA'.
Generating RTLIL representation for module `\sg13g2_IOPadTriOut16mA'.
Generating RTLIL representation for module `\sg13g2_IOPadTriOut30mA'.
Generating RTLIL representation for module `\sg13g2_IOPadInOut4mA'.
Generating RTLIL representation for module `\sg13g2_IOPadInOut16mA'.
Generating RTLIL representation for module `\sg13g2_IOPadInOut30mA'.
Generating RTLIL representation for module `\sg13g2_IOPadAnalog'.
Generating RTLIL representation for module `\sg13g2_IOPadIOVss'.
Generating RTLIL representation for module `\sg13g2_IOPadIOVdd'.
Generating RTLIL representation for module `\sg13g2_IOPadVss'.
Generating RTLIL representation for module `\sg13g2_IOPadVdd'.
Successfully finished Verilog frontend.

2. Executing Verilog backend.
Dumping module `\sg13g2_Corner'.
Dumping module `\sg13g2_Filler1000'.
Dumping module `\sg13g2_Filler10000'.
Dumping module `\sg13g2_Filler200'.
Dumping module `\sg13g2_Filler2000'.
Dumping module `\sg13g2_Filler400'.
Dumping module `\sg13g2_Filler4000'.
Dumping module `\sg13g2_IOPadAnalog'.
Dumping module `\sg13g2_IOPadIOVdd'.
Dumping module `\sg13g2_IOPadIOVss'.
Dumping module `\sg13g2_IOPadIn'.
Dumping module `\sg13g2_IOPadInOut16mA'.
Dumping module `\sg13g2_IOPadInOut30mA'.
Dumping module `\sg13g2_IOPadInOut4mA'.
Dumping module `\sg13g2_IOPadOut16mA'.
Dumping module `\sg13g2_IOPadOut30mA'.
Dumping module `\sg13g2_IOPadOut4mA'.
Dumping module `\sg13g2_IOPadTriOut16mA'.
Dumping module `\sg13g2_IOPadTriOut30mA'.
Dumping module `\sg13g2_IOPadTriOut4mA'.
Dumping module `\sg13g2_IOPadVdd'.
Dumping module `\sg13g2_IOPadVss'.

End of script. Logfile hash: 3964e39d20, time: 0.02s, user: 0.02s, system: 0.00s, MEM: 49.03 MB peak
Yosys 0.68 (git sha1 38e001a6f, Release, GNU /usr/bin/c++ 13.3.0)
Time spent: 69% 2x read_verilog (0 sec), 19% 2x write_verilog (0 sec), ...
