
===========================================================================
 report_power
============================================================================
======================= nom_fast_1p32V_m40C Corner ===================================

Group                    Internal    Switching      Leakage        Total
                            Power        Power        Power        Power (Watts)
------------------------------------------------------------------------
Sequential           2.325159e-05 0.000000e+00 9.376656e-09 2.326097e-05  98.8%
Combinational        6.901912e-08 1.742888e-07 4.345063e-08 2.867585e-07   1.2%
Clock                0.000000e+00 0.000000e+00 0.000000e+00 0.000000e+00   0.0%
Macro                0.000000e+00 0.000000e+00 0.000000e+00 0.000000e+00   0.0%
Pad                  0.000000e+00 0.000000e+00 0.000000e+00 0.000000e+00   0.0%
------------------------------------------------------------------------
Total                2.332061e-05 1.742888e-07 5.282729e-08 2.354773e-05 100.0%
                            99.0%         0.7%         0.2%

