+ analyze_power_grid -net DVDD -voltage_file /home/designer/shared/BASIC/current_generator/digital/DigitalSine/runs/RUN_2026-03-28_21-39-37/56-openroad-irdropreport/net-DVDD.csv
[INFO PSM-0040] All shapes on net DVDD are connected.
########## IR report #################
Net              : DVDD
Corner           : nom_typ_1p20V_25C
Total power      : 2.08e-04 W
Supply voltage   : 1.20e+00 V
Worstcase voltage: 1.20e+00 V
Average voltage  : 1.20e+00 V
Average IR drop  : 2.82e-04 V
Worstcase IR drop: 2.13e-03 V
Percentage drop  : 0.18 %
######################################
+ analyze_power_grid -net DVSS -voltage_file /home/designer/shared/BASIC/current_generator/digital/DigitalSine/runs/RUN_2026-03-28_21-39-37/56-openroad-irdropreport/net-DVSS.csv
[INFO PSM-0040] All shapes on net DVSS are connected.
########## IR report #################
Net              : DVSS
Corner           : nom_typ_1p20V_25C
Total power      : 2.08e-04 W
Supply voltage   : 0.00e+00 V
Worstcase voltage: 3.48e-03 V
Average voltage  : 5.14e-04 V
Average IR drop  : 5.14e-04 V
Worstcase IR drop: 3.48e-03 V
Percentage drop  : 0.29 %
######################################
