Reading timing models for corner nom_typ_1p20V_25C…
Reading timing library for the 'nom_typ_1p20V_25C' corner at '/opt/pdks/ciel/ihp-sg13g2/versions/c4b8b4e5e7a05f375cca3815d51b3a37721fbf5c/ihp-sg13g2/libs.ref/sg13g2_stdcell/lib/sg13g2_stdcell_typ_1p20V_25C.lib'…
Reading timing library for the 'nom_typ_1p20V_25C' corner at '/opt/pdks/ciel/ihp-sg13g2/versions/c4b8b4e5e7a05f375cca3815d51b3a37721fbf5c/ihp-sg13g2/libs.ref/sg13g2_io/lib/sg13g2_io_typ_1p2V_3p3V_25C.lib'…
Reading OpenROAD database at '/home/designer/shared/BASIC/current_generator/digital/DigitalSine/runs/RUN_2026-03-28_21-39-37/53-odb-cellfrequencytables/DigitalSine.odb'…
Reading design constraints file at '/home/designer/shared/BASIC/current_generator/digital/DigitalSine/cons.sdc'…
[WARNING STA-1551] /home/designer/shared/BASIC/current_generator/digital/DigitalSine/cons.sdc line 22, 'rst' is not a valid endpoint.
[WARNING STA-0441] set_input_delay relative to a clock defined on the same port/pin not allowed.
[WARNING STA-0441] set_input_delay relative to a clock defined on the same port/pin not allowed.
[WARNING STA-0441] set_input_delay relative to a clock defined on the same port/pin not allowed.
[WARNING STA-0441] set_input_delay relative to a clock defined on the same port/pin not allowed.
[INFO] No information on clock propagation in input SDC file-- propagating all clocks.
[INFO] Using voltage extracted from lib (1.2V) for power nets and 0V for ground nets…
%OL_CREATE_REPORT irdrop.rpt
+ analyze_power_grid -net DVDD -voltage_file /home/designer/shared/BASIC/current_generator/digital/DigitalSine/runs/RUN_2026-03-28_21-39-37/56-openroad-irdropreport/net-DVDD.csv
[INFO PSM-0040] All shapes on net DVDD are connected.
########## IR report #################
Net              : DVDD
Corner           : nom_typ_1p20V_25C
Total power      : 2.08e-04 W
Supply voltage   : 1.20e+00 V
Worstcase voltage: 1.20e+00 V
Average voltage  : 1.20e+00 V
Average IR drop  : 2.82e-04 V
Worstcase IR drop: 2.13e-03 V
Percentage drop  : 0.18 %
######################################
+ analyze_power_grid -net DVSS -voltage_file /home/designer/shared/BASIC/current_generator/digital/DigitalSine/runs/RUN_2026-03-28_21-39-37/56-openroad-irdropreport/net-DVSS.csv
[INFO PSM-0040] All shapes on net DVSS are connected.
########## IR report #################
Net              : DVSS
Corner           : nom_typ_1p20V_25C
Total power      : 2.08e-04 W
Supply voltage   : 0.00e+00 V
Worstcase voltage: 3.48e-03 V
Average voltage  : 5.14e-04 V
Average IR drop  : 5.14e-04 V
Worstcase IR drop: 3.48e-03 V
Percentage drop  : 0.29 %
######################################
%OL_END_REPORT
