[WARNING ORD-0039] .openroad ignored with -python
[WARNING] Overriding minimum distance 0.22 with 0.61 for pins on side E to avoid overlap.
Top-level design name: DigitalSine
Block boundaries: 0 0 67190 85910
Horizontal Tracks Origin: 420, Count: 204, Step: 420
Vertical Tracks Origin: 480, Count: 139, Step: 480
Placement details for the E side
Virtual pin count:  0
Actual pin count:  20
Total pin count:  20
Tracks count:  102
Tracks per pin:  5
Used tracks count:  96
Unused track count:  6
Starting track index:  3
Placement details for the S side
Virtual pin count:  0
Actual pin count:  2
Total pin count:  2
Tracks count:  70
Tracks per pin:  35
Used tracks count:  36
Unused track count:  34
Starting track index:  17
