[WARNING ORD-0032] Invalid thread number specification: None.
Reading timing models for corner nom_typ_1p20V_25C…
Reading timing library for the 'nom_typ_1p20V_25C' corner at '/foss/pdks/ihp-sg13g2/libs.ref/sg13g2_stdcell/lib/sg13g2_stdcell_typ_1p20V_25C.lib.gz'…
Reading timing library for the 'nom_typ_1p20V_25C' corner at '/foss/pdks/ihp-sg13g2/libs.ref/sg13g2_io/lib/sg13g2_io_typ_1p2V_3p3V_25C.lib.gz'…
Reading OpenROAD database at '/foss/designs/BASIC/current_generator/digital/DigitalSine/runs/RUN_2026-09-18_22-13-25/42-openroad-repairantennas/1-openroad-diodeinsertion/DigitalSine.odb'…
Reading design constraints file at '/foss/designs/BASIC/current_generator/digital/DigitalSine/cons.sdc'…
[INFO] No information on clock propagation in input SDC file-- propagating all clocks.
+ detailed_route -droute_end_iter 64 -or_seed 42 -verbose 1 -output_drc /foss/designs/BASIC/current_generator/digital/DigitalSine/runs/RUN_2026-09-18_22-13-25/44-openroad-detailedrouting/drt-run-0/DigitalSine.drc
[INFO DRT-0149] Reading tech and libs.
[WARNING DRT-0349] LEF58_ENCLOSURE with no CUTCLASS is not supported. Skipping for layer Cont
[WARNING DRT-0349] LEF58_ENCLOSURE with no CUTCLASS is not supported. Skipping for layer Via1
[WARNING DRT-0349] LEF58_ENCLOSURE with no CUTCLASS is not supported. Skipping for layer Via1
[WARNING DRT-0349] LEF58_ENCLOSURE with no CUTCLASS is not supported. Skipping for layer Via2
[WARNING DRT-0349] LEF58_ENCLOSURE with no CUTCLASS is not supported. Skipping for layer Via3
[WARNING DRT-0349] LEF58_ENCLOSURE with no CUTCLASS is not supported. Skipping for layer Via4
[WARNING DRT-0349] LEF58_ENCLOSURE with no CUTCLASS is not supported. Skipping for layer TopVia1
[WARNING DRT-0349] LEF58_ENCLOSURE with no CUTCLASS is not supported. Skipping for layer TopVia1
[WARNING DRT-0349] LEF58_ENCLOSURE with no CUTCLASS is not supported. Skipping for layer TopVia2
[WARNING DRT-0349] LEF58_ENCLOSURE with no CUTCLASS is not supported. Skipping for layer TopVia2

Units:                1000
Number of layers:     15
Number of macros:     106
Number of vias:       77
Number of viarulegen: 6

[INFO DRT-0150] Reading design.

Design:                   DigitalSine
Die area:                 ( 0 0 ) ( 67190 85910 )
Number of track patterns: 14
Number of DEF vias:       0
Number of components:     214
Number of terminals:      24
Number of snets:          2
Number of nets:           215

[INFO DRT-0167] List of default vias:
  Layer Via2
    default via: Via2_YX
  Layer Via3
    default via: Via3_XY
  Layer Via4
    default via: Via4_YX
  Layer TopVia1
    default via: TopVia1EWNS
  Layer TopVia2
    default via: TopVia2EWNS
[INFO DRT-0162] Library cell analysis.
[INFO DRT-0163] Instance analysis.
[INFO DRT-0164] Number of unique instances = 64.
[INFO DRT-0168] Init region query.
[INFO DRT-0024]   Complete GatPoly.
[INFO DRT-0024]   Complete Cont.
[INFO DRT-0024]   Complete Metal1.
[INFO DRT-0024]   Complete Via1.
[INFO DRT-0024]   Complete Metal2.
[INFO DRT-0024]   Complete Via2.
[INFO DRT-0024]   Complete Metal3.
[INFO DRT-0024]   Complete Via3.
[INFO DRT-0024]   Complete Metal4.
[INFO DRT-0024]   Complete Via4.
[INFO DRT-0024]   Complete Metal5.
[INFO DRT-0024]   Complete TopVia1.
[INFO DRT-0024]   Complete TopMetal1.
[INFO DRT-0024]   Complete TopVia2.
[INFO DRT-0024]   Complete TopMetal2.
[INFO DRT-0033] GatPoly shape region query size = 0.
[INFO DRT-0033] Cont shape region query size = 0.
[INFO DRT-0033] Metal1 shape region query size = 3989.
[INFO DRT-0033] Via1 shape region query size = 75.
[INFO DRT-0033] Metal2 shape region query size = 32.
[INFO DRT-0033] Via2 shape region query size = 75.
[INFO DRT-0033] Metal3 shape region query size = 50.
[INFO DRT-0033] Via3 shape region query size = 75.
[INFO DRT-0033] Metal4 shape region query size = 45.
[INFO DRT-0033] Via4 shape region query size = 512.
[INFO DRT-0033] Metal5 shape region query size = 30.
[INFO DRT-0033] TopVia1 shape region query size = 0.
[INFO DRT-0033] TopMetal1 shape region query size = 0.
[INFO DRT-0033] TopVia2 shape region query size = 0.
[INFO DRT-0033] TopMetal2 shape region query size = 0.
[INFO DRT-0165] Start pin access.
[INFO DRT-0078]   Complete 345 pins.
[INFO DRT-0081]   Complete 64 unique inst patterns.
[INFO DRT-0084]   Complete 76 groups.
#scanned instances     = 214
#unique  instances     = 64
#stdCellGenAp          = 3214
#stdCellValidPlanarAp  = 0
#stdCellValidViaAp     = 2523
#stdCellPinNoAp        = 0
#stdCellPinCnt         = 665
#instTermValidViaApCnt = 0
#macroGenAp            = 0
#macroValidPlanarAp    = 0
#macroValidViaAp       = 0
#macroNoAp             = 0
[INFO DRT-0166] Complete pin access.
[INFO DRT-0267] cpu time = 00:00:10, elapsed time = 00:00:10, memory = 101.27 (MB), peak = 100.86 (MB)

[INFO DRT-0157] Number of guides:     1466

[INFO DRT-0169] Post process guides.
[INFO DRT-0176] GCELLGRID X 0 DO 9 STEP 7200 ;
[INFO DRT-0177] GCELLGRID Y 0 DO 11 STEP 7200 ;
[INFO DRT-0028]   Complete GatPoly.
[INFO DRT-0028]   Complete Cont.
[INFO DRT-0028]   Complete Metal1.
[INFO DRT-0028]   Complete Via1.
[INFO DRT-0028]   Complete Metal2.
[INFO DRT-0028]   Complete Via2.
[INFO DRT-0028]   Complete Metal3.
[INFO DRT-0028]   Complete Via3.
[INFO DRT-0028]   Complete Metal4.
[INFO DRT-0028]   Complete Via4.
[INFO DRT-0028]   Complete Metal5.
[INFO DRT-0028]   Complete TopVia1.
[INFO DRT-0028]   Complete TopMetal1.
[INFO DRT-0028]   Complete TopVia2.
[INFO DRT-0028]   Complete TopMetal2.
[INFO DRT-0178] Init guide query.
[INFO DRT-0035]   Complete GatPoly (guide).
[INFO DRT-0035]   Complete Cont (guide).
[INFO DRT-0035]   Complete Metal1 (guide).
[INFO DRT-0035]   Complete Via1 (guide).
[INFO DRT-0035]   Complete Metal2 (guide).
[INFO DRT-0035]   Complete Via2 (guide).
[INFO DRT-0035]   Complete Metal3 (guide).
[INFO DRT-0035]   Complete Via3 (guide).
[INFO DRT-0035]   Complete Metal4 (guide).
[INFO DRT-0035]   Complete Via4 (guide).
[INFO DRT-0035]   Complete Metal5 (guide).
[INFO DRT-0035]   Complete TopVia1 (guide).
[INFO DRT-0035]   Complete TopMetal1 (guide).
[INFO DRT-0035]   Complete TopVia2 (guide).
[INFO DRT-0035]   Complete TopMetal2 (guide).
[INFO DRT-0036] GatPoly guide region query size = 0.
[INFO DRT-0036] Cont guide region query size = 0.
[INFO DRT-0036] Metal1 guide region query size = 534.
[INFO DRT-0036] Via1 guide region query size = 0.
[INFO DRT-0036] Metal2 guide region query size = 437.
[INFO DRT-0036] Via2 guide region query size = 0.
[INFO DRT-0036] Metal3 guide region query size = 213.
[INFO DRT-0036] Via3 guide region query size = 0.
[INFO DRT-0036] Metal4 guide region query size = 7.
[INFO DRT-0036] Via4 guide region query size = 0.
[INFO DRT-0036] Metal5 guide region query size = 0.
[INFO DRT-0036] TopVia1 guide region query size = 0.
[INFO DRT-0036] TopMetal1 guide region query size = 0.
[INFO DRT-0036] TopVia2 guide region query size = 0.
[INFO DRT-0036] TopMetal2 guide region query size = 0.
[INFO DRT-0179] Init gr pin query.
[INFO DRT-0267] cpu time = 00:00:00, elapsed time = 00:00:00, memory = 101.80 (MB), peak = 101.48 (MB)
[INFO DRT-0245] skipped writing guide updates to database.
[INFO DRT-0185] Post process initialize RPin region query.
[INFO DRT-0181] Start track assignment.
[INFO DRT-0184] Done with 444 vertical wires in 1 frboxes and 747 horizontal wires in 1 frboxes.
[INFO DRT-0186] Done with 168 vertical wires in 1 frboxes and 103 horizontal wires in 1 frboxes.
[INFO DRT-0182] Complete track assignment.
[INFO DRT-0267] cpu time = 00:00:00, elapsed time = 00:00:00, memory = 103.84 (MB), peak = 103.48 (MB)
[INFO DRT-0187] Start routing data preparation.
[INFO DRT-0267] cpu time = 00:00:00, elapsed time = 00:00:00, memory = 103.90 (MB), peak = 103.61 (MB)
[INFO DRT-0194] Start detail routing.
[INFO DRT-0195] Start 0th optimization iteration.
    Completing 20% with 0 violations.
    elapsed time = 00:00:06, memory = 112.88 (MB).
    Completing 50% with 34 violations.
    elapsed time = 00:00:08, memory = 140.09 (MB).
    Completing 70% with 88 violations.
    elapsed time = 00:00:09, memory = 140.09 (MB).
    Completing 100% with 114 violations.
    elapsed time = 00:00:09, memory = 140.09 (MB).
[INFO DRT-0199]   Number of violations = 143.
Viol/Layer      Metal2   Via2 Metal3
Metal Spacing       29      0      4
Recheck             19      0     10
Short               71      3      7
[INFO DRT-0267] cpu time = 00:00:09, elapsed time = 00:00:09, memory = 515.13 (MB), peak = 514.75 (MB)
Total wire length = 5192 um.
Total wire length on LAYER Metal1 = 0 um.
Total wire length on LAYER Metal2 = 2594 um.
Total wire length on LAYER Metal3 = 2309 um.
Total wire length on LAYER Metal4 = 288 um.
Total wire length on LAYER Metal5 = 0 um.
Total wire length on LAYER TopMetal1 = 0 um.
Total wire length on LAYER TopMetal2 = 0 um.
Total number of vias = 1337.
Up-via summary (total 1337):

------------------
   GatPoly       0
    Metal1     676
    Metal2     604
    Metal3      57
    Metal4       0
    Metal5       0
 TopMetal1       0
------------------
          1337


[INFO DRT-0195] Start 1st optimization iteration.
    Completing 20% with 143 violations.
    elapsed time = 00:00:00, memory = 515.13 (MB).
    Completing 50% with 141 violations.
    elapsed time = 00:00:05, memory = 515.13 (MB).
    Completing 70% with 82 violations.
    elapsed time = 00:00:05, memory = 515.13 (MB).
    Completing 100% with 67 violations.
    elapsed time = 00:00:08, memory = 515.13 (MB).
[INFO DRT-0199]   Number of violations = 67.
Viol/Layer      Metal2 Metal3
Metal Spacing       23      2
Short               38      4
[INFO DRT-0267] cpu time = 00:00:08, elapsed time = 00:00:08, memory = 515.16 (MB), peak = 514.87 (MB)
Total wire length = 5118 um.
Total wire length on LAYER Metal1 = 0 um.
Total wire length on LAYER Metal2 = 2521 um.
Total wire length on LAYER Metal3 = 2290 um.
Total wire length on LAYER Metal4 = 306 um.
Total wire length on LAYER Metal5 = 0 um.
Total wire length on LAYER TopMetal1 = 0 um.
Total wire length on LAYER TopMetal2 = 0 um.
Total number of vias = 1366.
Up-via summary (total 1366):

------------------
   GatPoly       0
    Metal1     675
    Metal2     625
    Metal3      66
    Metal4       0
    Metal5       0
 TopMetal1       0
------------------
          1366


[INFO DRT-0195] Start 2nd optimization iteration.
    Completing 10% with 67 violations.
    elapsed time = 00:00:00, memory = 515.16 (MB).
    Completing 30% with 67 violations.
    elapsed time = 00:00:00, memory = 515.16 (MB).
    Completing 50% with 67 violations.
    elapsed time = 00:00:00, memory = 515.16 (MB).
    Completing 60% with 65 violations.
    elapsed time = 00:00:00, memory = 515.16 (MB).
    Completing 80% with 65 violations.
    elapsed time = 00:00:00, memory = 515.16 (MB).
    Completing 100% with 42 violations.
    elapsed time = 00:00:15, memory = 515.16 (MB).
[INFO DRT-0199]   Number of violations = 42.
Viol/Layer      Metal2 Metal3
Metal Spacing       20      1
Short               21      0
[INFO DRT-0267] cpu time = 00:00:16, elapsed time = 00:00:16, memory = 515.16 (MB), peak = 514.87 (MB)
Total wire length = 5070 um.
Total wire length on LAYER Metal1 = 0 um.
Total wire length on LAYER Metal2 = 2486 um.
Total wire length on LAYER Metal3 = 2261 um.
Total wire length on LAYER Metal4 = 322 um.
Total wire length on LAYER Metal5 = 0 um.
Total wire length on LAYER TopMetal1 = 0 um.
Total wire length on LAYER TopMetal2 = 0 um.
Total number of vias = 1335.
Up-via summary (total 1335):

------------------
   GatPoly       0
    Metal1     672
    Metal2     602
    Metal3      61
    Metal4       0
    Metal5       0
 TopMetal1       0
------------------
          1335


[INFO DRT-0195] Start 3rd guides tiles iteration.
    Completing 10% with 42 violations.
    elapsed time = 00:00:00, memory = 515.16 (MB).
    Completing 20% with 42 violations.
    elapsed time = 00:00:01, memory = 515.16 (MB).
    Completing 40% with 0 violations.
    elapsed time = 00:00:01, memory = 515.16 (MB).
    Completing 50% with 0 violations.
    elapsed time = 00:00:01, memory = 515.16 (MB).
    Completing 70% with 0 violations.
    elapsed time = 00:00:01, memory = 515.16 (MB).
    Completing 80% with 0 violations.
    elapsed time = 00:00:01, memory = 515.16 (MB).
    Completing 100% with 0 violations.
    elapsed time = 00:00:01, memory = 515.16 (MB).
[INFO DRT-0199]   Number of violations = 0.
[INFO DRT-0267] cpu time = 00:00:02, elapsed time = 00:00:02, memory = 515.16 (MB), peak = 514.87 (MB)
Total wire length = 5044 um.
Total wire length on LAYER Metal1 = 0 um.
Total wire length on LAYER Metal2 = 2228 um.
Total wire length on LAYER Metal3 = 2265 um.
Total wire length on LAYER Metal4 = 550 um.
Total wire length on LAYER Metal5 = 0 um.
Total wire length on LAYER TopMetal1 = 0 um.
Total wire length on LAYER TopMetal2 = 0 um.
Total number of vias = 1361.
Up-via summary (total 1361):

------------------
   GatPoly       0
    Metal1     671
    Metal2     592
    Metal3      98
    Metal4       0
    Metal5       0
 TopMetal1       0
------------------
          1361


[INFO DRT-0198] Complete detail routing.
Total wire length = 5044 um.
Total wire length on LAYER Metal1 = 0 um.
Total wire length on LAYER Metal2 = 2228 um.
Total wire length on LAYER Metal3 = 2265 um.
Total wire length on LAYER Metal4 = 550 um.
Total wire length on LAYER Metal5 = 0 um.
Total wire length on LAYER TopMetal1 = 0 um.
Total wire length on LAYER TopMetal2 = 0 um.
Total number of vias = 1361.
Up-via summary (total 1361):

------------------
   GatPoly       0
    Metal1     671
    Metal2     592
    Metal3      98
    Metal4       0
    Metal5       0
 TopMetal1       0
------------------
          1361


[INFO DRT-0267] cpu time = 00:00:36, elapsed time = 00:00:36, memory = 515.29 (MB), peak = 515.00 (MB)

[INFO DRT-0180] Post processing.
+ check_antennas 
[INFO ANT-0002] Found 0 net violations.
[INFO ANT-0001] Found 0 pin violations.
Setting global connections for newly added cells…
[INFO] Setting global connections...
[INFO ODB-0403] 0 connections made, 0 conflicts skipped.
Updating metrics…
Cell type report:                       Count       Area
  Clock buffer                              3     136.08
  Timing Repair Buffer                     43     321.15
  Inverter                                 16      87.09
  Clock inverter                            1       5.44
  Sequential cell                           9     440.90
  Multi-Input combinational cell          142    1362.61
  Total                                   214    2353.28
Writing OpenROAD database to '/foss/designs/BASIC/current_generator/digital/DigitalSine/runs/RUN_2026-09-18_22-13-25/44-openroad-detailedrouting/DigitalSine.odb'…
Writing netlist to '/foss/designs/BASIC/current_generator/digital/DigitalSine/runs/RUN_2026-09-18_22-13-25/44-openroad-detailedrouting/DigitalSine.nl.v'…
Writing powered netlist to '/foss/designs/BASIC/current_generator/digital/DigitalSine/runs/RUN_2026-09-18_22-13-25/44-openroad-detailedrouting/DigitalSine.pnl.v'…
Writing layout to '/foss/designs/BASIC/current_generator/digital/DigitalSine/runs/RUN_2026-09-18_22-13-25/44-openroad-detailedrouting/DigitalSine.def'…
Writing timing constraints to '/foss/designs/BASIC/current_generator/digital/DigitalSine/runs/RUN_2026-09-18_22-13-25/44-openroad-detailedrouting/DigitalSine.sdc'…
