
===========================================================================
report_checks -unconstrained
===========================================================================
======================= nom_typ_1p20V_25C Corner ===================================

Startpoint: rst (input port clocked by clk)
Endpoint: _298_ (recovery check against rising-edge clock clk)
Path Group: asynchronous
Path Type: max

Fanout         Cap        Slew       Delay        Time   Description
---------------------------------------------------------------------------------------------
                                  0.000000    0.000000   clock clk (rise edge)
                                  0.000000    0.000000   clock network delay (propagated)
                                  1.000000    1.000000 v input external delay
     1    0.002970    0.017169    0.002159    1.002159 v rst (in)
                                                         rst (net)
                      0.017170    0.000000    1.002159 v input1/A (sg13g2_buf_1)
     2    0.013733    0.050869    0.083120    1.085279 v input1/X (sg13g2_buf_1)
                                                         net1 (net)
                      0.050873    0.000484    1.085763 v fanout80/A (sg13g2_buf_8)
     8    0.039984    0.030401    0.091020    1.176782 v fanout80/X (sg13g2_buf_8)
                                                         net80 (net)
                      0.030853    0.002671    1.179453 v _289_/A (sg13g2_inv_1)
     1    0.006467    0.035282    0.040047    1.219501 ^ _289_/Y (sg13g2_inv_1)
                                                         _005_ (net)
                      0.035285    0.000267    1.219768 ^ _298_/RESET_B (sg13g2_dfrbpq_1)
                                              1.219768   data arrival time

                                  5.000000    5.000000   clock clk (rise edge)
                                  0.000000    5.000000   clock source latency
     1    0.014974    0.030885    0.013117    5.013117 ^ clk (in)
                                                         clk (net)
                      0.030903    0.000000    5.013117 ^ clkbuf_0_clk/A (sg13g2_buf_8)
     2    0.023134    0.025014    0.070091    5.083209 ^ clkbuf_0_clk/X (sg13g2_buf_8)
                                                         clknet_0_clk (net)
                      0.025041    0.001453    5.084661 ^ clkbuf_1_1__f_clk/A (sg13g2_buf_8)
     5    0.019498    0.023143    0.066127    5.150788 ^ clkbuf_1_1__f_clk/X (sg13g2_buf_8)
                                                         clknet_1_1__leaf_clk (net)
                      0.023144    0.000416    5.151204 ^ _298_/CLK (sg13g2_dfrbpq_1)
                                 -0.250000    4.901204   clock uncertainty
                                  0.000000    4.901204   clock reconvergence pessimism
                                 -0.124269    4.776935   library recovery time
                                              4.776935   data required time
---------------------------------------------------------------------------------------------
                                              4.776935   data required time
                                             -1.219768   data arrival time
---------------------------------------------------------------------------------------------
                                              3.557167   slack (MET)


Startpoint: _294_ (rising edge-triggered flip-flop clocked by clk)
Endpoint: sine_out[1] (output port clocked by clk)
Path Group: clk
Path Type: max

Fanout         Cap        Slew       Delay        Time   Description
---------------------------------------------------------------------------------------------
                                  0.000000    0.000000   clock clk (rise edge)
                                  0.000000    0.000000   clock source latency
     1    0.014974    0.030885    0.013117    0.013117 ^ clk (in)
                                                         clk (net)
                      0.030903    0.000000    0.013117 ^ clkbuf_0_clk/A (sg13g2_buf_8)
     2    0.023134    0.025014    0.070091    0.083208 ^ clkbuf_0_clk/X (sg13g2_buf_8)
                                                         clknet_0_clk (net)
                      0.025042    0.001467    0.084676 ^ clkbuf_1_0__f_clk/A (sg13g2_buf_8)
     5    0.021901    0.024218    0.066990    0.151665 ^ clkbuf_1_0__f_clk/X (sg13g2_buf_8)
                                                         clknet_1_0__leaf_clk (net)
                      0.024224    0.000671    0.152336 ^ _294_/CLK (sg13g2_dfrbpq_1)
     2    0.005705    0.026980    0.168428    0.320764 v _294_/Q (sg13g2_dfrbpq_1)
                                                         DPATH.SUM.fa_1.A (net)
                      0.026980    0.000084    0.320848 v hold6/A (sg13g2_dlygate4sd3_1)
     1    0.008801    0.053433    0.390575    0.711422 v hold6/X (sg13g2_dlygate4sd3_1)
                                                         net42 (net)
                      0.053433    0.000361    0.711784 v fanout77/A (sg13g2_buf_8)
     8    0.050317    0.034436    0.095291    0.807075 v fanout77/X (sg13g2_buf_8)
                                                         net77 (net)
                      0.035073    0.003491    0.810566 v fanout76/A (sg13g2_buf_8)
     8    0.045833    0.032223    0.084803    0.895369 v fanout76/X (sg13g2_buf_8)
                                                         net76 (net)
                      0.033550    0.004988    0.900357 v _146_/A1 (sg13g2_o21ai_1)
     4    0.017697    0.202229    0.189445    1.089802 ^ _146_/Y (sg13g2_o21ai_1)
                                                         _114_ (net)
                      0.202230    0.000447    1.090249 ^ _234_/A2 (sg13g2_a21oi_1)
     2    0.007813    0.082604    0.132995    1.223244 v _234_/Y (sg13g2_a21oi_1)
                                                         _059_ (net)
                      0.082605    0.000387    1.223631 v _267_/A1 (sg13g2_o21ai_1)
     1    0.004424    0.082614    0.114607    1.338237 ^ _267_/Y (sg13g2_o21ai_1)
                                                         _091_ (net)
                      0.082614    0.000306    1.338543 ^ _270_/A1 (sg13g2_a21oi_1)
     1    0.003691    0.051965    0.075995    1.414538 v _270_/Y (sg13g2_a21oi_1)
                                                         _094_ (net)
                      0.051965    0.000278    1.414816 v _273_/A (sg13g2_nor2_1)
     1    0.004525    0.059354    0.073048    1.487864 ^ _273_/Y (sg13g2_nor2_1)
                                                         _097_ (net)
                      0.059354    0.000344    1.488207 ^ _274_/B1 (sg13g2_a22oi_1)
     1    0.007838    0.074564    0.082796    1.571003 v _274_/Y (sg13g2_a22oi_1)
                                                         net15 (net)
                      0.074578    0.000724    1.571727 v output15/A (sg13g2_buf_1)
     1    0.008619    0.036851    0.095069    1.666796 v output15/X (sg13g2_buf_1)
                                                         sine_out[1] (net)
                      0.036860    0.000557    1.667353 v sine_out[1] (out)
                                              1.667353   data arrival time

                                  5.000000    5.000000   clock clk (rise edge)
                                  0.000000    5.000000   clock network delay (propagated)
                                 -0.250000    4.750000   clock uncertainty
                                  0.000000    4.750000   clock reconvergence pessimism
                                 -1.000000    3.750000   output external delay
                                              3.750000   data required time
---------------------------------------------------------------------------------------------
                                              3.750000   data required time
                                             -1.667353   data arrival time
---------------------------------------------------------------------------------------------
                                              2.082647   slack (MET)




===========================================================================
report_checks --slack_max -0.01
============================================================================
======================= nom_typ_1p20V_25C Corner ===================================

No paths found.


===========================================================================
 report_check_types -max_slew -max_cap -max_fanout -violators
============================================================================
======================= nom_typ_1p20V_25C Corner ===================================



===========================================================================
report_parasitic_annotation -report_unannotated
============================================================================
Found 1 unannotated drivers.
 clkload0/Y
Found 0 partially unannotated drivers.

===========================================================================
max slew violation count 0
max fanout violation count 0
max cap violation count 0
============================================================================

===========================================================================
check_setup -verbose -unconstrained_endpoints -multiple_clock -no_clock -no_input_delay -loops -generated_clocks
===========================================================================
