Reading timing models for corner nom_typ_1p20V_25C…
Reading timing library for the 'nom_typ_1p20V_25C' corner at '/opt/pdks/ciel/ihp-sg13g2/versions/c4b8b4e5e7a05f375cca3815d51b3a37721fbf5c/ihp-sg13g2/libs.ref/sg13g2_stdcell/lib/sg13g2_stdcell_typ_1p20V_25C.lib'…
Reading timing library for the 'nom_typ_1p20V_25C' corner at '/opt/pdks/ciel/ihp-sg13g2/versions/c4b8b4e5e7a05f375cca3815d51b3a37721fbf5c/ihp-sg13g2/libs.ref/sg13g2_io/lib/sg13g2_io_typ_1p2V_3p3V_25C.lib'…
Reading OpenROAD database at '/home/designer/shared/BASIC/current_generator/digital/DigitalSine/runs/RUN_2026-03-28_21-39-37/42-openroad-repairantennas/1-openroad-diodeinsertion/DigitalSine.odb'…
Reading design constraints file at '/home/designer/shared/BASIC/current_generator/digital/DigitalSine/cons.sdc'…
[WARNING STA-1551] /home/designer/shared/BASIC/current_generator/digital/DigitalSine/cons.sdc line 22, 'rst' is not a valid endpoint.
[WARNING STA-0441] set_input_delay relative to a clock defined on the same port/pin not allowed.
[WARNING STA-0441] set_input_delay relative to a clock defined on the same port/pin not allowed.
[WARNING STA-0441] set_input_delay relative to a clock defined on the same port/pin not allowed.
[WARNING STA-0441] set_input_delay relative to a clock defined on the same port/pin not allowed.
[INFO] No information on clock propagation in input SDC file-- propagating all clocks.
[INFO ORD-0030] Using 12 thread(s).
+ detailed_route -droute_end_iter 64 -or_seed 42 -verbose 1 -output_drc /home/designer/shared/BASIC/current_generator/digital/DigitalSine/runs/RUN_2026-03-28_21-39-37/44-openroad-detailedrouting/drt-run-0/DigitalSine.drc
[INFO DRT-0149] Reading tech and libs.
[WARNING DRT-0349] LEF58_ENCLOSURE with no CUTCLASS is not supported. Skipping for layer Cont
[WARNING DRT-0349] LEF58_ENCLOSURE with no CUTCLASS is not supported. Skipping for layer Via1
[WARNING DRT-0349] LEF58_ENCLOSURE with no CUTCLASS is not supported. Skipping for layer Via1
[WARNING DRT-0349] LEF58_ENCLOSURE with no CUTCLASS is not supported. Skipping for layer Via2
[WARNING DRT-0349] LEF58_ENCLOSURE with no CUTCLASS is not supported. Skipping for layer Via3
[WARNING DRT-0349] LEF58_ENCLOSURE with no CUTCLASS is not supported. Skipping for layer Via4
[WARNING DRT-0349] LEF58_ENCLOSURE with no CUTCLASS is not supported. Skipping for layer TopVia1
[WARNING DRT-0349] LEF58_ENCLOSURE with no CUTCLASS is not supported. Skipping for layer TopVia1
[WARNING DRT-0349] LEF58_ENCLOSURE with no CUTCLASS is not supported. Skipping for layer TopVia2
[WARNING DRT-0349] LEF58_ENCLOSURE with no CUTCLASS is not supported. Skipping for layer TopVia2

Units:                1000
Number of layers:     15
Number of macros:     106
Number of vias:       77
Number of viarulegen: 6

[INFO DRT-0150] Reading design.

Design:                   DigitalSine
Die area:                 ( 0 0 ) ( 69185 87905 )
Number of track patterns: 14
Number of DEF vias:       0
Number of components:     222
Number of terminals:      24
Number of snets:          2
Number of nets:           223

[INFO DRT-0167] List of default vias:
  Layer Via2
    default via: Via2_YX
  Layer Via3
    default via: Via3_XY
  Layer Via4
    default via: Via4_YX
  Layer TopVia1
    default via: TopVia1EWNS
  Layer TopVia2
    default via: TopVia2EWNS
[INFO DRT-0162] Library cell analysis.
[INFO DRT-0163] Instance analysis.
[INFO DRT-0164] Number of unique instances = 63.
[INFO DRT-0168] Init region query.
[INFO DRT-0024]   Complete GatPoly.
[INFO DRT-0024]   Complete Cont.
[INFO DRT-0024]   Complete Metal1.
[INFO DRT-0024]   Complete Via1.
[INFO DRT-0024]   Complete Metal2.
[INFO DRT-0024]   Complete Via2.
[INFO DRT-0024]   Complete Metal3.
[INFO DRT-0024]   Complete Via3.
[INFO DRT-0024]   Complete Metal4.
[INFO DRT-0024]   Complete Via4.
[INFO DRT-0024]   Complete Metal5.
[INFO DRT-0024]   Complete TopVia1.
[INFO DRT-0024]   Complete TopMetal1.
[INFO DRT-0024]   Complete TopVia2.
[INFO DRT-0024]   Complete TopMetal2.
[INFO DRT-0033] GatPoly shape region query size = 0.
[INFO DRT-0033] Cont shape region query size = 0.
[INFO DRT-0033] Metal1 shape region query size = 4008.
[INFO DRT-0033] Via1 shape region query size = 80.
[INFO DRT-0033] Metal2 shape region query size = 34.
[INFO DRT-0033] Via2 shape region query size = 80.
[INFO DRT-0033] Metal3 shape region query size = 52.
[INFO DRT-0033] Via3 shape region query size = 80.
[INFO DRT-0033] Metal4 shape region query size = 46.
[INFO DRT-0033] Via4 shape region query size = 512.
[INFO DRT-0033] Metal5 shape region query size = 30.
[INFO DRT-0033] TopVia1 shape region query size = 0.
[INFO DRT-0033] TopMetal1 shape region query size = 0.
[INFO DRT-0033] TopVia2 shape region query size = 0.
[INFO DRT-0033] TopMetal2 shape region query size = 0.
[INFO DRT-0165] Start pin access.
[INFO DRT-0078]   Complete 337 pins.
[INFO DRT-0081]   Complete 63 unique inst patterns.
[INFO DRT-0084]   Complete 85 groups.
#scanned instances     = 222
#unique  instances     = 63
#stdCellGenAp          = 2876
#stdCellValidPlanarAp  = 0
#stdCellValidViaAp     = 2263
#stdCellPinNoAp        = 0
#stdCellPinCnt         = 693
#instTermValidViaApCnt = 0
#macroGenAp            = 0
#macroValidPlanarAp    = 0
#macroValidViaAp       = 0
#macroNoAp             = 0
[INFO DRT-0166] Complete pin access.
[INFO DRT-0267] cpu time = 00:00:21, elapsed time = 00:00:02, memory = 105.95 (MB), peak = 105.95 (MB)

[INFO DRT-0157] Number of guides:     1535

[INFO DRT-0169] Post process guides.
[INFO DRT-0176] GCELLGRID X 0 DO 9 STEP 7200 ;
[INFO DRT-0177] GCELLGRID Y 0 DO 12 STEP 7200 ;
[INFO DRT-0028]   Complete GatPoly.
[INFO DRT-0028]   Complete Cont.
[INFO DRT-0028]   Complete Metal1.
[INFO DRT-0028]   Complete Via1.
[INFO DRT-0028]   Complete Metal2.
[INFO DRT-0028]   Complete Via2.
[INFO DRT-0028]   Complete Metal3.
[INFO DRT-0028]   Complete Via3.
[INFO DRT-0028]   Complete Metal4.
[INFO DRT-0028]   Complete Via4.
[INFO DRT-0028]   Complete Metal5.
[INFO DRT-0028]   Complete TopVia1.
[INFO DRT-0028]   Complete TopMetal1.
[INFO DRT-0028]   Complete TopVia2.
[INFO DRT-0028]   Complete TopMetal2.
[INFO DRT-0178] Init guide query.
[INFO DRT-0035]   Complete GatPoly (guide).
[INFO DRT-0035]   Complete Cont (guide).
[INFO DRT-0035]   Complete Metal1 (guide).
[INFO DRT-0035]   Complete Via1 (guide).
[INFO DRT-0035]   Complete Metal2 (guide).
[INFO DRT-0035]   Complete Via2 (guide).
[INFO DRT-0035]   Complete Metal3 (guide).
[INFO DRT-0035]   Complete Via3 (guide).
[INFO DRT-0035]   Complete Metal4 (guide).
[INFO DRT-0035]   Complete Via4 (guide).
[INFO DRT-0035]   Complete Metal5 (guide).
[INFO DRT-0035]   Complete TopVia1 (guide).
[INFO DRT-0035]   Complete TopMetal1 (guide).
[INFO DRT-0035]   Complete TopVia2 (guide).
[INFO DRT-0035]   Complete TopMetal2 (guide).
[INFO DRT-0036] GatPoly guide region query size = 0.
[INFO DRT-0036] Cont guide region query size = 0.
[INFO DRT-0036] Metal1 guide region query size = 565.
[INFO DRT-0036] Via1 guide region query size = 0.
[INFO DRT-0036] Metal2 guide region query size = 449.
[INFO DRT-0036] Via2 guide region query size = 0.
[INFO DRT-0036] Metal3 guide region query size = 210.
[INFO DRT-0036] Via3 guide region query size = 0.
[INFO DRT-0036] Metal4 guide region query size = 10.
[INFO DRT-0036] Via4 guide region query size = 0.
[INFO DRT-0036] Metal5 guide region query size = 1.
[INFO DRT-0036] TopVia1 guide region query size = 0.
[INFO DRT-0036] TopMetal1 guide region query size = 0.
[INFO DRT-0036] TopVia2 guide region query size = 0.
[INFO DRT-0036] TopMetal2 guide region query size = 0.
[INFO DRT-0179] Init gr pin query.
[INFO DRT-0267] cpu time = 00:00:00, elapsed time = 00:00:00, memory = 106.57 (MB), peak = 106.57 (MB)
[INFO DRT-0245] skipped writing guide updates to database.
[INFO DRT-0185] Post process initialize RPin region query.
[INFO DRT-0181] Start track assignment.
[INFO DRT-0184] Done with 459 vertical wires in 1 frboxes and 776 horizontal wires in 1 frboxes.
[INFO DRT-0186] Done with 189 vertical wires in 1 frboxes and 92 horizontal wires in 1 frboxes.
[INFO DRT-0182] Complete track assignment.
[INFO DRT-0267] cpu time = 00:00:00, elapsed time = 00:00:00, memory = 108.70 (MB), peak = 108.70 (MB)
[INFO DRT-0187] Start routing data preparation.
[INFO DRT-0267] cpu time = 00:00:00, elapsed time = 00:00:00, memory = 108.70 (MB), peak = 108.70 (MB)
[INFO DRT-0194] Start detail routing.
[INFO DRT-0195] Start 0th optimization iteration.
    Completing 20% with 0 violations.
    elapsed time = 00:00:03, memory = 116.59 (MB).
    Completing 50% with 24 violations.
    elapsed time = 00:00:05, memory = 137.97 (MB).
    Completing 70% with 67 violations.
    elapsed time = 00:00:06, memory = 137.97 (MB).
    Completing 100% with 88 violations.
    elapsed time = 00:00:06, memory = 137.97 (MB).
[INFO DRT-0199]   Number of violations = 127.
Viol/Layer      Metal1 Metal2   Via2 Metal3
Metal Spacing        0     41      0      6
Recheck              1     29      0      9
Short                0     40      1      0
[INFO DRT-0267] cpu time = 00:00:16, elapsed time = 00:00:07, memory = 519.84 (MB), peak = 519.84 (MB)
Total wire length = 5004 um.
Total wire length on LAYER Metal1 = 0 um.
Total wire length on LAYER Metal2 = 2620 um.
Total wire length on LAYER Metal3 = 2078 um.
Total wire length on LAYER Metal4 = 288 um.
Total wire length on LAYER Metal5 = 16 um.
Total wire length on LAYER TopMetal1 = 0 um.
Total wire length on LAYER TopMetal2 = 0 um.
Total number of vias = 1428.
Up-via summary (total 1428):

------------------
   GatPoly       0
    Metal1     701
    Metal2     670
    Metal3      55
    Metal4       2
    Metal5       0
 TopMetal1       0
------------------
          1428


[INFO DRT-0195] Start 1st optimization iteration.
    Completing 20% with 127 violations.
    elapsed time = 00:00:00, memory = 533.59 (MB).
    Completing 50% with 127 violations.
    elapsed time = 00:00:02, memory = 554.34 (MB).
    Completing 70% with 86 violations.
    elapsed time = 00:00:02, memory = 554.34 (MB).
    Completing 100% with 56 violations.
    elapsed time = 00:00:07, memory = 567.86 (MB).
[INFO DRT-0199]   Number of violations = 56.
Viol/Layer      Metal2
Metal Spacing       24
Short               32
[INFO DRT-0267] cpu time = 00:00:17, elapsed time = 00:00:07, memory = 567.86 (MB), peak = 575.97 (MB)
Total wire length = 4952 um.
Total wire length on LAYER Metal1 = 0 um.
Total wire length on LAYER Metal2 = 2550 um.
Total wire length on LAYER Metal3 = 2037 um.
Total wire length on LAYER Metal4 = 348 um.
Total wire length on LAYER Metal5 = 16 um.
Total wire length on LAYER TopMetal1 = 0 um.
Total wire length on LAYER TopMetal2 = 0 um.
Total number of vias = 1414.
Up-via summary (total 1414):

------------------
   GatPoly       0
    Metal1     701
    Metal2     657
    Metal3      54
    Metal4       2
    Metal5       0
 TopMetal1       0
------------------
          1414


[INFO DRT-0195] Start 2nd optimization iteration.
    Completing 10% with 56 violations.
    elapsed time = 00:00:00, memory = 567.86 (MB).
    Completing 30% with 56 violations.
    elapsed time = 00:00:00, memory = 567.86 (MB).
    Completing 50% with 56 violations.
    elapsed time = 00:00:00, memory = 567.86 (MB).
    Completing 60% with 56 violations.
    elapsed time = 00:00:00, memory = 567.86 (MB).
    Completing 80% with 56 violations.
    elapsed time = 00:00:00, memory = 567.86 (MB).
    Completing 100% with 65 violations.
    elapsed time = 00:00:13, memory = 505.03 (MB).
[INFO DRT-0199]   Number of violations = 65.
Viol/Layer      Metal2 Metal3
Metal Spacing       21      3
Short               41      0
[INFO DRT-0267] cpu time = 00:00:18, elapsed time = 00:00:13, memory = 571.91 (MB), peak = 650.49 (MB)
Total wire length = 4925 um.
Total wire length on LAYER Metal1 = 0 um.
Total wire length on LAYER Metal2 = 2539 um.
Total wire length on LAYER Metal3 = 2043 um.
Total wire length on LAYER Metal4 = 324 um.
Total wire length on LAYER Metal5 = 18 um.
Total wire length on LAYER TopMetal1 = 0 um.
Total wire length on LAYER TopMetal2 = 0 um.
Total number of vias = 1393.
Up-via summary (total 1393):

------------------
   GatPoly       0
    Metal1     699
    Metal2     636
    Metal3      56
    Metal4       2
    Metal5       0
 TopMetal1       0
------------------
          1393


[INFO DRT-0195] Start 3rd guides tiles iteration.
    Completing 50% with 65 violations.
    elapsed time = 00:00:03, memory = 619.71 (MB).
    Completing 100% with 0 violations.
    elapsed time = 00:00:03, memory = 619.71 (MB).
[INFO DRT-0199]   Number of violations = 0.
[INFO DRT-0267] cpu time = 00:00:06, elapsed time = 00:00:03, memory = 558.88 (MB), peak = 711.53 (MB)
Total wire length = 4881 um.
Total wire length on LAYER Metal1 = 0 um.
Total wire length on LAYER Metal2 = 2323 um.
Total wire length on LAYER Metal3 = 2053 um.
Total wire length on LAYER Metal4 = 486 um.
Total wire length on LAYER Metal5 = 18 um.
Total wire length on LAYER TopMetal1 = 0 um.
Total wire length on LAYER TopMetal2 = 0 um.
Total number of vias = 1428.
Up-via summary (total 1428):

------------------
   GatPoly       0
    Metal1     698
    Metal2     643
    Metal3      85
    Metal4       2
    Metal5       0
 TopMetal1       0
------------------
          1428


[INFO DRT-0198] Complete detail routing.
Total wire length = 4881 um.
Total wire length on LAYER Metal1 = 0 um.
Total wire length on LAYER Metal2 = 2323 um.
Total wire length on LAYER Metal3 = 2053 um.
Total wire length on LAYER Metal4 = 486 um.
Total wire length on LAYER Metal5 = 18 um.
Total wire length on LAYER TopMetal1 = 0 um.
Total wire length on LAYER TopMetal2 = 0 um.
Total number of vias = 1428.
Up-via summary (total 1428):

------------------
   GatPoly       0
    Metal1     698
    Metal2     643
    Metal3      85
    Metal4       2
    Metal5       0
 TopMetal1       0
------------------
          1428


[INFO DRT-0267] cpu time = 00:00:58, elapsed time = 00:00:31, memory = 559.00 (MB), peak = 711.53 (MB)

[INFO DRT-0180] Post processing.
+ check_antennas 
[INFO ANT-0002] Found 0 net violations.
[INFO ANT-0001] Found 0 pin violations.
Setting global connections for newly added cells…
[INFO] Setting global connections...
[INFO ODB-0403] 0 connections made, 0 conflicts skipped.
Updating metrics…
Cell type report:                       Count       Area
  Clock buffer                              3     136.08
  Timing Repair Buffer                     43     321.15
  Inverter                                 16      87.09
  Clock inverter                            1       5.44
  Sequential cell                           9     440.90
  Multi-Input combinational cell          150    1400.72
  Total                                   222    2391.38
Writing OpenROAD database to '/home/designer/shared/BASIC/current_generator/digital/DigitalSine/runs/RUN_2026-03-28_21-39-37/44-openroad-detailedrouting/DigitalSine.odb'…
Writing netlist to '/home/designer/shared/BASIC/current_generator/digital/DigitalSine/runs/RUN_2026-03-28_21-39-37/44-openroad-detailedrouting/DigitalSine.nl.v'…
Writing powered netlist to '/home/designer/shared/BASIC/current_generator/digital/DigitalSine/runs/RUN_2026-03-28_21-39-37/44-openroad-detailedrouting/DigitalSine.pnl.v'…
Writing layout to '/home/designer/shared/BASIC/current_generator/digital/DigitalSine/runs/RUN_2026-03-28_21-39-37/44-openroad-detailedrouting/DigitalSine.def'…
Writing timing constraints to '/home/designer/shared/BASIC/current_generator/digital/DigitalSine/runs/RUN_2026-03-28_21-39-37/44-openroad-detailedrouting/DigitalSine.sdc'…
