Clock: clk
Sources: clk 
Generated: no
Virtual: yes
Propagated: no
Period: 5.000000

===========================================================================
report_clock_properties
============================================================================
Clock                   Period          Waveform
----------------------------------------------------
clk                   5.000000    0.000000  2.500000

===========================================================================
report_clock_latency
============================================================================
Clock clk
rise -> rise
    min     max
0.000000 0.000000 source latency
0.000482         network latency _295_/CLK
        0.000865 network latency _289_/CLK
---------------
0.000482 0.000865 latency
        0.000383 skew

fall -> fall
    min     max
0.000000 0.000000 source latency
0.000457         network latency _295_/CLK
        0.000844 network latency _289_/CLK
---------------
0.000457 0.000844 latency
        0.000387 skew



===========================================================================
report_clock_min_period
============================================================================
clk period_min = 1.77 fmax = 564.85
