
===========================================================================
report_checks -path_delay max (Setup)
============================================================================
======================= nom_typ_1p20V_25C Corner ===================================

Startpoint: _290_ (rising edge-triggered flip-flop clocked by clk)
Endpoint: DATA[0] (output port clocked by clk)
Path Group: clk
Path Type: max

Fanout         Cap        Slew       Delay        Time   Description
---------------------------------------------------------------------------------------------
                                  0.000000    0.000000   clock clk (rise edge)
                                  0.000000    0.000000   clock source latency
     9    0.036913    0.000000    0.000000    0.000000 ^ clk (in)
                                                         clk (net)
                      0.001637    0.000818    0.000818 ^ _290_/CLK (sg13g2_dfrbpq_1)
    18    0.082379    0.335749    0.376033    0.376851 ^ _290_/Q (sg13g2_dfrbpq_1)
                                                         DPATH.SUM.fa_2.A (net)
                      0.335855    0.001935    0.378786 ^ _164_/B (sg13g2_and2_1)
     5    0.019085    0.091826    0.213376    0.592162 ^ _164_/X (sg13g2_and2_1)
                                                         _113_ (net)
                      0.091826    0.000189    0.592352 ^ _180_/A2 (sg13g2_a21oi_1)
     4    0.018790    0.176515    0.152053    0.744405 v _180_/Y (sg13g2_a21oi_1)
                                                         _128_ (net)
                      0.176515    0.000267    0.744672 v _181_/B (sg13g2_and2_1)
     2    0.009215    0.041699    0.143020    0.887692 v _181_/X (sg13g2_and2_1)
                                                         _129_ (net)
                      0.041699    0.000112    0.887804 v _182_/B1 (sg13g2_o21ai_1)
     1    0.003849    0.093864    0.043859    0.931663 ^ _182_/Y (sg13g2_o21ai_1)
                                                         _009_ (net)
                      0.093864    0.000028    0.931692 ^ _183_/A2 (sg13g2_a21oi_1)
     1    0.003846    0.054329    0.084561    1.016253 v _183_/Y (sg13g2_a21oi_1)
                                                         _010_ (net)
                      0.054329    0.000029    1.016282 v _198_/B (sg13g2_nor4_1)
     1    0.004816    0.150097    0.167989    1.184271 ^ _198_/Y (sg13g2_nor4_1)
                                                         _025_ (net)
                      0.150097    0.000069    1.184339 ^ _216_/A2 (sg13g2_a22oi_1)
     1    0.010000    0.095774    0.137163    1.321502 v _216_/Y (sg13g2_a22oi_1)
                                                         DATA[0] (net)
                      0.095774    0.000000    1.321502 v DATA[0] (out)
                                              1.321502   data arrival time

                                  5.000000    5.000000   clock clk (rise edge)
                                  0.000000    5.000000   clock network delay (propagated)
                                 -0.150000    4.850000   clock uncertainty
                                  0.000000    4.850000   clock reconvergence pessimism
                                 -1.000000    3.850000   output external delay
                                              3.850000   data required time
---------------------------------------------------------------------------------------------
                                              3.850000   data required time
                                             -1.321502   data arrival time
---------------------------------------------------------------------------------------------
                                              2.528498   slack (MET)


Startpoint: _290_ (rising edge-triggered flip-flop clocked by clk)
Endpoint: DATA[1] (output port clocked by clk)
Path Group: clk
Path Type: max

Fanout         Cap        Slew       Delay        Time   Description
---------------------------------------------------------------------------------------------
                                  0.000000    0.000000   clock clk (rise edge)
                                  0.000000    0.000000   clock source latency
     9    0.036913    0.000000    0.000000    0.000000 ^ clk (in)
                                                         clk (net)
                      0.001637    0.000818    0.000818 ^ _290_/CLK (sg13g2_dfrbpq_1)
    18    0.082379    0.335749    0.376033    0.376851 ^ _290_/Q (sg13g2_dfrbpq_1)
                                                         DPATH.SUM.fa_2.A (net)
                      0.335844    0.001083    0.377934 ^ _156_/B (sg13g2_nor2_1)
     5    0.022096    0.157929    0.198903    0.576838 v _156_/Y (sg13g2_nor2_1)
                                                         _106_ (net)
                      0.157929    0.000116    0.576954 v _157_/A (sg13g2_inv_1)
     4    0.015382    0.096284    0.115787    0.692740 ^ _157_/Y (sg13g2_inv_1)
                                                         _107_ (net)
                      0.096284    0.000142    0.692882 ^ _229_/A (sg13g2_nand2_1)
     3    0.015932    0.130337    0.127729    0.820611 v _229_/Y (sg13g2_nand2_1)
                                                         _055_ (net)
                      0.130337    0.000255    0.820866 v _230_/B (sg13g2_xnor2_1)
     1    0.003550    0.062730    0.123733    0.944599 v _230_/Y (sg13g2_xnor2_1)
                                                         _056_ (net)
                      0.062730    0.000021    0.944620 v _231_/A2 (sg13g2_o21ai_1)
     1    0.004690    0.089796    0.101688    1.046309 ^ _231_/Y (sg13g2_o21ai_1)
                                                         _057_ (net)
                      0.089796    0.000061    1.046370 ^ _233_/B2 (sg13g2_a221oi_1)
     1    0.004707    0.131800    0.094158    1.140527 v _233_/Y (sg13g2_a221oi_1)
                                                         _059_ (net)
                      0.131800    0.000067    1.140594 v _235_/A2 (sg13g2_o21ai_1)
     1    0.010000    0.146056    0.165806    1.306400 ^ _235_/Y (sg13g2_o21ai_1)
                                                         DATA[1] (net)
                      0.146056    0.000000    1.306400 ^ DATA[1] (out)
                                              1.306400   data arrival time

                                  5.000000    5.000000   clock clk (rise edge)
                                  0.000000    5.000000   clock network delay (propagated)
                                 -0.150000    4.850000   clock uncertainty
                                  0.000000    4.850000   clock reconvergence pessimism
                                 -1.000000    3.850000   output external delay
                                              3.850000   data required time
---------------------------------------------------------------------------------------------
                                              3.850000   data required time
                                             -1.306400   data arrival time
---------------------------------------------------------------------------------------------
                                              2.543600   slack (MET)


Startpoint: _290_ (rising edge-triggered flip-flop clocked by clk)
Endpoint: DATA[2] (output port clocked by clk)
Path Group: clk
Path Type: max

Fanout         Cap        Slew       Delay        Time   Description
---------------------------------------------------------------------------------------------
                                  0.000000    0.000000   clock clk (rise edge)
                                  0.000000    0.000000   clock source latency
     9    0.036913    0.000000    0.000000    0.000000 ^ clk (in)
                                                         clk (net)
                      0.001637    0.000818    0.000818 ^ _290_/CLK (sg13g2_dfrbpq_1)
    18    0.078773    0.244513    0.322587    0.323405 v _290_/Q (sg13g2_dfrbpq_1)
                                                         DPATH.SUM.fa_2.A (net)
                      0.244515    0.001026    0.324431 v _156_/B (sg13g2_nor2_1)
     5    0.022957    0.232170    0.259171    0.583602 ^ _156_/Y (sg13g2_nor2_1)
                                                         _106_ (net)
                      0.232170    0.000120    0.583722 ^ _157_/A (sg13g2_inv_1)
     4    0.014468    0.094600    0.124806    0.708528 v _157_/Y (sg13g2_inv_1)
                                                         _107_ (net)
                      0.094600    0.000136    0.708664 v _229_/A (sg13g2_nand2_1)
     3    0.016292    0.109010    0.101202    0.809866 ^ _229_/Y (sg13g2_nand2_1)
                                                         _055_ (net)
                      0.109010    0.000290    0.810156 ^ _243_/A2 (sg13g2_a21oi_1)
     1    0.003998    0.074958    0.089634    0.899790 v _243_/Y (sg13g2_a21oi_1)
                                                         _068_ (net)
                      0.074958    0.000033    0.899823 v _244_/B1 (sg13g2_o21ai_1)
     1    0.004084    0.082848    0.056025    0.955848 ^ _244_/Y (sg13g2_o21ai_1)
                                                         _069_ (net)
                      0.082848    0.000029    0.955877 ^ _245_/B1 (sg13g2_o21ai_1)
     1    0.007423    0.088403    0.079202    1.035079 v _245_/Y (sg13g2_o21ai_1)
                                                         _070_ (net)
                      0.088403    0.000209    1.035288 v _253_/A2 (sg13g2_o21ai_1)
     1    0.010000    0.155358    0.150476    1.185764 ^ _253_/Y (sg13g2_o21ai_1)
                                                         DATA[2] (net)
                      0.155358    0.000000    1.185764 ^ DATA[2] (out)
                                              1.185764   data arrival time

                                  5.000000    5.000000   clock clk (rise edge)
                                  0.000000    5.000000   clock network delay (propagated)
                                 -0.150000    4.850000   clock uncertainty
                                  0.000000    4.850000   clock reconvergence pessimism
                                 -1.000000    3.850000   output external delay
                                              3.850000   data required time
---------------------------------------------------------------------------------------------
                                              3.850000   data required time
                                             -1.185764   data arrival time
---------------------------------------------------------------------------------------------
                                              2.664236   slack (MET)


Startpoint: _290_ (rising edge-triggered flip-flop clocked by clk)
Endpoint: DATA[12] (output port clocked by clk)
Path Group: clk
Path Type: max

Fanout         Cap        Slew       Delay        Time   Description
---------------------------------------------------------------------------------------------
                                  0.000000    0.000000   clock clk (rise edge)
                                  0.000000    0.000000   clock source latency
     9    0.036913    0.000000    0.000000    0.000000 ^ clk (in)
                                                         clk (net)
                      0.001637    0.000818    0.000818 ^ _290_/CLK (sg13g2_dfrbpq_1)
    18    0.082379    0.335749    0.376033    0.376851 ^ _290_/Q (sg13g2_dfrbpq_1)
                                                         DPATH.SUM.fa_2.A (net)
                      0.335855    0.001935    0.378786 ^ _164_/B (sg13g2_and2_1)
     5    0.019085    0.091826    0.213376    0.592162 ^ _164_/X (sg13g2_and2_1)
                                                         _113_ (net)
                      0.091826    0.000189    0.592352 ^ _180_/A2 (sg13g2_a21oi_1)
     4    0.018790    0.176515    0.152053    0.744405 v _180_/Y (sg13g2_a21oi_1)
                                                         _128_ (net)
                      0.176515    0.000275    0.744680 v _270_/A (sg13g2_nor2b_1)
     2    0.009006    0.112365    0.130492    0.875172 ^ _270_/Y (sg13g2_nor2b_1)
                                                         _085_ (net)
                      0.112365    0.000054    0.875226 ^ _271_/A2 (sg13g2_a21oi_1)
     1    0.010000    0.118138    0.118885    0.994111 v _271_/Y (sg13g2_a21oi_1)
                                                         DATA[12] (net)
                      0.118138    0.000000    0.994111 v DATA[12] (out)
                                              0.994111   data arrival time

                                  5.000000    5.000000   clock clk (rise edge)
                                  0.000000    5.000000   clock network delay (propagated)
                                 -0.150000    4.850000   clock uncertainty
                                  0.000000    4.850000   clock reconvergence pessimism
                                 -1.000000    3.850000   output external delay
                                              3.850000   data required time
---------------------------------------------------------------------------------------------
                                              3.850000   data required time
                                             -0.994111   data arrival time
---------------------------------------------------------------------------------------------
                                              2.855889   slack (MET)


Startpoint: _290_ (rising edge-triggered flip-flop clocked by clk)
Endpoint: DATA[16] (output port clocked by clk)
Path Group: clk
Path Type: max

Fanout         Cap        Slew       Delay        Time   Description
---------------------------------------------------------------------------------------------
                                  0.000000    0.000000   clock clk (rise edge)
                                  0.000000    0.000000   clock source latency
     9    0.036913    0.000000    0.000000    0.000000 ^ clk (in)
                                                         clk (net)
                      0.001637    0.000818    0.000818 ^ _290_/CLK (sg13g2_dfrbpq_1)
    18    0.082379    0.335749    0.376033    0.376851 ^ _290_/Q (sg13g2_dfrbpq_1)
                                                         DPATH.SUM.fa_2.A (net)
                      0.335855    0.001935    0.378786 ^ _164_/B (sg13g2_and2_1)
     5    0.019085    0.091826    0.213376    0.592162 ^ _164_/X (sg13g2_and2_1)
                                                         _113_ (net)
                      0.091826    0.000189    0.592352 ^ _180_/A2 (sg13g2_a21oi_1)
     4    0.018790    0.176515    0.152053    0.744405 v _180_/Y (sg13g2_a21oi_1)
                                                         _128_ (net)
                      0.176515    0.000275    0.744680 v _270_/A (sg13g2_nor2b_1)
     2    0.009006    0.112365    0.130492    0.875172 ^ _270_/Y (sg13g2_nor2b_1)
                                                         _085_ (net)
                      0.112365    0.000073    0.875245 ^ _275_/A2 (sg13g2_o21ai_1)
     1    0.010000    0.120856    0.109139    0.984383 v _275_/Y (sg13g2_o21ai_1)
                                                         DATA[16] (net)
                      0.120856    0.000000    0.984383 v DATA[16] (out)
                                              0.984383   data arrival time

                                  5.000000    5.000000   clock clk (rise edge)
                                  0.000000    5.000000   clock network delay (propagated)
                                 -0.150000    4.850000   clock uncertainty
                                  0.000000    4.850000   clock reconvergence pessimism
                                 -1.000000    3.850000   output external delay
                                              3.850000   data required time
---------------------------------------------------------------------------------------------
                                              3.850000   data required time
                                             -0.984383   data arrival time
---------------------------------------------------------------------------------------------
                                              2.865617   slack (MET)


Startpoint: _290_ (rising edge-triggered flip-flop clocked by clk)
Endpoint: DATA[8] (output port clocked by clk)
Path Group: clk
Path Type: max

Fanout         Cap        Slew       Delay        Time   Description
---------------------------------------------------------------------------------------------
                                  0.000000    0.000000   clock clk (rise edge)
                                  0.000000    0.000000   clock source latency
     9    0.036913    0.000000    0.000000    0.000000 ^ clk (in)
                                                         clk (net)
                      0.001637    0.000818    0.000818 ^ _290_/CLK (sg13g2_dfrbpq_1)
    18    0.082379    0.335749    0.376033    0.376851 ^ _290_/Q (sg13g2_dfrbpq_1)
                                                         DPATH.SUM.fa_2.A (net)
                      0.335855    0.001935    0.378786 ^ _164_/B (sg13g2_and2_1)
     5    0.019085    0.091826    0.213376    0.592162 ^ _164_/X (sg13g2_and2_1)
                                                         _113_ (net)
                      0.091826    0.000189    0.592351 ^ _166_/B (sg13g2_nand2_1)
     4    0.017439    0.193088    0.134812    0.727164 v _166_/Y (sg13g2_nand2_1)
                                                         _115_ (net)
                      0.193088    0.000246    0.727409 v _259_/B (sg13g2_nor2_1)
     2    0.008641    0.112010    0.130994    0.858404 ^ _259_/Y (sg13g2_nor2_1)
                                                         _081_ (net)
                      0.112010    0.000086    0.858490 ^ _264_/A2 (sg13g2_a21oi_1)
     1    0.010000    0.124986    0.118774    0.977264 v _264_/Y (sg13g2_a21oi_1)
                                                         DATA[8] (net)
                      0.124986    0.000000    0.977264 v DATA[8] (out)
                                              0.977264   data arrival time

                                  5.000000    5.000000   clock clk (rise edge)
                                  0.000000    5.000000   clock network delay (propagated)
                                 -0.150000    4.850000   clock uncertainty
                                  0.000000    4.850000   clock reconvergence pessimism
                                 -1.000000    3.850000   output external delay
                                              3.850000   data required time
---------------------------------------------------------------------------------------------
                                              3.850000   data required time
                                             -0.977264   data arrival time
---------------------------------------------------------------------------------------------
                                              2.872736   slack (MET)


Startpoint: _290_ (rising edge-triggered flip-flop clocked by clk)
Endpoint: DATA[13] (output port clocked by clk)
Path Group: clk
Path Type: max

Fanout         Cap        Slew       Delay        Time   Description
---------------------------------------------------------------------------------------------
                                  0.000000    0.000000   clock clk (rise edge)
                                  0.000000    0.000000   clock source latency
     9    0.036913    0.000000    0.000000    0.000000 ^ clk (in)
                                                         clk (net)
                      0.001637    0.000818    0.000818 ^ _290_/CLK (sg13g2_dfrbpq_1)
    18    0.082379    0.335749    0.376033    0.376851 ^ _290_/Q (sg13g2_dfrbpq_1)
                                                         DPATH.SUM.fa_2.A (net)
                      0.335855    0.001935    0.378786 ^ _164_/B (sg13g2_and2_1)
     5    0.019085    0.091826    0.213376    0.592162 ^ _164_/X (sg13g2_and2_1)
                                                         _113_ (net)
                      0.091826    0.000189    0.592351 ^ _166_/B (sg13g2_nand2_1)
     4    0.017439    0.193088    0.134812    0.727164 v _166_/Y (sg13g2_nand2_1)
                                                         _115_ (net)
                      0.193088    0.000159    0.727322 v _168_/A (sg13g2_nor2_1)
     2    0.010253    0.124476    0.145039    0.872362 ^ _168_/Y (sg13g2_nor2_1)
                                                         _117_ (net)
                      0.124476    0.000084    0.872446 ^ _272_/B (sg13g2_nor2_1)
     1    0.010000    0.098432    0.081386    0.953832 v _272_/Y (sg13g2_nor2_1)
                                                         DATA[13] (net)
                      0.098432    0.000000    0.953832 v DATA[13] (out)
                                              0.953832   data arrival time

                                  5.000000    5.000000   clock clk (rise edge)
                                  0.000000    5.000000   clock network delay (propagated)
                                 -0.150000    4.850000   clock uncertainty
                                  0.000000    4.850000   clock reconvergence pessimism
                                 -1.000000    3.850000   output external delay
                                              3.850000   data required time
---------------------------------------------------------------------------------------------
                                              3.850000   data required time
                                             -0.953832   data arrival time
---------------------------------------------------------------------------------------------
                                              2.896168   slack (MET)


Startpoint: _290_ (rising edge-triggered flip-flop clocked by clk)
Endpoint: DATA[5] (output port clocked by clk)
Path Group: clk
Path Type: max

Fanout         Cap        Slew       Delay        Time   Description
---------------------------------------------------------------------------------------------
                                  0.000000    0.000000   clock clk (rise edge)
                                  0.000000    0.000000   clock source latency
     9    0.036913    0.000000    0.000000    0.000000 ^ clk (in)
                                                         clk (net)
                      0.001637    0.000818    0.000818 ^ _290_/CLK (sg13g2_dfrbpq_1)
    18    0.082379    0.335749    0.376033    0.376851 ^ _290_/Q (sg13g2_dfrbpq_1)
                                                         DPATH.SUM.fa_2.A (net)
                      0.335855    0.001935    0.378786 ^ _164_/B (sg13g2_and2_1)
     5    0.019085    0.091826    0.213376    0.592162 ^ _164_/X (sg13g2_and2_1)
                                                         _113_ (net)
                      0.091826    0.000189    0.592351 ^ _166_/B (sg13g2_nand2_1)
     4    0.017439    0.193088    0.134812    0.727164 v _166_/Y (sg13g2_nand2_1)
                                                         _115_ (net)
                      0.193088    0.000246    0.727409 v _259_/B (sg13g2_nor2_1)
     2    0.008641    0.112010    0.130994    0.858404 ^ _259_/Y (sg13g2_nor2_1)
                                                         _081_ (net)
                      0.112010    0.000075    0.858478 ^ _260_/C (sg13g2_nor3_1)
     1    0.010000    0.104698    0.080582    0.939061 v _260_/Y (sg13g2_nor3_1)
                                                         DATA[5] (net)
                      0.104698    0.000000    0.939061 v DATA[5] (out)
                                              0.939061   data arrival time

                                  5.000000    5.000000   clock clk (rise edge)
                                  0.000000    5.000000   clock network delay (propagated)
                                 -0.150000    4.850000   clock uncertainty
                                  0.000000    4.850000   clock reconvergence pessimism
                                 -1.000000    3.850000   output external delay
                                              3.850000   data required time
---------------------------------------------------------------------------------------------
                                              3.850000   data required time
                                             -0.939061   data arrival time
---------------------------------------------------------------------------------------------
                                              2.910939   slack (MET)


Startpoint: _290_ (rising edge-triggered flip-flop clocked by clk)
Endpoint: DATA[15] (output port clocked by clk)
Path Group: clk
Path Type: max

Fanout         Cap        Slew       Delay        Time   Description
---------------------------------------------------------------------------------------------
                                  0.000000    0.000000   clock clk (rise edge)
                                  0.000000    0.000000   clock source latency
     9    0.036913    0.000000    0.000000    0.000000 ^ clk (in)
                                                         clk (net)
                      0.001637    0.000818    0.000818 ^ _290_/CLK (sg13g2_dfrbpq_1)
    18    0.082379    0.335749    0.376033    0.376851 ^ _290_/Q (sg13g2_dfrbpq_1)
                                                         DPATH.SUM.fa_2.A (net)
                      0.335855    0.001935    0.378786 ^ _164_/B (sg13g2_and2_1)
     5    0.019085    0.091826    0.213376    0.592162 ^ _164_/X (sg13g2_and2_1)
                                                         _113_ (net)
                      0.091826    0.000189    0.592351 ^ _166_/B (sg13g2_nand2_1)
     4    0.017439    0.193088    0.134812    0.727164 v _166_/Y (sg13g2_nand2_1)
                                                         _115_ (net)
                      0.193088    0.000270    0.727434 v _246_/B (sg13g2_nand2b_1)
     2    0.009381    0.081074    0.108327    0.835761 ^ _246_/Y (sg13g2_nand2b_1)
                                                         _071_ (net)
                      0.081074    0.000126    0.835887 ^ _274_/B (sg13g2_nand2_1)
     1    0.010000    0.120808    0.096146    0.932033 v _274_/Y (sg13g2_nand2_1)
                                                         DATA[15] (net)
                      0.120808    0.000000    0.932033 v DATA[15] (out)
                                              0.932033   data arrival time

                                  5.000000    5.000000   clock clk (rise edge)
                                  0.000000    5.000000   clock network delay (propagated)
                                 -0.150000    4.850000   clock uncertainty
                                  0.000000    4.850000   clock reconvergence pessimism
                                 -1.000000    3.850000   output external delay
                                              3.850000   data required time
---------------------------------------------------------------------------------------------
                                              3.850000   data required time
                                             -0.932033   data arrival time
---------------------------------------------------------------------------------------------
                                              2.917967   slack (MET)


Startpoint: _290_ (rising edge-triggered flip-flop clocked by clk)
Endpoint: DATA[7] (output port clocked by clk)
Path Group: clk
Path Type: max

Fanout         Cap        Slew       Delay        Time   Description
---------------------------------------------------------------------------------------------
                                  0.000000    0.000000   clock clk (rise edge)
                                  0.000000    0.000000   clock source latency
     9    0.036913    0.000000    0.000000    0.000000 ^ clk (in)
                                                         clk (net)
                      0.001637    0.000818    0.000818 ^ _290_/CLK (sg13g2_dfrbpq_1)
    18    0.082379    0.335749    0.376033    0.376851 ^ _290_/Q (sg13g2_dfrbpq_1)
                                                         DPATH.SUM.fa_2.A (net)
                      0.335844    0.001083    0.377934 ^ _156_/B (sg13g2_nor2_1)
     5    0.022096    0.157929    0.198903    0.576838 v _156_/Y (sg13g2_nor2_1)
                                                         _106_ (net)
                      0.157929    0.000099    0.576937 v _201_/A (sg13g2_nor2b_1)
     3    0.015262    0.158282    0.170948    0.747885 ^ _201_/Y (sg13g2_nor2b_1)
                                                         _028_ (net)
                      0.158282    0.000271    0.748156 ^ _263_/A2 (sg13g2_a21oi_1)
     1    0.010000    0.124986    0.133312    0.881468 v _263_/Y (sg13g2_a21oi_1)
                                                         DATA[7] (net)
                      0.124986    0.000000    0.881468 v DATA[7] (out)
                                              0.881468   data arrival time

                                  5.000000    5.000000   clock clk (rise edge)
                                  0.000000    5.000000   clock network delay (propagated)
                                 -0.150000    4.850000   clock uncertainty
                                  0.000000    4.850000   clock reconvergence pessimism
                                 -1.000000    3.850000   output external delay
                                              3.850000   data required time
---------------------------------------------------------------------------------------------
                                              3.850000   data required time
                                             -0.881468   data arrival time
---------------------------------------------------------------------------------------------
                                              2.968532   slack (MET)


Startpoint: _290_ (rising edge-triggered flip-flop clocked by clk)
Endpoint: DATA[4] (output port clocked by clk)
Path Group: clk
Path Type: max

Fanout         Cap        Slew       Delay        Time   Description
---------------------------------------------------------------------------------------------
                                  0.000000    0.000000   clock clk (rise edge)
                                  0.000000    0.000000   clock source latency
     9    0.036913    0.000000    0.000000    0.000000 ^ clk (in)
                                                         clk (net)
                      0.001637    0.000818    0.000818 ^ _290_/CLK (sg13g2_dfrbpq_1)
    18    0.078773    0.244513    0.322587    0.323405 v _290_/Q (sg13g2_dfrbpq_1)
                                                         DPATH.SUM.fa_2.A (net)
                      0.244515    0.001026    0.324431 v _156_/B (sg13g2_nor2_1)
     5    0.022957    0.232170    0.259171    0.583602 ^ _156_/Y (sg13g2_nor2_1)
                                                         _106_ (net)
                      0.232170    0.000104    0.583706 ^ _201_/A (sg13g2_nor2b_1)
     3    0.014912    0.097178    0.130206    0.713912 v _201_/Y (sg13g2_nor2b_1)
                                                         _028_ (net)
                      0.097178    0.000141    0.714052 v _258_/C (sg13g2_nor3_1)
     1    0.010000    0.176785    0.162616    0.876669 ^ _258_/Y (sg13g2_nor3_1)
                                                         DATA[4] (net)
                      0.176785    0.000000    0.876669 ^ DATA[4] (out)
                                              0.876669   data arrival time

                                  5.000000    5.000000   clock clk (rise edge)
                                  0.000000    5.000000   clock network delay (propagated)
                                 -0.150000    4.850000   clock uncertainty
                                  0.000000    4.850000   clock reconvergence pessimism
                                 -1.000000    3.850000   output external delay
                                              3.850000   data required time
---------------------------------------------------------------------------------------------
                                              3.850000   data required time
                                             -0.876669   data arrival time
---------------------------------------------------------------------------------------------
                                              2.973331   slack (MET)


Startpoint: _291_ (rising edge-triggered flip-flop clocked by clk)
Endpoint: DATA[17] (output port clocked by clk)
Path Group: clk
Path Type: max

Fanout         Cap        Slew       Delay        Time   Description
---------------------------------------------------------------------------------------------
                                  0.000000    0.000000   clock clk (rise edge)
                                  0.000000    0.000000   clock source latency
     9    0.036913    0.000000    0.000000    0.000000 ^ clk (in)
                                                         clk (net)
                      0.001643    0.000822    0.000822 ^ _291_/CLK (sg13g2_dfrbpq_1)
    26    0.110012    0.446240    0.451740    0.452562 ^ _291_/Q (sg13g2_dfrbpq_1)
                                                         DPATH.SUM.fa_3.A (net)
                      0.446271    0.003126    0.455688 ^ _160_/A (sg13g2_nor2_1)
     4    0.019001    0.158673    0.213007    0.668695 v _160_/Y (sg13g2_nor2_1)
                                                         _110_ (net)
                      0.158673    0.000172    0.668866 v _276_/B (sg13g2_nand2b_1)
     1    0.004122    0.056942    0.077108    0.745974 ^ _276_/Y (sg13g2_nand2b_1)
                                                         _086_ (net)
                      0.056942    0.000037    0.746012 ^ _277_/C (sg13g2_nand3_1)
     1    0.010000    0.144268    0.125279    0.871291 v _277_/Y (sg13g2_nand3_1)
                                                         DATA[17] (net)
                      0.144268    0.000000    0.871291 v DATA[17] (out)
                                              0.871291   data arrival time

                                  5.000000    5.000000   clock clk (rise edge)
                                  0.000000    5.000000   clock network delay (propagated)
                                 -0.150000    4.850000   clock uncertainty
                                  0.000000    4.850000   clock reconvergence pessimism
                                 -1.000000    3.850000   output external delay
                                              3.850000   data required time
---------------------------------------------------------------------------------------------
                                              3.850000   data required time
                                             -0.871291   data arrival time
---------------------------------------------------------------------------------------------
                                              2.978709   slack (MET)


Startpoint: _292_ (rising edge-triggered flip-flop clocked by clk)
Endpoint: DATA[3] (output port clocked by clk)
Path Group: clk
Path Type: max

Fanout         Cap        Slew       Delay        Time   Description
---------------------------------------------------------------------------------------------
                                  0.000000    0.000000   clock clk (rise edge)
                                  0.000000    0.000000   clock source latency
     9    0.036913    0.000000    0.000000    0.000000 ^ clk (in)
                                                         clk (net)
                      0.001412    0.000706    0.000706 ^ _292_/CLK (sg13g2_dfrbpq_1)
    18    0.074957    0.233180    0.313454    0.314160 v _292_/Q (sg13g2_dfrbpq_1)
                                                         DPATH.SUM.fa_4.A (net)
                      0.233194    0.001966    0.316126 v _159_/A (sg13g2_or2_1)
     9    0.035264    0.121940    0.249935    0.566061 v _159_/X (sg13g2_or2_1)
                                                         _109_ (net)
                      0.121940    0.000194    0.566255 v _161_/B (sg13g2_nor2_1)
     2    0.007372    0.115081    0.105522    0.671777 ^ _161_/Y (sg13g2_nor2_1)
                                                         _111_ (net)
                      0.115081    0.000033    0.671811 ^ _255_/A (sg13g2_nand2_1)
     2    0.007192    0.077746    0.088620    0.760431 v _255_/Y (sg13g2_nand2_1)
                                                         _079_ (net)
                      0.077746    0.000043    0.760474 v _256_/B (sg13g2_nor2_1)
     1    0.010000    0.125028    0.109789    0.870262 ^ _256_/Y (sg13g2_nor2_1)
                                                         DATA[3] (net)
                      0.125028    0.000000    0.870262 ^ DATA[3] (out)
                                              0.870262   data arrival time

                                  5.000000    5.000000   clock clk (rise edge)
                                  0.000000    5.000000   clock network delay (propagated)
                                 -0.150000    4.850000   clock uncertainty
                                  0.000000    4.850000   clock reconvergence pessimism
                                 -1.000000    3.850000   output external delay
                                              3.850000   data required time
---------------------------------------------------------------------------------------------
                                              3.850000   data required time
                                             -0.870262   data arrival time
---------------------------------------------------------------------------------------------
                                              2.979738   slack (MET)


Startpoint: _291_ (rising edge-triggered flip-flop clocked by clk)
Endpoint: DATA[10] (output port clocked by clk)
Path Group: clk
Path Type: max

Fanout         Cap        Slew       Delay        Time   Description
---------------------------------------------------------------------------------------------
                                  0.000000    0.000000   clock clk (rise edge)
                                  0.000000    0.000000   clock source latency
     9    0.036913    0.000000    0.000000    0.000000 ^ clk (in)
                                                         clk (net)
                      0.001643    0.000822    0.000822 ^ _291_/CLK (sg13g2_dfrbpq_1)
    26    0.110012    0.446240    0.451740    0.452562 ^ _291_/Q (sg13g2_dfrbpq_1)
                                                         DPATH.SUM.fa_3.A (net)
                      0.446266    0.002894    0.455456 ^ _202_/B1 (sg13g2_o21ai_1)
     3    0.009911    0.135488    0.161114    0.616570 v _202_/Y (sg13g2_o21ai_1)
                                                         _029_ (net)
                      0.135488    0.000041    0.616611 v _266_/A2 (sg13g2_o21ai_1)
     1    0.006694    0.113447    0.141743    0.758353 ^ _266_/Y (sg13g2_o21ai_1)
                                                         _083_ (net)
                      0.113447    0.000158    0.758511 ^ _267_/B (sg13g2_nand2_1)
     1    0.010000    0.076801    0.106625    0.865136 v _267_/Y (sg13g2_nand2_1)
                                                         DATA[10] (net)
                      0.076801    0.000000    0.865136 v DATA[10] (out)
                                              0.865136   data arrival time

                                  5.000000    5.000000   clock clk (rise edge)
                                  0.000000    5.000000   clock network delay (propagated)
                                 -0.150000    4.850000   clock uncertainty
                                  0.000000    4.850000   clock reconvergence pessimism
                                 -1.000000    3.850000   output external delay
                                              3.850000   data required time
---------------------------------------------------------------------------------------------
                                              3.850000   data required time
                                             -0.865136   data arrival time
---------------------------------------------------------------------------------------------
                                              2.984864   slack (MET)


Startpoint: _291_ (rising edge-triggered flip-flop clocked by clk)
Endpoint: DATA[9] (output port clocked by clk)
Path Group: clk
Path Type: max

Fanout         Cap        Slew       Delay        Time   Description
---------------------------------------------------------------------------------------------
                                  0.000000    0.000000   clock clk (rise edge)
                                  0.000000    0.000000   clock source latency
     9    0.036913    0.000000    0.000000    0.000000 ^ clk (in)
                                                         clk (net)
                      0.001643    0.000822    0.000822 ^ _291_/CLK (sg13g2_dfrbpq_1)
    26    0.108705    0.334877    0.387847    0.388669 v _291_/Q (sg13g2_dfrbpq_1)
                                                         DPATH.SUM.fa_3.A (net)
                      0.334904    0.003110    0.391779 v _160_/A (sg13g2_nor2_1)
     4    0.019222    0.211163    0.245544    0.637323 ^ _160_/Y (sg13g2_nor2_1)
                                                         _110_ (net)
                      0.211163    0.000107    0.637430 ^ _254_/A (sg13g2_nand2_1)
     1    0.004032    0.065973    0.089536    0.726966 v _254_/Y (sg13g2_nand2_1)
                                                         _078_ (net)
                      0.065973    0.000037    0.727003 v _265_/A2 (sg13g2_a21oi_1)
     1    0.010000    0.143953    0.126111    0.853114 ^ _265_/Y (sg13g2_a21oi_1)
                                                         DATA[9] (net)
                      0.143953    0.000000    0.853114 ^ DATA[9] (out)
                                              0.853114   data arrival time

                                  5.000000    5.000000   clock clk (rise edge)
                                  0.000000    5.000000   clock network delay (propagated)
                                 -0.150000    4.850000   clock uncertainty
                                  0.000000    4.850000   clock reconvergence pessimism
                                 -1.000000    3.850000   output external delay
                                              3.850000   data required time
---------------------------------------------------------------------------------------------
                                              3.850000   data required time
                                             -0.853114   data arrival time
---------------------------------------------------------------------------------------------
                                              2.996886   slack (MET)


Startpoint: _292_ (rising edge-triggered flip-flop clocked by clk)
Endpoint: DATA[14] (output port clocked by clk)
Path Group: clk
Path Type: max

Fanout         Cap        Slew       Delay        Time   Description
---------------------------------------------------------------------------------------------
                                  0.000000    0.000000   clock clk (rise edge)
                                  0.000000    0.000000   clock source latency
     9    0.036913    0.000000    0.000000    0.000000 ^ clk (in)
                                                         clk (net)
                      0.001412    0.000706    0.000706 ^ _292_/CLK (sg13g2_dfrbpq_1)
    18    0.074694    0.305282    0.354171    0.354877 ^ _292_/Q (sg13g2_dfrbpq_1)
                                                         DPATH.SUM.fa_4.A (net)
                      0.305299    0.001941    0.356818 ^ _159_/A (sg13g2_or2_1)
     9    0.036489    0.154308    0.251922    0.608740 ^ _159_/X (sg13g2_or2_1)
                                                         _109_ (net)
                      0.154308    0.000201    0.608941 ^ _161_/B (sg13g2_nor2_1)
     2    0.007161    0.101534    0.077425    0.686366 v _161_/Y (sg13g2_nor2_1)
                                                         _111_ (net)
                      0.101534    0.000034    0.686399 v _255_/A (sg13g2_nand2_1)
     2    0.007771    0.073019    0.070733    0.757132 ^ _255_/Y (sg13g2_nand2_1)
                                                         _079_ (net)
                      0.073019    0.000060    0.757192 ^ _273_/B (sg13g2_nand2_1)
     1    0.010000    0.120809    0.093093    0.850285 v _273_/Y (sg13g2_nand2_1)
                                                         DATA[14] (net)
                      0.120809    0.000000    0.850285 v DATA[14] (out)
                                              0.850285   data arrival time

                                  5.000000    5.000000   clock clk (rise edge)
                                  0.000000    5.000000   clock network delay (propagated)
                                 -0.150000    4.850000   clock uncertainty
                                  0.000000    4.850000   clock reconvergence pessimism
                                 -1.000000    3.850000   output external delay
                                              3.850000   data required time
---------------------------------------------------------------------------------------------
                                              3.850000   data required time
                                             -0.850285   data arrival time
---------------------------------------------------------------------------------------------
                                              2.999715   slack (MET)


Startpoint: _291_ (rising edge-triggered flip-flop clocked by clk)
Endpoint: DATA[11] (output port clocked by clk)
Path Group: clk
Path Type: max

Fanout         Cap        Slew       Delay        Time   Description
---------------------------------------------------------------------------------------------
                                  0.000000    0.000000   clock clk (rise edge)
                                  0.000000    0.000000   clock source latency
     9    0.036913    0.000000    0.000000    0.000000 ^ clk (in)
                                                         clk (net)
                      0.001643    0.000822    0.000822 ^ _291_/CLK (sg13g2_dfrbpq_1)
    26    0.110012    0.446240    0.451740    0.452562 ^ _291_/Q (sg13g2_dfrbpq_1)
                                                         DPATH.SUM.fa_3.A (net)
                      0.446271    0.003145    0.455707 ^ _210_/A (sg13g2_nor2_1)
     4    0.015196    0.136712    0.188559    0.644266 v _210_/Y (sg13g2_nor2_1)
                                                         _037_ (net)
                      0.136712    0.000059    0.644325 v _268_/A2 (sg13g2_a21oi_1)
     1    0.003790    0.085348    0.109633    0.753958 ^ _268_/Y (sg13g2_a21oi_1)
                                                         _084_ (net)
                      0.085348    0.000025    0.753984 ^ _269_/B (sg13g2_nor2_1)
     1    0.010000    0.098432    0.069464    0.823448 v _269_/Y (sg13g2_nor2_1)
                                                         DATA[11] (net)
                      0.098432    0.000000    0.823448 v DATA[11] (out)
                                              0.823448   data arrival time

                                  5.000000    5.000000   clock clk (rise edge)
                                  0.000000    5.000000   clock network delay (propagated)
                                 -0.150000    4.850000   clock uncertainty
                                  0.000000    4.850000   clock reconvergence pessimism
                                 -1.000000    3.850000   output external delay
                                              3.850000   data required time
---------------------------------------------------------------------------------------------
                                              3.850000   data required time
                                             -0.823448   data arrival time
---------------------------------------------------------------------------------------------
                                              3.026552   slack (MET)


Startpoint: _291_ (rising edge-triggered flip-flop clocked by clk)
Endpoint: DATA[6] (output port clocked by clk)
Path Group: clk
Path Type: max

Fanout         Cap        Slew       Delay        Time   Description
---------------------------------------------------------------------------------------------
                                  0.000000    0.000000   clock clk (rise edge)
                                  0.000000    0.000000   clock source latency
     9    0.036913    0.000000    0.000000    0.000000 ^ clk (in)
                                                         clk (net)
                      0.001643    0.000822    0.000822 ^ _291_/CLK (sg13g2_dfrbpq_1)
    26    0.108705    0.334877    0.387847    0.388669 v _291_/Q (sg13g2_dfrbpq_1)
                                                         DPATH.SUM.fa_3.A (net)
                      0.334905    0.003129    0.391798 v _210_/A (sg13g2_nor2_1)
     4    0.016340    0.184218    0.221751    0.613549 ^ _210_/Y (sg13g2_nor2_1)
                                                         _037_ (net)
                      0.184218    0.000074    0.613623 ^ _211_/A (sg13g2_inv_1)
     1    0.003817    0.045232    0.064360    0.677983 v _211_/Y (sg13g2_inv_1)
                                                         _038_ (net)
                      0.045232    0.000029    0.678012 v _262_/A2 (sg13g2_a21oi_1)
     1    0.010000    0.121694    0.118088    0.796100 ^ _262_/Y (sg13g2_a21oi_1)
                                                         DATA[6] (net)
                      0.121694    0.000000    0.796100 ^ DATA[6] (out)
                                              0.796100   data arrival time

                                  5.000000    5.000000   clock clk (rise edge)
                                  0.000000    5.000000   clock network delay (propagated)
                                 -0.150000    4.850000   clock uncertainty
                                  0.000000    4.850000   clock reconvergence pessimism
                                 -1.000000    3.850000   output external delay
                                              3.850000   data required time
---------------------------------------------------------------------------------------------
                                              3.850000   data required time
                                             -0.796100   data arrival time
---------------------------------------------------------------------------------------------
                                              3.053900   slack (MET)


Startpoint: _288_ (rising edge-triggered flip-flop clocked by clk)
Endpoint: _294_ (rising edge-triggered flip-flop clocked by clk)
Path Group: clk
Path Type: max

Fanout         Cap        Slew       Delay        Time   Description
---------------------------------------------------------------------------------------------
                                  0.000000    0.000000   clock clk (rise edge)
                                  0.000000    0.000000   clock source latency
     9    0.036913    0.000000    0.000000    0.000000 ^ clk (in)
                                                         clk (net)
                      0.001717    0.000858    0.000858 ^ _288_/CLK (sg13g2_dfrbpq_1)
    15    0.074269    0.303376    0.353960    0.354819 ^ _288_/Q (sg13g2_dfrbpq_1)
                                                         DPATH.SUM.Cout0 (net)
                      0.303376    0.000882    0.355701 ^ _132_/A (sg13g2_inv_1)
     8    0.039011    0.178574    0.248926    0.604627 v _132_/Y (sg13g2_inv_1)
                                                         DPATH.SUM.ha_0.S (net)
                      0.178574    0.000548    0.605176 v _138_/A1 (sg13g2_o21ai_1)
     2    0.010970    0.149055    0.190521    0.795697 ^ _138_/Y (sg13g2_o21ai_1)
                                                         _092_ (net)
                      0.149055    0.000132    0.795829 ^ _140_/A1 (sg13g2_a21oi_1)
     2    0.010769    0.097775    0.133453    0.929282 v _140_/Y (sg13g2_a21oi_1)
                                                         _094_ (net)
                      0.097775    0.000038    0.929321 v _144_/A1 (sg13g2_o21ai_1)
     2    0.011512    0.151768    0.171025    1.100345 ^ _144_/Y (sg13g2_o21ai_1)
                                                         _097_ (net)
                      0.151768    0.000159    1.100504 ^ _148_/A1 (sg13g2_a21oi_1)
     2    0.011395    0.101614    0.137731    1.238235 v _148_/Y (sg13g2_a21oi_1)
                                                         _100_ (net)
                      0.101614    0.000093    1.238328 v _152_/A1 (sg13g2_o21ai_1)
     1    0.007138    0.111872    0.140724    1.379052 ^ _152_/Y (sg13g2_o21ai_1)
                                                         _103_ (net)
                      0.111872    0.000050    1.379102 ^ _154_/A (sg13g2_xnor2_1)
     1    0.002030    0.065989    0.111270    1.490372 ^ _154_/Y (sg13g2_xnor2_1)
                                                         DPATH.SUM.fa_6.S (net)
                      0.065989    0.000014    1.490385 ^ _294_/D (sg13g2_dfrbpq_1)
                                              1.490385   data arrival time

                                  5.000000    5.000000   clock clk (rise edge)
                                  0.000000    5.000000   clock source latency
     9    0.032886    0.000000    0.000000    5.000000 ^ clk (in)
                                                         clk (net)
                      0.001006    0.000503    5.000503 ^ _294_/CLK (sg13g2_dfrbpq_1)
                                 -0.150000    4.850503   clock uncertainty
                                  0.000000    4.850503   clock reconvergence pessimism
                                 -0.130494    4.720009   library setup time
                                              4.720009   data required time
---------------------------------------------------------------------------------------------
                                              4.720009   data required time
                                             -1.490385   data arrival time
---------------------------------------------------------------------------------------------
                                              3.229624   slack (MET)


Startpoint: _288_ (rising edge-triggered flip-flop clocked by clk)
Endpoint: _293_ (rising edge-triggered flip-flop clocked by clk)
Path Group: clk
Path Type: max

Fanout         Cap        Slew       Delay        Time   Description
---------------------------------------------------------------------------------------------
                                  0.000000    0.000000   clock clk (rise edge)
                                  0.000000    0.000000   clock source latency
     9    0.036913    0.000000    0.000000    0.000000 ^ clk (in)
                                                         clk (net)
                      0.001717    0.000858    0.000858 ^ _288_/CLK (sg13g2_dfrbpq_1)
    15    0.074269    0.303376    0.353960    0.354819 ^ _288_/Q (sg13g2_dfrbpq_1)
                                                         DPATH.SUM.Cout0 (net)
                      0.303376    0.000882    0.355701 ^ _132_/A (sg13g2_inv_1)
     8    0.039011    0.178574    0.248926    0.604627 v _132_/Y (sg13g2_inv_1)
                                                         DPATH.SUM.ha_0.S (net)
                      0.178574    0.000548    0.605176 v _138_/A1 (sg13g2_o21ai_1)
     2    0.010970    0.149055    0.190521    0.795697 ^ _138_/Y (sg13g2_o21ai_1)
                                                         _092_ (net)
                      0.149055    0.000132    0.795829 ^ _140_/A1 (sg13g2_a21oi_1)
     2    0.010769    0.097775    0.133453    0.929282 v _140_/Y (sg13g2_a21oi_1)
                                                         _094_ (net)
                      0.097775    0.000038    0.929321 v _144_/A1 (sg13g2_o21ai_1)
     2    0.011512    0.151768    0.171025    1.100345 ^ _144_/Y (sg13g2_o21ai_1)
                                                         _097_ (net)
                      0.151768    0.000159    1.100504 ^ _148_/A1 (sg13g2_a21oi_1)
     2    0.011395    0.101614    0.137731    1.238235 v _148_/Y (sg13g2_a21oi_1)
                                                         _100_ (net)
                      0.101614    0.000091    1.238327 v _151_/A (sg13g2_xor2_1)
     1    0.001925    0.056061    0.120428    1.358755 v _151_/X (sg13g2_xor2_1)
                                                         DPATH.SUM.fa_5.S (net)
                      0.056061    0.000010    1.358765 v _293_/D (sg13g2_dfrbpq_1)
                                              1.358765   data arrival time

                                  5.000000    5.000000   clock clk (rise edge)
                                  0.000000    5.000000   clock source latency
     9    0.032886    0.000000    0.000000    5.000000 ^ clk (in)
                                                         clk (net)
                      0.001050    0.000525    5.000525 ^ _293_/CLK (sg13g2_dfrbpq_1)
                                 -0.150000    4.850525   clock uncertainty
                                  0.000000    4.850525   clock reconvergence pessimism
                                 -0.130448    4.720078   library setup time
                                              4.720078   data required time
---------------------------------------------------------------------------------------------
                                              4.720078   data required time
                                             -1.358765   data arrival time
---------------------------------------------------------------------------------------------
                                              3.361313   slack (MET)


Startpoint: _295_ (rising edge-triggered flip-flop clocked by clk)
Endpoint: o_signB (output port clocked by clk)
Path Group: clk
Path Type: max

Fanout         Cap        Slew       Delay        Time   Description
---------------------------------------------------------------------------------------------
                                  0.000000    0.000000   clock clk (rise edge)
                                  0.000000    0.000000   clock source latency
     9    0.036913    0.000000    0.000000    0.000000 ^ clk (in)
                                                         clk (net)
                      0.001087    0.000543    0.000543 ^ _295_/CLK (sg13g2_dfrbpq_1)
     3    0.040019    0.169592    0.259134    0.259678 ^ _295_/Q (sg13g2_dfrbpq_1)
                                                         o_sign (net)
                      0.169592    0.000000    0.259678 ^ _133_/A (sg13g2_inv_1)
     1    0.030000    0.125012    0.168528    0.428206 v _133_/Y (sg13g2_inv_1)
                                                         o_signB (net)
                      0.125012    0.000000    0.428206 v o_signB (out)
                                              0.428206   data arrival time

                                  5.000000    5.000000   clock clk (rise edge)
                                  0.000000    5.000000   clock network delay (propagated)
                                 -0.150000    4.850000   clock uncertainty
                                  0.000000    4.850000   clock reconvergence pessimism
                                 -1.000000    3.850000   output external delay
                                              3.850000   data required time
---------------------------------------------------------------------------------------------
                                              3.850000   data required time
                                             -0.428206   data arrival time
---------------------------------------------------------------------------------------------
                                              3.421794   slack (MET)


Startpoint: _288_ (rising edge-triggered flip-flop clocked by clk)
Endpoint: _292_ (rising edge-triggered flip-flop clocked by clk)
Path Group: clk
Path Type: max

Fanout         Cap        Slew       Delay        Time   Description
---------------------------------------------------------------------------------------------
                                  0.000000    0.000000   clock clk (rise edge)
                                  0.000000    0.000000   clock source latency
     9    0.036913    0.000000    0.000000    0.000000 ^ clk (in)
                                                         clk (net)
                      0.001717    0.000858    0.000858 ^ _288_/CLK (sg13g2_dfrbpq_1)
    15    0.074269    0.303376    0.353960    0.354819 ^ _288_/Q (sg13g2_dfrbpq_1)
                                                         DPATH.SUM.Cout0 (net)
                      0.303376    0.000882    0.355701 ^ _132_/A (sg13g2_inv_1)
     8    0.039011    0.178574    0.248926    0.604627 v _132_/Y (sg13g2_inv_1)
                                                         DPATH.SUM.ha_0.S (net)
                      0.178574    0.000548    0.605176 v _138_/A1 (sg13g2_o21ai_1)
     2    0.010970    0.149055    0.190521    0.795697 ^ _138_/Y (sg13g2_o21ai_1)
                                                         _092_ (net)
                      0.149055    0.000132    0.795829 ^ _140_/A1 (sg13g2_a21oi_1)
     2    0.010769    0.097775    0.133453    0.929282 v _140_/Y (sg13g2_a21oi_1)
                                                         _094_ (net)
                      0.097775    0.000038    0.929321 v _144_/A1 (sg13g2_o21ai_1)
     2    0.011512    0.151768    0.171025    1.100345 ^ _144_/Y (sg13g2_o21ai_1)
                                                         _097_ (net)
                      0.151768    0.000159    1.100505 ^ _147_/A (sg13g2_xor2_1)
     1    0.001660    0.053644    0.130365    1.230870 ^ _147_/X (sg13g2_xor2_1)
                                                         DPATH.SUM.fa_4.S (net)
                      0.053644    0.000007    1.230877 ^ _292_/D (sg13g2_dfrbpq_1)
                                              1.230877   data arrival time

                                  5.000000    5.000000   clock clk (rise edge)
                                  0.000000    5.000000   clock source latency
     9    0.032886    0.000000    0.000000    5.000000 ^ clk (in)
                                                         clk (net)
                      0.001252    0.000626    5.000626 ^ _292_/CLK (sg13g2_dfrbpq_1)
                                 -0.150000    4.850626   clock uncertainty
                                  0.000000    4.850626   clock reconvergence pessimism
                                 -0.126431    4.724196   library setup time
                                              4.724196   data required time
---------------------------------------------------------------------------------------------
                                              4.724196   data required time
                                             -1.230877   data arrival time
---------------------------------------------------------------------------------------------
                                              3.493319   slack (MET)


Startpoint: _295_ (rising edge-triggered flip-flop clocked by clk)
Endpoint: o_sign (output port clocked by clk)
Path Group: clk
Path Type: max

Fanout         Cap        Slew       Delay        Time   Description
---------------------------------------------------------------------------------------------
                                  0.000000    0.000000   clock clk (rise edge)
                                  0.000000    0.000000   clock source latency
     9    0.036913    0.000000    0.000000    0.000000 ^ clk (in)
                                                         clk (net)
                      0.001087    0.000543    0.000543 ^ _295_/CLK (sg13g2_dfrbpq_1)
     3    0.040019    0.169592    0.259134    0.259678 ^ _295_/Q (sg13g2_dfrbpq_1)
                                                         o_sign (net)
                      0.169592    0.000000    0.259678 ^ o_sign (out)
                                              0.259678   data arrival time

                                  5.000000    5.000000   clock clk (rise edge)
                                  0.000000    5.000000   clock network delay (propagated)
                                 -0.150000    4.850000   clock uncertainty
                                  0.000000    4.850000   clock reconvergence pessimism
                                 -1.000000    3.850000   output external delay
                                              3.850000   data required time
---------------------------------------------------------------------------------------------
                                              3.850000   data required time
                                             -0.259678   data arrival time
---------------------------------------------------------------------------------------------
                                              3.590322   slack (MET)


Startpoint: _290_ (rising edge-triggered flip-flop clocked by clk)
Endpoint: _295_ (rising edge-triggered flip-flop clocked by clk)
Path Group: clk
Path Type: max

Fanout         Cap        Slew       Delay        Time   Description
---------------------------------------------------------------------------------------------
                                  0.000000    0.000000   clock clk (rise edge)
                                  0.000000    0.000000   clock source latency
     9    0.036913    0.000000    0.000000    0.000000 ^ clk (in)
                                                         clk (net)
                      0.001637    0.000818    0.000818 ^ _290_/CLK (sg13g2_dfrbpq_1)
    18    0.078773    0.244513    0.322587    0.323405 v _290_/Q (sg13g2_dfrbpq_1)
                                                         DPATH.SUM.fa_2.A (net)
                      0.244515    0.001026    0.324431 v _156_/B (sg13g2_nor2_1)
     5    0.022957    0.232170    0.259171    0.583602 ^ _156_/Y (sg13g2_nor2_1)
                                                         _106_ (net)
                      0.232170    0.000120    0.583722 ^ _157_/A (sg13g2_inv_1)
     4    0.014468    0.094600    0.124806    0.708528 v _157_/Y (sg13g2_inv_1)
                                                         _107_ (net)
                      0.094600    0.000066    0.708595 v _158_/B (sg13g2_nor2_1)
     1    0.003826    0.066621    0.075960    0.784554 ^ _158_/Y (sg13g2_nor2_1)
                                                         _108_ (net)
                      0.066621    0.000026    0.784581 ^ _162_/C (sg13g2_nand4_1)
     2    0.010303    0.178208    0.169925    0.954506 v _162_/Y (sg13g2_nand4_1)
                                                         _112_ (net)
                      0.178208    0.000149    0.954655 v _163_/B (sg13g2_xnor2_1)
     1    0.002127    0.047982    0.130328    1.084983 v _163_/Y (sg13g2_xnor2_1)
                                                         CTRL.P1 (net)
                      0.047982    0.000014    1.084996 v _295_/D (sg13g2_dfrbpq_1)
                                              1.084996   data arrival time

                                  5.000000    5.000000   clock clk (rise edge)
                                  0.000000    5.000000   clock source latency
     9    0.032886    0.000000    0.000000    5.000000 ^ clk (in)
                                                         clk (net)
                      0.000964    0.000482    5.000482 ^ _295_/CLK (sg13g2_dfrbpq_1)
                                 -0.150000    4.850482   clock uncertainty
                                  0.000000    4.850482   clock reconvergence pessimism
                                 -0.127562    4.722920   library setup time
                                              4.722920   data required time
---------------------------------------------------------------------------------------------
                                              4.722920   data required time
                                             -1.084996   data arrival time
---------------------------------------------------------------------------------------------
                                              3.637924   slack (MET)


Startpoint: _290_ (rising edge-triggered flip-flop clocked by clk)
Endpoint: _296_ (rising edge-triggered flip-flop clocked by clk)
Path Group: clk
Path Type: max

Fanout         Cap        Slew       Delay        Time   Description
---------------------------------------------------------------------------------------------
                                  0.000000    0.000000   clock clk (rise edge)
                                  0.000000    0.000000   clock source latency
     9    0.036913    0.000000    0.000000    0.000000 ^ clk (in)
                                                         clk (net)
                      0.001637    0.000818    0.000818 ^ _290_/CLK (sg13g2_dfrbpq_1)
    18    0.082379    0.335749    0.376033    0.376851 ^ _290_/Q (sg13g2_dfrbpq_1)
                                                         DPATH.SUM.fa_2.A (net)
                      0.335855    0.001935    0.378786 ^ _164_/B (sg13g2_and2_1)
     5    0.019085    0.091826    0.213376    0.592162 ^ _164_/X (sg13g2_and2_1)
                                                         _113_ (net)
                      0.091826    0.000189    0.592351 ^ _166_/B (sg13g2_nand2_1)
     4    0.017439    0.193088    0.134812    0.727164 v _166_/Y (sg13g2_nand2_1)
                                                         _115_ (net)
                      0.193088    0.000159    0.727322 v _168_/A (sg13g2_nor2_1)
     2    0.010253    0.124476    0.145039    0.872362 ^ _168_/Y (sg13g2_nor2_1)
                                                         _117_ (net)
                      0.124515    0.000178    0.872539 ^ _170_/A1 (sg13g2_a21o_1)
     1    0.003277    0.038019    0.133048    1.005587 ^ _170_/X (sg13g2_a21o_1)
                                                         _119_ (net)
                      0.038019    0.000024    1.005610 ^ _171_/B (sg13g2_and2_1)
     1    0.001801    0.024073    0.081029    1.086639 ^ _171_/X (sg13g2_and2_1)
                                                         CTRL.P0 (net)
                      0.024073    0.000010    1.086649 ^ _296_/D (sg13g2_dfrbpq_1)
                                              1.086649   data arrival time

                                  5.000000    5.000000   clock clk (rise edge)
                                  0.000000    5.000000   clock source latency
     9    0.032886    0.000000    0.000000    5.000000 ^ clk (in)
                                                         clk (net)
                      0.001036    0.000518    5.000518 ^ _296_/CLK (sg13g2_dfrbpq_1)
                                 -0.150000    4.850518   clock uncertainty
                                  0.000000    4.850518   clock reconvergence pessimism
                                 -0.116816    4.733703   library setup time
                                              4.733703   data required time
---------------------------------------------------------------------------------------------
                                              4.733703   data required time
                                             -1.086649   data arrival time
---------------------------------------------------------------------------------------------
                                              3.647053   slack (MET)


Startpoint: _288_ (rising edge-triggered flip-flop clocked by clk)
Endpoint: _291_ (rising edge-triggered flip-flop clocked by clk)
Path Group: clk
Path Type: max

Fanout         Cap        Slew       Delay        Time   Description
---------------------------------------------------------------------------------------------
                                  0.000000    0.000000   clock clk (rise edge)
                                  0.000000    0.000000   clock source latency
     9    0.036913    0.000000    0.000000    0.000000 ^ clk (in)
                                                         clk (net)
                      0.001717    0.000858    0.000858 ^ _288_/CLK (sg13g2_dfrbpq_1)
    15    0.074269    0.303376    0.353960    0.354819 ^ _288_/Q (sg13g2_dfrbpq_1)
                                                         DPATH.SUM.Cout0 (net)
                      0.303376    0.000882    0.355701 ^ _132_/A (sg13g2_inv_1)
     8    0.039011    0.178574    0.248926    0.604627 v _132_/Y (sg13g2_inv_1)
                                                         DPATH.SUM.ha_0.S (net)
                      0.178574    0.000548    0.605176 v _138_/A1 (sg13g2_o21ai_1)
     2    0.010970    0.149055    0.190521    0.795697 ^ _138_/Y (sg13g2_o21ai_1)
                                                         _092_ (net)
                      0.149055    0.000132    0.795829 ^ _140_/A1 (sg13g2_a21oi_1)
     2    0.010769    0.097775    0.133453    0.929282 v _140_/Y (sg13g2_a21oi_1)
                                                         _094_ (net)
                      0.097775    0.000051    0.929333 v _143_/A (sg13g2_xor2_1)
     1    0.002013    0.061380    0.119705    1.049039 v _143_/X (sg13g2_xor2_1)
                                                         DPATH.SUM.fa_3.S (net)
                      0.061380    0.000011    1.049050 v _291_/D (sg13g2_dfrbpq_1)
                                              1.049050   data arrival time

                                  5.000000    5.000000   clock clk (rise edge)
                                  0.000000    5.000000   clock source latency
     9    0.032886    0.000000    0.000000    5.000000 ^ clk (in)
                                                         clk (net)
                      0.001455    0.000727    5.000728 ^ _291_/CLK (sg13g2_dfrbpq_1)
                                 -0.150000    4.850728   clock uncertainty
                                  0.000000    4.850728   clock reconvergence pessimism
                                 -0.132259    4.718468   library setup time
                                              4.718468   data required time
---------------------------------------------------------------------------------------------
                                              4.718468   data required time
                                             -1.049050   data arrival time
---------------------------------------------------------------------------------------------
                                              3.669418   slack (MET)


Startpoint: _288_ (rising edge-triggered flip-flop clocked by clk)
Endpoint: _290_ (rising edge-triggered flip-flop clocked by clk)
Path Group: clk
Path Type: max

Fanout         Cap        Slew       Delay        Time   Description
---------------------------------------------------------------------------------------------
                                  0.000000    0.000000   clock clk (rise edge)
                                  0.000000    0.000000   clock source latency
     9    0.036913    0.000000    0.000000    0.000000 ^ clk (in)
                                                         clk (net)
                      0.001717    0.000858    0.000858 ^ _288_/CLK (sg13g2_dfrbpq_1)
    15    0.074269    0.303376    0.353960    0.354819 ^ _288_/Q (sg13g2_dfrbpq_1)
                                                         DPATH.SUM.Cout0 (net)
                      0.303376    0.000882    0.355701 ^ _132_/A (sg13g2_inv_1)
     8    0.039011    0.178574    0.248926    0.604627 v _132_/Y (sg13g2_inv_1)
                                                         DPATH.SUM.ha_0.S (net)
                      0.178574    0.000548    0.605176 v _138_/A1 (sg13g2_o21ai_1)
     2    0.010970    0.149055    0.190521    0.795697 ^ _138_/Y (sg13g2_o21ai_1)
                                                         _092_ (net)
                      0.149055    0.000137    0.795834 ^ _278_/A (sg13g2_xor2_1)
     1    0.001915    0.054989    0.131002    0.926836 ^ _278_/X (sg13g2_xor2_1)
                                                         DPATH.SUM.fa_2.S (net)
                      0.054989    0.000012    0.926848 ^ _290_/D (sg13g2_dfrbpq_1)
                                              0.926848   data arrival time

                                  5.000000    5.000000   clock clk (rise edge)
                                  0.000000    5.000000   clock source latency
     9    0.032886    0.000000    0.000000    5.000000 ^ clk (in)
                                                         clk (net)
                      0.001449    0.000725    5.000725 ^ _290_/CLK (sg13g2_dfrbpq_1)
                                 -0.150000    4.850725   clock uncertainty
                                  0.000000    4.850725   clock reconvergence pessimism
                                 -0.126840    4.723885   library setup time
                                              4.723885   data required time
---------------------------------------------------------------------------------------------
                                              4.723885   data required time
                                             -0.926848   data arrival time
---------------------------------------------------------------------------------------------
                                              3.797037   slack (MET)


Startpoint: _288_ (rising edge-triggered flip-flop clocked by clk)
Endpoint: _288_ (rising edge-triggered flip-flop clocked by clk)
Path Group: clk
Path Type: max

Fanout         Cap        Slew       Delay        Time   Description
---------------------------------------------------------------------------------------------
                                  0.000000    0.000000   clock clk (rise edge)
                                  0.000000    0.000000   clock source latency
     9    0.036913    0.000000    0.000000    0.000000 ^ clk (in)
                                                         clk (net)
                      0.001717    0.000858    0.000858 ^ _288_/CLK (sg13g2_dfrbpq_1)
    15    0.074269    0.303376    0.353960    0.354819 ^ _288_/Q (sg13g2_dfrbpq_1)
                                                         DPATH.SUM.Cout0 (net)
                      0.303376    0.000882    0.355701 ^ _132_/A (sg13g2_inv_1)
     8    0.039011    0.178574    0.248926    0.604627 v _132_/Y (sg13g2_inv_1)
                                                         DPATH.SUM.ha_0.S (net)
                      0.178574    0.000591    0.605218 v _288_/D (sg13g2_dfrbpq_1)
                                              0.605218   data arrival time

                                  5.000000    5.000000   clock clk (rise edge)
                                  0.000000    5.000000   clock source latency
     9    0.032886    0.000000    0.000000    5.000000 ^ clk (in)
                                                         clk (net)
                      0.001519    0.000760    5.000760 ^ _288_/CLK (sg13g2_dfrbpq_1)
                                 -0.150000    4.850760   clock uncertainty
                                  0.000099    4.850859   clock reconvergence pessimism
                                 -0.174426    4.676433   library setup time
                                              4.676433   data required time
---------------------------------------------------------------------------------------------
                                              4.676433   data required time
                                             -0.605218   data arrival time
---------------------------------------------------------------------------------------------
                                              4.071214   slack (MET)


Startpoint: _296_ (rising edge-triggered flip-flop clocked by clk)
Endpoint: _289_ (rising edge-triggered flip-flop clocked by clk)
Path Group: clk
Path Type: max

Fanout         Cap        Slew       Delay        Time   Description
---------------------------------------------------------------------------------------------
                                  0.000000    0.000000   clock clk (rise edge)
                                  0.000000    0.000000   clock source latency
     9    0.036913    0.000000    0.000000    0.000000 ^ clk (in)
                                                         clk (net)
                      0.001169    0.000584    0.000584 ^ _296_/CLK (sg13g2_dfrbpq_1)
    13    0.069267    0.283628    0.338756    0.339341 ^ _296_/Q (sg13g2_dfrbpq_1)
                                                         CTRL.S0 (net)
                      0.283759    0.003075    0.342415 ^ _137_/A (sg13g2_xnor2_1)
     2    0.010288    0.152817    0.183965    0.526381 ^ _137_/Y (sg13g2_xnor2_1)
                                                         _091_ (net)
                      0.152817    0.000041    0.526422 ^ _279_/B (sg13g2_xnor2_1)
     1    0.001817    0.077740    0.118350    0.644772 ^ _279_/Y (sg13g2_xnor2_1)
                                                         DPATH.SUM.fa_1.S (net)
                      0.077740    0.000010    0.644782 ^ _289_/D (sg13g2_dfrbpq_1)
                                              0.644782   data arrival time

                                  5.000000    5.000000   clock clk (rise edge)
                                  0.000000    5.000000   clock source latency
     9    0.032886    0.000000    0.000000    5.000000 ^ clk (in)
                                                         clk (net)
                      0.001530    0.000765    5.000765 ^ _289_/CLK (sg13g2_dfrbpq_1)
                                 -0.150000    4.850765   clock uncertainty
                                  0.000000    4.850765   clock reconvergence pessimism
                                 -0.134250    4.716516   library setup time
                                              4.716516   data required time
---------------------------------------------------------------------------------------------
                                              4.716516   data required time
                                             -0.644782   data arrival time
---------------------------------------------------------------------------------------------
                                              4.071733   slack (MET)



