
===========================================================================
report_checks -path_delay min (Hold)
============================================================================
======================= nom_typ_1p20V_25C Corner ===================================

Startpoint: _295_ (rising edge-triggered flip-flop clocked by clk)
Endpoint: o_sign (output port clocked by clk)
Path Group: clk
Path Type: min

Fanout         Cap        Slew       Delay        Time   Description
---------------------------------------------------------------------------------------------
                                  0.000000    0.000000   clock clk (rise edge)
                                  0.000000    0.000000   clock source latency
     9    0.032886    0.000000    0.000000    0.000000 ^ clk (in)
                                                         clk (net)
                      0.000964    0.000482    0.000482 ^ _295_/CLK (sg13g2_dfrbpq_1)
     3    0.037398    0.120275    0.231802    0.232284 v _295_/Q (sg13g2_dfrbpq_1)
                                                         o_sign (net)
                      0.120275    0.000000    0.232284 v o_sign (out)
                                              0.232284   data arrival time

                                  0.000000    0.000000   clock clk (rise edge)
                                  0.000000    0.000000   clock network delay (propagated)
                                  0.150000    0.150000   clock uncertainty
                                  0.000000    0.150000   clock reconvergence pessimism
                                  0.000000    0.150000   output external delay
                                              0.150000   data required time
---------------------------------------------------------------------------------------------
                                              0.150000   data required time
                                             -0.232284   data arrival time
---------------------------------------------------------------------------------------------
                                              0.082284   slack (MET)


Startpoint: _295_ (rising edge-triggered flip-flop clocked by clk)
Endpoint: _295_ (rising edge-triggered flip-flop clocked by clk)
Path Group: clk
Path Type: min

Fanout         Cap        Slew       Delay        Time   Description
---------------------------------------------------------------------------------------------
                                  0.000000    0.000000   clock clk (rise edge)
                                  0.000000    0.000000   clock source latency
     9    0.032886    0.000000    0.000000    0.000000 ^ clk (in)
                                                         clk (net)
                      0.000964    0.000482    0.000482 ^ _295_/CLK (sg13g2_dfrbpq_1)
     3    0.037398    0.120275    0.231802    0.232284 v _295_/Q (sg13g2_dfrbpq_1)
                                                         o_sign (net)
                      0.120275    0.000000    0.232284 v _163_/A (sg13g2_xnor2_1)
     1    0.001776    0.028156    0.086622    0.318906 v _163_/Y (sg13g2_xnor2_1)
                                                         CTRL.P1 (net)
                      0.028156    0.000011    0.318917 v _295_/D (sg13g2_dfrbpq_1)
                                              0.318917   data arrival time

                                  0.000000    0.000000   clock clk (rise edge)
                                  0.000000    0.000000   clock source latency
     9    0.036913    0.000000    0.000000    0.000000 ^ clk (in)
                                                         clk (net)
                      0.001087    0.000543    0.000543 ^ _295_/CLK (sg13g2_dfrbpq_1)
                                  0.150000    0.150543   clock uncertainty
                                 -0.000061    0.150482   clock reconvergence pessimism
                                 -0.040910    0.109571   library hold time
                                              0.109571   data required time
---------------------------------------------------------------------------------------------
                                              0.109571   data required time
                                             -0.318917   data arrival time
---------------------------------------------------------------------------------------------
                                              0.209346   slack (MET)


Startpoint: _293_ (rising edge-triggered flip-flop clocked by clk)
Endpoint: DATA[17] (output port clocked by clk)
Path Group: clk
Path Type: min

Fanout         Cap        Slew       Delay        Time   Description
---------------------------------------------------------------------------------------------
                                  0.000000    0.000000   clock clk (rise edge)
                                  0.000000    0.000000   clock source latency
     9    0.032886    0.000000    0.000000    0.000000 ^ clk (in)
                                                         clk (net)
                      0.001050    0.000525    0.000525 ^ _293_/CLK (sg13g2_dfrbpq_1)
    15    0.053399    0.168066    0.266093    0.266618 v _293_/Q (sg13g2_dfrbpq_1)
                                                         DPATH.SUM.fa_5.A (net)
                      0.168072    0.001201    0.267819 v _277_/A (sg13g2_nand3_1)
     1    0.010000    0.063523    0.101834    0.369653 ^ _277_/Y (sg13g2_nand3_1)
                                                         DATA[17] (net)
                      0.063523    0.000000    0.369653 ^ DATA[17] (out)
                                              0.369653   data arrival time

                                  0.000000    0.000000   clock clk (rise edge)
                                  0.000000    0.000000   clock network delay (propagated)
                                  0.150000    0.150000   clock uncertainty
                                  0.000000    0.150000   clock reconvergence pessimism
                                  0.000000    0.150000   output external delay
                                              0.150000   data required time
---------------------------------------------------------------------------------------------
                                              0.150000   data required time
                                             -0.369653   data arrival time
---------------------------------------------------------------------------------------------
                                              0.219653   slack (MET)


Startpoint: _295_ (rising edge-triggered flip-flop clocked by clk)
Endpoint: o_signB (output port clocked by clk)
Path Group: clk
Path Type: min

Fanout         Cap        Slew       Delay        Time   Description
---------------------------------------------------------------------------------------------
                                  0.000000    0.000000   clock clk (rise edge)
                                  0.000000    0.000000   clock source latency
     9    0.032886    0.000000    0.000000    0.000000 ^ clk (in)
                                                         clk (net)
                      0.000964    0.000482    0.000482 ^ _295_/CLK (sg13g2_dfrbpq_1)
     3    0.037398    0.120275    0.231802    0.232284 v _295_/Q (sg13g2_dfrbpq_1)
                                                         o_sign (net)
                      0.120275    0.000000    0.232284 v _133_/A (sg13g2_inv_1)
     1    0.030000    0.139804    0.157373    0.389658 ^ _133_/Y (sg13g2_inv_1)
                                                         o_signB (net)
                      0.139804    0.000000    0.389658 ^ o_signB (out)
                                              0.389658   data arrival time

                                  0.000000    0.000000   clock clk (rise edge)
                                  0.000000    0.000000   clock network delay (propagated)
                                  0.150000    0.150000   clock uncertainty
                                  0.000000    0.150000   clock reconvergence pessimism
                                  0.000000    0.150000   output external delay
                                              0.150000   data required time
---------------------------------------------------------------------------------------------
                                              0.150000   data required time
                                             -0.389658   data arrival time
---------------------------------------------------------------------------------------------
                                              0.239658   slack (MET)


Startpoint: _294_ (rising edge-triggered flip-flop clocked by clk)
Endpoint: DATA[15] (output port clocked by clk)
Path Group: clk
Path Type: min

Fanout         Cap        Slew       Delay        Time   Description
---------------------------------------------------------------------------------------------
                                  0.000000    0.000000   clock clk (rise edge)
                                  0.000000    0.000000   clock source latency
     9    0.032886    0.000000    0.000000    0.000000 ^ clk (in)
                                                         clk (net)
                      0.001006    0.000503    0.000503 ^ _294_/CLK (sg13g2_dfrbpq_1)
    20    0.067679    0.211025    0.297732    0.298235 v _294_/Q (sg13g2_dfrbpq_1)
                                                         DPATH.SUM.fa_6.A (net)
                      0.211026    0.000787    0.299023 v _274_/A (sg13g2_nand2_1)
     1    0.010000    0.060364    0.104915    0.403938 ^ _274_/Y (sg13g2_nand2_1)
                                                         DATA[15] (net)
                      0.060364    0.000000    0.403938 ^ DATA[15] (out)
                                              0.403938   data arrival time

                                  0.000000    0.000000   clock clk (rise edge)
                                  0.000000    0.000000   clock network delay (propagated)
                                  0.150000    0.150000   clock uncertainty
                                  0.000000    0.150000   clock reconvergence pessimism
                                  0.000000    0.150000   output external delay
                                              0.150000   data required time
---------------------------------------------------------------------------------------------
                                              0.150000   data required time
                                             -0.403938   data arrival time
---------------------------------------------------------------------------------------------
                                              0.253938   slack (MET)


Startpoint: _294_ (rising edge-triggered flip-flop clocked by clk)
Endpoint: DATA[14] (output port clocked by clk)
Path Group: clk
Path Type: min

Fanout         Cap        Slew       Delay        Time   Description
---------------------------------------------------------------------------------------------
                                  0.000000    0.000000   clock clk (rise edge)
                                  0.000000    0.000000   clock source latency
     9    0.032886    0.000000    0.000000    0.000000 ^ clk (in)
                                                         clk (net)
                      0.001006    0.000503    0.000503 ^ _294_/CLK (sg13g2_dfrbpq_1)
    20    0.067679    0.211025    0.297732    0.298235 v _294_/Q (sg13g2_dfrbpq_1)
                                                         DPATH.SUM.fa_6.A (net)
                      0.211032    0.001368    0.299603 v _273_/A (sg13g2_nand2_1)
     1    0.010000    0.059814    0.104916    0.404519 ^ _273_/Y (sg13g2_nand2_1)
                                                         DATA[14] (net)
                      0.059814    0.000000    0.404519 ^ DATA[14] (out)
                                              0.404519   data arrival time

                                  0.000000    0.000000   clock clk (rise edge)
                                  0.000000    0.000000   clock network delay (propagated)
                                  0.150000    0.150000   clock uncertainty
                                  0.000000    0.150000   clock reconvergence pessimism
                                  0.000000    0.150000   output external delay
                                              0.150000   data required time
---------------------------------------------------------------------------------------------
                                              0.150000   data required time
                                             -0.404519   data arrival time
---------------------------------------------------------------------------------------------
                                              0.254519   slack (MET)


Startpoint: _293_ (rising edge-triggered flip-flop clocked by clk)
Endpoint: DATA[12] (output port clocked by clk)
Path Group: clk
Path Type: min

Fanout         Cap        Slew       Delay        Time   Description
---------------------------------------------------------------------------------------------
                                  0.000000    0.000000   clock clk (rise edge)
                                  0.000000    0.000000   clock source latency
     9    0.032886    0.000000    0.000000    0.000000 ^ clk (in)
                                                         clk (net)
                      0.001050    0.000525    0.000525 ^ _293_/CLK (sg13g2_dfrbpq_1)
    15    0.053399    0.168066    0.266093    0.266618 v _293_/Q (sg13g2_dfrbpq_1)
                                                         DPATH.SUM.fa_5.A (net)
                      0.168083    0.001750    0.268368 v _271_/A1 (sg13g2_a21oi_1)
     1    0.010000    0.106515    0.146211    0.414579 ^ _271_/Y (sg13g2_a21oi_1)
                                                         DATA[12] (net)
                      0.106515    0.000000    0.414579 ^ DATA[12] (out)
                                              0.414579   data arrival time

                                  0.000000    0.000000   clock clk (rise edge)
                                  0.000000    0.000000   clock network delay (propagated)
                                  0.150000    0.150000   clock uncertainty
                                  0.000000    0.150000   clock reconvergence pessimism
                                  0.000000    0.150000   output external delay
                                              0.150000   data required time
---------------------------------------------------------------------------------------------
                                              0.150000   data required time
                                             -0.414579   data arrival time
---------------------------------------------------------------------------------------------
                                              0.264579   slack (MET)


Startpoint: _293_ (rising edge-triggered flip-flop clocked by clk)
Endpoint: DATA[9] (output port clocked by clk)
Path Group: clk
Path Type: min

Fanout         Cap        Slew       Delay        Time   Description
---------------------------------------------------------------------------------------------
                                  0.000000    0.000000   clock clk (rise edge)
                                  0.000000    0.000000   clock source latency
     9    0.032886    0.000000    0.000000    0.000000 ^ clk (in)
                                                         clk (net)
                      0.001050    0.000525    0.000525 ^ _293_/CLK (sg13g2_dfrbpq_1)
    15    0.053399    0.168066    0.266093    0.266618 v _293_/Q (sg13g2_dfrbpq_1)
                                                         DPATH.SUM.fa_5.A (net)
                      0.168084    0.001802    0.268420 v _265_/A1 (sg13g2_a21oi_1)
     1    0.010000    0.106515    0.146211    0.414631 ^ _265_/Y (sg13g2_a21oi_1)
                                                         DATA[9] (net)
                      0.106515    0.000000    0.414631 ^ DATA[9] (out)
                                              0.414631   data arrival time

                                  0.000000    0.000000   clock clk (rise edge)
                                  0.000000    0.000000   clock network delay (propagated)
                                  0.150000    0.150000   clock uncertainty
                                  0.000000    0.150000   clock reconvergence pessimism
                                  0.000000    0.150000   output external delay
                                              0.150000   data required time
---------------------------------------------------------------------------------------------
                                              0.150000   data required time
                                             -0.414631   data arrival time
---------------------------------------------------------------------------------------------
                                              0.264631   slack (MET)


Startpoint: _294_ (rising edge-triggered flip-flop clocked by clk)
Endpoint: DATA[16] (output port clocked by clk)
Path Group: clk
Path Type: min

Fanout         Cap        Slew       Delay        Time   Description
---------------------------------------------------------------------------------------------
                                  0.000000    0.000000   clock clk (rise edge)
                                  0.000000    0.000000   clock source latency
     9    0.032886    0.000000    0.000000    0.000000 ^ clk (in)
                                                         clk (net)
                      0.001006    0.000503    0.000503 ^ _294_/CLK (sg13g2_dfrbpq_1)
    20    0.067679    0.211025    0.297732    0.298235 v _294_/Q (sg13g2_dfrbpq_1)
                                                         DPATH.SUM.fa_6.A (net)
                      0.211034    0.001510    0.299745 v _275_/B1 (sg13g2_o21ai_1)
     1    0.010000    0.092687    0.119198    0.418943 ^ _275_/Y (sg13g2_o21ai_1)
                                                         DATA[16] (net)
                      0.092687    0.000000    0.418943 ^ DATA[16] (out)
                                              0.418943   data arrival time

                                  0.000000    0.000000   clock clk (rise edge)
                                  0.000000    0.000000   clock network delay (propagated)
                                  0.150000    0.150000   clock uncertainty
                                  0.000000    0.150000   clock reconvergence pessimism
                                  0.000000    0.150000   output external delay
                                              0.150000   data required time
---------------------------------------------------------------------------------------------
                                              0.150000   data required time
                                             -0.418943   data arrival time
---------------------------------------------------------------------------------------------
                                              0.268943   slack (MET)


Startpoint: _288_ (rising edge-triggered flip-flop clocked by clk)
Endpoint: _289_ (rising edge-triggered flip-flop clocked by clk)
Path Group: clk
Path Type: min

Fanout         Cap        Slew       Delay        Time   Description
---------------------------------------------------------------------------------------------
                                  0.000000    0.000000   clock clk (rise edge)
                                  0.000000    0.000000   clock source latency
     9    0.032886    0.000000    0.000000    0.000000 ^ clk (in)
                                                         clk (net)
                      0.001519    0.000760    0.000760 ^ _288_/CLK (sg13g2_dfrbpq_1)
    15    0.059318    0.185707    0.280026    0.280786 v _288_/Q (sg13g2_dfrbpq_1)
                                                         DPATH.SUM.Cout0 (net)
                      0.185707    0.000467    0.281253 v _279_/A (sg13g2_xnor2_1)
     1    0.001642    0.026882    0.101291    0.382544 v _279_/Y (sg13g2_xnor2_1)
                                                         DPATH.SUM.fa_1.S (net)
                      0.026882    0.000009    0.382553 v _289_/D (sg13g2_dfrbpq_1)
                                              0.382553   data arrival time

                                  0.000000    0.000000   clock clk (rise edge)
                                  0.000000    0.000000   clock source latency
     9    0.036913    0.000000    0.000000    0.000000 ^ clk (in)
                                                         clk (net)
                      0.001729    0.000865    0.000865 ^ _289_/CLK (sg13g2_dfrbpq_1)
                                  0.150000    0.150865   clock uncertainty
                                  0.000000    0.150865   clock reconvergence pessimism
                                 -0.040374    0.110491   library hold time
                                              0.110491   data required time
---------------------------------------------------------------------------------------------
                                              0.110491   data required time
                                             -0.382553   data arrival time
---------------------------------------------------------------------------------------------
                                              0.272062   slack (MET)


Startpoint: _292_ (rising edge-triggered flip-flop clocked by clk)
Endpoint: DATA[6] (output port clocked by clk)
Path Group: clk
Path Type: min

Fanout         Cap        Slew       Delay        Time   Description
---------------------------------------------------------------------------------------------
                                  0.000000    0.000000   clock clk (rise edge)
                                  0.000000    0.000000   clock source latency
     9    0.032886    0.000000    0.000000    0.000000 ^ clk (in)
                                                         clk (net)
                      0.001252    0.000626    0.000626 ^ _292_/CLK (sg13g2_dfrbpq_1)
    18    0.062257    0.194824    0.285634    0.286260 v _292_/Q (sg13g2_dfrbpq_1)
                                                         DPATH.SUM.fa_4.A (net)
                      0.194838    0.001785    0.288045 v _262_/A1 (sg13g2_a21oi_1)
     1    0.010000    0.079798    0.151691    0.439736 ^ _262_/Y (sg13g2_a21oi_1)
                                                         DATA[6] (net)
                      0.079798    0.000000    0.439736 ^ DATA[6] (out)
                                              0.439736   data arrival time

                                  0.000000    0.000000   clock clk (rise edge)
                                  0.000000    0.000000   clock network delay (propagated)
                                  0.150000    0.150000   clock uncertainty
                                  0.000000    0.150000   clock reconvergence pessimism
                                  0.000000    0.150000   output external delay
                                              0.150000   data required time
---------------------------------------------------------------------------------------------
                                              0.150000   data required time
                                             -0.439736   data arrival time
---------------------------------------------------------------------------------------------
                                              0.289736   slack (MET)


Startpoint: _292_ (rising edge-triggered flip-flop clocked by clk)
Endpoint: DATA[8] (output port clocked by clk)
Path Group: clk
Path Type: min

Fanout         Cap        Slew       Delay        Time   Description
---------------------------------------------------------------------------------------------
                                  0.000000    0.000000   clock clk (rise edge)
                                  0.000000    0.000000   clock source latency
     9    0.032886    0.000000    0.000000    0.000000 ^ clk (in)
                                                         clk (net)
                      0.001252    0.000626    0.000626 ^ _292_/CLK (sg13g2_dfrbpq_1)
    18    0.062257    0.194824    0.285634    0.286260 v _292_/Q (sg13g2_dfrbpq_1)
                                                         DPATH.SUM.fa_4.A (net)
                      0.194838    0.001798    0.288058 v _264_/A1 (sg13g2_a21oi_1)
     1    0.010000    0.079798    0.151691    0.439748 ^ _264_/Y (sg13g2_a21oi_1)
                                                         DATA[8] (net)
                      0.079798    0.000000    0.439748 ^ DATA[8] (out)
                                              0.439748   data arrival time

                                  0.000000    0.000000   clock clk (rise edge)
                                  0.000000    0.000000   clock network delay (propagated)
                                  0.150000    0.150000   clock uncertainty
                                  0.000000    0.150000   clock reconvergence pessimism
                                  0.000000    0.150000   output external delay
                                              0.150000   data required time
---------------------------------------------------------------------------------------------
                                              0.150000   data required time
                                             -0.439748   data arrival time
---------------------------------------------------------------------------------------------
                                              0.289748   slack (MET)


Startpoint: _292_ (rising edge-triggered flip-flop clocked by clk)
Endpoint: DATA[7] (output port clocked by clk)
Path Group: clk
Path Type: min

Fanout         Cap        Slew       Delay        Time   Description
---------------------------------------------------------------------------------------------
                                  0.000000    0.000000   clock clk (rise edge)
                                  0.000000    0.000000   clock source latency
     9    0.032886    0.000000    0.000000    0.000000 ^ clk (in)
                                                         clk (net)
                      0.001252    0.000626    0.000626 ^ _292_/CLK (sg13g2_dfrbpq_1)
    18    0.062257    0.194824    0.285634    0.286260 v _292_/Q (sg13g2_dfrbpq_1)
                                                         DPATH.SUM.fa_4.A (net)
                      0.194838    0.001800    0.288059 v _263_/A1 (sg13g2_a21oi_1)
     1    0.010000    0.079798    0.151691    0.439750 ^ _263_/Y (sg13g2_a21oi_1)
                                                         DATA[7] (net)
                      0.079798    0.000000    0.439750 ^ DATA[7] (out)
                                              0.439750   data arrival time

                                  0.000000    0.000000   clock clk (rise edge)
                                  0.000000    0.000000   clock network delay (propagated)
                                  0.150000    0.150000   clock uncertainty
                                  0.000000    0.150000   clock reconvergence pessimism
                                  0.000000    0.150000   output external delay
                                              0.150000   data required time
---------------------------------------------------------------------------------------------
                                              0.150000   data required time
                                             -0.439750   data arrival time
---------------------------------------------------------------------------------------------
                                              0.289750   slack (MET)


Startpoint: _294_ (rising edge-triggered flip-flop clocked by clk)
Endpoint: DATA[3] (output port clocked by clk)
Path Group: clk
Path Type: min

Fanout         Cap        Slew       Delay        Time   Description
---------------------------------------------------------------------------------------------
                                  0.000000    0.000000   clock clk (rise edge)
                                  0.000000    0.000000   clock source latency
     9    0.032886    0.000000    0.000000    0.000000 ^ clk (in)
                                                         clk (net)
                      0.001006    0.000503    0.000503 ^ _294_/CLK (sg13g2_dfrbpq_1)
    20    0.067679    0.211025    0.297732    0.298235 v _294_/Q (sg13g2_dfrbpq_1)
                                                         DPATH.SUM.fa_6.A (net)
                      0.211030    0.001198    0.299433 v _256_/A (sg13g2_nor2_1)
     1    0.010000    0.104764    0.146648    0.446082 ^ _256_/Y (sg13g2_nor2_1)
                                                         DATA[3] (net)
                      0.104764    0.000000    0.446082 ^ DATA[3] (out)
                                              0.446082   data arrival time

                                  0.000000    0.000000   clock clk (rise edge)
                                  0.000000    0.000000   clock network delay (propagated)
                                  0.150000    0.150000   clock uncertainty
                                  0.000000    0.150000   clock reconvergence pessimism
                                  0.000000    0.150000   output external delay
                                              0.150000   data required time
---------------------------------------------------------------------------------------------
                                              0.150000   data required time
                                             -0.446082   data arrival time
---------------------------------------------------------------------------------------------
                                              0.296082   slack (MET)


Startpoint: _294_ (rising edge-triggered flip-flop clocked by clk)
Endpoint: DATA[13] (output port clocked by clk)
Path Group: clk
Path Type: min

Fanout         Cap        Slew       Delay        Time   Description
---------------------------------------------------------------------------------------------
                                  0.000000    0.000000   clock clk (rise edge)
                                  0.000000    0.000000   clock source latency
     9    0.032886    0.000000    0.000000    0.000000 ^ clk (in)
                                                         clk (net)
                      0.001006    0.000503    0.000503 ^ _294_/CLK (sg13g2_dfrbpq_1)
    20    0.067679    0.211025    0.297732    0.298235 v _294_/Q (sg13g2_dfrbpq_1)
                                                         DPATH.SUM.fa_6.A (net)
                      0.211040    0.001827    0.300062 v _272_/A (sg13g2_nor2_1)
     1    0.010000    0.103563    0.146650    0.446712 ^ _272_/Y (sg13g2_nor2_1)
                                                         DATA[13] (net)
                      0.103563    0.000000    0.446712 ^ DATA[13] (out)
                                              0.446712   data arrival time

                                  0.000000    0.000000   clock clk (rise edge)
                                  0.000000    0.000000   clock network delay (propagated)
                                  0.150000    0.150000   clock uncertainty
                                  0.000000    0.150000   clock reconvergence pessimism
                                  0.000000    0.150000   output external delay
                                              0.150000   data required time
---------------------------------------------------------------------------------------------
                                              0.150000   data required time
                                             -0.446712   data arrival time
---------------------------------------------------------------------------------------------
                                              0.296712   slack (MET)


Startpoint: _294_ (rising edge-triggered flip-flop clocked by clk)
Endpoint: DATA[11] (output port clocked by clk)
Path Group: clk
Path Type: min

Fanout         Cap        Slew       Delay        Time   Description
---------------------------------------------------------------------------------------------
                                  0.000000    0.000000   clock clk (rise edge)
                                  0.000000    0.000000   clock source latency
     9    0.032886    0.000000    0.000000    0.000000 ^ clk (in)
                                                         clk (net)
                      0.001006    0.000503    0.000503 ^ _294_/CLK (sg13g2_dfrbpq_1)
    20    0.067679    0.211025    0.297732    0.298235 v _294_/Q (sg13g2_dfrbpq_1)
                                                         DPATH.SUM.fa_6.A (net)
                      0.211040    0.001848    0.300083 v _269_/A (sg13g2_nor2_1)
     1    0.010000    0.101688    0.146650    0.446733 ^ _269_/Y (sg13g2_nor2_1)
                                                         DATA[11] (net)
                      0.101688    0.000000    0.446733 ^ DATA[11] (out)
                                              0.446733   data arrival time

                                  0.000000    0.000000   clock clk (rise edge)
                                  0.000000    0.000000   clock network delay (propagated)
                                  0.150000    0.150000   clock uncertainty
                                  0.000000    0.150000   clock reconvergence pessimism
                                  0.000000    0.150000   output external delay
                                              0.150000   data required time
---------------------------------------------------------------------------------------------
                                              0.150000   data required time
                                             -0.446733   data arrival time
---------------------------------------------------------------------------------------------
                                              0.296733   slack (MET)


Startpoint: _296_ (rising edge-triggered flip-flop clocked by clk)
Endpoint: _294_ (rising edge-triggered flip-flop clocked by clk)
Path Group: clk
Path Type: min

Fanout         Cap        Slew       Delay        Time   Description
---------------------------------------------------------------------------------------------
                                  0.000000    0.000000   clock clk (rise edge)
                                  0.000000    0.000000   clock source latency
     9    0.032886    0.000000    0.000000    0.000000 ^ clk (in)
                                                         clk (net)
                      0.001036    0.000518    0.000518 ^ _296_/CLK (sg13g2_dfrbpq_1)
    13    0.053616    0.168800    0.266315    0.266833 v _296_/Q (sg13g2_dfrbpq_1)
                                                         CTRL.S0 (net)
                      0.168812    0.001481    0.268314 v _153_/A (sg13g2_xnor2_1)
     1    0.004597    0.044464    0.113236    0.381550 v _153_/Y (sg13g2_xnor2_1)
                                                         _104_ (net)
                      0.044464    0.000026    0.381576 v _154_/B (sg13g2_xnor2_1)
     1    0.001855    0.027120    0.054049    0.435626 v _154_/Y (sg13g2_xnor2_1)
                                                         DPATH.SUM.fa_6.S (net)
                      0.027120    0.000012    0.435638 v _294_/D (sg13g2_dfrbpq_1)
                                              0.435638   data arrival time

                                  0.000000    0.000000   clock clk (rise edge)
                                  0.000000    0.000000   clock source latency
     9    0.036913    0.000000    0.000000    0.000000 ^ clk (in)
                                                         clk (net)
                      0.001135    0.000567    0.000567 ^ _294_/CLK (sg13g2_dfrbpq_1)
                                  0.150000    0.150567   clock uncertainty
                                  0.000000    0.150567   clock reconvergence pessimism
                                 -0.040573    0.109995   library hold time
                                              0.109995   data required time
---------------------------------------------------------------------------------------------
                                              0.109995   data required time
                                             -0.435638   data arrival time
---------------------------------------------------------------------------------------------
                                              0.325644   slack (MET)


Startpoint: _294_ (rising edge-triggered flip-flop clocked by clk)
Endpoint: DATA[4] (output port clocked by clk)
Path Group: clk
Path Type: min

Fanout         Cap        Slew       Delay        Time   Description
---------------------------------------------------------------------------------------------
                                  0.000000    0.000000   clock clk (rise edge)
                                  0.000000    0.000000   clock source latency
     9    0.032886    0.000000    0.000000    0.000000 ^ clk (in)
                                                         clk (net)
                      0.001006    0.000503    0.000503 ^ _294_/CLK (sg13g2_dfrbpq_1)
    20    0.069310    0.283806    0.339521    0.340024 ^ _294_/Q (sg13g2_dfrbpq_1)
                                                         DPATH.SUM.fa_6.A (net)
                      0.283806    0.001141    0.341165 ^ _258_/A (sg13g2_nor3_1)
     1    0.010000    0.058351    0.137662    0.478827 v _258_/Y (sg13g2_nor3_1)
                                                         DATA[4] (net)
                      0.058351    0.000000    0.478827 v DATA[4] (out)
                                              0.478827   data arrival time

                                  0.000000    0.000000   clock clk (rise edge)
                                  0.000000    0.000000   clock network delay (propagated)
                                  0.150000    0.150000   clock uncertainty
                                  0.000000    0.150000   clock reconvergence pessimism
                                  0.000000    0.150000   output external delay
                                              0.150000   data required time
---------------------------------------------------------------------------------------------
                                              0.150000   data required time
                                             -0.478827   data arrival time
---------------------------------------------------------------------------------------------
                                              0.328827   slack (MET)


Startpoint: _294_ (rising edge-triggered flip-flop clocked by clk)
Endpoint: DATA[5] (output port clocked by clk)
Path Group: clk
Path Type: min

Fanout         Cap        Slew       Delay        Time   Description
---------------------------------------------------------------------------------------------
                                  0.000000    0.000000   clock clk (rise edge)
                                  0.000000    0.000000   clock source latency
     9    0.032886    0.000000    0.000000    0.000000 ^ clk (in)
                                                         clk (net)
                      0.001006    0.000503    0.000503 ^ _294_/CLK (sg13g2_dfrbpq_1)
    20    0.069310    0.283806    0.339521    0.340024 ^ _294_/Q (sg13g2_dfrbpq_1)
                                                         DPATH.SUM.fa_6.A (net)
                      0.283811    0.001654    0.341678 ^ _260_/A (sg13g2_nor3_1)
     1    0.010000    0.050663    0.137663    0.479341 v _260_/Y (sg13g2_nor3_1)
                                                         DATA[5] (net)
                      0.050663    0.000000    0.479341 v DATA[5] (out)
                                              0.479341   data arrival time

                                  0.000000    0.000000   clock clk (rise edge)
                                  0.000000    0.000000   clock network delay (propagated)
                                  0.150000    0.150000   clock uncertainty
                                  0.000000    0.150000   clock reconvergence pessimism
                                  0.000000    0.150000   output external delay
                                              0.150000   data required time
---------------------------------------------------------------------------------------------
                                              0.150000   data required time
                                             -0.479341   data arrival time
---------------------------------------------------------------------------------------------
                                              0.329341   slack (MET)


Startpoint: _293_ (rising edge-triggered flip-flop clocked by clk)
Endpoint: _293_ (rising edge-triggered flip-flop clocked by clk)
Path Group: clk
Path Type: min

Fanout         Cap        Slew       Delay        Time   Description
---------------------------------------------------------------------------------------------
                                  0.000000    0.000000   clock clk (rise edge)
                                  0.000000    0.000000   clock source latency
     9    0.032886    0.000000    0.000000    0.000000 ^ clk (in)
                                                         clk (net)
                      0.001050    0.000525    0.000525 ^ _293_/CLK (sg13g2_dfrbpq_1)
    15    0.053399    0.168066    0.266093    0.266618 v _293_/Q (sg13g2_dfrbpq_1)
                                                         DPATH.SUM.fa_5.A (net)
                      0.168066    0.000269    0.266887 v _150_/B (sg13g2_xnor2_1)
     2    0.007559    0.059272    0.117287    0.384174 v _150_/Y (sg13g2_xnor2_1)
                                                         _102_ (net)
                      0.059272    0.000030    0.384204 v _151_/B (sg13g2_xor2_1)
     1    0.001574    0.023645    0.056964    0.441168 v _151_/X (sg13g2_xor2_1)
                                                         DPATH.SUM.fa_5.S (net)
                      0.023645    0.000008    0.441176 v _293_/D (sg13g2_dfrbpq_1)
                                              0.441176   data arrival time

                                  0.000000    0.000000   clock clk (rise edge)
                                  0.000000    0.000000   clock source latency
     9    0.036913    0.000000    0.000000    0.000000 ^ clk (in)
                                                         clk (net)
                      0.001184    0.000592    0.000592 ^ _293_/CLK (sg13g2_dfrbpq_1)
                                  0.150000    0.150592   clock uncertainty
                                 -0.000067    0.150525   clock reconvergence pessimism
                                 -0.039463    0.111062   library hold time
                                              0.111062   data required time
---------------------------------------------------------------------------------------------
                                              0.111062   data required time
                                             -0.441176   data arrival time
---------------------------------------------------------------------------------------------
                                              0.330114   slack (MET)


Startpoint: _296_ (rising edge-triggered flip-flop clocked by clk)
Endpoint: _292_ (rising edge-triggered flip-flop clocked by clk)
Path Group: clk
Path Type: min

Fanout         Cap        Slew       Delay        Time   Description
---------------------------------------------------------------------------------------------
                                  0.000000    0.000000   clock clk (rise edge)
                                  0.000000    0.000000   clock source latency
     9    0.032886    0.000000    0.000000    0.000000 ^ clk (in)
                                                         clk (net)
                      0.001036    0.000518    0.000518 ^ _296_/CLK (sg13g2_dfrbpq_1)
    13    0.053616    0.168800    0.266315    0.266833 v _296_/Q (sg13g2_dfrbpq_1)
                                                         CTRL.S0 (net)
                      0.168823    0.001946    0.268779 v _146_/A (sg13g2_xor2_1)
     2    0.007411    0.041347    0.124085    0.392864 v _146_/X (sg13g2_xor2_1)
                                                         _099_ (net)
                      0.041347    0.000032    0.392896 v _147_/B (sg13g2_xor2_1)
     1    0.001485    0.023729    0.049749    0.442645 v _147_/X (sg13g2_xor2_1)
                                                         DPATH.SUM.fa_4.S (net)
                      0.023729    0.000007    0.442652 v _292_/D (sg13g2_dfrbpq_1)
                                              0.442652   data arrival time

                                  0.000000    0.000000   clock clk (rise edge)
                                  0.000000    0.000000   clock source latency
     9    0.036913    0.000000    0.000000    0.000000 ^ clk (in)
                                                         clk (net)
                      0.001412    0.000706    0.000706 ^ _292_/CLK (sg13g2_dfrbpq_1)
                                  0.150000    0.150706   clock uncertainty
                                  0.000000    0.150706   clock reconvergence pessimism
                                 -0.039442    0.111264   library hold time
                                              0.111264   data required time
---------------------------------------------------------------------------------------------
                                              0.111264   data required time
                                             -0.442652   data arrival time
---------------------------------------------------------------------------------------------
                                              0.331388   slack (MET)


Startpoint: _296_ (rising edge-triggered flip-flop clocked by clk)
Endpoint: _290_ (rising edge-triggered flip-flop clocked by clk)
Path Group: clk
Path Type: min

Fanout         Cap        Slew       Delay        Time   Description
---------------------------------------------------------------------------------------------
                                  0.000000    0.000000   clock clk (rise edge)
                                  0.000000    0.000000   clock source latency
     9    0.032886    0.000000    0.000000    0.000000 ^ clk (in)
                                                         clk (net)
                      0.001036    0.000518    0.000518 ^ _296_/CLK (sg13g2_dfrbpq_1)
    13    0.053616    0.168800    0.266315    0.266833 v _296_/Q (sg13g2_dfrbpq_1)
                                                         CTRL.S0 (net)
                      0.168833    0.002274    0.269106 v _139_/A (sg13g2_xor2_1)
     2    0.007324    0.041113    0.123641    0.392747 v _139_/X (sg13g2_xor2_1)
                                                         _093_ (net)
                      0.041113    0.000027    0.392774 v _278_/B (sg13g2_xor2_1)
     1    0.001740    0.024414    0.050783    0.443557 v _278_/X (sg13g2_xor2_1)
                                                         DPATH.SUM.fa_2.S (net)
                      0.024414    0.000011    0.443568 v _290_/D (sg13g2_dfrbpq_1)
                                              0.443568   data arrival time

                                  0.000000    0.000000   clock clk (rise edge)
                                  0.000000    0.000000   clock source latency
     9    0.036913    0.000000    0.000000    0.000000 ^ clk (in)
                                                         clk (net)
                      0.001637    0.000818    0.000818 ^ _290_/CLK (sg13g2_dfrbpq_1)
                                  0.150000    0.150818   clock uncertainty
                                  0.000000    0.150818   clock reconvergence pessimism
                                 -0.039612    0.111206   library hold time
                                              0.111206   data required time
---------------------------------------------------------------------------------------------
                                              0.111206   data required time
                                             -0.443568   data arrival time
---------------------------------------------------------------------------------------------
                                              0.332361   slack (MET)


Startpoint: _294_ (rising edge-triggered flip-flop clocked by clk)
Endpoint: DATA[2] (output port clocked by clk)
Path Group: clk
Path Type: min

Fanout         Cap        Slew       Delay        Time   Description
---------------------------------------------------------------------------------------------
                                  0.000000    0.000000   clock clk (rise edge)
                                  0.000000    0.000000   clock source latency
     9    0.032886    0.000000    0.000000    0.000000 ^ clk (in)
                                                         clk (net)
                      0.001006    0.000503    0.000503 ^ _294_/CLK (sg13g2_dfrbpq_1)
    20    0.067679    0.211025    0.297732    0.298235 v _294_/Q (sg13g2_dfrbpq_1)
                                                         DPATH.SUM.fa_6.A (net)
                      0.211035    0.001574    0.299809 v _253_/A1 (sg13g2_o21ai_1)
     1    0.010000    0.061654    0.190749    0.490558 ^ _253_/Y (sg13g2_o21ai_1)
                                                         DATA[2] (net)
                      0.061654    0.000000    0.490558 ^ DATA[2] (out)
                                              0.490558   data arrival time

                                  0.000000    0.000000   clock clk (rise edge)
                                  0.000000    0.000000   clock network delay (propagated)
                                  0.150000    0.150000   clock uncertainty
                                  0.000000    0.150000   clock reconvergence pessimism
                                  0.000000    0.150000   output external delay
                                              0.150000   data required time
---------------------------------------------------------------------------------------------
                                              0.150000   data required time
                                             -0.490558   data arrival time
---------------------------------------------------------------------------------------------
                                              0.340558   slack (MET)


Startpoint: _296_ (rising edge-triggered flip-flop clocked by clk)
Endpoint: _296_ (rising edge-triggered flip-flop clocked by clk)
Path Group: clk
Path Type: min

Fanout         Cap        Slew       Delay        Time   Description
---------------------------------------------------------------------------------------------
                                  0.000000    0.000000   clock clk (rise edge)
                                  0.000000    0.000000   clock source latency
     9    0.032886    0.000000    0.000000    0.000000 ^ clk (in)
                                                         clk (net)
                      0.001036    0.000518    0.000518 ^ _296_/CLK (sg13g2_dfrbpq_1)
    13    0.053616    0.168800    0.266315    0.266833 v _296_/Q (sg13g2_dfrbpq_1)
                                                         CTRL.S0 (net)
                      0.168802    0.000801    0.267633 v _170_/B1 (sg13g2_a21o_1)
     1    0.002724    0.025733    0.121931    0.389565 v _170_/X (sg13g2_a21o_1)
                                                         _119_ (net)
                      0.025733    0.000019    0.389584 v _171_/B (sg13g2_and2_1)
     1    0.001626    0.017237    0.066311    0.455895 v _171_/X (sg13g2_and2_1)
                                                         CTRL.P0 (net)
                      0.017237    0.000009    0.455904 v _296_/D (sg13g2_dfrbpq_1)
                                              0.455904   data arrival time

                                  0.000000    0.000000   clock clk (rise edge)
                                  0.000000    0.000000   clock source latency
     9    0.036913    0.000000    0.000000    0.000000 ^ clk (in)
                                                         clk (net)
                      0.001169    0.000584    0.000584 ^ _296_/CLK (sg13g2_dfrbpq_1)
                                  0.150000    0.150584   clock uncertainty
                                 -0.000066    0.150518   clock reconvergence pessimism
                                 -0.037439    0.113079   library hold time
                                              0.113079   data required time
---------------------------------------------------------------------------------------------
                                              0.113079   data required time
                                             -0.455904   data arrival time
---------------------------------------------------------------------------------------------
                                              0.342825   slack (MET)


Startpoint: _296_ (rising edge-triggered flip-flop clocked by clk)
Endpoint: _291_ (rising edge-triggered flip-flop clocked by clk)
Path Group: clk
Path Type: min

Fanout         Cap        Slew       Delay        Time   Description
---------------------------------------------------------------------------------------------
                                  0.000000    0.000000   clock clk (rise edge)
                                  0.000000    0.000000   clock source latency
     9    0.032886    0.000000    0.000000    0.000000 ^ clk (in)
                                                         clk (net)
                      0.001036    0.000518    0.000518 ^ _296_/CLK (sg13g2_dfrbpq_1)
    13    0.053616    0.168800    0.266315    0.266833 v _296_/Q (sg13g2_dfrbpq_1)
                                                         CTRL.S0 (net)
                      0.168832    0.002259    0.269091 v _142_/A (sg13g2_xnor2_1)
     2    0.007548    0.059219    0.128467    0.397558 v _142_/Y (sg13g2_xnor2_1)
                                                         _096_ (net)
                      0.059219    0.000031    0.397589 v _143_/B (sg13g2_xor2_1)
     1    0.001662    0.023859    0.057342    0.454931 v _143_/X (sg13g2_xor2_1)
                                                         DPATH.SUM.fa_3.S (net)
                      0.023859    0.000009    0.454940 v _291_/D (sg13g2_dfrbpq_1)
                                              0.454940   data arrival time

                                  0.000000    0.000000   clock clk (rise edge)
                                  0.000000    0.000000   clock source latency
     9    0.036913    0.000000    0.000000    0.000000 ^ clk (in)
                                                         clk (net)
                      0.001643    0.000822    0.000822 ^ _291_/CLK (sg13g2_dfrbpq_1)
                                  0.150000    0.150822   clock uncertainty
                                  0.000000    0.150822   clock reconvergence pessimism
                                 -0.039435    0.111387   library hold time
                                              0.111387   data required time
---------------------------------------------------------------------------------------------
                                              0.111387   data required time
                                             -0.454940   data arrival time
---------------------------------------------------------------------------------------------
                                              0.343554   slack (MET)


Startpoint: _294_ (rising edge-triggered flip-flop clocked by clk)
Endpoint: DATA[0] (output port clocked by clk)
Path Group: clk
Path Type: min

Fanout         Cap        Slew       Delay        Time   Description
---------------------------------------------------------------------------------------------
                                  0.000000    0.000000   clock clk (rise edge)
                                  0.000000    0.000000   clock source latency
     9    0.032886    0.000000    0.000000    0.000000 ^ clk (in)
                                                         clk (net)
                      0.001006    0.000503    0.000503 ^ _294_/CLK (sg13g2_dfrbpq_1)
    20    0.067679    0.211025    0.297732    0.298235 v _294_/Q (sg13g2_dfrbpq_1)
                                                         DPATH.SUM.fa_6.A (net)
                      0.211031    0.001337    0.299572 v _214_/A (sg13g2_nand3_1)
     1    0.002704    0.030017    0.073425    0.372998 ^ _214_/Y (sg13g2_nand3_1)
                                                         _041_ (net)
                      0.030017    0.000016    0.373014 ^ _215_/B1 (sg13g2_a21oi_1)
     1    0.002988    0.019052    0.029831    0.402845 v _215_/Y (sg13g2_a21oi_1)
                                                         _042_ (net)
                      0.019052    0.000020    0.402865 v _216_/B2 (sg13g2_a22oi_1)
     1    0.010000    0.106826    0.093364    0.496229 ^ _216_/Y (sg13g2_a22oi_1)
                                                         DATA[0] (net)
                      0.106826    0.000000    0.496229 ^ DATA[0] (out)
                                              0.496229   data arrival time

                                  0.000000    0.000000   clock clk (rise edge)
                                  0.000000    0.000000   clock network delay (propagated)
                                  0.150000    0.150000   clock uncertainty
                                  0.000000    0.150000   clock reconvergence pessimism
                                  0.000000    0.150000   output external delay
                                              0.150000   data required time
---------------------------------------------------------------------------------------------
                                              0.150000   data required time
                                             -0.496229   data arrival time
---------------------------------------------------------------------------------------------
                                              0.346229   slack (MET)


Startpoint: _293_ (rising edge-triggered flip-flop clocked by clk)
Endpoint: DATA[10] (output port clocked by clk)
Path Group: clk
Path Type: min

Fanout         Cap        Slew       Delay        Time   Description
---------------------------------------------------------------------------------------------
                                  0.000000    0.000000   clock clk (rise edge)
                                  0.000000    0.000000   clock source latency
     9    0.032886    0.000000    0.000000    0.000000 ^ clk (in)
                                                         clk (net)
                      0.001050    0.000525    0.000525 ^ _293_/CLK (sg13g2_dfrbpq_1)
    15    0.053399    0.168066    0.266093    0.266618 v _293_/Q (sg13g2_dfrbpq_1)
                                                         DPATH.SUM.fa_5.A (net)
                      0.168084    0.001795    0.268413 v _261_/A (sg13g2_or2_1)
     4    0.010647    0.050920    0.169872    0.438286 v _261_/X (sg13g2_or2_1)
                                                         _082_ (net)
                      0.050920    0.000030    0.438315 v _267_/A (sg13g2_nand2_1)
     1    0.010000    0.055737    0.060793    0.499108 ^ _267_/Y (sg13g2_nand2_1)
                                                         DATA[10] (net)
                      0.055737    0.000000    0.499108 ^ DATA[10] (out)
                                              0.499108   data arrival time

                                  0.000000    0.000000   clock clk (rise edge)
                                  0.000000    0.000000   clock network delay (propagated)
                                  0.150000    0.150000   clock uncertainty
                                  0.000000    0.150000   clock reconvergence pessimism
                                  0.000000    0.150000   output external delay
                                              0.150000   data required time
---------------------------------------------------------------------------------------------
                                              0.150000   data required time
                                             -0.499108   data arrival time
---------------------------------------------------------------------------------------------
                                              0.349108   slack (MET)


Startpoint: _294_ (rising edge-triggered flip-flop clocked by clk)
Endpoint: DATA[1] (output port clocked by clk)
Path Group: clk
Path Type: min

Fanout         Cap        Slew       Delay        Time   Description
---------------------------------------------------------------------------------------------
                                  0.000000    0.000000   clock clk (rise edge)
                                  0.000000    0.000000   clock source latency
     9    0.032886    0.000000    0.000000    0.000000 ^ clk (in)
                                                         clk (net)
                      0.001006    0.000503    0.000503 ^ _294_/CLK (sg13g2_dfrbpq_1)
    20    0.067679    0.211025    0.297732    0.298235 v _294_/Q (sg13g2_dfrbpq_1)
                                                         DPATH.SUM.fa_6.A (net)
                      0.211030    0.001200    0.299436 v _130_/A (sg13g2_inv_1)
     3    0.009502    0.078593    0.098266    0.397701 ^ _130_/Y (sg13g2_inv_1)
                                                         _087_ (net)
                      0.078593    0.000043    0.397744 ^ _235_/A1 (sg13g2_o21ai_1)
     1    0.010000    0.070804    0.107759    0.505503 v _235_/Y (sg13g2_o21ai_1)
                                                         DATA[1] (net)
                      0.070804    0.000000    0.505503 v DATA[1] (out)
                                              0.505503   data arrival time

                                  0.000000    0.000000   clock clk (rise edge)
                                  0.000000    0.000000   clock network delay (propagated)
                                  0.150000    0.150000   clock uncertainty
                                  0.000000    0.150000   clock reconvergence pessimism
                                  0.000000    0.150000   output external delay
                                              0.150000   data required time
---------------------------------------------------------------------------------------------
                                              0.150000   data required time
                                             -0.505503   data arrival time
---------------------------------------------------------------------------------------------
                                              0.355503   slack (MET)


Startpoint: _288_ (rising edge-triggered flip-flop clocked by clk)
Endpoint: _288_ (rising edge-triggered flip-flop clocked by clk)
Path Group: clk
Path Type: min

Fanout         Cap        Slew       Delay        Time   Description
---------------------------------------------------------------------------------------------
                                  0.000000    0.000000   clock clk (rise edge)
                                  0.000000    0.000000   clock source latency
     9    0.032886    0.000000    0.000000    0.000000 ^ clk (in)
                                                         clk (net)
                      0.001519    0.000760    0.000760 ^ _288_/CLK (sg13g2_dfrbpq_1)
    15    0.059318    0.185707    0.280026    0.280786 v _288_/Q (sg13g2_dfrbpq_1)
                                                         DPATH.SUM.Cout0 (net)
                      0.185708    0.000701    0.281487 v _132_/A (sg13g2_inv_1)
     8    0.033247    0.163428    0.196979    0.478465 ^ _132_/Y (sg13g2_inv_1)
                                                         DPATH.SUM.ha_0.S (net)
                      0.163428    0.000496    0.478961 ^ _288_/D (sg13g2_dfrbpq_1)
                                              0.478961   data arrival time

                                  0.000000    0.000000   clock clk (rise edge)
                                  0.000000    0.000000   clock source latency
     9    0.036913    0.000000    0.000000    0.000000 ^ clk (in)
                                                         clk (net)
                      0.001717    0.000858    0.000858 ^ _288_/CLK (sg13g2_dfrbpq_1)
                                  0.150000    0.150858   clock uncertainty
                                 -0.000099    0.150760   clock reconvergence pessimism
                                 -0.100002    0.050757   library hold time
                                              0.050757   data required time
---------------------------------------------------------------------------------------------
                                              0.050757   data required time
                                             -0.478961   data arrival time
---------------------------------------------------------------------------------------------
                                              0.428204   slack (MET)



