Clock: clk
Sources: clk 
Generated: no
Virtual: yes
Propagated: no
Period: 5.000000

===========================================================================
report_clock_properties
============================================================================
Clock                   Period          Waveform
----------------------------------------------------
clk                   5.000000    0.000000  2.500000

===========================================================================
report_clock_latency
============================================================================
Clock clk
rise -> rise
    min     max
0.000000 0.000000 source latency
0.115300         network latency _290_/CLK
        0.118135 network latency _293_/CLK
---------------
0.115300 0.118135 latency
        0.002835 skew

fall -> fall
    min     max
0.000000 0.000000 source latency
0.128416         network latency _290_/CLK
        0.130883 network latency _293_/CLK
---------------
0.128416 0.130883 latency
        0.002466 skew



===========================================================================
report_clock_min_period
============================================================================
clk period_min = 1.81 fmax = 551.57
