
===========================================================================
report_checks -path_delay min (Hold)
============================================================================
======================= nom_typ_1p20V_25C Corner ===================================

Startpoint: _295_ (rising edge-triggered flip-flop clocked by clk)
Endpoint: _295_ (rising edge-triggered flip-flop clocked by clk)
Path Group: clk
Path Type: min

Fanout         Cap        Slew       Delay        Time   Description
---------------------------------------------------------------------------------------------
                                  0.000000    0.000000   clock clk (rise edge)
                                  0.000000    0.000000   clock source latency
     1    0.019198    0.000000    0.000000    0.000000 ^ clk (in)
                                                         clk (net)
                      0.000809    0.000404    0.000404 ^ clkbuf_0_clk/A (sg13g2_buf_16)
     2    0.034915    0.021486    0.053995    0.054399 ^ clkbuf_0_clk/X (sg13g2_buf_16)
                                                         clknet_0_clk (net)
                      0.021487    0.000334    0.054733 ^ clkbuf_1_1__f_clk/A (sg13g2_buf_16)
     5    0.018681    0.018751    0.060843    0.115576 ^ clkbuf_1_1__f_clk/X (sg13g2_buf_16)
                                                         clknet_1_1__leaf_clk (net)
                      0.018751    0.000242    0.115818 ^ _295_/CLK (sg13g2_dfrbpq_1)
     3    0.014321    0.052058    0.186709    0.302527 v _295_/Q (sg13g2_dfrbpq_1)
                                                         net20 (net)
                      0.052058    0.000133    0.302660 v _163_/A (sg13g2_xnor2_1)
     1    0.002272    0.030209    0.066362    0.369022 v _163_/Y (sg13g2_xnor2_1)
                                                         CTRL.P1 (net)
                      0.030209    0.000021    0.369043 v _295_/D (sg13g2_dfrbpq_1)
                                              0.369043   data arrival time

                                  0.000000    0.000000   clock clk (rise edge)
                                  0.000000    0.000000   clock source latency
     1    0.021871    0.000000    0.000000    0.000000 ^ clk (in)
                                                         clk (net)
                      0.000933    0.000466    0.000466 ^ clkbuf_0_clk/A (sg13g2_buf_16)
     2    0.040260    0.022701    0.055084    0.055551 ^ clkbuf_0_clk/X (sg13g2_buf_16)
                                                         clknet_0_clk (net)
                      0.022704    0.000387    0.055938 ^ clkbuf_1_1__f_clk/A (sg13g2_buf_16)
     5    0.021160    0.019380    0.061916    0.117854 ^ clkbuf_1_1__f_clk/X (sg13g2_buf_16)
                                                         clknet_1_1__leaf_clk (net)
                      0.019381    0.000274    0.118128 ^ _295_/CLK (sg13g2_dfrbpq_1)
                                  0.150000    0.268128   clock uncertainty
                                 -0.002310    0.265818   clock reconvergence pessimism
                                 -0.037748    0.228070   library hold time
                                              0.228070   data required time
---------------------------------------------------------------------------------------------
                                              0.228070   data required time
                                             -0.369043   data arrival time
---------------------------------------------------------------------------------------------
                                              0.140973   slack (MET)


Startpoint: _288_ (rising edge-triggered flip-flop clocked by clk)
Endpoint: _289_ (rising edge-triggered flip-flop clocked by clk)
Path Group: clk
Path Type: min

Fanout         Cap        Slew       Delay        Time   Description
---------------------------------------------------------------------------------------------
                                  0.000000    0.000000   clock clk (rise edge)
                                  0.000000    0.000000   clock source latency
     1    0.019198    0.000000    0.000000    0.000000 ^ clk (in)
                                                         clk (net)
                      0.000809    0.000404    0.000404 ^ clkbuf_0_clk/A (sg13g2_buf_16)
     2    0.034915    0.021486    0.053995    0.054399 ^ clkbuf_0_clk/X (sg13g2_buf_16)
                                                         clknet_0_clk (net)
                      0.021487    0.000341    0.054740 ^ clkbuf_1_0__f_clk/A (sg13g2_buf_16)
     5    0.016847    0.018328    0.060495    0.115235 ^ clkbuf_1_0__f_clk/X (sg13g2_buf_16)
                                                         clknet_1_0__leaf_clk (net)
                      0.018328    0.000076    0.115311 ^ _288_/CLK (sg13g2_dfrbpq_1)
     1    0.002920    0.019626    0.158799    0.274110 v _288_/Q (sg13g2_dfrbpq_1)
                                                         DPATH.SUM.Cout0 (net)
                      0.019626    0.000029    0.274140 v fanout41/A (sg13g2_buf_1)
     8    0.033989    0.110528    0.131755    0.405895 v fanout41/X (sg13g2_buf_1)
                                                         net41 (net)
                      0.110528    0.000112    0.406007 v _279_/A (sg13g2_xnor2_1)
     1    0.001888    0.028080    0.084725    0.490732 v _279_/Y (sg13g2_xnor2_1)
                                                         DPATH.SUM.fa_1.S (net)
                      0.028080    0.000014    0.490745 v _289_/D (sg13g2_dfrbpq_1)
                                              0.490745   data arrival time

                                  0.000000    0.000000   clock clk (rise edge)
                                  0.000000    0.000000   clock source latency
     1    0.021871    0.000000    0.000000    0.000000 ^ clk (in)
                                                         clk (net)
                      0.000933    0.000466    0.000466 ^ clkbuf_0_clk/A (sg13g2_buf_16)
     2    0.040260    0.022701    0.055084    0.055551 ^ clkbuf_0_clk/X (sg13g2_buf_16)
                                                         clknet_0_clk (net)
                      0.022704    0.000395    0.055946 ^ clkbuf_1_0__f_clk/A (sg13g2_buf_16)
     5    0.019084    0.018905    0.061524    0.117470 ^ clkbuf_1_0__f_clk/X (sg13g2_buf_16)
                                                         clknet_1_0__leaf_clk (net)
                      0.018905    0.000082    0.117552 ^ _289_/CLK (sg13g2_dfrbpq_1)
                                  0.150000    0.267552   clock uncertainty
                                 -0.002235    0.265317   clock reconvergence pessimism
                                 -0.037173    0.228144   library hold time
                                              0.228144   data required time
---------------------------------------------------------------------------------------------
                                              0.228144   data required time
                                             -0.490745   data arrival time
---------------------------------------------------------------------------------------------
                                              0.262601   slack (MET)


Startpoint: _294_ (rising edge-triggered flip-flop clocked by clk)
Endpoint: DATA[17] (output port clocked by clk)
Path Group: clk
Path Type: min

Fanout         Cap        Slew       Delay        Time   Description
---------------------------------------------------------------------------------------------
                                  0.000000    0.000000   clock clk (rise edge)
                                  0.000000    0.000000   clock source latency
     1    0.019198    0.000000    0.000000    0.000000 ^ clk (in)
                                                         clk (net)
                      0.000809    0.000404    0.000404 ^ clkbuf_0_clk/A (sg13g2_buf_16)
     2    0.034915    0.021486    0.053995    0.054399 ^ clkbuf_0_clk/X (sg13g2_buf_16)
                                                         clknet_0_clk (net)
                      0.021487    0.000334    0.054733 ^ clkbuf_1_1__f_clk/A (sg13g2_buf_16)
     5    0.018681    0.018751    0.060843    0.115576 ^ clkbuf_1_1__f_clk/X (sg13g2_buf_16)
                                                         clknet_1_1__leaf_clk (net)
                      0.018751    0.000203    0.115779 ^ _294_/CLK (sg13g2_dfrbpq_1)
     3    0.011128    0.042632    0.178896    0.294675 v _294_/Q (sg13g2_dfrbpq_1)
                                                         DPATH.SUM.fa_6.A (net)
                      0.042633    0.000247    0.294922 v _277_/B (sg13g2_nand3_1)
     1    0.002208    0.030499    0.041701    0.336623 ^ _277_/Y (sg13g2_nand3_1)
                                                         net10 (net)
                      0.030499    0.000011    0.336634 ^ output10/A (sg13g2_buf_1)
     1    0.010000    0.050846    0.081179    0.417813 ^ output10/X (sg13g2_buf_1)
                                                         DATA[17] (net)
                      0.050846    0.000000    0.417813 ^ DATA[17] (out)
                                              0.417813   data arrival time

                                  0.000000    0.000000   clock clk (rise edge)
                                  0.000000    0.000000   clock network delay (propagated)
                                  0.150000    0.150000   clock uncertainty
                                  0.000000    0.150000   clock reconvergence pessimism
                                  0.000000    0.150000   output external delay
                                              0.150000   data required time
---------------------------------------------------------------------------------------------
                                              0.150000   data required time
                                             -0.417813   data arrival time
---------------------------------------------------------------------------------------------
                                              0.267813   slack (MET)


Startpoint: _295_ (rising edge-triggered flip-flop clocked by clk)
Endpoint: o_sign (output port clocked by clk)
Path Group: clk
Path Type: min

Fanout         Cap        Slew       Delay        Time   Description
---------------------------------------------------------------------------------------------
                                  0.000000    0.000000   clock clk (rise edge)
                                  0.000000    0.000000   clock source latency
     1    0.019198    0.000000    0.000000    0.000000 ^ clk (in)
                                                         clk (net)
                      0.000809    0.000404    0.000404 ^ clkbuf_0_clk/A (sg13g2_buf_16)
     2    0.034915    0.021486    0.053995    0.054399 ^ clkbuf_0_clk/X (sg13g2_buf_16)
                                                         clknet_0_clk (net)
                      0.021487    0.000334    0.054733 ^ clkbuf_1_1__f_clk/A (sg13g2_buf_16)
     5    0.018681    0.018751    0.060843    0.115576 ^ clkbuf_1_1__f_clk/X (sg13g2_buf_16)
                                                         clknet_1_1__leaf_clk (net)
                      0.018751    0.000242    0.115818 ^ _295_/CLK (sg13g2_dfrbpq_1)
     3    0.014321    0.052058    0.186709    0.302527 v _295_/Q (sg13g2_dfrbpq_1)
                                                         net20 (net)
                      0.052058    0.000173    0.302700 v output20/A (sg13g2_buf_1)
     1    0.030000    0.099674    0.137351    0.440050 v output20/X (sg13g2_buf_1)
                                                         o_sign (net)
                      0.099674    0.000000    0.440050 v o_sign (out)
                                              0.440050   data arrival time

                                  0.000000    0.000000   clock clk (rise edge)
                                  0.000000    0.000000   clock network delay (propagated)
                                  0.150000    0.150000   clock uncertainty
                                  0.000000    0.150000   clock reconvergence pessimism
                                  0.000000    0.150000   output external delay
                                              0.150000   data required time
---------------------------------------------------------------------------------------------
                                              0.150000   data required time
                                             -0.440050   data arrival time
---------------------------------------------------------------------------------------------
                                              0.290050   slack (MET)


Startpoint: _296_ (rising edge-triggered flip-flop clocked by clk)
Endpoint: _294_ (rising edge-triggered flip-flop clocked by clk)
Path Group: clk
Path Type: min

Fanout         Cap        Slew       Delay        Time   Description
---------------------------------------------------------------------------------------------
                                  0.000000    0.000000   clock clk (rise edge)
                                  0.000000    0.000000   clock source latency
     1    0.019198    0.000000    0.000000    0.000000 ^ clk (in)
                                                         clk (net)
                      0.000809    0.000404    0.000404 ^ clkbuf_0_clk/A (sg13g2_buf_16)
     2    0.034915    0.021486    0.053995    0.054399 ^ clkbuf_0_clk/X (sg13g2_buf_16)
                                                         clknet_0_clk (net)
                      0.021487    0.000334    0.054733 ^ clkbuf_1_1__f_clk/A (sg13g2_buf_16)
     5    0.018681    0.018751    0.060843    0.115576 ^ clkbuf_1_1__f_clk/X (sg13g2_buf_16)
                                                         clknet_1_1__leaf_clk (net)
                      0.018751    0.000118    0.115693 ^ _296_/CLK (sg13g2_dfrbpq_1)
     2    0.009375    0.037476    0.174704    0.290397 v _296_/Q (sg13g2_dfrbpq_1)
                                                         CTRL.S0 (net)
                      0.037476    0.000044    0.290441 v fanout24/A (sg13g2_buf_1)
     5    0.021519    0.074850    0.111152    0.401593 v fanout24/X (sg13g2_buf_1)
                                                         net24 (net)
                      0.074853    0.000511    0.402105 v _153_/A (sg13g2_xnor2_1)
     1    0.005316    0.045770    0.088611    0.490715 v _153_/Y (sg13g2_xnor2_1)
                                                         _104_ (net)
                      0.045770    0.000061    0.490776 v _154_/B (sg13g2_xnor2_1)
     1    0.002660    0.031081    0.058044    0.548820 v _154_/Y (sg13g2_xnor2_1)
                                                         DPATH.SUM.fa_6.S (net)
                      0.031081    0.000031    0.548851 v _294_/D (sg13g2_dfrbpq_1)
                                              0.548851   data arrival time

                                  0.000000    0.000000   clock clk (rise edge)
                                  0.000000    0.000000   clock source latency
     1    0.021871    0.000000    0.000000    0.000000 ^ clk (in)
                                                         clk (net)
                      0.000933    0.000466    0.000466 ^ clkbuf_0_clk/A (sg13g2_buf_16)
     2    0.040260    0.022701    0.055084    0.055551 ^ clkbuf_0_clk/X (sg13g2_buf_16)
                                                         clknet_0_clk (net)
                      0.022704    0.000387    0.055938 ^ clkbuf_1_1__f_clk/A (sg13g2_buf_16)
     5    0.021160    0.019380    0.061916    0.117854 ^ clkbuf_1_1__f_clk/X (sg13g2_buf_16)
                                                         clknet_1_1__leaf_clk (net)
                      0.019381    0.000230    0.118084 ^ _294_/CLK (sg13g2_dfrbpq_1)
                                  0.150000    0.268084   clock uncertainty
                                 -0.002278    0.265806   clock reconvergence pessimism
                                 -0.038024    0.227782   library hold time
                                              0.227782   data required time
---------------------------------------------------------------------------------------------
                                              0.227782   data required time
                                             -0.548851   data arrival time
---------------------------------------------------------------------------------------------
                                              0.321069   slack (MET)


Startpoint: _296_ (rising edge-triggered flip-flop clocked by clk)
Endpoint: _296_ (rising edge-triggered flip-flop clocked by clk)
Path Group: clk
Path Type: min

Fanout         Cap        Slew       Delay        Time   Description
---------------------------------------------------------------------------------------------
                                  0.000000    0.000000   clock clk (rise edge)
                                  0.000000    0.000000   clock source latency
     1    0.019198    0.000000    0.000000    0.000000 ^ clk (in)
                                                         clk (net)
                      0.000809    0.000404    0.000404 ^ clkbuf_0_clk/A (sg13g2_buf_16)
     2    0.034915    0.021486    0.053995    0.054399 ^ clkbuf_0_clk/X (sg13g2_buf_16)
                                                         clknet_0_clk (net)
                      0.021487    0.000334    0.054733 ^ clkbuf_1_1__f_clk/A (sg13g2_buf_16)
     5    0.018681    0.018751    0.060843    0.115576 ^ clkbuf_1_1__f_clk/X (sg13g2_buf_16)
                                                         clknet_1_1__leaf_clk (net)
                      0.018751    0.000118    0.115693 ^ _296_/CLK (sg13g2_dfrbpq_1)
     2    0.009375    0.037476    0.174704    0.290397 v _296_/Q (sg13g2_dfrbpq_1)
                                                         CTRL.S0 (net)
                      0.037476    0.000044    0.290441 v fanout24/A (sg13g2_buf_1)
     5    0.021519    0.074850    0.111152    0.401593 v fanout24/X (sg13g2_buf_1)
                                                         net24 (net)
                      0.074851    0.000297    0.401891 v _170_/B1 (sg13g2_a21o_1)
     1    0.003326    0.024951    0.095351    0.497241 v _170_/X (sg13g2_a21o_1)
                                                         _119_ (net)
                      0.024951    0.000036    0.497278 v _171_/B (sg13g2_and2_1)
     1    0.002341    0.019125    0.067755    0.565033 v _171_/X (sg13g2_and2_1)
                                                         CTRL.P0 (net)
                      0.019125    0.000022    0.565055 v _296_/D (sg13g2_dfrbpq_1)
                                              0.565055   data arrival time

                                  0.000000    0.000000   clock clk (rise edge)
                                  0.000000    0.000000   clock source latency
     1    0.021871    0.000000    0.000000    0.000000 ^ clk (in)
                                                         clk (net)
                      0.000933    0.000466    0.000466 ^ clkbuf_0_clk/A (sg13g2_buf_16)
     2    0.040260    0.022701    0.055084    0.055551 ^ clkbuf_0_clk/X (sg13g2_buf_16)
                                                         clknet_0_clk (net)
                      0.022704    0.000387    0.055938 ^ clkbuf_1_1__f_clk/A (sg13g2_buf_16)
     5    0.021160    0.019380    0.061916    0.117854 ^ clkbuf_1_1__f_clk/X (sg13g2_buf_16)
                                                         clknet_1_1__leaf_clk (net)
                      0.019381    0.000133    0.117987 ^ _296_/CLK (sg13g2_dfrbpq_1)
                                  0.150000    0.267987   clock uncertainty
                                 -0.002294    0.265693   clock reconvergence pessimism
                                 -0.034236    0.231457   library hold time
                                              0.231457   data required time
---------------------------------------------------------------------------------------------
                                              0.231457   data required time
                                             -0.565055   data arrival time
---------------------------------------------------------------------------------------------
                                              0.333597   slack (MET)


Startpoint: _295_ (rising edge-triggered flip-flop clocked by clk)
Endpoint: o_signB (output port clocked by clk)
Path Group: clk
Path Type: min

Fanout         Cap        Slew       Delay        Time   Description
---------------------------------------------------------------------------------------------
                                  0.000000    0.000000   clock clk (rise edge)
                                  0.000000    0.000000   clock source latency
     1    0.019198    0.000000    0.000000    0.000000 ^ clk (in)
                                                         clk (net)
                      0.000809    0.000404    0.000404 ^ clkbuf_0_clk/A (sg13g2_buf_16)
     2    0.034915    0.021486    0.053995    0.054399 ^ clkbuf_0_clk/X (sg13g2_buf_16)
                                                         clknet_0_clk (net)
                      0.021487    0.000334    0.054733 ^ clkbuf_1_1__f_clk/A (sg13g2_buf_16)
     5    0.018681    0.018751    0.060843    0.115576 ^ clkbuf_1_1__f_clk/X (sg13g2_buf_16)
                                                         clknet_1_1__leaf_clk (net)
                      0.018751    0.000242    0.115818 ^ _295_/CLK (sg13g2_dfrbpq_1)
     3    0.014414    0.066933    0.195377    0.311195 ^ _295_/Q (sg13g2_dfrbpq_1)
                                                         net20 (net)
                      0.066933    0.000280    0.311475 ^ _133_/A (sg13g2_inv_1)
     1    0.005770    0.032026    0.046646    0.358122 v _133_/Y (sg13g2_inv_1)
                                                         net21 (net)
                      0.032026    0.000146    0.358267 v output21/A (sg13g2_buf_1)
     1    0.030000    0.099548    0.128549    0.486816 v output21/X (sg13g2_buf_1)
                                                         o_signB (net)
                      0.099548    0.000000    0.486816 v o_signB (out)
                                              0.486816   data arrival time

                                  0.000000    0.000000   clock clk (rise edge)
                                  0.000000    0.000000   clock network delay (propagated)
                                  0.150000    0.150000   clock uncertainty
                                  0.000000    0.150000   clock reconvergence pessimism
                                  0.000000    0.150000   output external delay
                                              0.150000   data required time
---------------------------------------------------------------------------------------------
                                              0.150000   data required time
                                             -0.486816   data arrival time
---------------------------------------------------------------------------------------------
                                              0.336816   slack (MET)


Startpoint: _296_ (rising edge-triggered flip-flop clocked by clk)
Endpoint: _293_ (rising edge-triggered flip-flop clocked by clk)
Path Group: clk
Path Type: min

Fanout         Cap        Slew       Delay        Time   Description
---------------------------------------------------------------------------------------------
                                  0.000000    0.000000   clock clk (rise edge)
                                  0.000000    0.000000   clock source latency
     1    0.019198    0.000000    0.000000    0.000000 ^ clk (in)
                                                         clk (net)
                      0.000809    0.000404    0.000404 ^ clkbuf_0_clk/A (sg13g2_buf_16)
     2    0.034915    0.021486    0.053995    0.054399 ^ clkbuf_0_clk/X (sg13g2_buf_16)
                                                         clknet_0_clk (net)
                      0.021487    0.000334    0.054733 ^ clkbuf_1_1__f_clk/A (sg13g2_buf_16)
     5    0.018681    0.018751    0.060843    0.115576 ^ clkbuf_1_1__f_clk/X (sg13g2_buf_16)
                                                         clknet_1_1__leaf_clk (net)
                      0.018751    0.000118    0.115693 ^ _296_/CLK (sg13g2_dfrbpq_1)
     2    0.009375    0.037476    0.174704    0.290397 v _296_/Q (sg13g2_dfrbpq_1)
                                                         CTRL.S0 (net)
                      0.037476    0.000044    0.290441 v fanout24/A (sg13g2_buf_1)
     5    0.021519    0.074850    0.111152    0.401593 v fanout24/X (sg13g2_buf_1)
                                                         net24 (net)
                      0.074854    0.000585    0.402178 v _150_/A (sg13g2_xnor2_1)
     2    0.008845    0.064273    0.104539    0.506717 v _150_/Y (sg13g2_xnor2_1)
                                                         _102_ (net)
                      0.064273    0.000047    0.506764 v _151_/B (sg13g2_xor2_1)
     1    0.001952    0.024681    0.060595    0.567359 v _151_/X (sg13g2_xor2_1)
                                                         DPATH.SUM.fa_5.S (net)
                      0.024681    0.000015    0.567374 v _293_/D (sg13g2_dfrbpq_1)
                                              0.567374   data arrival time

                                  0.000000    0.000000   clock clk (rise edge)
                                  0.000000    0.000000   clock source latency
     1    0.021871    0.000000    0.000000    0.000000 ^ clk (in)
                                                         clk (net)
                      0.000933    0.000466    0.000466 ^ clkbuf_0_clk/A (sg13g2_buf_16)
     2    0.040260    0.022701    0.055084    0.055551 ^ clkbuf_0_clk/X (sg13g2_buf_16)
                                                         clknet_0_clk (net)
                      0.022704    0.000387    0.055938 ^ clkbuf_1_1__f_clk/A (sg13g2_buf_16)
     5    0.021160    0.019380    0.061916    0.117854 ^ clkbuf_1_1__f_clk/X (sg13g2_buf_16)
                                                         clknet_1_1__leaf_clk (net)
                      0.019381    0.000281    0.118135 ^ _293_/CLK (sg13g2_dfrbpq_1)
                                  0.150000    0.268135   clock uncertainty
                                 -0.002278    0.265856   clock reconvergence pessimism
                                 -0.035996    0.229860   library hold time
                                              0.229860   data required time
---------------------------------------------------------------------------------------------
                                              0.229860   data required time
                                             -0.567374   data arrival time
---------------------------------------------------------------------------------------------
                                              0.337514   slack (MET)


Startpoint: _292_ (rising edge-triggered flip-flop clocked by clk)
Endpoint: _292_ (rising edge-triggered flip-flop clocked by clk)
Path Group: clk
Path Type: min

Fanout         Cap        Slew       Delay        Time   Description
---------------------------------------------------------------------------------------------
                                  0.000000    0.000000   clock clk (rise edge)
                                  0.000000    0.000000   clock source latency
     1    0.019198    0.000000    0.000000    0.000000 ^ clk (in)
                                                         clk (net)
                      0.000809    0.000404    0.000404 ^ clkbuf_0_clk/A (sg13g2_buf_16)
     2    0.034915    0.021486    0.053995    0.054399 ^ clkbuf_0_clk/X (sg13g2_buf_16)
                                                         clknet_0_clk (net)
                      0.021487    0.000341    0.054740 ^ clkbuf_1_0__f_clk/A (sg13g2_buf_16)
     5    0.016847    0.018328    0.060495    0.115235 ^ clkbuf_1_0__f_clk/X (sg13g2_buf_16)
                                                         clknet_1_0__leaf_clk (net)
                      0.018328    0.000076    0.115310 ^ _292_/CLK (sg13g2_dfrbpq_1)
     4    0.014477    0.052545    0.186832    0.302142 v _292_/Q (sg13g2_dfrbpq_1)
                                                         DPATH.SUM.fa_4.A (net)
                      0.052545    0.000163    0.302305 v fanout31/A (sg13g2_buf_1)
     8    0.028597    0.094527    0.134038    0.436343 v fanout31/X (sg13g2_buf_1)
                                                         net31 (net)
                      0.094527    0.000161    0.436504 v _146_/B (sg13g2_xor2_1)
     2    0.008288    0.042488    0.102527    0.539032 v _146_/X (sg13g2_xor2_1)
                                                         _099_ (net)
                      0.042488    0.000091    0.539123 v _147_/B (sg13g2_xor2_1)
     1    0.001915    0.024917    0.052080    0.591202 v _147_/X (sg13g2_xor2_1)
                                                         DPATH.SUM.fa_4.S (net)
                      0.024917    0.000014    0.591217 v _292_/D (sg13g2_dfrbpq_1)
                                              0.591217   data arrival time

                                  0.000000    0.000000   clock clk (rise edge)
                                  0.000000    0.000000   clock source latency
     1    0.021871    0.000000    0.000000    0.000000 ^ clk (in)
                                                         clk (net)
                      0.000933    0.000466    0.000466 ^ clkbuf_0_clk/A (sg13g2_buf_16)
     2    0.040260    0.022701    0.055084    0.055551 ^ clkbuf_0_clk/X (sg13g2_buf_16)
                                                         clknet_0_clk (net)
                      0.022704    0.000395    0.055946 ^ clkbuf_1_0__f_clk/A (sg13g2_buf_16)
     5    0.019084    0.018905    0.061524    0.117470 ^ clkbuf_1_0__f_clk/X (sg13g2_buf_16)
                                                         clknet_1_0__leaf_clk (net)
                      0.018905    0.000086    0.117556 ^ _292_/CLK (sg13g2_dfrbpq_1)
                                  0.150000    0.267556   clock uncertainty
                                 -0.002246    0.265310   clock reconvergence pessimism
                                 -0.036171    0.229140   library hold time
                                              0.229140   data required time
---------------------------------------------------------------------------------------------
                                              0.229140   data required time
                                             -0.591217   data arrival time
---------------------------------------------------------------------------------------------
                                              0.362077   slack (MET)


Startpoint: _296_ (rising edge-triggered flip-flop clocked by clk)
Endpoint: _290_ (rising edge-triggered flip-flop clocked by clk)
Path Group: clk
Path Type: min

Fanout         Cap        Slew       Delay        Time   Description
---------------------------------------------------------------------------------------------
                                  0.000000    0.000000   clock clk (rise edge)
                                  0.000000    0.000000   clock source latency
     1    0.019198    0.000000    0.000000    0.000000 ^ clk (in)
                                                         clk (net)
                      0.000809    0.000404    0.000404 ^ clkbuf_0_clk/A (sg13g2_buf_16)
     2    0.034915    0.021486    0.053995    0.054399 ^ clkbuf_0_clk/X (sg13g2_buf_16)
                                                         clknet_0_clk (net)
                      0.021487    0.000334    0.054733 ^ clkbuf_1_1__f_clk/A (sg13g2_buf_16)
     5    0.018681    0.018751    0.060843    0.115576 ^ clkbuf_1_1__f_clk/X (sg13g2_buf_16)
                                                         clknet_1_1__leaf_clk (net)
                      0.018751    0.000118    0.115693 ^ _296_/CLK (sg13g2_dfrbpq_1)
     2    0.009375    0.037476    0.174704    0.290397 v _296_/Q (sg13g2_dfrbpq_1)
                                                         CTRL.S0 (net)
                      0.037477    0.000186    0.290583 v fanout23/A (sg13g2_buf_1)
     8    0.034611    0.112565    0.140809    0.431393 v fanout23/X (sg13g2_buf_1)
                                                         net23 (net)
                      0.112567    0.000682    0.432075 v _139_/A (sg13g2_xor2_1)
     2    0.008332    0.042601    0.111837    0.543913 v _139_/X (sg13g2_xor2_1)
                                                         _093_ (net)
                      0.042601    0.000035    0.543948 v _278_/B (sg13g2_xor2_1)
     1    0.001958    0.025034    0.052312    0.596260 v _278_/X (sg13g2_xor2_1)
                                                         DPATH.SUM.fa_2.S (net)
                      0.025034    0.000015    0.596275 v _290_/D (sg13g2_dfrbpq_1)
                                              0.596275   data arrival time

                                  0.000000    0.000000   clock clk (rise edge)
                                  0.000000    0.000000   clock source latency
     1    0.021871    0.000000    0.000000    0.000000 ^ clk (in)
                                                         clk (net)
                      0.000933    0.000466    0.000466 ^ clkbuf_0_clk/A (sg13g2_buf_16)
     2    0.040260    0.022701    0.055084    0.055551 ^ clkbuf_0_clk/X (sg13g2_buf_16)
                                                         clknet_0_clk (net)
                      0.022704    0.000395    0.055946 ^ clkbuf_1_0__f_clk/A (sg13g2_buf_16)
     5    0.019084    0.018905    0.061524    0.117470 ^ clkbuf_1_0__f_clk/X (sg13g2_buf_16)
                                                         clknet_1_0__leaf_clk (net)
                      0.018905    0.000074    0.117544 ^ _290_/CLK (sg13g2_dfrbpq_1)
                                  0.150000    0.267544   clock uncertainty
                                 -0.001152    0.266392   clock reconvergence pessimism
                                 -0.036208    0.230185   library hold time
                                              0.230185   data required time
---------------------------------------------------------------------------------------------
                                              0.230185   data required time
                                             -0.596275   data arrival time
---------------------------------------------------------------------------------------------
                                              0.366090   slack (MET)


Startpoint: _296_ (rising edge-triggered flip-flop clocked by clk)
Endpoint: _291_ (rising edge-triggered flip-flop clocked by clk)
Path Group: clk
Path Type: min

Fanout         Cap        Slew       Delay        Time   Description
---------------------------------------------------------------------------------------------
                                  0.000000    0.000000   clock clk (rise edge)
                                  0.000000    0.000000   clock source latency
     1    0.019198    0.000000    0.000000    0.000000 ^ clk (in)
                                                         clk (net)
                      0.000809    0.000404    0.000404 ^ clkbuf_0_clk/A (sg13g2_buf_16)
     2    0.034915    0.021486    0.053995    0.054399 ^ clkbuf_0_clk/X (sg13g2_buf_16)
                                                         clknet_0_clk (net)
                      0.021487    0.000334    0.054733 ^ clkbuf_1_1__f_clk/A (sg13g2_buf_16)
     5    0.018681    0.018751    0.060843    0.115576 ^ clkbuf_1_1__f_clk/X (sg13g2_buf_16)
                                                         clknet_1_1__leaf_clk (net)
                      0.018751    0.000118    0.115693 ^ _296_/CLK (sg13g2_dfrbpq_1)
     2    0.009375    0.037476    0.174704    0.290397 v _296_/Q (sg13g2_dfrbpq_1)
                                                         CTRL.S0 (net)
                      0.037477    0.000186    0.290583 v fanout23/A (sg13g2_buf_1)
     8    0.034611    0.112565    0.140809    0.431393 v fanout23/X (sg13g2_buf_1)
                                                         net23 (net)
                      0.112568    0.000692    0.432085 v _142_/A (sg13g2_xnor2_1)
     2    0.008091    0.060885    0.114592    0.546677 v _142_/Y (sg13g2_xnor2_1)
                                                         _096_ (net)
                      0.060885    0.000040    0.546717 v _143_/B (sg13g2_xor2_1)
     1    0.002081    0.024990    0.059882    0.606599 v _143_/X (sg13g2_xor2_1)
                                                         DPATH.SUM.fa_3.S (net)
                      0.024990    0.000017    0.606617 v _291_/D (sg13g2_dfrbpq_1)
                                              0.606617   data arrival time

                                  0.000000    0.000000   clock clk (rise edge)
                                  0.000000    0.000000   clock source latency
     1    0.021871    0.000000    0.000000    0.000000 ^ clk (in)
                                                         clk (net)
                      0.000933    0.000466    0.000466 ^ clkbuf_0_clk/A (sg13g2_buf_16)
     2    0.040260    0.022701    0.055084    0.055551 ^ clkbuf_0_clk/X (sg13g2_buf_16)
                                                         clknet_0_clk (net)
                      0.022704    0.000395    0.055946 ^ clkbuf_1_0__f_clk/A (sg13g2_buf_16)
     5    0.019084    0.018905    0.061524    0.117470 ^ clkbuf_1_0__f_clk/X (sg13g2_buf_16)
                                                         clknet_1_0__leaf_clk (net)
                      0.018905    0.000089    0.117559 ^ _291_/CLK (sg13g2_dfrbpq_1)
                                  0.150000    0.267559   clock uncertainty
                                 -0.001152    0.266407   clock reconvergence pessimism
                                 -0.036194    0.230214   library hold time
                                              0.230214   data required time
---------------------------------------------------------------------------------------------
                                              0.230214   data required time
                                             -0.606617   data arrival time
---------------------------------------------------------------------------------------------
                                              0.376403   slack (MET)


Startpoint: _292_ (rising edge-triggered flip-flop clocked by clk)
Endpoint: DATA[5] (output port clocked by clk)
Path Group: clk
Path Type: min

Fanout         Cap        Slew       Delay        Time   Description
---------------------------------------------------------------------------------------------
                                  0.000000    0.000000   clock clk (rise edge)
                                  0.000000    0.000000   clock source latency
     1    0.019198    0.000000    0.000000    0.000000 ^ clk (in)
                                                         clk (net)
                      0.000809    0.000404    0.000404 ^ clkbuf_0_clk/A (sg13g2_buf_16)
     2    0.034915    0.021486    0.053995    0.054399 ^ clkbuf_0_clk/X (sg13g2_buf_16)
                                                         clknet_0_clk (net)
                      0.021487    0.000341    0.054740 ^ clkbuf_1_0__f_clk/A (sg13g2_buf_16)
     5    0.016847    0.018328    0.060495    0.115235 ^ clkbuf_1_0__f_clk/X (sg13g2_buf_16)
                                                         clknet_1_0__leaf_clk (net)
                      0.018328    0.000076    0.115310 ^ _292_/CLK (sg13g2_dfrbpq_1)
     4    0.014681    0.067974    0.195900    0.311210 ^ _292_/Q (sg13g2_dfrbpq_1)
                                                         DPATH.SUM.fa_4.A (net)
                      0.067974    0.000267    0.311477 ^ _159_/A (sg13g2_or2_1)
     2    0.008530    0.044704    0.102146    0.413623 ^ _159_/X (sg13g2_or2_1)
                                                         _109_ (net)
                      0.044704    0.000063    0.413686 ^ _260_/B (sg13g2_nor3_1)
     1    0.002381    0.025206    0.040215    0.453901 v _260_/Y (sg13g2_nor3_1)
                                                         net15 (net)
                      0.025206    0.000015    0.453916 v output15/A (sg13g2_buf_1)
     1    0.010000    0.040766    0.077700    0.531616 v output15/X (sg13g2_buf_1)
                                                         DATA[5] (net)
                      0.040766    0.000000    0.531616 v DATA[5] (out)
                                              0.531616   data arrival time

                                  0.000000    0.000000   clock clk (rise edge)
                                  0.000000    0.000000   clock network delay (propagated)
                                  0.150000    0.150000   clock uncertainty
                                  0.000000    0.150000   clock reconvergence pessimism
                                  0.000000    0.150000   output external delay
                                              0.150000   data required time
---------------------------------------------------------------------------------------------
                                              0.150000   data required time
                                             -0.531616   data arrival time
---------------------------------------------------------------------------------------------
                                              0.381616   slack (MET)


Startpoint: _294_ (rising edge-triggered flip-flop clocked by clk)
Endpoint: DATA[13] (output port clocked by clk)
Path Group: clk
Path Type: min

Fanout         Cap        Slew       Delay        Time   Description
---------------------------------------------------------------------------------------------
                                  0.000000    0.000000   clock clk (rise edge)
                                  0.000000    0.000000   clock source latency
     1    0.019198    0.000000    0.000000    0.000000 ^ clk (in)
                                                         clk (net)
                      0.000809    0.000404    0.000404 ^ clkbuf_0_clk/A (sg13g2_buf_16)
     2    0.034915    0.021486    0.053995    0.054399 ^ clkbuf_0_clk/X (sg13g2_buf_16)
                                                         clknet_0_clk (net)
                      0.021487    0.000334    0.054733 ^ clkbuf_1_1__f_clk/A (sg13g2_buf_16)
     5    0.018681    0.018751    0.060843    0.115576 ^ clkbuf_1_1__f_clk/X (sg13g2_buf_16)
                                                         clknet_1_1__leaf_clk (net)
                      0.018751    0.000203    0.115779 ^ _294_/CLK (sg13g2_dfrbpq_1)
     3    0.011247    0.054792    0.186121    0.301901 ^ _294_/Q (sg13g2_dfrbpq_1)
                                                         DPATH.SUM.fa_6.A (net)
                      0.054792    0.000274    0.302175 ^ fanout27/A (sg13g2_buf_1)
     4    0.015970    0.073214    0.109076    0.411251 ^ fanout27/X (sg13g2_buf_1)
                                                         net27 (net)
                      0.073214    0.000142    0.411393 ^ _272_/A (sg13g2_nor2_1)
     1    0.002719    0.029835    0.048595    0.459988 v _272_/Y (sg13g2_nor2_1)
                                                         net6 (net)
                      0.029835    0.000024    0.460012 v output6/A (sg13g2_buf_1)
     1    0.010000    0.040879    0.079681    0.539693 v output6/X (sg13g2_buf_1)
                                                         DATA[13] (net)
                      0.040879    0.000000    0.539693 v DATA[13] (out)
                                              0.539693   data arrival time

                                  0.000000    0.000000   clock clk (rise edge)
                                  0.000000    0.000000   clock network delay (propagated)
                                  0.150000    0.150000   clock uncertainty
                                  0.000000    0.150000   clock reconvergence pessimism
                                  0.000000    0.150000   output external delay
                                              0.150000   data required time
---------------------------------------------------------------------------------------------
                                              0.150000   data required time
                                             -0.539693   data arrival time
---------------------------------------------------------------------------------------------
                                              0.389693   slack (MET)


Startpoint: _288_ (rising edge-triggered flip-flop clocked by clk)
Endpoint: _288_ (rising edge-triggered flip-flop clocked by clk)
Path Group: clk
Path Type: min

Fanout         Cap        Slew       Delay        Time   Description
---------------------------------------------------------------------------------------------
                                  0.000000    0.000000   clock clk (rise edge)
                                  0.000000    0.000000   clock source latency
     1    0.019198    0.000000    0.000000    0.000000 ^ clk (in)
                                                         clk (net)
                      0.000809    0.000404    0.000404 ^ clkbuf_0_clk/A (sg13g2_buf_16)
     2    0.034915    0.021486    0.053995    0.054399 ^ clkbuf_0_clk/X (sg13g2_buf_16)
                                                         clknet_0_clk (net)
                      0.021487    0.000341    0.054740 ^ clkbuf_1_0__f_clk/A (sg13g2_buf_16)
     5    0.016847    0.018328    0.060495    0.115235 ^ clkbuf_1_0__f_clk/X (sg13g2_buf_16)
                                                         clknet_1_0__leaf_clk (net)
                      0.018328    0.000076    0.115311 ^ _288_/CLK (sg13g2_dfrbpq_1)
     1    0.002952    0.024138    0.161860    0.277171 ^ _288_/Q (sg13g2_dfrbpq_1)
                                                         DPATH.SUM.Cout0 (net)
                      0.024138    0.000030    0.277200 ^ fanout41/A (sg13g2_buf_1)
     8    0.034339    0.145368    0.148032    0.425232 ^ fanout41/X (sg13g2_buf_1)
                                                         net41 (net)
                      0.145369    0.000441    0.425673 ^ _132_/A (sg13g2_inv_1)
     8    0.033454    0.127816    0.165967    0.591640 v _132_/Y (sg13g2_inv_1)
                                                         DPATH.SUM.ha_0.S (net)
                      0.127816    0.000451    0.592091 v _288_/D (sg13g2_dfrbpq_1)
                                              0.592091   data arrival time

                                  0.000000    0.000000   clock clk (rise edge)
                                  0.000000    0.000000   clock source latency
     1    0.021871    0.000000    0.000000    0.000000 ^ clk (in)
                                                         clk (net)
                      0.000933    0.000466    0.000466 ^ clkbuf_0_clk/A (sg13g2_buf_16)
     2    0.040260    0.022701    0.055084    0.055551 ^ clkbuf_0_clk/X (sg13g2_buf_16)
                                                         clknet_0_clk (net)
                      0.022704    0.000395    0.055946 ^ clkbuf_1_0__f_clk/A (sg13g2_buf_16)
     5    0.019084    0.018905    0.061524    0.117470 ^ clkbuf_1_0__f_clk/X (sg13g2_buf_16)
                                                         clknet_1_0__leaf_clk (net)
                      0.018905    0.000087    0.117557 ^ _288_/CLK (sg13g2_dfrbpq_1)
                                  0.150000    0.267557   clock uncertainty
                                 -0.002246    0.265311   clock reconvergence pessimism
                                 -0.068772    0.196539   library hold time
                                              0.196539   data required time
---------------------------------------------------------------------------------------------
                                              0.196539   data required time
                                             -0.592091   data arrival time
---------------------------------------------------------------------------------------------
                                              0.395552   slack (MET)


Startpoint: _292_ (rising edge-triggered flip-flop clocked by clk)
Endpoint: DATA[16] (output port clocked by clk)
Path Group: clk
Path Type: min

Fanout         Cap        Slew       Delay        Time   Description
---------------------------------------------------------------------------------------------
                                  0.000000    0.000000   clock clk (rise edge)
                                  0.000000    0.000000   clock source latency
     1    0.019198    0.000000    0.000000    0.000000 ^ clk (in)
                                                         clk (net)
                      0.000809    0.000404    0.000404 ^ clkbuf_0_clk/A (sg13g2_buf_16)
     2    0.034915    0.021486    0.053995    0.054399 ^ clkbuf_0_clk/X (sg13g2_buf_16)
                                                         clknet_0_clk (net)
                      0.021487    0.000341    0.054740 ^ clkbuf_1_0__f_clk/A (sg13g2_buf_16)
     5    0.016847    0.018328    0.060495    0.115235 ^ clkbuf_1_0__f_clk/X (sg13g2_buf_16)
                                                         clknet_1_0__leaf_clk (net)
                      0.018328    0.000076    0.115310 ^ _292_/CLK (sg13g2_dfrbpq_1)
     4    0.014477    0.052545    0.186832    0.302142 v _292_/Q (sg13g2_dfrbpq_1)
                                                         DPATH.SUM.fa_4.A (net)
                      0.052547    0.000344    0.302486 v _270_/B_N (sg13g2_nor2b_1)
     2    0.007294    0.035935    0.088754    0.391240 v _270_/Y (sg13g2_nor2b_1)
                                                         _085_ (net)
                      0.035935    0.000066    0.391306 v _275_/A2 (sg13g2_o21ai_1)
     1    0.002624    0.037191    0.076542    0.467847 ^ _275_/Y (sg13g2_o21ai_1)
                                                         net9 (net)
                      0.037191    0.000021    0.467869 ^ output9/A (sg13g2_buf_1)
     1    0.010000    0.051032    0.084055    0.551924 ^ output9/X (sg13g2_buf_1)
                                                         DATA[16] (net)
                      0.051032    0.000000    0.551924 ^ DATA[16] (out)
                                              0.551924   data arrival time

                                  0.000000    0.000000   clock clk (rise edge)
                                  0.000000    0.000000   clock network delay (propagated)
                                  0.150000    0.150000   clock uncertainty
                                  0.000000    0.150000   clock reconvergence pessimism
                                  0.000000    0.150000   output external delay
                                              0.150000   data required time
---------------------------------------------------------------------------------------------
                                              0.150000   data required time
                                             -0.551924   data arrival time
---------------------------------------------------------------------------------------------
                                              0.401924   slack (MET)


Startpoint: _292_ (rising edge-triggered flip-flop clocked by clk)
Endpoint: DATA[12] (output port clocked by clk)
Path Group: clk
Path Type: min

Fanout         Cap        Slew       Delay        Time   Description
---------------------------------------------------------------------------------------------
                                  0.000000    0.000000   clock clk (rise edge)
                                  0.000000    0.000000   clock source latency
     1    0.019198    0.000000    0.000000    0.000000 ^ clk (in)
                                                         clk (net)
                      0.000809    0.000404    0.000404 ^ clkbuf_0_clk/A (sg13g2_buf_16)
     2    0.034915    0.021486    0.053995    0.054399 ^ clkbuf_0_clk/X (sg13g2_buf_16)
                                                         clknet_0_clk (net)
                      0.021487    0.000341    0.054740 ^ clkbuf_1_0__f_clk/A (sg13g2_buf_16)
     5    0.016847    0.018328    0.060495    0.115235 ^ clkbuf_1_0__f_clk/X (sg13g2_buf_16)
                                                         clknet_1_0__leaf_clk (net)
                      0.018328    0.000076    0.115310 ^ _292_/CLK (sg13g2_dfrbpq_1)
     4    0.014477    0.052545    0.186832    0.302142 v _292_/Q (sg13g2_dfrbpq_1)
                                                         DPATH.SUM.fa_4.A (net)
                      0.052547    0.000344    0.302486 v _270_/B_N (sg13g2_nor2b_1)
     2    0.007294    0.035935    0.088754    0.391240 v _270_/Y (sg13g2_nor2b_1)
                                                         _085_ (net)
                      0.035935    0.000043    0.391283 v _271_/A2 (sg13g2_a21oi_1)
     1    0.003172    0.045928    0.074053    0.465336 ^ _271_/Y (sg13g2_a21oi_1)
                                                         net5 (net)
                      0.045928    0.000037    0.465373 ^ output5/A (sg13g2_buf_1)
     1    0.010000    0.051274    0.087812    0.553184 ^ output5/X (sg13g2_buf_1)
                                                         DATA[12] (net)
                      0.051274    0.000000    0.553184 ^ DATA[12] (out)
                                              0.553184   data arrival time

                                  0.000000    0.000000   clock clk (rise edge)
                                  0.000000    0.000000   clock network delay (propagated)
                                  0.150000    0.150000   clock uncertainty
                                  0.000000    0.150000   clock reconvergence pessimism
                                  0.000000    0.150000   output external delay
                                              0.150000   data required time
---------------------------------------------------------------------------------------------
                                              0.150000   data required time
                                             -0.553184   data arrival time
---------------------------------------------------------------------------------------------
                                              0.403184   slack (MET)


Startpoint: _294_ (rising edge-triggered flip-flop clocked by clk)
Endpoint: DATA[14] (output port clocked by clk)
Path Group: clk
Path Type: min

Fanout         Cap        Slew       Delay        Time   Description
---------------------------------------------------------------------------------------------
                                  0.000000    0.000000   clock clk (rise edge)
                                  0.000000    0.000000   clock source latency
     1    0.019198    0.000000    0.000000    0.000000 ^ clk (in)
                                                         clk (net)
                      0.000809    0.000404    0.000404 ^ clkbuf_0_clk/A (sg13g2_buf_16)
     2    0.034915    0.021486    0.053995    0.054399 ^ clkbuf_0_clk/X (sg13g2_buf_16)
                                                         clknet_0_clk (net)
                      0.021487    0.000334    0.054733 ^ clkbuf_1_1__f_clk/A (sg13g2_buf_16)
     5    0.018681    0.018751    0.060843    0.115576 ^ clkbuf_1_1__f_clk/X (sg13g2_buf_16)
                                                         clknet_1_1__leaf_clk (net)
                      0.018751    0.000203    0.115779 ^ _294_/CLK (sg13g2_dfrbpq_1)
     3    0.011128    0.042632    0.178896    0.294675 v _294_/Q (sg13g2_dfrbpq_1)
                                                         DPATH.SUM.fa_6.A (net)
                      0.042633    0.000239    0.294914 v fanout25/A (sg13g2_buf_1)
     8    0.030842    0.101142    0.134938    0.429852 v fanout25/X (sg13g2_buf_1)
                                                         net25 (net)
                      0.101142    0.000209    0.430061 v _273_/A (sg13g2_nand2_1)
     1    0.003802    0.036115    0.055214    0.485274 ^ _273_/Y (sg13g2_nand2_1)
                                                         net7 (net)
                      0.036115    0.000058    0.485332 ^ output7/A (sg13g2_buf_1)
     1    0.010000    0.051002    0.083593    0.568925 ^ output7/X (sg13g2_buf_1)
                                                         DATA[14] (net)
                      0.051002    0.000000    0.568925 ^ DATA[14] (out)
                                              0.568925   data arrival time

                                  0.000000    0.000000   clock clk (rise edge)
                                  0.000000    0.000000   clock network delay (propagated)
                                  0.150000    0.150000   clock uncertainty
                                  0.000000    0.150000   clock reconvergence pessimism
                                  0.000000    0.150000   output external delay
                                              0.150000   data required time
---------------------------------------------------------------------------------------------
                                              0.150000   data required time
                                             -0.568925   data arrival time
---------------------------------------------------------------------------------------------
                                              0.418925   slack (MET)


Startpoint: _293_ (rising edge-triggered flip-flop clocked by clk)
Endpoint: DATA[9] (output port clocked by clk)
Path Group: clk
Path Type: min

Fanout         Cap        Slew       Delay        Time   Description
---------------------------------------------------------------------------------------------
                                  0.000000    0.000000   clock clk (rise edge)
                                  0.000000    0.000000   clock source latency
     1    0.019198    0.000000    0.000000    0.000000 ^ clk (in)
                                                         clk (net)
                      0.000809    0.000404    0.000404 ^ clkbuf_0_clk/A (sg13g2_buf_16)
     2    0.034915    0.021486    0.053995    0.054399 ^ clkbuf_0_clk/X (sg13g2_buf_16)
                                                         clknet_0_clk (net)
                      0.021487    0.000334    0.054733 ^ clkbuf_1_1__f_clk/A (sg13g2_buf_16)
     5    0.018681    0.018751    0.060843    0.115576 ^ clkbuf_1_1__f_clk/X (sg13g2_buf_16)
                                                         clknet_1_1__leaf_clk (net)
                      0.018752    0.000248    0.115823 ^ _293_/CLK (sg13g2_dfrbpq_1)
     1    0.004448    0.023637    0.162717    0.278540 v _293_/Q (sg13g2_dfrbpq_1)
                                                         DPATH.SUM.fa_5.A (net)
                      0.023637    0.000081    0.278621 v fanout29/A (sg13g2_buf_1)
     8    0.029971    0.098500    0.124412    0.403033 v fanout29/X (sg13g2_buf_1)
                                                         net29 (net)
                      0.098539    0.000826    0.403859 v _265_/A1 (sg13g2_a21oi_1)
     1    0.002798    0.044035    0.084142    0.488000 ^ _265_/Y (sg13g2_a21oi_1)
                                                         net19 (net)
                      0.044035    0.000026    0.488026 ^ output19/A (sg13g2_buf_1)
     1    0.010000    0.051222    0.086998    0.575023 ^ output19/X (sg13g2_buf_1)
                                                         DATA[9] (net)
                      0.051222    0.000000    0.575023 ^ DATA[9] (out)
                                              0.575023   data arrival time

                                  0.000000    0.000000   clock clk (rise edge)
                                  0.000000    0.000000   clock network delay (propagated)
                                  0.150000    0.150000   clock uncertainty
                                  0.000000    0.150000   clock reconvergence pessimism
                                  0.000000    0.150000   output external delay
                                              0.150000   data required time
---------------------------------------------------------------------------------------------
                                              0.150000   data required time
                                             -0.575023   data arrival time
---------------------------------------------------------------------------------------------
                                              0.425023   slack (MET)


Startpoint: _294_ (rising edge-triggered flip-flop clocked by clk)
Endpoint: DATA[15] (output port clocked by clk)
Path Group: clk
Path Type: min

Fanout         Cap        Slew       Delay        Time   Description
---------------------------------------------------------------------------------------------
                                  0.000000    0.000000   clock clk (rise edge)
                                  0.000000    0.000000   clock source latency
     1    0.019198    0.000000    0.000000    0.000000 ^ clk (in)
                                                         clk (net)
                      0.000809    0.000404    0.000404 ^ clkbuf_0_clk/A (sg13g2_buf_16)
     2    0.034915    0.021486    0.053995    0.054399 ^ clkbuf_0_clk/X (sg13g2_buf_16)
                                                         clknet_0_clk (net)
                      0.021487    0.000334    0.054733 ^ clkbuf_1_1__f_clk/A (sg13g2_buf_16)
     5    0.018681    0.018751    0.060843    0.115576 ^ clkbuf_1_1__f_clk/X (sg13g2_buf_16)
                                                         clknet_1_1__leaf_clk (net)
                      0.018751    0.000203    0.115779 ^ _294_/CLK (sg13g2_dfrbpq_1)
     3    0.011128    0.042632    0.178896    0.294675 v _294_/Q (sg13g2_dfrbpq_1)
                                                         DPATH.SUM.fa_6.A (net)
                      0.042633    0.000239    0.294914 v fanout25/A (sg13g2_buf_1)
     8    0.030842    0.101142    0.134938    0.429852 v fanout25/X (sg13g2_buf_1)
                                                         net25 (net)
                      0.101142    0.000256    0.430107 v _274_/A (sg13g2_nand2_1)
     1    0.004966    0.041478    0.059725    0.489832 ^ _274_/Y (sg13g2_nand2_1)
                                                         net8 (net)
                      0.041478    0.000109    0.489941 ^ output8/A (sg13g2_buf_1)
     1    0.010000    0.051151    0.085898    0.575840 ^ output8/X (sg13g2_buf_1)
                                                         DATA[15] (net)
                      0.051151    0.000000    0.575840 ^ DATA[15] (out)
                                              0.575840   data arrival time

                                  0.000000    0.000000   clock clk (rise edge)
                                  0.000000    0.000000   clock network delay (propagated)
                                  0.150000    0.150000   clock uncertainty
                                  0.000000    0.150000   clock reconvergence pessimism
                                  0.000000    0.150000   output external delay
                                              0.150000   data required time
---------------------------------------------------------------------------------------------
                                              0.150000   data required time
                                             -0.575840   data arrival time
---------------------------------------------------------------------------------------------
                                              0.425840   slack (MET)


Startpoint: _290_ (rising edge-triggered flip-flop clocked by clk)
Endpoint: DATA[6] (output port clocked by clk)
Path Group: clk
Path Type: min

Fanout         Cap        Slew       Delay        Time   Description
---------------------------------------------------------------------------------------------
                                  0.000000    0.000000   clock clk (rise edge)
                                  0.000000    0.000000   clock source latency
     1    0.019198    0.000000    0.000000    0.000000 ^ clk (in)
                                                         clk (net)
                      0.000809    0.000404    0.000404 ^ clkbuf_0_clk/A (sg13g2_buf_16)
     2    0.034915    0.021486    0.053995    0.054399 ^ clkbuf_0_clk/X (sg13g2_buf_16)
                                                         clknet_0_clk (net)
                      0.021487    0.000341    0.054740 ^ clkbuf_1_0__f_clk/A (sg13g2_buf_16)
     5    0.016847    0.018328    0.060495    0.115235 ^ clkbuf_1_0__f_clk/X (sg13g2_buf_16)
                                                         clknet_1_0__leaf_clk (net)
                      0.018328    0.000065    0.115300 ^ _290_/CLK (sg13g2_dfrbpq_1)
     4    0.016221    0.073951    0.200246    0.315545 ^ _290_/Q (sg13g2_dfrbpq_1)
                                                         DPATH.SUM.fa_2.A (net)
                      0.073954    0.000590    0.316135 ^ _210_/B (sg13g2_nor2_1)
     4    0.012837    0.055928    0.073648    0.389783 v _210_/Y (sg13g2_nor2_1)
                                                         _037_ (net)
                      0.055928    0.000043    0.389826 v _211_/A (sg13g2_inv_1)
     1    0.003450    0.029165    0.038026    0.427852 ^ _211_/Y (sg13g2_inv_1)
                                                         _038_ (net)
                      0.029165    0.000033    0.427885 ^ _262_/A2 (sg13g2_a21oi_1)
     1    0.005779    0.031347    0.067995    0.495880 v _262_/Y (sg13g2_a21oi_1)
                                                         net16 (net)
                      0.031347    0.000152    0.496032 v output16/A (sg13g2_buf_1)
     1    0.010000    0.040916    0.080328    0.576360 v output16/X (sg13g2_buf_1)
                                                         DATA[6] (net)
                      0.040916    0.000000    0.576360 v DATA[6] (out)
                                              0.576360   data arrival time

                                  0.000000    0.000000   clock clk (rise edge)
                                  0.000000    0.000000   clock network delay (propagated)
                                  0.150000    0.150000   clock uncertainty
                                  0.000000    0.150000   clock reconvergence pessimism
                                  0.000000    0.150000   output external delay
                                              0.150000   data required time
---------------------------------------------------------------------------------------------
                                              0.150000   data required time
                                             -0.576360   data arrival time
---------------------------------------------------------------------------------------------
                                              0.426360   slack (MET)


Startpoint: _290_ (rising edge-triggered flip-flop clocked by clk)
Endpoint: DATA[11] (output port clocked by clk)
Path Group: clk
Path Type: min

Fanout         Cap        Slew       Delay        Time   Description
---------------------------------------------------------------------------------------------
                                  0.000000    0.000000   clock clk (rise edge)
                                  0.000000    0.000000   clock source latency
     1    0.019198    0.000000    0.000000    0.000000 ^ clk (in)
                                                         clk (net)
                      0.000809    0.000404    0.000404 ^ clkbuf_0_clk/A (sg13g2_buf_16)
     2    0.034915    0.021486    0.053995    0.054399 ^ clkbuf_0_clk/X (sg13g2_buf_16)
                                                         clknet_0_clk (net)
                      0.021487    0.000341    0.054740 ^ clkbuf_1_0__f_clk/A (sg13g2_buf_16)
     5    0.016847    0.018328    0.060495    0.115235 ^ clkbuf_1_0__f_clk/X (sg13g2_buf_16)
                                                         clknet_1_0__leaf_clk (net)
                      0.018328    0.000065    0.115300 ^ _290_/CLK (sg13g2_dfrbpq_1)
     4    0.016221    0.073951    0.200246    0.315545 ^ _290_/Q (sg13g2_dfrbpq_1)
                                                         DPATH.SUM.fa_2.A (net)
                      0.073954    0.000590    0.316135 ^ _210_/B (sg13g2_nor2_1)
     4    0.012837    0.055928    0.073648    0.389783 v _210_/Y (sg13g2_nor2_1)
                                                         _037_ (net)
                      0.055928    0.000042    0.389825 v _268_/A2 (sg13g2_a21oi_1)
     1    0.002967    0.045000    0.080177    0.470002 ^ _268_/Y (sg13g2_a21oi_1)
                                                         _084_ (net)
                      0.045000    0.000024    0.470026 ^ _269_/B (sg13g2_nor2_1)
     1    0.004305    0.025217    0.037992    0.508018 v _269_/Y (sg13g2_nor2_1)
                                                         net4 (net)
                      0.025217    0.000075    0.508093 v output4/A (sg13g2_buf_1)
     1    0.010000    0.040767    0.077705    0.585798 v output4/X (sg13g2_buf_1)
                                                         DATA[11] (net)
                      0.040767    0.000000    0.585798 v DATA[11] (out)
                                              0.585798   data arrival time

                                  0.000000    0.000000   clock clk (rise edge)
                                  0.000000    0.000000   clock network delay (propagated)
                                  0.150000    0.150000   clock uncertainty
                                  0.000000    0.150000   clock reconvergence pessimism
                                  0.000000    0.150000   output external delay
                                              0.150000   data required time
---------------------------------------------------------------------------------------------
                                              0.150000   data required time
                                             -0.585798   data arrival time
---------------------------------------------------------------------------------------------
                                              0.435798   slack (MET)


Startpoint: _290_ (rising edge-triggered flip-flop clocked by clk)
Endpoint: DATA[1] (output port clocked by clk)
Path Group: clk
Path Type: min

Fanout         Cap        Slew       Delay        Time   Description
---------------------------------------------------------------------------------------------
                                  0.000000    0.000000   clock clk (rise edge)
                                  0.000000    0.000000   clock source latency
     1    0.019198    0.000000    0.000000    0.000000 ^ clk (in)
                                                         clk (net)
                      0.000809    0.000404    0.000404 ^ clkbuf_0_clk/A (sg13g2_buf_16)
     2    0.034915    0.021486    0.053995    0.054399 ^ clkbuf_0_clk/X (sg13g2_buf_16)
                                                         clknet_0_clk (net)
                      0.021487    0.000341    0.054740 ^ clkbuf_1_0__f_clk/A (sg13g2_buf_16)
     5    0.016847    0.018328    0.060495    0.115235 ^ clkbuf_1_0__f_clk/X (sg13g2_buf_16)
                                                         clknet_1_0__leaf_clk (net)
                      0.018328    0.000065    0.115300 ^ _290_/CLK (sg13g2_dfrbpq_1)
     4    0.016221    0.073951    0.200246    0.315545 ^ _290_/Q (sg13g2_dfrbpq_1)
                                                         DPATH.SUM.fa_2.A (net)
                      0.073953    0.000527    0.316072 ^ _233_/A1 (sg13g2_a221oi_1)
     1    0.005128    0.031846    0.093537    0.409609 v _233_/Y (sg13g2_a221oi_1)
                                                         _059_ (net)
                      0.031846    0.000098    0.409707 v _235_/A2 (sg13g2_o21ai_1)
     1    0.004920    0.039940    0.091250    0.500957 ^ _235_/Y (sg13g2_o21ai_1)
                                                         net11 (net)
                      0.039940    0.000103    0.501060 ^ output11/A (sg13g2_buf_1)
     1    0.010000    0.051108    0.085237    0.586297 ^ output11/X (sg13g2_buf_1)
                                                         DATA[1] (net)
                      0.051108    0.000000    0.586297 ^ DATA[1] (out)
                                              0.586297   data arrival time

                                  0.000000    0.000000   clock clk (rise edge)
                                  0.000000    0.000000   clock network delay (propagated)
                                  0.150000    0.150000   clock uncertainty
                                  0.000000    0.150000   clock reconvergence pessimism
                                  0.000000    0.150000   output external delay
                                              0.150000   data required time
---------------------------------------------------------------------------------------------
                                              0.150000   data required time
                                             -0.586297   data arrival time
---------------------------------------------------------------------------------------------
                                              0.436297   slack (MET)


Startpoint: _292_ (rising edge-triggered flip-flop clocked by clk)
Endpoint: DATA[7] (output port clocked by clk)
Path Group: clk
Path Type: min

Fanout         Cap        Slew       Delay        Time   Description
---------------------------------------------------------------------------------------------
                                  0.000000    0.000000   clock clk (rise edge)
                                  0.000000    0.000000   clock source latency
     1    0.019198    0.000000    0.000000    0.000000 ^ clk (in)
                                                         clk (net)
                      0.000809    0.000404    0.000404 ^ clkbuf_0_clk/A (sg13g2_buf_16)
     2    0.034915    0.021486    0.053995    0.054399 ^ clkbuf_0_clk/X (sg13g2_buf_16)
                                                         clknet_0_clk (net)
                      0.021487    0.000341    0.054740 ^ clkbuf_1_0__f_clk/A (sg13g2_buf_16)
     5    0.016847    0.018328    0.060495    0.115235 ^ clkbuf_1_0__f_clk/X (sg13g2_buf_16)
                                                         clknet_1_0__leaf_clk (net)
                      0.018328    0.000076    0.115310 ^ _292_/CLK (sg13g2_dfrbpq_1)
     4    0.014477    0.052545    0.186832    0.302142 v _292_/Q (sg13g2_dfrbpq_1)
                                                         DPATH.SUM.fa_4.A (net)
                      0.052546    0.000312    0.302454 v fanout30/A (sg13g2_buf_1)
     8    0.025993    0.086612    0.128478    0.430932 v fanout30/X (sg13g2_buf_1)
                                                         net30 (net)
                      0.086612    0.000259    0.431191 v _263_/A1 (sg13g2_a21oi_1)
     1    0.002470    0.035897    0.078383    0.509574 ^ _263_/Y (sg13g2_a21oi_1)
                                                         net17 (net)
                      0.035897    0.000017    0.509591 ^ output17/A (sg13g2_buf_1)
     1    0.010000    0.050996    0.083499    0.593090 ^ output17/X (sg13g2_buf_1)
                                                         DATA[7] (net)
                      0.050996    0.000000    0.593090 ^ DATA[7] (out)
                                              0.593090   data arrival time

                                  0.000000    0.000000   clock clk (rise edge)
                                  0.000000    0.000000   clock network delay (propagated)
                                  0.150000    0.150000   clock uncertainty
                                  0.000000    0.150000   clock reconvergence pessimism
                                  0.000000    0.150000   output external delay
                                              0.150000   data required time
---------------------------------------------------------------------------------------------
                                              0.150000   data required time
                                             -0.593090   data arrival time
---------------------------------------------------------------------------------------------
                                              0.443090   slack (MET)


Startpoint: _294_ (rising edge-triggered flip-flop clocked by clk)
Endpoint: DATA[3] (output port clocked by clk)
Path Group: clk
Path Type: min

Fanout         Cap        Slew       Delay        Time   Description
---------------------------------------------------------------------------------------------
                                  0.000000    0.000000   clock clk (rise edge)
                                  0.000000    0.000000   clock source latency
     1    0.019198    0.000000    0.000000    0.000000 ^ clk (in)
                                                         clk (net)
                      0.000809    0.000404    0.000404 ^ clkbuf_0_clk/A (sg13g2_buf_16)
     2    0.034915    0.021486    0.053995    0.054399 ^ clkbuf_0_clk/X (sg13g2_buf_16)
                                                         clknet_0_clk (net)
                      0.021487    0.000334    0.054733 ^ clkbuf_1_1__f_clk/A (sg13g2_buf_16)
     5    0.018681    0.018751    0.060843    0.115576 ^ clkbuf_1_1__f_clk/X (sg13g2_buf_16)
                                                         clknet_1_1__leaf_clk (net)
                      0.018751    0.000203    0.115779 ^ _294_/CLK (sg13g2_dfrbpq_1)
     3    0.011128    0.042632    0.178896    0.294675 v _294_/Q (sg13g2_dfrbpq_1)
                                                         DPATH.SUM.fa_6.A (net)
                      0.042633    0.000239    0.294914 v fanout25/A (sg13g2_buf_1)
     8    0.030842    0.101142    0.134938    0.429852 v fanout25/X (sg13g2_buf_1)
                                                         net25 (net)
                      0.101142    0.000290    0.430142 v _256_/A (sg13g2_nor2_1)
     1    0.002417    0.046058    0.075170    0.505312 ^ _256_/Y (sg13g2_nor2_1)
                                                         net13 (net)
                      0.046058    0.000015    0.505328 ^ output13/A (sg13g2_buf_1)
     1    0.010000    0.051278    0.087867    0.593195 ^ output13/X (sg13g2_buf_1)
                                                         DATA[3] (net)
                      0.051278    0.000000    0.593195 ^ DATA[3] (out)
                                              0.593195   data arrival time

                                  0.000000    0.000000   clock clk (rise edge)
                                  0.000000    0.000000   clock network delay (propagated)
                                  0.150000    0.150000   clock uncertainty
                                  0.000000    0.150000   clock reconvergence pessimism
                                  0.000000    0.150000   output external delay
                                              0.150000   data required time
---------------------------------------------------------------------------------------------
                                              0.150000   data required time
                                             -0.593195   data arrival time
---------------------------------------------------------------------------------------------
                                              0.443195   slack (MET)


Startpoint: _292_ (rising edge-triggered flip-flop clocked by clk)
Endpoint: DATA[8] (output port clocked by clk)
Path Group: clk
Path Type: min

Fanout         Cap        Slew       Delay        Time   Description
---------------------------------------------------------------------------------------------
                                  0.000000    0.000000   clock clk (rise edge)
                                  0.000000    0.000000   clock source latency
     1    0.019198    0.000000    0.000000    0.000000 ^ clk (in)
                                                         clk (net)
                      0.000809    0.000404    0.000404 ^ clkbuf_0_clk/A (sg13g2_buf_16)
     2    0.034915    0.021486    0.053995    0.054399 ^ clkbuf_0_clk/X (sg13g2_buf_16)
                                                         clknet_0_clk (net)
                      0.021487    0.000341    0.054740 ^ clkbuf_1_0__f_clk/A (sg13g2_buf_16)
     5    0.016847    0.018328    0.060495    0.115235 ^ clkbuf_1_0__f_clk/X (sg13g2_buf_16)
                                                         clknet_1_0__leaf_clk (net)
                      0.018328    0.000076    0.115310 ^ _292_/CLK (sg13g2_dfrbpq_1)
     4    0.014477    0.052545    0.186832    0.302142 v _292_/Q (sg13g2_dfrbpq_1)
                                                         DPATH.SUM.fa_4.A (net)
                      0.052546    0.000312    0.302454 v fanout30/A (sg13g2_buf_1)
     8    0.025993    0.086612    0.128478    0.430932 v fanout30/X (sg13g2_buf_1)
                                                         net30 (net)
                      0.086612    0.000249    0.431181 v _264_/A1 (sg13g2_a21oi_1)
     1    0.002498    0.036042    0.078550    0.509731 ^ _264_/Y (sg13g2_a21oi_1)
                                                         net18 (net)
                      0.036042    0.000018    0.509749 ^ output18/A (sg13g2_buf_1)
     1    0.010000    0.051000    0.083562    0.593311 ^ output18/X (sg13g2_buf_1)
                                                         DATA[8] (net)
                      0.051000    0.000000    0.593311 ^ DATA[8] (out)
                                              0.593311   data arrival time

                                  0.000000    0.000000   clock clk (rise edge)
                                  0.000000    0.000000   clock network delay (propagated)
                                  0.150000    0.150000   clock uncertainty
                                  0.000000    0.150000   clock reconvergence pessimism
                                  0.000000    0.150000   output external delay
                                              0.150000   data required time
---------------------------------------------------------------------------------------------
                                              0.150000   data required time
                                             -0.593311   data arrival time
---------------------------------------------------------------------------------------------
                                              0.443311   slack (MET)


Startpoint: _294_ (rising edge-triggered flip-flop clocked by clk)
Endpoint: DATA[4] (output port clocked by clk)
Path Group: clk
Path Type: min

Fanout         Cap        Slew       Delay        Time   Description
---------------------------------------------------------------------------------------------
                                  0.000000    0.000000   clock clk (rise edge)
                                  0.000000    0.000000   clock source latency
     1    0.019198    0.000000    0.000000    0.000000 ^ clk (in)
                                                         clk (net)
                      0.000809    0.000404    0.000404 ^ clkbuf_0_clk/A (sg13g2_buf_16)
     2    0.034915    0.021486    0.053995    0.054399 ^ clkbuf_0_clk/X (sg13g2_buf_16)
                                                         clknet_0_clk (net)
                      0.021487    0.000334    0.054733 ^ clkbuf_1_1__f_clk/A (sg13g2_buf_16)
     5    0.018681    0.018751    0.060843    0.115576 ^ clkbuf_1_1__f_clk/X (sg13g2_buf_16)
                                                         clknet_1_1__leaf_clk (net)
                      0.018751    0.000203    0.115779 ^ _294_/CLK (sg13g2_dfrbpq_1)
     3    0.011247    0.054792    0.186121    0.301901 ^ _294_/Q (sg13g2_dfrbpq_1)
                                                         DPATH.SUM.fa_6.A (net)
                      0.054792    0.000242    0.302142 ^ fanout25/A (sg13g2_buf_1)
     8    0.031757    0.135044    0.154265    0.456408 ^ fanout25/X (sg13g2_buf_1)
                                                         net25 (net)
                      0.135044    0.000266    0.456673 ^ _258_/A (sg13g2_nor3_1)
     1    0.003796    0.039983    0.077590    0.534263 v _258_/Y (sg13g2_nor3_1)
                                                         net14 (net)
                      0.039983    0.000060    0.534323 v output14/A (sg13g2_buf_1)
     1    0.010000    0.041127    0.084022    0.618345 v output14/X (sg13g2_buf_1)
                                                         DATA[4] (net)
                      0.041127    0.000000    0.618345 v DATA[4] (out)
                                              0.618345   data arrival time

                                  0.000000    0.000000   clock clk (rise edge)
                                  0.000000    0.000000   clock network delay (propagated)
                                  0.150000    0.150000   clock uncertainty
                                  0.000000    0.150000   clock reconvergence pessimism
                                  0.000000    0.150000   output external delay
                                              0.150000   data required time
---------------------------------------------------------------------------------------------
                                              0.150000   data required time
                                             -0.618345   data arrival time
---------------------------------------------------------------------------------------------
                                              0.468345   slack (MET)


Startpoint: _294_ (rising edge-triggered flip-flop clocked by clk)
Endpoint: DATA[10] (output port clocked by clk)
Path Group: clk
Path Type: min

Fanout         Cap        Slew       Delay        Time   Description
---------------------------------------------------------------------------------------------
                                  0.000000    0.000000   clock clk (rise edge)
                                  0.000000    0.000000   clock source latency
     1    0.019198    0.000000    0.000000    0.000000 ^ clk (in)
                                                         clk (net)
                      0.000809    0.000404    0.000404 ^ clkbuf_0_clk/A (sg13g2_buf_16)
     2    0.034915    0.021486    0.053995    0.054399 ^ clkbuf_0_clk/X (sg13g2_buf_16)
                                                         clknet_0_clk (net)
                      0.021487    0.000334    0.054733 ^ clkbuf_1_1__f_clk/A (sg13g2_buf_16)
     5    0.018681    0.018751    0.060843    0.115576 ^ clkbuf_1_1__f_clk/X (sg13g2_buf_16)
                                                         clknet_1_1__leaf_clk (net)
                      0.018751    0.000203    0.115779 ^ _294_/CLK (sg13g2_dfrbpq_1)
     3    0.011247    0.054792    0.186121    0.301901 ^ _294_/Q (sg13g2_dfrbpq_1)
                                                         DPATH.SUM.fa_6.A (net)
                      0.054792    0.000274    0.302175 ^ fanout27/A (sg13g2_buf_1)
     4    0.015970    0.073214    0.109076    0.411251 ^ fanout27/X (sg13g2_buf_1)
                                                         net27 (net)
                      0.073214    0.000267    0.411518 ^ _257_/B (sg13g2_nor2_1)
     1    0.003284    0.027898    0.043868    0.455386 v _257_/Y (sg13g2_nor2_1)
                                                         _080_ (net)
                      0.027898    0.000028    0.455413 v _266_/B1 (sg13g2_o21ai_1)
     1    0.005796    0.039650    0.046126    0.501539 ^ _266_/Y (sg13g2_o21ai_1)
                                                         _083_ (net)
                      0.039650    0.000127    0.501666 ^ _267_/B (sg13g2_nand2_1)
     1    0.002455    0.028092    0.047965    0.549631 v _267_/Y (sg13g2_nand2_1)
                                                         net3 (net)
                      0.028092    0.000018    0.549649 v output3/A (sg13g2_buf_1)
     1    0.010000    0.040837    0.078935    0.628584 v output3/X (sg13g2_buf_1)
                                                         DATA[10] (net)
                      0.040837    0.000000    0.628584 v DATA[10] (out)
                                              0.628584   data arrival time

                                  0.000000    0.000000   clock clk (rise edge)
                                  0.000000    0.000000   clock network delay (propagated)
                                  0.150000    0.150000   clock uncertainty
                                  0.000000    0.150000   clock reconvergence pessimism
                                  0.000000    0.150000   output external delay
                                              0.150000   data required time
---------------------------------------------------------------------------------------------
                                              0.150000   data required time
                                             -0.628584   data arrival time
---------------------------------------------------------------------------------------------
                                              0.478584   slack (MET)


Startpoint: _294_ (rising edge-triggered flip-flop clocked by clk)
Endpoint: DATA[0] (output port clocked by clk)
Path Group: clk
Path Type: min

Fanout         Cap        Slew       Delay        Time   Description
---------------------------------------------------------------------------------------------
                                  0.000000    0.000000   clock clk (rise edge)
                                  0.000000    0.000000   clock source latency
     1    0.019198    0.000000    0.000000    0.000000 ^ clk (in)
                                                         clk (net)
                      0.000809    0.000404    0.000404 ^ clkbuf_0_clk/A (sg13g2_buf_16)
     2    0.034915    0.021486    0.053995    0.054399 ^ clkbuf_0_clk/X (sg13g2_buf_16)
                                                         clknet_0_clk (net)
                      0.021487    0.000334    0.054733 ^ clkbuf_1_1__f_clk/A (sg13g2_buf_16)
     5    0.018681    0.018751    0.060843    0.115576 ^ clkbuf_1_1__f_clk/X (sg13g2_buf_16)
                                                         clknet_1_1__leaf_clk (net)
                      0.018751    0.000203    0.115779 ^ _294_/CLK (sg13g2_dfrbpq_1)
     3    0.011247    0.054792    0.186121    0.301901 ^ _294_/Q (sg13g2_dfrbpq_1)
                                                         DPATH.SUM.fa_6.A (net)
                      0.054792    0.000274    0.302175 ^ fanout27/A (sg13g2_buf_1)
     4    0.015970    0.073214    0.109076    0.411251 ^ fanout27/X (sg13g2_buf_1)
                                                         net27 (net)
                      0.073214    0.000226    0.411477 ^ _198_/A (sg13g2_nor4_1)
     1    0.004214    0.028030    0.062810    0.474287 v _198_/Y (sg13g2_nor4_1)
                                                         _025_ (net)
                      0.028030    0.000061    0.474349 v _216_/A2 (sg13g2_a22oi_1)
     1    0.005777    0.070295    0.093003    0.567352 ^ _216_/Y (sg13g2_a22oi_1)
                                                         net2 (net)
                      0.070295    0.000147    0.567499 ^ output2/A (sg13g2_buf_1)
     1    0.010000    0.051950    0.098286    0.665785 ^ output2/X (sg13g2_buf_1)
                                                         DATA[0] (net)
                      0.051950    0.000000    0.665785 ^ DATA[0] (out)
                                              0.665785   data arrival time

                                  0.000000    0.000000   clock clk (rise edge)
                                  0.000000    0.000000   clock network delay (propagated)
                                  0.150000    0.150000   clock uncertainty
                                  0.000000    0.150000   clock reconvergence pessimism
                                  0.000000    0.150000   output external delay
                                              0.150000   data required time
---------------------------------------------------------------------------------------------
                                              0.150000   data required time
                                             -0.665785   data arrival time
---------------------------------------------------------------------------------------------
                                              0.515785   slack (MET)


Startpoint: _292_ (rising edge-triggered flip-flop clocked by clk)
Endpoint: DATA[2] (output port clocked by clk)
Path Group: clk
Path Type: min

Fanout         Cap        Slew       Delay        Time   Description
---------------------------------------------------------------------------------------------
                                  0.000000    0.000000   clock clk (rise edge)
                                  0.000000    0.000000   clock source latency
     1    0.019198    0.000000    0.000000    0.000000 ^ clk (in)
                                                         clk (net)
                      0.000809    0.000404    0.000404 ^ clkbuf_0_clk/A (sg13g2_buf_16)
     2    0.034915    0.021486    0.053995    0.054399 ^ clkbuf_0_clk/X (sg13g2_buf_16)
                                                         clknet_0_clk (net)
                      0.021487    0.000341    0.054740 ^ clkbuf_1_0__f_clk/A (sg13g2_buf_16)
     5    0.016847    0.018328    0.060495    0.115235 ^ clkbuf_1_0__f_clk/X (sg13g2_buf_16)
                                                         clknet_1_0__leaf_clk (net)
                      0.018328    0.000076    0.115310 ^ _292_/CLK (sg13g2_dfrbpq_1)
     4    0.014477    0.052545    0.186832    0.302142 v _292_/Q (sg13g2_dfrbpq_1)
                                                         DPATH.SUM.fa_4.A (net)
                      0.052546    0.000312    0.302454 v fanout30/A (sg13g2_buf_1)
     8    0.025993    0.086612    0.128478    0.430932 v fanout30/X (sg13g2_buf_1)
                                                         net30 (net)
                      0.086612    0.000115    0.431047 v _251_/A1 (sg13g2_a21oi_1)
     1    0.002877    0.038267    0.080884    0.511931 ^ _251_/Y (sg13g2_a21oi_1)
                                                         _076_ (net)
                      0.038267    0.000015    0.511946 ^ _252_/B (sg13g2_nand2b_1)
     1    0.003278    0.034000    0.053660    0.565606 v _252_/Y (sg13g2_nand2b_1)
                                                         _077_ (net)
                      0.034000    0.000027    0.565633 v _253_/B1 (sg13g2_o21ai_1)
     1    0.007299    0.047607    0.053745    0.619378 ^ _253_/Y (sg13g2_o21ai_1)
                                                         net12 (net)
                      0.047609    0.000240    0.619618 ^ output12/A (sg13g2_buf_1)
     1    0.010000    0.051321    0.088534    0.708152 ^ output12/X (sg13g2_buf_1)
                                                         DATA[2] (net)
                      0.051321    0.000000    0.708152 ^ DATA[2] (out)
                                              0.708152   data arrival time

                                  0.000000    0.000000   clock clk (rise edge)
                                  0.000000    0.000000   clock network delay (propagated)
                                  0.150000    0.150000   clock uncertainty
                                  0.000000    0.150000   clock reconvergence pessimism
                                  0.000000    0.150000   output external delay
                                              0.150000   data required time
---------------------------------------------------------------------------------------------
                                              0.150000   data required time
                                             -0.708152   data arrival time
---------------------------------------------------------------------------------------------
                                              0.558152   slack (MET)



