+ analyze_power_grid -net DVDD -voltage_file /foss/designs/BASIC/current_generator/digital/DigitalSine/runs/RUN_2026-09-18_22-13-25/56-openroad-irdropreport/net-DVDD.csv
[INFO PSM-0040] All shapes on net DVDD are connected.
########## IR report #################
Net              : DVDD
Corner           : nom_typ_1p20V_25C
Total power      : 2.10e-04 W
Supply voltage   : 1.20e+00 V
Worstcase voltage: 1.20e+00 V
Average voltage  : 1.20e+00 V
Average IR drop  : 2.42e-04 V
Worstcase IR drop: 2.07e-03 V
Percentage drop  : 0.17 %
######################################
+ analyze_power_grid -net DVSS -voltage_file /foss/designs/BASIC/current_generator/digital/DigitalSine/runs/RUN_2026-09-18_22-13-25/56-openroad-irdropreport/net-DVSS.csv
[INFO PSM-0040] All shapes on net DVSS are connected.
########## IR report #################
Net              : DVSS
Corner           : nom_typ_1p20V_25C
Total power      : 2.10e-04 W
Supply voltage   : 0.00e+00 V
Worstcase voltage: 3.87e-03 V
Average voltage  : 3.79e-04 V
Average IR drop  : 3.79e-04 V
Worstcase IR drop: 3.87e-03 V
Percentage drop  : 0.32 %
######################################
