
===========================================================================
report_checks -unconstrained
===========================================================================
======================= nom_fast_1p32V_m40C Corner ===================================

Startpoint: _290_ (rising edge-triggered flip-flop clocked by clk)
Endpoint: sine_out[0] (output port clocked by clk)
Path Group: clk
Path Type: max

Fanout         Cap        Slew       Delay        Time   Description
---------------------------------------------------------------------------------------------
                                  0.000000    0.000000   clock clk (rise edge)
                                  0.000000    0.000000   clock source latency
     1    0.023097    0.000000    0.000000    0.000000 ^ clk (in)
                                                         clk (net)
                      0.001061    0.000531    0.000531 ^ clkbuf_0_clk/A (sg13g2_buf_16)
     2    0.043486    0.015839    0.039542    0.040073 ^ clkbuf_0_clk/X (sg13g2_buf_16)
                                                         clknet_0_clk (net)
                      0.015961    0.001805    0.041877 ^ clkbuf_1_0__f_clk/A (sg13g2_buf_16)
     5    0.021880    0.013443    0.042750    0.084628 ^ clkbuf_1_0__f_clk/X (sg13g2_buf_16)
                                                         clknet_1_0__leaf_clk (net)
                      0.013446    0.000443    0.085071 ^ _290_/CLK (sg13g2_dfrbpq_1)
     4    0.023797    0.066080    0.145090    0.230161 ^ _290_/Q (sg13g2_dfrbpq_1)
                                                         DPATH.SUM.fa_2.A (net)
                      0.066224    0.002162    0.232322 ^ fanout37/A (sg13g2_buf_1)
     8    0.045519    0.122631    0.131722    0.364045 ^ fanout37/X (sg13g2_buf_1)
                                                         net37 (net)
                      0.122640    0.000879    0.364924 ^ fanout36/A (sg13g2_buf_1)
     8    0.048933    0.131799    0.152436    0.517360 ^ fanout36/X (sg13g2_buf_1)
                                                         net36 (net)
                      0.131921    0.003299    0.520660 ^ _164_/B (sg13g2_and2_1)
     5    0.023453    0.067590    0.125149    0.645808 ^ _164_/X (sg13g2_and2_1)
                                                         _113_ (net)
                      0.067610    0.001134    0.646943 ^ _180_/A2 (sg13g2_a21oi_1)
     4    0.023384    0.118589    0.115437    0.762380 v _180_/Y (sg13g2_a21oi_1)
                                                         _128_ (net)
                      0.118636    0.001904    0.764285 v _181_/B (sg13g2_and2_1)
     2    0.013607    0.037166    0.096882    0.861167 v _181_/X (sg13g2_and2_1)
                                                         _129_ (net)
                      0.037192    0.000904    0.862071 v _182_/B1 (sg13g2_o21ai_1)
     1    0.004251    0.061198    0.031524    0.893595 ^ _182_/Y (sg13g2_o21ai_1)
                                                         _009_ (net)
                      0.061198    0.000169    0.893765 ^ _183_/A2 (sg13g2_a21oi_1)
     1    0.005478    0.041022    0.057343    0.951108 v _183_/Y (sg13g2_a21oi_1)
                                                         _010_ (net)
                      0.041023    0.000395    0.951503 v _198_/B (sg13g2_nor4_1)
     1    0.005433    0.100455    0.110376    1.061879 ^ _198_/Y (sg13g2_nor4_1)
                                                         _025_ (net)
                      0.100455    0.000221    1.062100 ^ _216_/A2 (sg13g2_a22oi_1)
     1    0.008494    0.059591    0.082842    1.144942 v _216_/Y (sg13g2_a22oi_1)
                                                         net4 (net)
                      0.059618    0.000663    1.145605 v output4/A (sg13g2_buf_1)
     1    0.012257    0.032666    0.068325    1.213930 v output4/X (sg13g2_buf_1)
                                                         sine_out[0] (net)
                      0.032679    0.000631    1.214561 v sine_out[0] (out)
                                              1.214561   data arrival time

                                  5.000000    5.000000   clock clk (rise edge)
                                  0.000000    5.000000   clock network delay (propagated)
                                 -0.150000    4.850000   clock uncertainty
                                  0.000000    4.850000   clock reconvergence pessimism
                                 -1.000000    3.850000   output external delay
                                              3.850000   data required time
---------------------------------------------------------------------------------------------
                                              3.850000   data required time
                                             -1.214561   data arrival time
---------------------------------------------------------------------------------------------
                                              2.635439   slack (MET)




===========================================================================
report_checks --slack_max -0.01
============================================================================
======================= nom_fast_1p32V_m40C Corner ===================================

No paths found.


===========================================================================
 report_check_types -max_slew -max_cap -max_fanout -violators
============================================================================
======================= nom_fast_1p32V_m40C Corner ===================================



===========================================================================
report_parasitic_annotation -report_unannotated
============================================================================
Found 1 unannotated drivers.
 clkload0/Y
Found 0 partially unannotated drivers.

===========================================================================
max slew violation count 0
max fanout violation count 0
max cap violation count 0
============================================================================

===========================================================================
check_setup -verbose -unconstrained_endpoints -multiple_clock -no_clock -no_input_delay -loops -generated_clocks
===========================================================================
Warning: There is 1 input port missing set_input_delay.
  rst
