Clock: clk
Sources: clk 
Generated: no
Virtual: yes
Propagated: no
Period: 5.000000

===========================================================================
report_clock_properties
============================================================================
Clock                   Period          Waveform
----------------------------------------------------
clk                   5.000000    0.000000  2.500000

===========================================================================
report_clock_latency
============================================================================
Clock clk
rise -> rise
    min     max
0.000000 0.000000 source latency
0.082933         network latency _289_/CLK
        0.086658 network latency _293_/CLK
---------------
0.082933 0.086658 latency
        0.003725 skew

fall -> fall
    min     max
0.000000 0.000000 source latency
0.089302         network latency _289_/CLK
        0.092901 network latency _293_/CLK
---------------
0.089302 0.092901 latency
        0.003598 skew



===========================================================================
report_clock_min_period
============================================================================
clk period_min = 1.32 fmax = 757.29
