Clock: clk
Sources: clk 
Generated: no
Virtual: yes
Propagated: no
Period: 5.000000

===========================================================================
report_clock_properties
============================================================================
Clock                   Period          Waveform
----------------------------------------------------
clk                   5.000000    0.000000  2.500000

===========================================================================
report_clock_latency
============================================================================
Clock clk
rise -> rise
    min     max
0.000000 0.000000 source latency
0.115300         network latency _290_/CLK
        0.118274 network latency _293_/CLK
---------------
0.115300 0.118274 latency
        0.002974 skew

fall -> fall
    min     max
0.000000 0.000000 source latency
0.128416         network latency _290_/CLK
        0.131008 network latency _293_/CLK
---------------
0.128416 0.131008 latency
        0.002592 skew



===========================================================================
report_clock_min_period
============================================================================
clk period_min = 1.81 fmax = 551.61
