Clock: clk
Sources: clk 
Generated: no
Virtual: yes
Propagated: no
Period: 5.000000

===========================================================================
report_clock_properties
============================================================================
Clock                   Period          Waveform
----------------------------------------------------
clk                   5.000000    0.000000  2.500000

===========================================================================
report_clock_latency
============================================================================
Clock clk
rise -> rise
    min     max
0.000000 0.000000 source latency
0.126068         network latency _307_/CLK
        0.128230 network latency _308_/CLK
---------------
0.126068 0.128230 latency
        0.002161 skew

fall -> fall
    min     max
0.000000 0.000000 source latency
0.138221         network latency _307_/CLK
        0.140171 network latency _308_/CLK
---------------
0.138221 0.140171 latency
        0.001950 skew



===========================================================================
report_clock_min_period
============================================================================
clk period_min = 2.09 fmax = 477.75
