
===========================================================================
report_checks -path_delay min (Hold)
============================================================================
======================= nom_typ_1p20V_25C Corner ===================================

Startpoint: _311_ (rising edge-triggered flip-flop clocked by clk)
Endpoint: sign (output port clocked by clk)
Path Group: clk
Path Type: min

Fanout         Cap        Slew       Delay        Time   Description
---------------------------------------------------------------------------------------------
                                  0.000000    0.000000   clock clk (rise edge)
                                  0.000000    0.000000   clock source latency
     1    0.027776    0.000000    0.000000    0.000000 ^ clk (in)
                                                         clk (net)
                      0.004784    0.002392    0.002392 ^ clkbuf_0_clk/A (sg13g2_buf_16)
     2    0.043504    0.023528    0.056986    0.059378 ^ clkbuf_0_clk/X (sg13g2_buf_16)
                                                         clknet_0_clk (net)
                      0.023755    0.002871    0.062249 ^ clkbuf_1_0__f_clk/A (sg13g2_buf_16)
     5    0.031198    0.021714    0.064114    0.126363 ^ clkbuf_1_0__f_clk/X (sg13g2_buf_16)
                                                         clknet_1_0__leaf_clk (net)
                      0.021740    0.001407    0.127770 ^ _311_/CLK (sg13g2_dfrbpq_1)
     2    0.006432    0.029017    0.169044    0.296814 v _311_/Q (sg13g2_dfrbpq_1)
                                                         net2 (net)
                      0.029017    0.000145    0.296959 v output2/A (sg13g2_buf_1)
     1    0.034770    0.113217    0.136440    0.433399 v output2/X (sg13g2_buf_1)
                                                         sign (net)
                      0.113304    0.002051    0.435450 v sign (out)
                                              0.435450   data arrival time

                                  0.000000    0.000000   clock clk (rise edge)
                                  0.000000    0.000000   clock network delay (propagated)
                                  0.150000    0.150000   clock uncertainty
                                  0.000000    0.150000   clock reconvergence pessimism
                                  0.000000    0.150000   output external delay
                                              0.150000   data required time
---------------------------------------------------------------------------------------------
                                              0.150000   data required time
                                             -0.435450   data arrival time
---------------------------------------------------------------------------------------------
                                              0.285450   slack (MET)


Startpoint: _312_ (rising edge-triggered flip-flop clocked by clk)
Endpoint: _312_ (rising edge-triggered flip-flop clocked by clk)
Path Group: clk
Path Type: min

Fanout         Cap        Slew       Delay        Time   Description
---------------------------------------------------------------------------------------------
                                  0.000000    0.000000   clock clk (rise edge)
                                  0.000000    0.000000   clock source latency
     1    0.027776    0.000000    0.000000    0.000000 ^ clk (in)
                                                         clk (net)
                      0.004784    0.002392    0.002392 ^ clkbuf_0_clk/A (sg13g2_buf_16)
     2    0.043504    0.023528    0.056986    0.059378 ^ clkbuf_0_clk/X (sg13g2_buf_16)
                                                         clknet_0_clk (net)
                      0.023755    0.002871    0.062249 ^ clkbuf_1_0__f_clk/A (sg13g2_buf_16)
     5    0.031198    0.021714    0.064114    0.126363 ^ clkbuf_1_0__f_clk/X (sg13g2_buf_16)
                                                         clknet_1_0__leaf_clk (net)
                      0.021741    0.001427    0.127790 ^ _312_/CLK (sg13g2_dfrbpq_1)
     1    0.006039    0.027903    0.168050    0.295841 v _312_/Q (sg13g2_dfrbpq_1)
                                                         CTRL.S0 (net)
                      0.027903    0.000237    0.296078 v fanout24/A (sg13g2_buf_1)
     6    0.039578    0.127527    0.146857    0.442934 v fanout24/X (sg13g2_buf_1)
                                                         net24 (net)
                      0.127536    0.000874    0.443808 v _206_/B1 (sg13g2_a21oi_1)
     1    0.005443    0.064967    0.080338    0.524146 ^ _206_/Y (sg13g2_a21oi_1)
                                                         _020_ (net)
                      0.064967    0.000153    0.524298 ^ _207_/B (sg13g2_nor2_1)
     1    0.002825    0.025158    0.039985    0.564283 v _207_/Y (sg13g2_nor2_1)
                                                         CTRL.P0 (net)
                      0.025158    0.000053    0.564336 v _312_/D (sg13g2_dfrbpq_1)
                                              0.564336   data arrival time

                                  0.000000    0.000000   clock clk (rise edge)
                                  0.000000    0.000000   clock source latency
     1    0.027776    0.000000    0.000000    0.000000 ^ clk (in)
                                                         clk (net)
                      0.004784    0.002392    0.002392 ^ clkbuf_0_clk/A (sg13g2_buf_16)
     2    0.043504    0.023528    0.056986    0.059378 ^ clkbuf_0_clk/X (sg13g2_buf_16)
                                                         clknet_0_clk (net)
                      0.023755    0.002871    0.062249 ^ clkbuf_1_0__f_clk/A (sg13g2_buf_16)
     5    0.031198    0.021714    0.064114    0.126363 ^ clkbuf_1_0__f_clk/X (sg13g2_buf_16)
                                                         clknet_1_0__leaf_clk (net)
                      0.021741    0.001427    0.127790 ^ _312_/CLK (sg13g2_dfrbpq_1)
                                  0.150000    0.277790   clock uncertainty
                                  0.000000    0.277790   clock reconvergence pessimism
                                 -0.035656    0.242135   library hold time
                                              0.242135   data required time
---------------------------------------------------------------------------------------------
                                              0.242135   data required time
                                             -0.564336   data arrival time
---------------------------------------------------------------------------------------------
                                              0.322202   slack (MET)


Startpoint: _308_ (rising edge-triggered flip-flop clocked by clk)
Endpoint: sine_out[8] (output port clocked by clk)
Path Group: clk
Path Type: min

Fanout         Cap        Slew       Delay        Time   Description
---------------------------------------------------------------------------------------------
                                  0.000000    0.000000   clock clk (rise edge)
                                  0.000000    0.000000   clock source latency
     1    0.027776    0.000000    0.000000    0.000000 ^ clk (in)
                                                         clk (net)
                      0.004784    0.002392    0.002392 ^ clkbuf_0_clk/A (sg13g2_buf_16)
     2    0.043504    0.023528    0.056986    0.059378 ^ clkbuf_0_clk/X (sg13g2_buf_16)
                                                         clknet_0_clk (net)
                      0.023755    0.002871    0.062249 ^ clkbuf_1_0__f_clk/A (sg13g2_buf_16)
     5    0.031198    0.021714    0.064114    0.126363 ^ clkbuf_1_0__f_clk/X (sg13g2_buf_16)
                                                         clknet_1_0__leaf_clk (net)
                      0.021768    0.001867    0.128230 ^ _308_/CLK (sg13g2_dfrbpq_1)
     3    0.023938    0.079111    0.210989    0.339219 v _308_/Q (sg13g2_dfrbpq_1)
                                                         DPATH.SUM.fa_4.A (net)
                      0.079170    0.002005    0.341224 v _295_/A1 (sg13g2_a21oi_1)
     1    0.004240    0.057705    0.086682    0.427906 ^ _295_/Y (sg13g2_a21oi_1)
                                                         net20 (net)
                      0.057705    0.000108    0.428014 ^ output20/A (sg13g2_buf_1)
     1    0.011860    0.057215    0.098227    0.526242 ^ output20/X (sg13g2_buf_1)
                                                         sine_out[8] (net)
                      0.057215    0.000207    0.526449 ^ sine_out[8] (out)
                                              0.526449   data arrival time

                                  0.000000    0.000000   clock clk (rise edge)
                                  0.000000    0.000000   clock network delay (propagated)
                                  0.150000    0.150000   clock uncertainty
                                  0.000000    0.150000   clock reconvergence pessimism
                                  0.000000    0.150000   output external delay
                                              0.150000   data required time
---------------------------------------------------------------------------------------------
                                              0.150000   data required time
                                             -0.526449   data arrival time
---------------------------------------------------------------------------------------------
                                              0.376449   slack (MET)


Startpoint: _304_ (rising edge-triggered flip-flop clocked by clk)
Endpoint: _311_ (rising edge-triggered flip-flop clocked by clk)
Path Group: clk
Path Type: min

Fanout         Cap        Slew       Delay        Time   Description
---------------------------------------------------------------------------------------------
                                  0.000000    0.000000   clock clk (rise edge)
                                  0.000000    0.000000   clock source latency
     1    0.027776    0.000000    0.000000    0.000000 ^ clk (in)
                                                         clk (net)
                      0.004784    0.002392    0.002392 ^ clkbuf_0_clk/A (sg13g2_buf_16)
     2    0.043504    0.023528    0.056986    0.059378 ^ clkbuf_0_clk/X (sg13g2_buf_16)
                                                         clknet_0_clk (net)
                      0.023607    0.002077    0.061455 ^ clkbuf_1_1__f_clk/A (sg13g2_buf_16)
     5    0.026939    0.020747    0.063287    0.124743 ^ clkbuf_1_1__f_clk/X (sg13g2_buf_16)
                                                         clknet_1_1__leaf_clk (net)
                      0.020780    0.001551    0.126294 ^ _304_/CLK (sg13g2_dfrbpq_1)
     1    0.004827    0.024598    0.164662    0.290956 v _304_/Q (sg13g2_dfrbpq_1)
                                                         DPATH.SUM.Cout0 (net)
                      0.024598    0.000135    0.291090 v fanout41/A (sg13g2_buf_1)
     6    0.037352    0.121101    0.139899    0.430989 v fanout41/X (sg13g2_buf_1)
                                                         net41 (net)
                      0.121248    0.003503    0.434492 v _202_/B (sg13g2_nand3b_1)
     1    0.004180    0.039024    0.074065    0.508557 ^ _202_/Y (sg13g2_nand3b_1)
                                                         _017_ (net)
                      0.039024    0.000079    0.508636 ^ _203_/C (sg13g2_nor3_1)
     2    0.012143    0.047155    0.057417    0.566053 v _203_/Y (sg13g2_nor3_1)
                                                         _018_ (net)
                      0.047172    0.000199    0.566252 v _204_/B (sg13g2_xnor2_1)
     1    0.003614    0.036601    0.062730    0.628981 v _204_/Y (sg13g2_xnor2_1)
                                                         CTRL.P1 (net)
                      0.036601    0.000093    0.629075 v _311_/D (sg13g2_dfrbpq_1)
                                              0.629075   data arrival time

                                  0.000000    0.000000   clock clk (rise edge)
                                  0.000000    0.000000   clock source latency
     1    0.027776    0.000000    0.000000    0.000000 ^ clk (in)
                                                         clk (net)
                      0.004784    0.002392    0.002392 ^ clkbuf_0_clk/A (sg13g2_buf_16)
     2    0.043504    0.023528    0.056986    0.059378 ^ clkbuf_0_clk/X (sg13g2_buf_16)
                                                         clknet_0_clk (net)
                      0.023755    0.002871    0.062249 ^ clkbuf_1_0__f_clk/A (sg13g2_buf_16)
     5    0.031198    0.021714    0.064114    0.126363 ^ clkbuf_1_0__f_clk/X (sg13g2_buf_16)
                                                         clknet_1_0__leaf_clk (net)
                      0.021740    0.001407    0.127770 ^ _311_/CLK (sg13g2_dfrbpq_1)
                                  0.150000    0.277770   clock uncertainty
                                  0.000000    0.277770   clock reconvergence pessimism
                                 -0.039282    0.238488   library hold time
                                              0.238488   data required time
---------------------------------------------------------------------------------------------
                                              0.238488   data required time
                                             -0.629075   data arrival time
---------------------------------------------------------------------------------------------
                                              0.390587   slack (MET)


Startpoint: _308_ (rising edge-triggered flip-flop clocked by clk)
Endpoint: sine_out[7] (output port clocked by clk)
Path Group: clk
Path Type: min

Fanout         Cap        Slew       Delay        Time   Description
---------------------------------------------------------------------------------------------
                                  0.000000    0.000000   clock clk (rise edge)
                                  0.000000    0.000000   clock source latency
     1    0.027776    0.000000    0.000000    0.000000 ^ clk (in)
                                                         clk (net)
                      0.004784    0.002392    0.002392 ^ clkbuf_0_clk/A (sg13g2_buf_16)
     2    0.043504    0.023528    0.056986    0.059378 ^ clkbuf_0_clk/X (sg13g2_buf_16)
                                                         clknet_0_clk (net)
                      0.023755    0.002871    0.062249 ^ clkbuf_1_0__f_clk/A (sg13g2_buf_16)
     5    0.031198    0.021714    0.064114    0.126363 ^ clkbuf_1_0__f_clk/X (sg13g2_buf_16)
                                                         clknet_1_0__leaf_clk (net)
                      0.021768    0.001867    0.128230 ^ _308_/CLK (sg13g2_dfrbpq_1)
     3    0.023884    0.102666    0.223658    0.351888 ^ _308_/Q (sg13g2_dfrbpq_1)
                                                         DPATH.SUM.fa_4.A (net)
                      0.102709    0.002018    0.353906 ^ _294_/A1 (sg13g2_a21oi_1)
     1    0.006414    0.050097    0.096369    0.450275 v _294_/Y (sg13g2_a21oi_1)
                                                         net19 (net)
                      0.050097    0.000267    0.450542 v output19/A (sg13g2_buf_1)
     1    0.014328    0.053307    0.098728    0.549270 v output19/X (sg13g2_buf_1)
                                                         sine_out[7] (net)
                      0.053314    0.000632    0.549902 v sine_out[7] (out)
                                              0.549902   data arrival time

                                  0.000000    0.000000   clock clk (rise edge)
                                  0.000000    0.000000   clock network delay (propagated)
                                  0.150000    0.150000   clock uncertainty
                                  0.000000    0.150000   clock reconvergence pessimism
                                  0.000000    0.150000   output external delay
                                              0.150000   data required time
---------------------------------------------------------------------------------------------
                                              0.150000   data required time
                                             -0.549902   data arrival time
---------------------------------------------------------------------------------------------
                                              0.399902   slack (MET)


Startpoint: _312_ (rising edge-triggered flip-flop clocked by clk)
Endpoint: _306_ (rising edge-triggered flip-flop clocked by clk)
Path Group: clk
Path Type: min

Fanout         Cap        Slew       Delay        Time   Description
---------------------------------------------------------------------------------------------
                                  0.000000    0.000000   clock clk (rise edge)
                                  0.000000    0.000000   clock source latency
     1    0.027776    0.000000    0.000000    0.000000 ^ clk (in)
                                                         clk (net)
                      0.004784    0.002392    0.002392 ^ clkbuf_0_clk/A (sg13g2_buf_16)
     2    0.043504    0.023528    0.056986    0.059378 ^ clkbuf_0_clk/X (sg13g2_buf_16)
                                                         clknet_0_clk (net)
                      0.023755    0.002871    0.062249 ^ clkbuf_1_0__f_clk/A (sg13g2_buf_16)
     5    0.031198    0.021714    0.064114    0.126363 ^ clkbuf_1_0__f_clk/X (sg13g2_buf_16)
                                                         clknet_1_0__leaf_clk (net)
                      0.021741    0.001427    0.127790 ^ _312_/CLK (sg13g2_dfrbpq_1)
     1    0.006039    0.027903    0.168050    0.295841 v _312_/Q (sg13g2_dfrbpq_1)
                                                         CTRL.S0 (net)
                      0.027903    0.000237    0.296078 v fanout24/A (sg13g2_buf_1)
     6    0.039578    0.127527    0.146857    0.442934 v fanout24/X (sg13g2_buf_1)
                                                         net24 (net)
                      0.127607    0.002648    0.445583 v _185_/B (sg13g2_xor2_1)
     2    0.010730    0.049833    0.125650    0.571233 v _185_/X (sg13g2_xor2_1)
                                                         _134_ (net)
                      0.049834    0.000325    0.571558 v _186_/B (sg13g2_xor2_1)
     1    0.005456    0.034313    0.070672    0.642229 v _186_/X (sg13g2_xor2_1)
                                                         DPATH.SUM.fa_2.S (net)
                      0.034313    0.000221    0.642451 v _306_/D (sg13g2_dfrbpq_1)
                                              0.642451   data arrival time

                                  0.000000    0.000000   clock clk (rise edge)
                                  0.000000    0.000000   clock source latency
     1    0.027776    0.000000    0.000000    0.000000 ^ clk (in)
                                                         clk (net)
                      0.004784    0.002392    0.002392 ^ clkbuf_0_clk/A (sg13g2_buf_16)
     2    0.043504    0.023528    0.056986    0.059378 ^ clkbuf_0_clk/X (sg13g2_buf_16)
                                                         clknet_0_clk (net)
                      0.023607    0.002077    0.061455 ^ clkbuf_1_1__f_clk/A (sg13g2_buf_16)
     5    0.026939    0.020747    0.063287    0.124743 ^ clkbuf_1_1__f_clk/X (sg13g2_buf_16)
                                                         clknet_1_1__leaf_clk (net)
                      0.020781    0.001557    0.126299 ^ _306_/CLK (sg13g2_dfrbpq_1)
                                  0.150000    0.276299   clock uncertainty
                                  0.000000    0.276299   clock reconvergence pessimism
                                 -0.038757    0.237542   library hold time
                                              0.237542   data required time
---------------------------------------------------------------------------------------------
                                              0.237542   data required time
                                             -0.642451   data arrival time
---------------------------------------------------------------------------------------------
                                              0.404908   slack (MET)


Startpoint: _312_ (rising edge-triggered flip-flop clocked by clk)
Endpoint: _307_ (rising edge-triggered flip-flop clocked by clk)
Path Group: clk
Path Type: min

Fanout         Cap        Slew       Delay        Time   Description
---------------------------------------------------------------------------------------------
                                  0.000000    0.000000   clock clk (rise edge)
                                  0.000000    0.000000   clock source latency
     1    0.027776    0.000000    0.000000    0.000000 ^ clk (in)
                                                         clk (net)
                      0.004784    0.002392    0.002392 ^ clkbuf_0_clk/A (sg13g2_buf_16)
     2    0.043504    0.023528    0.056986    0.059378 ^ clkbuf_0_clk/X (sg13g2_buf_16)
                                                         clknet_0_clk (net)
                      0.023755    0.002871    0.062249 ^ clkbuf_1_0__f_clk/A (sg13g2_buf_16)
     5    0.031198    0.021714    0.064114    0.126363 ^ clkbuf_1_0__f_clk/X (sg13g2_buf_16)
                                                         clknet_1_0__leaf_clk (net)
                      0.021741    0.001427    0.127790 ^ _312_/CLK (sg13g2_dfrbpq_1)
     1    0.006039    0.027903    0.168050    0.295841 v _312_/Q (sg13g2_dfrbpq_1)
                                                         CTRL.S0 (net)
                      0.027903    0.000237    0.296078 v fanout24/A (sg13g2_buf_1)
     6    0.039578    0.127527    0.146857    0.442934 v fanout24/X (sg13g2_buf_1)
                                                         net24 (net)
                      0.127586    0.002280    0.445214 v _189_/B (sg13g2_xnor2_1)
     2    0.012330    0.083994    0.130303    0.575517 v _189_/Y (sg13g2_xnor2_1)
                                                         _137_ (net)
                      0.083995    0.000484    0.576002 v _190_/B (sg13g2_xor2_1)
     1    0.003718    0.029477    0.076470    0.652472 v _190_/X (sg13g2_xor2_1)
                                                         DPATH.SUM.fa_3.S (net)
                      0.029477    0.000098    0.652571 v _307_/D (sg13g2_dfrbpq_1)
                                              0.652571   data arrival time

                                  0.000000    0.000000   clock clk (rise edge)
                                  0.000000    0.000000   clock source latency
     1    0.027776    0.000000    0.000000    0.000000 ^ clk (in)
                                                         clk (net)
                      0.004784    0.002392    0.002392 ^ clkbuf_0_clk/A (sg13g2_buf_16)
     2    0.043504    0.023528    0.056986    0.059378 ^ clkbuf_0_clk/X (sg13g2_buf_16)
                                                         clknet_0_clk (net)
                      0.023607    0.002077    0.061455 ^ clkbuf_1_1__f_clk/A (sg13g2_buf_16)
     5    0.026939    0.020747    0.063287    0.124743 ^ clkbuf_1_1__f_clk/X (sg13g2_buf_16)
                                                         clknet_1_1__leaf_clk (net)
                      0.020771    0.001326    0.126068 ^ _307_/CLK (sg13g2_dfrbpq_1)
                                  0.150000    0.276068   clock uncertainty
                                  0.000000    0.276068   clock reconvergence pessimism
                                 -0.037226    0.238842   library hold time
                                              0.238842   data required time
---------------------------------------------------------------------------------------------
                                              0.238842   data required time
                                             -0.652571   data arrival time
---------------------------------------------------------------------------------------------
                                              0.413729   slack (MET)


Startpoint: _310_ (rising edge-triggered flip-flop clocked by clk)
Endpoint: _310_ (rising edge-triggered flip-flop clocked by clk)
Path Group: clk
Path Type: min

Fanout         Cap        Slew       Delay        Time   Description
---------------------------------------------------------------------------------------------
                                  0.000000    0.000000   clock clk (rise edge)
                                  0.000000    0.000000   clock source latency
     1    0.027776    0.000000    0.000000    0.000000 ^ clk (in)
                                                         clk (net)
                      0.004784    0.002392    0.002392 ^ clkbuf_0_clk/A (sg13g2_buf_16)
     2    0.043504    0.023528    0.056986    0.059378 ^ clkbuf_0_clk/X (sg13g2_buf_16)
                                                         clknet_0_clk (net)
                      0.023755    0.002871    0.062249 ^ clkbuf_1_0__f_clk/A (sg13g2_buf_16)
     5    0.031198    0.021714    0.064114    0.126363 ^ clkbuf_1_0__f_clk/X (sg13g2_buf_16)
                                                         clknet_1_0__leaf_clk (net)
                      0.021747    0.001577    0.127940 ^ _310_/CLK (sg13g2_dfrbpq_1)
     3    0.019426    0.067653    0.200027    0.327967 v _310_/Q (sg13g2_dfrbpq_1)
                                                         DPATH.SUM.fa_6.A (net)
                      0.067656    0.000583    0.328550 v fanout26/A (sg13g2_buf_1)
     8    0.044753    0.143398    0.176116    0.504666 v fanout26/X (sg13g2_buf_1)
                                                         net26 (net)
                      0.143404    0.001052    0.505717 v _200_/B (sg13g2_xnor2_1)
     1    0.006013    0.051085    0.102839    0.608556 v _200_/Y (sg13g2_xnor2_1)
                                                         _016_ (net)
                      0.051085    0.000100    0.608657 v _201_/B (sg13g2_xnor2_1)
     1    0.002532    0.030865    0.059282    0.667939 v _201_/Y (sg13g2_xnor2_1)
                                                         DPATH.SUM.fa_6.S (net)
                      0.030865    0.000041    0.667980 v _310_/D (sg13g2_dfrbpq_1)
                                              0.667980   data arrival time

                                  0.000000    0.000000   clock clk (rise edge)
                                  0.000000    0.000000   clock source latency
     1    0.027776    0.000000    0.000000    0.000000 ^ clk (in)
                                                         clk (net)
                      0.004784    0.002392    0.002392 ^ clkbuf_0_clk/A (sg13g2_buf_16)
     2    0.043504    0.023528    0.056986    0.059378 ^ clkbuf_0_clk/X (sg13g2_buf_16)
                                                         clknet_0_clk (net)
                      0.023755    0.002871    0.062249 ^ clkbuf_1_0__f_clk/A (sg13g2_buf_16)
     5    0.031198    0.021714    0.064114    0.126363 ^ clkbuf_1_0__f_clk/X (sg13g2_buf_16)
                                                         clknet_1_0__leaf_clk (net)
                      0.021747    0.001577    0.127940 ^ _310_/CLK (sg13g2_dfrbpq_1)
                                  0.150000    0.277940   clock uncertainty
                                  0.000000    0.277940   clock reconvergence pessimism
                                 -0.037463    0.240477   library hold time
                                              0.240477   data required time
---------------------------------------------------------------------------------------------
                                              0.240477   data required time
                                             -0.667980   data arrival time
---------------------------------------------------------------------------------------------
                                              0.427503   slack (MET)


Startpoint: _310_ (rising edge-triggered flip-flop clocked by clk)
Endpoint: sine_out[1] (output port clocked by clk)
Path Group: clk
Path Type: min

Fanout         Cap        Slew       Delay        Time   Description
---------------------------------------------------------------------------------------------
                                  0.000000    0.000000   clock clk (rise edge)
                                  0.000000    0.000000   clock source latency
     1    0.027776    0.000000    0.000000    0.000000 ^ clk (in)
                                                         clk (net)
                      0.004784    0.002392    0.002392 ^ clkbuf_0_clk/A (sg13g2_buf_16)
     2    0.043504    0.023528    0.056986    0.059378 ^ clkbuf_0_clk/X (sg13g2_buf_16)
                                                         clknet_0_clk (net)
                      0.023755    0.002871    0.062249 ^ clkbuf_1_0__f_clk/A (sg13g2_buf_16)
     5    0.031198    0.021714    0.064114    0.126363 ^ clkbuf_1_0__f_clk/X (sg13g2_buf_16)
                                                         clknet_1_0__leaf_clk (net)
                      0.021747    0.001577    0.127940 ^ _310_/CLK (sg13g2_dfrbpq_1)
     3    0.019475    0.086689    0.210881    0.338821 ^ _310_/Q (sg13g2_dfrbpq_1)
                                                         DPATH.SUM.fa_6.A (net)
                      0.086725    0.001673    0.340494 ^ _256_/A (sg13g2_nor4_1)
     1    0.008115    0.038757    0.080570    0.421064 v _256_/Y (sg13g2_nor4_1)
                                                         _068_ (net)
                      0.038782    0.000457    0.421520 v _267_/B1 (sg13g2_a21oi_1)
     1    0.008063    0.064422    0.066769    0.488290 ^ _267_/Y (sg13g2_a21oi_1)
                                                         net13 (net)
                      0.064427    0.000440    0.488730 ^ output13/A (sg13g2_buf_1)
     1    0.015239    0.070612    0.110738    0.599467 ^ output13/X (sg13g2_buf_1)
                                                         sine_out[1] (net)
                      0.070620    0.000808    0.600275 ^ sine_out[1] (out)
                                              0.600275   data arrival time

                                  0.000000    0.000000   clock clk (rise edge)
                                  0.000000    0.000000   clock network delay (propagated)
                                  0.150000    0.150000   clock uncertainty
                                  0.000000    0.150000   clock reconvergence pessimism
                                  0.000000    0.150000   output external delay
                                              0.150000   data required time
---------------------------------------------------------------------------------------------
                                              0.150000   data required time
                                             -0.600275   data arrival time
---------------------------------------------------------------------------------------------
                                              0.450275   slack (MET)


Startpoint: _309_ (rising edge-triggered flip-flop clocked by clk)
Endpoint: _309_ (rising edge-triggered flip-flop clocked by clk)
Path Group: clk
Path Type: min

Fanout         Cap        Slew       Delay        Time   Description
---------------------------------------------------------------------------------------------
                                  0.000000    0.000000   clock clk (rise edge)
                                  0.000000    0.000000   clock source latency
     1    0.027776    0.000000    0.000000    0.000000 ^ clk (in)
                                                         clk (net)
                      0.004784    0.002392    0.002392 ^ clkbuf_0_clk/A (sg13g2_buf_16)
     2    0.043504    0.023528    0.056986    0.059378 ^ clkbuf_0_clk/X (sg13g2_buf_16)
                                                         clknet_0_clk (net)
                      0.023755    0.002871    0.062249 ^ clkbuf_1_0__f_clk/A (sg13g2_buf_16)
     5    0.031198    0.021714    0.064114    0.126363 ^ clkbuf_1_0__f_clk/X (sg13g2_buf_16)
                                                         clknet_1_0__leaf_clk (net)
                      0.021761    0.001769    0.128132 ^ _309_/CLK (sg13g2_dfrbpq_1)
     1    0.004547    0.023855    0.164451    0.292583 v _309_/Q (sg13g2_dfrbpq_1)
                                                         DPATH.SUM.fa_5.A (net)
                      0.023855    0.000131    0.292714 v fanout29/A (sg13g2_buf_1)
     8    0.049069    0.156327    0.166208    0.458922 v fanout29/X (sg13g2_buf_1)
                                                         net29 (net)
                      0.156341    0.001237    0.460159 v _196_/A (sg13g2_xnor2_1)
     2    0.011351    0.079011    0.143926    0.604085 v _196_/Y (sg13g2_xnor2_1)
                                                         _013_ (net)
                      0.079011    0.000294    0.604379 v _198_/A (sg13g2_xor2_1)
     1    0.005478    0.034169    0.086926    0.691305 v _198_/X (sg13g2_xor2_1)
                                                         DPATH.SUM.fa_5.S (net)
                      0.034169    0.000204    0.691509 v _309_/D (sg13g2_dfrbpq_1)
                                              0.691509   data arrival time

                                  0.000000    0.000000   clock clk (rise edge)
                                  0.000000    0.000000   clock source latency
     1    0.027776    0.000000    0.000000    0.000000 ^ clk (in)
                                                         clk (net)
                      0.004784    0.002392    0.002392 ^ clkbuf_0_clk/A (sg13g2_buf_16)
     2    0.043504    0.023528    0.056986    0.059378 ^ clkbuf_0_clk/X (sg13g2_buf_16)
                                                         clknet_0_clk (net)
                      0.023755    0.002871    0.062249 ^ clkbuf_1_0__f_clk/A (sg13g2_buf_16)
     5    0.031198    0.021714    0.064114    0.126363 ^ clkbuf_1_0__f_clk/X (sg13g2_buf_16)
                                                         clknet_1_0__leaf_clk (net)
                      0.021761    0.001769    0.128132 ^ _309_/CLK (sg13g2_dfrbpq_1)
                                  0.150000    0.278132   clock uncertainty
                                  0.000000    0.278132   clock reconvergence pessimism
                                 -0.038507    0.239626   library hold time
                                              0.239626   data required time
---------------------------------------------------------------------------------------------
                                              0.239626   data required time
                                             -0.691509   data arrival time
---------------------------------------------------------------------------------------------
                                              0.451884   slack (MET)


Startpoint: _312_ (rising edge-triggered flip-flop clocked by clk)
Endpoint: _308_ (rising edge-triggered flip-flop clocked by clk)
Path Group: clk
Path Type: min

Fanout         Cap        Slew       Delay        Time   Description
---------------------------------------------------------------------------------------------
                                  0.000000    0.000000   clock clk (rise edge)
                                  0.000000    0.000000   clock source latency
     1    0.027776    0.000000    0.000000    0.000000 ^ clk (in)
                                                         clk (net)
                      0.004784    0.002392    0.002392 ^ clkbuf_0_clk/A (sg13g2_buf_16)
     2    0.043504    0.023528    0.056986    0.059378 ^ clkbuf_0_clk/X (sg13g2_buf_16)
                                                         clknet_0_clk (net)
                      0.023755    0.002871    0.062249 ^ clkbuf_1_0__f_clk/A (sg13g2_buf_16)
     5    0.031198    0.021714    0.064114    0.126363 ^ clkbuf_1_0__f_clk/X (sg13g2_buf_16)
                                                         clknet_1_0__leaf_clk (net)
                      0.021741    0.001427    0.127790 ^ _312_/CLK (sg13g2_dfrbpq_1)
     1    0.006039    0.027903    0.168050    0.295841 v _312_/Q (sg13g2_dfrbpq_1)
                                                         CTRL.S0 (net)
                      0.027903    0.000237    0.296078 v fanout24/A (sg13g2_buf_1)
     6    0.039578    0.127527    0.146857    0.442934 v fanout24/X (sg13g2_buf_1)
                                                         net24 (net)
                      0.127614    0.002767    0.445701 v _188_/B (sg13g2_nand2_1)
     1    0.007768    0.061270    0.084685    0.530386 ^ _188_/Y (sg13g2_nand2_1)
                                                         _136_ (net)
                      0.061271    0.000365    0.530752 ^ _193_/B1 (sg13g2_o21ai_1)
     2    0.015515    0.101827    0.109508    0.640260 v _193_/Y (sg13g2_o21ai_1)
                                                         _011_ (net)
                      0.101830    0.000695    0.640955 v _194_/B (sg13g2_xor2_1)
     1    0.002399    0.026250    0.076452    0.717407 v _194_/X (sg13g2_xor2_1)
                                                         DPATH.SUM.fa_4.S (net)
                      0.026250    0.000035    0.717443 v _308_/D (sg13g2_dfrbpq_1)
                                              0.717443   data arrival time

                                  0.000000    0.000000   clock clk (rise edge)
                                  0.000000    0.000000   clock source latency
     1    0.027776    0.000000    0.000000    0.000000 ^ clk (in)
                                                         clk (net)
                      0.004784    0.002392    0.002392 ^ clkbuf_0_clk/A (sg13g2_buf_16)
     2    0.043504    0.023528    0.056986    0.059378 ^ clkbuf_0_clk/X (sg13g2_buf_16)
                                                         clknet_0_clk (net)
                      0.023755    0.002871    0.062249 ^ clkbuf_1_0__f_clk/A (sg13g2_buf_16)
     5    0.031198    0.021714    0.064114    0.126363 ^ clkbuf_1_0__f_clk/X (sg13g2_buf_16)
                                                         clknet_1_0__leaf_clk (net)
                      0.021768    0.001867    0.128230 ^ _308_/CLK (sg13g2_dfrbpq_1)
                                  0.150000    0.278230   clock uncertainty
                                  0.000000    0.278230   clock reconvergence pessimism
                                 -0.035996    0.242233   library hold time
                                              0.242233   data required time
---------------------------------------------------------------------------------------------
                                              0.242233   data required time
                                             -0.717443   data arrival time
---------------------------------------------------------------------------------------------
                                              0.475209   slack (MET)


Startpoint: _310_ (rising edge-triggered flip-flop clocked by clk)
Endpoint: sine_out[16] (output port clocked by clk)
Path Group: clk
Path Type: min

Fanout         Cap        Slew       Delay        Time   Description
---------------------------------------------------------------------------------------------
                                  0.000000    0.000000   clock clk (rise edge)
                                  0.000000    0.000000   clock source latency
     1    0.027776    0.000000    0.000000    0.000000 ^ clk (in)
                                                         clk (net)
                      0.004784    0.002392    0.002392 ^ clkbuf_0_clk/A (sg13g2_buf_16)
     2    0.043504    0.023528    0.056986    0.059378 ^ clkbuf_0_clk/X (sg13g2_buf_16)
                                                         clknet_0_clk (net)
                      0.023755    0.002871    0.062249 ^ clkbuf_1_0__f_clk/A (sg13g2_buf_16)
     5    0.031198    0.021714    0.064114    0.126363 ^ clkbuf_1_0__f_clk/X (sg13g2_buf_16)
                                                         clknet_1_0__leaf_clk (net)
                      0.021747    0.001577    0.127940 ^ _310_/CLK (sg13g2_dfrbpq_1)
     3    0.019426    0.067653    0.200027    0.327967 v _310_/Q (sg13g2_dfrbpq_1)
                                                         DPATH.SUM.fa_6.A (net)
                      0.067692    0.001496    0.329463 v fanout25/A (sg13g2_buf_1)
     8    0.034867    0.113638    0.154207    0.483669 v fanout25/X (sg13g2_buf_1)
                                                         net25 (net)
                      0.113640    0.000621    0.484290 v _176_/A (sg13g2_nand3_1)
     1    0.004031    0.041104    0.063772    0.548062 ^ _176_/Y (sg13g2_nand3_1)
                                                         net11 (net)
                      0.041104    0.000081    0.548143 ^ output11/A (sg13g2_buf_1)
     1    0.011878    0.056920    0.091124    0.639267 ^ output11/X (sg13g2_buf_1)
                                                         sine_out[16] (net)
                      0.056920    0.000222    0.639490 ^ sine_out[16] (out)
                                              0.639490   data arrival time

                                  0.000000    0.000000   clock clk (rise edge)
                                  0.000000    0.000000   clock network delay (propagated)
                                  0.150000    0.150000   clock uncertainty
                                  0.000000    0.150000   clock reconvergence pessimism
                                  0.000000    0.150000   output external delay
                                              0.150000   data required time
---------------------------------------------------------------------------------------------
                                              0.150000   data required time
                                             -0.639490   data arrival time
---------------------------------------------------------------------------------------------
                                              0.489490   slack (MET)


Startpoint: _310_ (rising edge-triggered flip-flop clocked by clk)
Endpoint: sine_out[14] (output port clocked by clk)
Path Group: clk
Path Type: min

Fanout         Cap        Slew       Delay        Time   Description
---------------------------------------------------------------------------------------------
                                  0.000000    0.000000   clock clk (rise edge)
                                  0.000000    0.000000   clock source latency
     1    0.027776    0.000000    0.000000    0.000000 ^ clk (in)
                                                         clk (net)
                      0.004784    0.002392    0.002392 ^ clkbuf_0_clk/A (sg13g2_buf_16)
     2    0.043504    0.023528    0.056986    0.059378 ^ clkbuf_0_clk/X (sg13g2_buf_16)
                                                         clknet_0_clk (net)
                      0.023755    0.002871    0.062249 ^ clkbuf_1_0__f_clk/A (sg13g2_buf_16)
     5    0.031198    0.021714    0.064114    0.126363 ^ clkbuf_1_0__f_clk/X (sg13g2_buf_16)
                                                         clknet_1_0__leaf_clk (net)
                      0.021747    0.001577    0.127940 ^ _310_/CLK (sg13g2_dfrbpq_1)
     3    0.019426    0.067653    0.200027    0.327967 v _310_/Q (sg13g2_dfrbpq_1)
                                                         DPATH.SUM.fa_6.A (net)
                      0.067692    0.001496    0.329463 v fanout25/A (sg13g2_buf_1)
     8    0.034867    0.113638    0.154207    0.483669 v fanout25/X (sg13g2_buf_1)
                                                         net25 (net)
                      0.113697    0.001334    0.485004 v _171_/B1 (sg13g2_o21ai_1)
     1    0.003296    0.045471    0.063253    0.548257 ^ _171_/Y (sg13g2_o21ai_1)
                                                         net9 (net)
                      0.045471    0.000053    0.548310 ^ output9/A (sg13g2_buf_1)
     1    0.011618    0.055995    0.092251    0.640562 ^ output9/X (sg13g2_buf_1)
                                                         sine_out[14] (net)
                      0.055995    0.000201    0.640762 ^ sine_out[14] (out)
                                              0.640762   data arrival time

                                  0.000000    0.000000   clock clk (rise edge)
                                  0.000000    0.000000   clock network delay (propagated)
                                  0.150000    0.150000   clock uncertainty
                                  0.000000    0.150000   clock reconvergence pessimism
                                  0.000000    0.150000   output external delay
                                              0.150000   data required time
---------------------------------------------------------------------------------------------
                                              0.150000   data required time
                                             -0.640762   data arrival time
---------------------------------------------------------------------------------------------
                                              0.490762   slack (MET)


Startpoint: _310_ (rising edge-triggered flip-flop clocked by clk)
Endpoint: sine_out[13] (output port clocked by clk)
Path Group: clk
Path Type: min

Fanout         Cap        Slew       Delay        Time   Description
---------------------------------------------------------------------------------------------
                                  0.000000    0.000000   clock clk (rise edge)
                                  0.000000    0.000000   clock source latency
     1    0.027776    0.000000    0.000000    0.000000 ^ clk (in)
                                                         clk (net)
                      0.004784    0.002392    0.002392 ^ clkbuf_0_clk/A (sg13g2_buf_16)
     2    0.043504    0.023528    0.056986    0.059378 ^ clkbuf_0_clk/X (sg13g2_buf_16)
                                                         clknet_0_clk (net)
                      0.023755    0.002871    0.062249 ^ clkbuf_1_0__f_clk/A (sg13g2_buf_16)
     5    0.031198    0.021714    0.064114    0.126363 ^ clkbuf_1_0__f_clk/X (sg13g2_buf_16)
                                                         clknet_1_0__leaf_clk (net)
                      0.021747    0.001577    0.127940 ^ _310_/CLK (sg13g2_dfrbpq_1)
     3    0.019426    0.067653    0.200027    0.327967 v _310_/Q (sg13g2_dfrbpq_1)
                                                         DPATH.SUM.fa_6.A (net)
                      0.067692    0.001496    0.329463 v fanout25/A (sg13g2_buf_1)
     8    0.034867    0.113638    0.154207    0.483669 v fanout25/X (sg13g2_buf_1)
                                                         net25 (net)
                      0.113716    0.001815    0.485484 v _170_/B1 (sg13g2_a21oi_1)
     1    0.003636    0.049559    0.067880    0.553365 ^ _170_/Y (sg13g2_a21oi_1)
                                                         net8 (net)
                      0.049559    0.000071    0.553436 ^ output8/A (sg13g2_buf_1)
     1    0.011753    0.056614    0.094425    0.647861 ^ output8/X (sg13g2_buf_1)
                                                         sine_out[13] (net)
                      0.056614    0.000176    0.648037 ^ sine_out[13] (out)
                                              0.648037   data arrival time

                                  0.000000    0.000000   clock clk (rise edge)
                                  0.000000    0.000000   clock network delay (propagated)
                                  0.150000    0.150000   clock uncertainty
                                  0.000000    0.150000   clock reconvergence pessimism
                                  0.000000    0.150000   output external delay
                                              0.150000   data required time
---------------------------------------------------------------------------------------------
                                              0.150000   data required time
                                             -0.648037   data arrival time
---------------------------------------------------------------------------------------------
                                              0.498037   slack (MET)


Startpoint: _310_ (rising edge-triggered flip-flop clocked by clk)
Endpoint: sine_out[15] (output port clocked by clk)
Path Group: clk
Path Type: min

Fanout         Cap        Slew       Delay        Time   Description
---------------------------------------------------------------------------------------------
                                  0.000000    0.000000   clock clk (rise edge)
                                  0.000000    0.000000   clock source latency
     1    0.027776    0.000000    0.000000    0.000000 ^ clk (in)
                                                         clk (net)
                      0.004784    0.002392    0.002392 ^ clkbuf_0_clk/A (sg13g2_buf_16)
     2    0.043504    0.023528    0.056986    0.059378 ^ clkbuf_0_clk/X (sg13g2_buf_16)
                                                         clknet_0_clk (net)
                      0.023755    0.002871    0.062249 ^ clkbuf_1_0__f_clk/A (sg13g2_buf_16)
     5    0.031198    0.021714    0.064114    0.126363 ^ clkbuf_1_0__f_clk/X (sg13g2_buf_16)
                                                         clknet_1_0__leaf_clk (net)
                      0.021747    0.001577    0.127940 ^ _310_/CLK (sg13g2_dfrbpq_1)
     3    0.019426    0.067653    0.200027    0.327967 v _310_/Q (sg13g2_dfrbpq_1)
                                                         DPATH.SUM.fa_6.A (net)
                      0.067692    0.001496    0.329463 v fanout25/A (sg13g2_buf_1)
     8    0.034867    0.113638    0.154207    0.483669 v fanout25/X (sg13g2_buf_1)
                                                         net25 (net)
                      0.113686    0.000951    0.484620 v _173_/B1 (sg13g2_o21ai_1)
     1    0.005323    0.053319    0.072478    0.557098 ^ _173_/Y (sg13g2_o21ai_1)
                                                         net10 (net)
                      0.053319    0.000188    0.557286 ^ output10/A (sg13g2_buf_1)
     1    0.012400    0.059230    0.097891    0.655177 ^ output10/X (sg13g2_buf_1)
                                                         sine_out[15] (net)
                      0.059231    0.000268    0.655446 ^ sine_out[15] (out)
                                              0.655446   data arrival time

                                  0.000000    0.000000   clock clk (rise edge)
                                  0.000000    0.000000   clock network delay (propagated)
                                  0.150000    0.150000   clock uncertainty
                                  0.000000    0.150000   clock reconvergence pessimism
                                  0.000000    0.150000   output external delay
                                              0.150000   data required time
---------------------------------------------------------------------------------------------
                                              0.150000   data required time
                                             -0.655446   data arrival time
---------------------------------------------------------------------------------------------
                                              0.505446   slack (MET)


Startpoint: _305_ (rising edge-triggered flip-flop clocked by clk)
Endpoint: _305_ (rising edge-triggered flip-flop clocked by clk)
Path Group: clk
Path Type: min

Fanout         Cap        Slew       Delay        Time   Description
---------------------------------------------------------------------------------------------
                                  0.000000    0.000000   clock clk (rise edge)
                                  0.000000    0.000000   clock source latency
     1    0.027776    0.000000    0.000000    0.000000 ^ clk (in)
                                                         clk (net)
                      0.004784    0.002392    0.002392 ^ clkbuf_0_clk/A (sg13g2_buf_16)
     2    0.043504    0.023528    0.056986    0.059378 ^ clkbuf_0_clk/X (sg13g2_buf_16)
                                                         clknet_0_clk (net)
                      0.023607    0.002077    0.061455 ^ clkbuf_1_1__f_clk/A (sg13g2_buf_16)
     5    0.026939    0.020747    0.063287    0.124743 ^ clkbuf_1_1__f_clk/X (sg13g2_buf_16)
                                                         clknet_1_1__leaf_clk (net)
                      0.020773    0.001395    0.126137 ^ _305_/CLK (sg13g2_dfrbpq_1)
     3    0.023471    0.077757    0.209443    0.335581 v _305_/Q (sg13g2_dfrbpq_1)
                                                         DPATH.SUM.fa_1.A (net)
                      0.077762    0.000728    0.336309 v fanout38/A (sg13g2_buf_1)
     8    0.053562    0.169961    0.200335    0.536644 v fanout38/X (sg13g2_buf_1)
                                                         net38 (net)
                      0.169962    0.000799    0.537443 v _181_/A (sg13g2_xnor2_1)
     2    0.012230    0.083934    0.152795    0.690237 v _181_/Y (sg13g2_xnor2_1)
                                                         _131_ (net)
                      0.083935    0.000400    0.690637 v _182_/B (sg13g2_xnor2_1)
     1    0.003218    0.036192    0.073649    0.764287 v _182_/Y (sg13g2_xnor2_1)
                                                         DPATH.SUM.fa_1.S (net)
                      0.036192    0.000072    0.764358 v _305_/D (sg13g2_dfrbpq_1)
                                              0.764358   data arrival time

                                  0.000000    0.000000   clock clk (rise edge)
                                  0.000000    0.000000   clock source latency
     1    0.027776    0.000000    0.000000    0.000000 ^ clk (in)
                                                         clk (net)
                      0.004784    0.002392    0.002392 ^ clkbuf_0_clk/A (sg13g2_buf_16)
     2    0.043504    0.023528    0.056986    0.059378 ^ clkbuf_0_clk/X (sg13g2_buf_16)
                                                         clknet_0_clk (net)
                      0.023607    0.002077    0.061455 ^ clkbuf_1_1__f_clk/A (sg13g2_buf_16)
     5    0.026939    0.020747    0.063287    0.124743 ^ clkbuf_1_1__f_clk/X (sg13g2_buf_16)
                                                         clknet_1_1__leaf_clk (net)
                      0.020773    0.001395    0.126137 ^ _305_/CLK (sg13g2_dfrbpq_1)
                                  0.150000    0.276137   clock uncertainty
                                  0.000000    0.276137   clock reconvergence pessimism
                                 -0.039353    0.236784   library hold time
                                              0.236784   data required time
---------------------------------------------------------------------------------------------
                                              0.236784   data required time
                                             -0.764358   data arrival time
---------------------------------------------------------------------------------------------
                                              0.527575   slack (MET)


Startpoint: _310_ (rising edge-triggered flip-flop clocked by clk)
Endpoint: sine_out[9] (output port clocked by clk)
Path Group: clk
Path Type: min

Fanout         Cap        Slew       Delay        Time   Description
---------------------------------------------------------------------------------------------
                                  0.000000    0.000000   clock clk (rise edge)
                                  0.000000    0.000000   clock source latency
     1    0.027776    0.000000    0.000000    0.000000 ^ clk (in)
                                                         clk (net)
                      0.004784    0.002392    0.002392 ^ clkbuf_0_clk/A (sg13g2_buf_16)
     2    0.043504    0.023528    0.056986    0.059378 ^ clkbuf_0_clk/X (sg13g2_buf_16)
                                                         clknet_0_clk (net)
                      0.023755    0.002871    0.062249 ^ clkbuf_1_0__f_clk/A (sg13g2_buf_16)
     5    0.031198    0.021714    0.064114    0.126363 ^ clkbuf_1_0__f_clk/X (sg13g2_buf_16)
                                                         clknet_1_0__leaf_clk (net)
                      0.021747    0.001577    0.127940 ^ _310_/CLK (sg13g2_dfrbpq_1)
     3    0.019426    0.067653    0.200027    0.327967 v _310_/Q (sg13g2_dfrbpq_1)
                                                         DPATH.SUM.fa_6.A (net)
                      0.067692    0.001496    0.329463 v fanout25/A (sg13g2_buf_1)
     8    0.034867    0.113638    0.154207    0.483669 v fanout25/X (sg13g2_buf_1)
                                                         net25 (net)
                      0.113706    0.001584    0.485254 v _150_/B1 (sg13g2_a21oi_1)
     1    0.005897    0.065018    0.079881    0.565134 ^ _150_/Y (sg13g2_a21oi_1)
                                                         net21 (net)
                      0.065018    0.000215    0.565350 ^ output21/A (sg13g2_buf_1)
     1    0.015664    0.072301    0.112176    0.677525 ^ output21/X (sg13g2_buf_1)
                                                         sine_out[9] (net)
                      0.072313    0.000935    0.678460 ^ sine_out[9] (out)
                                              0.678460   data arrival time

                                  0.000000    0.000000   clock clk (rise edge)
                                  0.000000    0.000000   clock network delay (propagated)
                                  0.150000    0.150000   clock uncertainty
                                  0.000000    0.150000   clock reconvergence pessimism
                                  0.000000    0.150000   output external delay
                                              0.150000   data required time
---------------------------------------------------------------------------------------------
                                              0.150000   data required time
                                             -0.678460   data arrival time
---------------------------------------------------------------------------------------------
                                              0.528460   slack (MET)


Startpoint: _310_ (rising edge-triggered flip-flop clocked by clk)
Endpoint: sine_out[17] (output port clocked by clk)
Path Group: clk
Path Type: min

Fanout         Cap        Slew       Delay        Time   Description
---------------------------------------------------------------------------------------------
                                  0.000000    0.000000   clock clk (rise edge)
                                  0.000000    0.000000   clock source latency
     1    0.027776    0.000000    0.000000    0.000000 ^ clk (in)
                                                         clk (net)
                      0.004784    0.002392    0.002392 ^ clkbuf_0_clk/A (sg13g2_buf_16)
     2    0.043504    0.023528    0.056986    0.059378 ^ clkbuf_0_clk/X (sg13g2_buf_16)
                                                         clknet_0_clk (net)
                      0.023755    0.002871    0.062249 ^ clkbuf_1_0__f_clk/A (sg13g2_buf_16)
     5    0.031198    0.021714    0.064114    0.126363 ^ clkbuf_1_0__f_clk/X (sg13g2_buf_16)
                                                         clknet_1_0__leaf_clk (net)
                      0.021747    0.001577    0.127940 ^ _310_/CLK (sg13g2_dfrbpq_1)
     3    0.019426    0.067653    0.200027    0.327967 v _310_/Q (sg13g2_dfrbpq_1)
                                                         DPATH.SUM.fa_6.A (net)
                      0.067656    0.000583    0.328550 v fanout26/A (sg13g2_buf_1)
     8    0.044753    0.143398    0.176116    0.504666 v fanout26/X (sg13g2_buf_1)
                                                         net26 (net)
                      0.143481    0.002092    0.506758 v _179_/B (sg13g2_nand3_1)
     1    0.005713    0.052352    0.085370    0.592127 ^ _179_/Y (sg13g2_nand3_1)
                                                         net12 (net)
                      0.052352    0.000220    0.592348 ^ output12/A (sg13g2_buf_1)
     1    0.013654    0.064155    0.100992    0.693340 ^ output12/X (sg13g2_buf_1)
                                                         sine_out[17] (net)
                      0.064159    0.000576    0.693916 ^ sine_out[17] (out)
                                              0.693916   data arrival time

                                  0.000000    0.000000   clock clk (rise edge)
                                  0.000000    0.000000   clock network delay (propagated)
                                  0.150000    0.150000   clock uncertainty
                                  0.000000    0.150000   clock reconvergence pessimism
                                  0.000000    0.150000   output external delay
                                              0.150000   data required time
---------------------------------------------------------------------------------------------
                                              0.150000   data required time
                                             -0.693916   data arrival time
---------------------------------------------------------------------------------------------
                                              0.543916   slack (MET)


Startpoint: _305_ (rising edge-triggered flip-flop clocked by clk)
Endpoint: sine_out[0] (output port clocked by clk)
Path Group: clk
Path Type: min

Fanout         Cap        Slew       Delay        Time   Description
---------------------------------------------------------------------------------------------
                                  0.000000    0.000000   clock clk (rise edge)
                                  0.000000    0.000000   clock source latency
     1    0.027776    0.000000    0.000000    0.000000 ^ clk (in)
                                                         clk (net)
                      0.004784    0.002392    0.002392 ^ clkbuf_0_clk/A (sg13g2_buf_16)
     2    0.043504    0.023528    0.056986    0.059378 ^ clkbuf_0_clk/X (sg13g2_buf_16)
                                                         clknet_0_clk (net)
                      0.023607    0.002077    0.061455 ^ clkbuf_1_1__f_clk/A (sg13g2_buf_16)
     5    0.026939    0.020747    0.063287    0.124743 ^ clkbuf_1_1__f_clk/X (sg13g2_buf_16)
                                                         clknet_1_1__leaf_clk (net)
                      0.020773    0.001395    0.126137 ^ _305_/CLK (sg13g2_dfrbpq_1)
     3    0.023471    0.077757    0.209443    0.335581 v _305_/Q (sg13g2_dfrbpq_1)
                                                         DPATH.SUM.fa_1.A (net)
                      0.077811    0.001863    0.337443 v _235_/A2 (sg13g2_a21oi_1)
     1    0.004595    0.061176    0.098025    0.435469 ^ _235_/Y (sg13g2_a21oi_1)
                                                         _048_ (net)
                      0.061176    0.000080    0.435549 ^ _236_/A2 (sg13g2_o21ai_1)
     1    0.004896    0.042371    0.069491    0.505040 v _236_/Y (sg13g2_o21ai_1)
                                                         _049_ (net)
                      0.042371    0.000135    0.505175 v _238_/A (sg13g2_nand2_1)
     1    0.005708    0.036417    0.043918    0.549093 ^ _238_/Y (sg13g2_nand2_1)
                                                         _051_ (net)
                      0.036418    0.000186    0.549279 ^ _247_/B1 (sg13g2_a22oi_1)
     1    0.006729    0.052992    0.069075    0.618354 v _247_/Y (sg13g2_a22oi_1)
                                                         net4 (net)
                      0.052993    0.000300    0.618653 v output4/A (sg13g2_buf_1)
     1    0.014633    0.054314    0.100641    0.719294 v output4/X (sg13g2_buf_1)
                                                         sine_out[0] (net)
                      0.054326    0.000793    0.720087 v sine_out[0] (out)
                                              0.720087   data arrival time

                                  0.000000    0.000000   clock clk (rise edge)
                                  0.000000    0.000000   clock network delay (propagated)
                                  0.150000    0.150000   clock uncertainty
                                  0.000000    0.150000   clock reconvergence pessimism
                                  0.000000    0.150000   output external delay
                                              0.150000   data required time
---------------------------------------------------------------------------------------------
                                              0.150000   data required time
                                             -0.720087   data arrival time
---------------------------------------------------------------------------------------------
                                              0.570087   slack (MET)


Startpoint: _310_ (rising edge-triggered flip-flop clocked by clk)
Endpoint: sine_out[2] (output port clocked by clk)
Path Group: clk
Path Type: min

Fanout         Cap        Slew       Delay        Time   Description
---------------------------------------------------------------------------------------------
                                  0.000000    0.000000   clock clk (rise edge)
                                  0.000000    0.000000   clock source latency
     1    0.027776    0.000000    0.000000    0.000000 ^ clk (in)
                                                         clk (net)
                      0.004784    0.002392    0.002392 ^ clkbuf_0_clk/A (sg13g2_buf_16)
     2    0.043504    0.023528    0.056986    0.059378 ^ clkbuf_0_clk/X (sg13g2_buf_16)
                                                         clknet_0_clk (net)
                      0.023755    0.002871    0.062249 ^ clkbuf_1_0__f_clk/A (sg13g2_buf_16)
     5    0.031198    0.021714    0.064114    0.126363 ^ clkbuf_1_0__f_clk/X (sg13g2_buf_16)
                                                         clknet_1_0__leaf_clk (net)
                      0.021747    0.001577    0.127940 ^ _310_/CLK (sg13g2_dfrbpq_1)
     3    0.019426    0.067653    0.200027    0.327967 v _310_/Q (sg13g2_dfrbpq_1)
                                                         DPATH.SUM.fa_6.A (net)
                      0.067656    0.000583    0.328550 v fanout26/A (sg13g2_buf_1)
     8    0.044753    0.143398    0.176116    0.504666 v fanout26/X (sg13g2_buf_1)
                                                         net26 (net)
                      0.143402    0.000930    0.505596 v _279_/A (sg13g2_nor2_1)
     1    0.004491    0.059823    0.096277    0.601873 ^ _279_/Y (sg13g2_nor2_1)
                                                         _090_ (net)
                      0.059823    0.000094    0.601967 ^ _288_/A2 (sg13g2_a21oi_1)
     1    0.008051    0.037417    0.090009    0.691976 v _288_/Y (sg13g2_a21oi_1)
                                                         net14 (net)
                      0.037436    0.000340    0.692316 v output14/A (sg13g2_buf_1)
     1    0.014812    0.054552    0.094408    0.786724 v output14/X (sg13g2_buf_1)
                                                         sine_out[2] (net)
                      0.054561    0.000720    0.787444 v sine_out[2] (out)
                                              0.787444   data arrival time

                                  0.000000    0.000000   clock clk (rise edge)
                                  0.000000    0.000000   clock network delay (propagated)
                                  0.150000    0.150000   clock uncertainty
                                  0.000000    0.150000   clock reconvergence pessimism
                                  0.000000    0.150000   output external delay
                                              0.150000   data required time
---------------------------------------------------------------------------------------------
                                              0.150000   data required time
                                             -0.787444   data arrival time
---------------------------------------------------------------------------------------------
                                              0.637444   slack (MET)


Startpoint: _310_ (rising edge-triggered flip-flop clocked by clk)
Endpoint: sine_out[10] (output port clocked by clk)
Path Group: clk
Path Type: min

Fanout         Cap        Slew       Delay        Time   Description
---------------------------------------------------------------------------------------------
                                  0.000000    0.000000   clock clk (rise edge)
                                  0.000000    0.000000   clock source latency
     1    0.027776    0.000000    0.000000    0.000000 ^ clk (in)
                                                         clk (net)
                      0.004784    0.002392    0.002392 ^ clkbuf_0_clk/A (sg13g2_buf_16)
     2    0.043504    0.023528    0.056986    0.059378 ^ clkbuf_0_clk/X (sg13g2_buf_16)
                                                         clknet_0_clk (net)
                      0.023755    0.002871    0.062249 ^ clkbuf_1_0__f_clk/A (sg13g2_buf_16)
     5    0.031198    0.021714    0.064114    0.126363 ^ clkbuf_1_0__f_clk/X (sg13g2_buf_16)
                                                         clknet_1_0__leaf_clk (net)
                      0.021747    0.001577    0.127940 ^ _310_/CLK (sg13g2_dfrbpq_1)
     3    0.019475    0.086689    0.210881    0.338821 ^ _310_/Q (sg13g2_dfrbpq_1)
                                                         DPATH.SUM.fa_6.A (net)
                      0.086717    0.001499    0.340319 ^ fanout25/A (sg13g2_buf_1)
     8    0.035676    0.150991    0.178394    0.518713 ^ fanout25/X (sg13g2_buf_1)
                                                         net25 (net)
                      0.151028    0.001954    0.520667 ^ _153_/A_N (sg13g2_nand2b_1)
     3    0.016549    0.078974    0.146103    0.666770 ^ _153_/Y (sg13g2_nand2b_1)
                                                         _111_ (net)
                      0.078976    0.000533    0.667303 ^ _159_/B1 (sg13g2_a21oi_1)
     1    0.003608    0.029925    0.046535    0.713838 v _159_/Y (sg13g2_a21oi_1)
                                                         net5 (net)
                      0.029925    0.000072    0.713909 v output5/A (sg13g2_buf_1)
     1    0.012367    0.046938    0.085398    0.799308 v output5/X (sg13g2_buf_1)
                                                         sine_out[10] (net)
                      0.046939    0.000275    0.799582 v sine_out[10] (out)
                                              0.799582   data arrival time

                                  0.000000    0.000000   clock clk (rise edge)
                                  0.000000    0.000000   clock network delay (propagated)
                                  0.150000    0.150000   clock uncertainty
                                  0.000000    0.150000   clock reconvergence pessimism
                                  0.000000    0.150000   output external delay
                                              0.150000   data required time
---------------------------------------------------------------------------------------------
                                              0.150000   data required time
                                             -0.799582   data arrival time
---------------------------------------------------------------------------------------------
                                              0.649582   slack (MET)


Startpoint: _310_ (rising edge-triggered flip-flop clocked by clk)
Endpoint: sine_out[11] (output port clocked by clk)
Path Group: clk
Path Type: min

Fanout         Cap        Slew       Delay        Time   Description
---------------------------------------------------------------------------------------------
                                  0.000000    0.000000   clock clk (rise edge)
                                  0.000000    0.000000   clock source latency
     1    0.027776    0.000000    0.000000    0.000000 ^ clk (in)
                                                         clk (net)
                      0.004784    0.002392    0.002392 ^ clkbuf_0_clk/A (sg13g2_buf_16)
     2    0.043504    0.023528    0.056986    0.059378 ^ clkbuf_0_clk/X (sg13g2_buf_16)
                                                         clknet_0_clk (net)
                      0.023755    0.002871    0.062249 ^ clkbuf_1_0__f_clk/A (sg13g2_buf_16)
     5    0.031198    0.021714    0.064114    0.126363 ^ clkbuf_1_0__f_clk/X (sg13g2_buf_16)
                                                         clknet_1_0__leaf_clk (net)
                      0.021747    0.001577    0.127940 ^ _310_/CLK (sg13g2_dfrbpq_1)
     3    0.019475    0.086689    0.210881    0.338821 ^ _310_/Q (sg13g2_dfrbpq_1)
                                                         DPATH.SUM.fa_6.A (net)
                      0.086717    0.001499    0.340319 ^ fanout25/A (sg13g2_buf_1)
     8    0.035676    0.150991    0.178394    0.518713 ^ fanout25/X (sg13g2_buf_1)
                                                         net25 (net)
                      0.151028    0.001952    0.520666 ^ _161_/B (sg13g2_or2_1)
     2    0.011377    0.057378    0.132323    0.652989 ^ _161_/X (sg13g2_or2_1)
                                                         _118_ (net)
                      0.057378    0.000218    0.653207 ^ _162_/A2 (sg13g2_o21ai_1)
     1    0.005072    0.043615    0.069042    0.722249 v _162_/Y (sg13g2_o21ai_1)
                                                         net6 (net)
                      0.043615    0.000154    0.722403 v output6/A (sg13g2_buf_1)
     1    0.015895    0.057988    0.099627    0.822030 v output6/X (sg13g2_buf_1)
                                                         sine_out[11] (net)
                      0.058005    0.000943    0.822973 v sine_out[11] (out)
                                              0.822973   data arrival time

                                  0.000000    0.000000   clock clk (rise edge)
                                  0.000000    0.000000   clock network delay (propagated)
                                  0.150000    0.150000   clock uncertainty
                                  0.000000    0.150000   clock reconvergence pessimism
                                  0.000000    0.150000   output external delay
                                              0.150000   data required time
---------------------------------------------------------------------------------------------
                                              0.150000   data required time
                                             -0.822973   data arrival time
---------------------------------------------------------------------------------------------
                                              0.672973   slack (MET)


Startpoint: _310_ (rising edge-triggered flip-flop clocked by clk)
Endpoint: sine_out[12] (output port clocked by clk)
Path Group: clk
Path Type: min

Fanout         Cap        Slew       Delay        Time   Description
---------------------------------------------------------------------------------------------
                                  0.000000    0.000000   clock clk (rise edge)
                                  0.000000    0.000000   clock source latency
     1    0.027776    0.000000    0.000000    0.000000 ^ clk (in)
                                                         clk (net)
                      0.004784    0.002392    0.002392 ^ clkbuf_0_clk/A (sg13g2_buf_16)
     2    0.043504    0.023528    0.056986    0.059378 ^ clkbuf_0_clk/X (sg13g2_buf_16)
                                                         clknet_0_clk (net)
                      0.023755    0.002871    0.062249 ^ clkbuf_1_0__f_clk/A (sg13g2_buf_16)
     5    0.031198    0.021714    0.064114    0.126363 ^ clkbuf_1_0__f_clk/X (sg13g2_buf_16)
                                                         clknet_1_0__leaf_clk (net)
                      0.021747    0.001577    0.127940 ^ _310_/CLK (sg13g2_dfrbpq_1)
     3    0.019426    0.067653    0.200027    0.327967 v _310_/Q (sg13g2_dfrbpq_1)
                                                         DPATH.SUM.fa_6.A (net)
                      0.067692    0.001496    0.329463 v fanout25/A (sg13g2_buf_1)
     8    0.034867    0.113638    0.154207    0.483669 v fanout25/X (sg13g2_buf_1)
                                                         net25 (net)
                      0.113720    0.001897    0.485567 v _153_/A_N (sg13g2_nand2b_1)
     3    0.016048    0.103680    0.163943    0.649509 v _153_/Y (sg13g2_nand2b_1)
                                                         _111_ (net)
                      0.103680    0.000397    0.649906 v _167_/B1 (sg13g2_o21ai_1)
     1    0.006355    0.055773    0.074818    0.724724 ^ _167_/Y (sg13g2_o21ai_1)
                                                         net7 (net)
                      0.055774    0.000264    0.724988 ^ output7/A (sg13g2_buf_1)
     1    0.013361    0.063072    0.101637    0.826625 ^ output7/X (sg13g2_buf_1)
                                                         sine_out[12] (net)
                      0.063075    0.000524    0.827149 ^ sine_out[12] (out)
                                              0.827149   data arrival time

                                  0.000000    0.000000   clock clk (rise edge)
                                  0.000000    0.000000   clock network delay (propagated)
                                  0.150000    0.150000   clock uncertainty
                                  0.000000    0.150000   clock reconvergence pessimism
                                  0.000000    0.150000   output external delay
                                              0.150000   data required time
---------------------------------------------------------------------------------------------
                                              0.150000   data required time
                                             -0.827149   data arrival time
---------------------------------------------------------------------------------------------
                                              0.677149   slack (MET)


Startpoint: _311_ (rising edge-triggered flip-flop clocked by clk)
Endpoint: signB (output port clocked by clk)
Path Group: clk
Path Type: min

Fanout         Cap        Slew       Delay        Time   Description
---------------------------------------------------------------------------------------------
                                  0.000000    0.000000   clock clk (rise edge)
                                  0.000000    0.000000   clock source latency
     1    0.027776    0.000000    0.000000    0.000000 ^ clk (in)
                                                         clk (net)
                      0.004784    0.002392    0.002392 ^ clkbuf_0_clk/A (sg13g2_buf_16)
     2    0.043504    0.023528    0.056986    0.059378 ^ clkbuf_0_clk/X (sg13g2_buf_16)
                                                         clknet_0_clk (net)
                      0.023755    0.002871    0.062249 ^ clkbuf_1_0__f_clk/A (sg13g2_buf_16)
     5    0.031198    0.021714    0.064114    0.126363 ^ clkbuf_1_0__f_clk/X (sg13g2_buf_16)
                                                         clknet_1_0__leaf_clk (net)
                      0.021740    0.001407    0.127770 ^ _311_/CLK (sg13g2_dfrbpq_1)
     2    0.006454    0.036703    0.173666    0.301436 ^ _311_/Q (sg13g2_dfrbpq_1)
                                                         net2 (net)
                      0.036725    0.000087    0.301523 ^ hold43/A (sg13g2_dlygate4sd3_1)
     1    0.008211    0.052900    0.379412    0.680935 ^ hold43/X (sg13g2_dlygate4sd3_1)
                                                         net43 (net)
                      0.052900    0.000438    0.681373 ^ _142_/A (sg13g2_inv_1)
     2    0.012092    0.048813    0.059824    0.741198 v _142_/Y (sg13g2_inv_1)
                                                         net3 (net)
                      0.048816    0.000432    0.741629 v output3/A (sg13g2_buf_1)
     1    0.035764    0.115888    0.147007    0.888636 v output3/X (sg13g2_buf_1)
                                                         signB (net)
                      0.116013    0.002688    0.891324 v signB (out)
                                              0.891324   data arrival time

                                  0.000000    0.000000   clock clk (rise edge)
                                  0.000000    0.000000   clock network delay (propagated)
                                  0.150000    0.150000   clock uncertainty
                                  0.000000    0.150000   clock reconvergence pessimism
                                  0.000000    0.150000   output external delay
                                              0.150000   data required time
---------------------------------------------------------------------------------------------
                                              0.150000   data required time
                                             -0.891324   data arrival time
---------------------------------------------------------------------------------------------
                                              0.741324   slack (MET)


Startpoint: _304_ (rising edge-triggered flip-flop clocked by clk)
Endpoint: _304_ (rising edge-triggered flip-flop clocked by clk)
Path Group: clk
Path Type: min

Fanout         Cap        Slew       Delay        Time   Description
---------------------------------------------------------------------------------------------
                                  0.000000    0.000000   clock clk (rise edge)
                                  0.000000    0.000000   clock source latency
     1    0.027776    0.000000    0.000000    0.000000 ^ clk (in)
                                                         clk (net)
                      0.004784    0.002392    0.002392 ^ clkbuf_0_clk/A (sg13g2_buf_16)
     2    0.043504    0.023528    0.056986    0.059378 ^ clkbuf_0_clk/X (sg13g2_buf_16)
                                                         clknet_0_clk (net)
                      0.023607    0.002077    0.061455 ^ clkbuf_1_1__f_clk/A (sg13g2_buf_16)
     5    0.026939    0.020747    0.063287    0.124743 ^ clkbuf_1_1__f_clk/X (sg13g2_buf_16)
                                                         clknet_1_1__leaf_clk (net)
                      0.020780    0.001551    0.126294 ^ _304_/CLK (sg13g2_dfrbpq_1)
     1    0.004827    0.024598    0.164662    0.290956 v _304_/Q (sg13g2_dfrbpq_1)
                                                         DPATH.SUM.Cout0 (net)
                      0.024598    0.000135    0.291090 v fanout41/A (sg13g2_buf_1)
     6    0.037352    0.121101    0.139899    0.430989 v fanout41/X (sg13g2_buf_1)
                                                         net41 (net)
                      0.121102    0.000346    0.431335 v fanout40/A (sg13g2_buf_1)
     4    0.022212    0.078261    0.145378    0.576713 v fanout40/X (sg13g2_buf_1)
                                                         net40 (net)
                      0.078261    0.000283    0.576996 v fanout39/A (sg13g2_buf_1)
     8    0.041080    0.132479    0.171935    0.748931 v fanout39/X (sg13g2_buf_1)
                                                         net39 (net)
                      0.132634    0.003215    0.752146 v _141_/A (sg13g2_inv_1)
     6    0.033615    0.153552    0.173093    0.925239 ^ _141_/Y (sg13g2_inv_1)
                                                         DPATH.SUM.ha_0.S (net)
                      0.153557    0.000788    0.926026 ^ _304_/D (sg13g2_dfrbpq_1)
                                              0.926026   data arrival time

                                  0.000000    0.000000   clock clk (rise edge)
                                  0.000000    0.000000   clock source latency
     1    0.027776    0.000000    0.000000    0.000000 ^ clk (in)
                                                         clk (net)
                      0.004784    0.002392    0.002392 ^ clkbuf_0_clk/A (sg13g2_buf_16)
     2    0.043504    0.023528    0.056986    0.059378 ^ clkbuf_0_clk/X (sg13g2_buf_16)
                                                         clknet_0_clk (net)
                      0.023607    0.002077    0.061455 ^ clkbuf_1_1__f_clk/A (sg13g2_buf_16)
     5    0.026939    0.020747    0.063287    0.124743 ^ clkbuf_1_1__f_clk/X (sg13g2_buf_16)
                                                         clknet_1_1__leaf_clk (net)
                      0.020780    0.001551    0.126294 ^ _304_/CLK (sg13g2_dfrbpq_1)
                                  0.150000    0.276294   clock uncertainty
                                  0.000000    0.276294   clock reconvergence pessimism
                                 -0.095253    0.181040   library hold time
                                              0.181040   data required time
---------------------------------------------------------------------------------------------
                                              0.181040   data required time
                                             -0.926026   data arrival time
---------------------------------------------------------------------------------------------
                                              0.744986   slack (MET)


Startpoint: _310_ (rising edge-triggered flip-flop clocked by clk)
Endpoint: sine_out[6] (output port clocked by clk)
Path Group: clk
Path Type: min

Fanout         Cap        Slew       Delay        Time   Description
---------------------------------------------------------------------------------------------
                                  0.000000    0.000000   clock clk (rise edge)
                                  0.000000    0.000000   clock source latency
     1    0.027776    0.000000    0.000000    0.000000 ^ clk (in)
                                                         clk (net)
                      0.004784    0.002392    0.002392 ^ clkbuf_0_clk/A (sg13g2_buf_16)
     2    0.043504    0.023528    0.056986    0.059378 ^ clkbuf_0_clk/X (sg13g2_buf_16)
                                                         clknet_0_clk (net)
                      0.023755    0.002871    0.062249 ^ clkbuf_1_0__f_clk/A (sg13g2_buf_16)
     5    0.031198    0.021714    0.064114    0.126363 ^ clkbuf_1_0__f_clk/X (sg13g2_buf_16)
                                                         clknet_1_0__leaf_clk (net)
                      0.021747    0.001577    0.127940 ^ _310_/CLK (sg13g2_dfrbpq_1)
     3    0.019426    0.067653    0.200027    0.327967 v _310_/Q (sg13g2_dfrbpq_1)
                                                         DPATH.SUM.fa_6.A (net)
                      0.067656    0.000583    0.328550 v fanout26/A (sg13g2_buf_1)
     8    0.044753    0.143398    0.176116    0.504666 v fanout26/X (sg13g2_buf_1)
                                                         net26 (net)
                      0.143465    0.001674    0.506340 v _144_/B (sg13g2_or2_1)
     7    0.036054    0.123165    0.226707    0.733047 v _144_/X (sg13g2_or2_1)
                                                         _103_ (net)
                      0.123172    0.001049    0.734096 v _293_/B1 (sg13g2_a21oi_1)
     1    0.003396    0.054129    0.068305    0.802400 ^ _293_/Y (sg13g2_a21oi_1)
                                                         net18 (net)
                      0.054129    0.000059    0.802459 ^ output18/A (sg13g2_buf_1)
     1    0.012316    0.058930    0.097969    0.900428 ^ output18/X (sg13g2_buf_1)
                                                         sine_out[6] (net)
                      0.058930    0.000315    0.900743 ^ sine_out[6] (out)
                                              0.900743   data arrival time

                                  0.000000    0.000000   clock clk (rise edge)
                                  0.000000    0.000000   clock network delay (propagated)
                                  0.150000    0.150000   clock uncertainty
                                  0.000000    0.150000   clock reconvergence pessimism
                                  0.000000    0.150000   output external delay
                                              0.150000   data required time
---------------------------------------------------------------------------------------------
                                              0.150000   data required time
                                             -0.900743   data arrival time
---------------------------------------------------------------------------------------------
                                              0.750743   slack (MET)


Startpoint: _310_ (rising edge-triggered flip-flop clocked by clk)
Endpoint: sine_out[3] (output port clocked by clk)
Path Group: clk
Path Type: min

Fanout         Cap        Slew       Delay        Time   Description
---------------------------------------------------------------------------------------------
                                  0.000000    0.000000   clock clk (rise edge)
                                  0.000000    0.000000   clock source latency
     1    0.027776    0.000000    0.000000    0.000000 ^ clk (in)
                                                         clk (net)
                      0.004784    0.002392    0.002392 ^ clkbuf_0_clk/A (sg13g2_buf_16)
     2    0.043504    0.023528    0.056986    0.059378 ^ clkbuf_0_clk/X (sg13g2_buf_16)
                                                         clknet_0_clk (net)
                      0.023755    0.002871    0.062249 ^ clkbuf_1_0__f_clk/A (sg13g2_buf_16)
     5    0.031198    0.021714    0.064114    0.126363 ^ clkbuf_1_0__f_clk/X (sg13g2_buf_16)
                                                         clknet_1_0__leaf_clk (net)
                      0.021747    0.001577    0.127940 ^ _310_/CLK (sg13g2_dfrbpq_1)
     3    0.019475    0.086689    0.210881    0.338821 ^ _310_/Q (sg13g2_dfrbpq_1)
                                                         DPATH.SUM.fa_6.A (net)
                      0.086691    0.000585    0.339406 ^ fanout26/A (sg13g2_buf_1)
     8    0.045311    0.189462    0.205152    0.544558 ^ fanout26/X (sg13g2_buf_1)
                                                         net26 (net)
                      0.189484    0.001701    0.546260 ^ _144_/B (sg13g2_or2_1)
     7    0.036300    0.152981    0.213071    0.759331 ^ _144_/X (sg13g2_or2_1)
                                                         _103_ (net)
                      0.153056    0.001458    0.760788 ^ _289_/A (sg13g2_nor2_1)
     1    0.004282    0.034503    0.075103    0.835891 v _289_/Y (sg13g2_nor2_1)
                                                         net15 (net)
                      0.034503    0.000112    0.836003 v output15/A (sg13g2_buf_1)
     1    0.012139    0.046339    0.086819    0.922822 v output15/X (sg13g2_buf_1)
                                                         sine_out[3] (net)
                      0.046339    0.000245    0.923067 v sine_out[3] (out)
                                              0.923067   data arrival time

                                  0.000000    0.000000   clock clk (rise edge)
                                  0.000000    0.000000   clock network delay (propagated)
                                  0.150000    0.150000   clock uncertainty
                                  0.000000    0.150000   clock reconvergence pessimism
                                  0.000000    0.150000   output external delay
                                              0.150000   data required time
---------------------------------------------------------------------------------------------
                                              0.150000   data required time
                                             -0.923067   data arrival time
---------------------------------------------------------------------------------------------
                                              0.773067   slack (MET)


Startpoint: _310_ (rising edge-triggered flip-flop clocked by clk)
Endpoint: sine_out[5] (output port clocked by clk)
Path Group: clk
Path Type: min

Fanout         Cap        Slew       Delay        Time   Description
---------------------------------------------------------------------------------------------
                                  0.000000    0.000000   clock clk (rise edge)
                                  0.000000    0.000000   clock source latency
     1    0.027776    0.000000    0.000000    0.000000 ^ clk (in)
                                                         clk (net)
                      0.004784    0.002392    0.002392 ^ clkbuf_0_clk/A (sg13g2_buf_16)
     2    0.043504    0.023528    0.056986    0.059378 ^ clkbuf_0_clk/X (sg13g2_buf_16)
                                                         clknet_0_clk (net)
                      0.023755    0.002871    0.062249 ^ clkbuf_1_0__f_clk/A (sg13g2_buf_16)
     5    0.031198    0.021714    0.064114    0.126363 ^ clkbuf_1_0__f_clk/X (sg13g2_buf_16)
                                                         clknet_1_0__leaf_clk (net)
                      0.021747    0.001577    0.127940 ^ _310_/CLK (sg13g2_dfrbpq_1)
     3    0.019475    0.086689    0.210881    0.338821 ^ _310_/Q (sg13g2_dfrbpq_1)
                                                         DPATH.SUM.fa_6.A (net)
                      0.086691    0.000585    0.339406 ^ fanout26/A (sg13g2_buf_1)
     8    0.045311    0.189462    0.205152    0.544558 ^ fanout26/X (sg13g2_buf_1)
                                                         net26 (net)
                      0.189484    0.001701    0.546260 ^ _144_/B (sg13g2_or2_1)
     7    0.036300    0.152981    0.213071    0.759331 ^ _144_/X (sg13g2_or2_1)
                                                         _103_ (net)
                      0.153074    0.002011    0.761341 ^ _292_/B (sg13g2_nor3_1)
     1    0.004132    0.038408    0.078556    0.839898 v _292_/Y (sg13g2_nor3_1)
                                                         net17 (net)
                      0.038408    0.000103    0.840000 v output17/A (sg13g2_buf_1)
     1    0.013812    0.051525    0.092432    0.932432 v output17/X (sg13g2_buf_1)
                                                         sine_out[5] (net)
                      0.051532    0.000592    0.933024 v sine_out[5] (out)
                                              0.933024   data arrival time

                                  0.000000    0.000000   clock clk (rise edge)
                                  0.000000    0.000000   clock network delay (propagated)
                                  0.150000    0.150000   clock uncertainty
                                  0.000000    0.150000   clock reconvergence pessimism
                                  0.000000    0.150000   output external delay
                                              0.150000   data required time
---------------------------------------------------------------------------------------------
                                              0.150000   data required time
                                             -0.933024   data arrival time
---------------------------------------------------------------------------------------------
                                              0.783024   slack (MET)


Startpoint: _310_ (rising edge-triggered flip-flop clocked by clk)
Endpoint: sine_out[4] (output port clocked by clk)
Path Group: clk
Path Type: min

Fanout         Cap        Slew       Delay        Time   Description
---------------------------------------------------------------------------------------------
                                  0.000000    0.000000   clock clk (rise edge)
                                  0.000000    0.000000   clock source latency
     1    0.027776    0.000000    0.000000    0.000000 ^ clk (in)
                                                         clk (net)
                      0.004784    0.002392    0.002392 ^ clkbuf_0_clk/A (sg13g2_buf_16)
     2    0.043504    0.023528    0.056986    0.059378 ^ clkbuf_0_clk/X (sg13g2_buf_16)
                                                         clknet_0_clk (net)
                      0.023755    0.002871    0.062249 ^ clkbuf_1_0__f_clk/A (sg13g2_buf_16)
     5    0.031198    0.021714    0.064114    0.126363 ^ clkbuf_1_0__f_clk/X (sg13g2_buf_16)
                                                         clknet_1_0__leaf_clk (net)
                      0.021747    0.001577    0.127940 ^ _310_/CLK (sg13g2_dfrbpq_1)
     3    0.019475    0.086689    0.210881    0.338821 ^ _310_/Q (sg13g2_dfrbpq_1)
                                                         DPATH.SUM.fa_6.A (net)
                      0.086691    0.000585    0.339406 ^ fanout26/A (sg13g2_buf_1)
     8    0.045311    0.189462    0.205152    0.544558 ^ fanout26/X (sg13g2_buf_1)
                                                         net26 (net)
                      0.189484    0.001701    0.546260 ^ _144_/B (sg13g2_or2_1)
     7    0.036300    0.152981    0.213071    0.759331 ^ _144_/X (sg13g2_or2_1)
                                                         _103_ (net)
                      0.152981    0.000620    0.759950 ^ _290_/B (sg13g2_nor3_1)
     1    0.004658    0.051133    0.080451    0.840401 v _290_/Y (sg13g2_nor3_1)
                                                         net16 (net)
                      0.051133    0.000138    0.840540 v output16/A (sg13g2_buf_1)
     1    0.013053    0.049462    0.096101    0.936641 v output16/X (sg13g2_buf_1)
                                                         sine_out[4] (net)
                      0.049466    0.000470    0.937111 v sine_out[4] (out)
                                              0.937111   data arrival time

                                  0.000000    0.000000   clock clk (rise edge)
                                  0.000000    0.000000   clock network delay (propagated)
                                  0.150000    0.150000   clock uncertainty
                                  0.000000    0.150000   clock reconvergence pessimism
                                  0.000000    0.150000   output external delay
                                              0.150000   data required time
---------------------------------------------------------------------------------------------
                                              0.150000   data required time
                                             -0.937111   data arrival time
---------------------------------------------------------------------------------------------
                                              0.787111   slack (MET)



