
===========================================================================
report_checks -path_delay max (Setup)
============================================================================
======================= nom_slow_1p08V_125C Corner ===================================

Startpoint: _305_ (rising edge-triggered flip-flop clocked by clk)
Endpoint: sine_out[1] (output port clocked by clk)
Path Group: clk
Path Type: max

Fanout         Cap        Slew       Delay        Time   Description
---------------------------------------------------------------------------------------------
                      0.100000    0.000000    0.000000   clock clk (rise edge)
                                  0.000000    0.000000   clock network delay (ideal)
                      0.100000    0.000000    0.000000 ^ _305_/CLK (sg13g2_dfrbpq_1)
    17    0.053866    0.347909    0.521883    0.521883 ^ _305_/Q (sg13g2_dfrbpq_1)
                                                         DPATH.SUM.fa_1.A (net)
                      0.347909    0.000000    0.521883 ^ _212_/A (sg13g2_xor2_1)
     3    0.007579    0.153560    0.234568    0.756451 v _212_/X (sg13g2_xor2_1)
                                                         _025_ (net)
                      0.153560    0.000000    0.756451 v _213_/B (sg13g2_or2_1)
     4    0.010818    0.083317    0.235007    0.991458 v _213_/X (sg13g2_or2_1)
                                                         _026_ (net)
                      0.083317    0.000000    0.991458 v _214_/C (sg13g2_and3_1)
     3    0.008519    0.067542    0.170946    1.162404 v _214_/X (sg13g2_and3_1)
                                                         _027_ (net)
                      0.067542    0.000000    1.162404 v _249_/A2 (sg13g2_a221oi_1)
     1    0.002825    0.160036    0.227034    1.389438 ^ _249_/Y (sg13g2_a221oi_1)
                                                         _061_ (net)
                      0.160036    0.000000    1.389438 ^ _250_/B (sg13g2_nor2_1)
     1    0.002787    0.058739    0.084008    1.473445 v _250_/Y (sg13g2_nor2_1)
                                                         _062_ (net)
                      0.058739    0.000000    1.473445 v _256_/B (sg13g2_nor4_1)
     1    0.002783    0.177985    0.217678    1.691123 ^ _256_/Y (sg13g2_nor4_1)
                                                         _068_ (net)
                      0.177985    0.000000    1.691123 ^ _267_/B1 (sg13g2_a21oi_1)
     1    0.010000    0.134535    0.131774    1.822897 v _267_/Y (sg13g2_a21oi_1)
                                                         sine_out[1] (net)
                      0.134535    0.000000    1.822897 v sine_out[1] (out)
                                              1.822897   data arrival time

                      0.100000    5.000000    5.000000   clock clk (rise edge)
                                  0.000000    5.000000   clock network delay (ideal)
                                 -0.150000    4.850000   clock uncertainty
                                  0.000000    4.850000   clock reconvergence pessimism
                                 -1.000000    3.850000   output external delay
                                              3.850000   data required time
---------------------------------------------------------------------------------------------
                                              3.850000   data required time
                                             -1.822897   data arrival time
---------------------------------------------------------------------------------------------
                                              2.027103   slack (MET)


Startpoint: _305_ (rising edge-triggered flip-flop clocked by clk)
Endpoint: sine_out[0] (output port clocked by clk)
Path Group: clk
Path Type: max

Fanout         Cap        Slew       Delay        Time   Description
---------------------------------------------------------------------------------------------
                      0.100000    0.000000    0.000000   clock clk (rise edge)
                                  0.000000    0.000000   clock network delay (ideal)
                      0.100000    0.000000    0.000000 ^ _305_/CLK (sg13g2_dfrbpq_1)
    17    0.053866    0.347909    0.521883    0.521883 ^ _305_/Q (sg13g2_dfrbpq_1)
                                                         DPATH.SUM.fa_1.A (net)
                      0.347909    0.000000    0.521883 ^ _212_/A (sg13g2_xor2_1)
     3    0.007957    0.168548    0.308469    0.830352 ^ _212_/X (sg13g2_xor2_1)
                                                         _025_ (net)
                      0.168548    0.000000    0.830352 ^ _213_/B (sg13g2_or2_1)
     4    0.011407    0.090051    0.196162    1.026513 ^ _213_/X (sg13g2_or2_1)
                                                         _026_ (net)
                      0.090051    0.000000    1.026513 ^ _214_/C (sg13g2_and3_1)
     3    0.008935    0.093450    0.237337    1.263851 ^ _214_/X (sg13g2_and3_1)
                                                         _027_ (net)
                      0.093450    0.000000    1.263851 ^ _215_/A2 (sg13g2_o21ai_1)
     1    0.002812    0.116224    0.101811    1.365662 v _215_/Y (sg13g2_o21ai_1)
                                                         _028_ (net)
                      0.116224    0.000000    1.365662 v _220_/A1 (sg13g2_a21oi_1)
     1    0.002767    0.118161    0.124672    1.490334 ^ _220_/Y (sg13g2_a21oi_1)
                                                         _033_ (net)
                      0.118161    0.000000    1.490334 ^ _232_/C1 (sg13g2_a221oi_1)
     1    0.002822    0.121721    0.083119    1.573453 v _232_/Y (sg13g2_a221oi_1)
                                                         _045_ (net)
                      0.121721    0.000000    1.573453 v _247_/A2 (sg13g2_a22oi_1)
     1    0.010000    0.190122    0.220778    1.794231 ^ _247_/Y (sg13g2_a22oi_1)
                                                         sine_out[0] (net)
                      0.190122    0.000000    1.794231 ^ sine_out[0] (out)
                                              1.794231   data arrival time

                      0.100000    5.000000    5.000000   clock clk (rise edge)
                                  0.000000    5.000000   clock network delay (ideal)
                                 -0.150000    4.850000   clock uncertainty
                                  0.000000    4.850000   clock reconvergence pessimism
                                 -1.000000    3.850000   output external delay
                                              3.850000   data required time
---------------------------------------------------------------------------------------------
                                              3.850000   data required time
                                             -1.794231   data arrival time
---------------------------------------------------------------------------------------------
                                              2.055768   slack (MET)


Startpoint: _305_ (rising edge-triggered flip-flop clocked by clk)
Endpoint: sine_out[2] (output port clocked by clk)
Path Group: clk
Path Type: max

Fanout         Cap        Slew       Delay        Time   Description
---------------------------------------------------------------------------------------------
                      0.100000    0.000000    0.000000   clock clk (rise edge)
                                  0.000000    0.000000   clock network delay (ideal)
                      0.100000    0.000000    0.000000 ^ _305_/CLK (sg13g2_dfrbpq_1)
    17    0.051940    0.270378    0.482061    0.482061 v _305_/Q (sg13g2_dfrbpq_1)
                                                         DPATH.SUM.fa_1.A (net)
                      0.270378    0.000000    0.482061 v _148_/A1 (sg13g2_o21ai_1)
     4    0.011374    0.246653    0.303211    0.785272 ^ _148_/Y (sg13g2_o21ai_1)
                                                         _107_ (net)
                      0.246653    0.000000    0.785272 ^ _272_/A1 (sg13g2_a21oi_1)
     1    0.002111    0.104192    0.147166    0.932438 v _272_/Y (sg13g2_a21oi_1)
                                                         _083_ (net)
                      0.104192    0.000000    0.932438 v _273_/B (sg13g2_or2_1)
     2    0.005730    0.063371    0.190944    1.123382 v _273_/X (sg13g2_or2_1)
                                                         _084_ (net)
                      0.063371    0.000000    1.123382 v _277_/A1 (sg13g2_o21ai_1)
     1    0.002783    0.098900    0.135702    1.259084 ^ _277_/Y (sg13g2_o21ai_1)
                                                         _088_ (net)
                      0.098900    0.000000    1.259084 ^ _278_/B1 (sg13g2_a21oi_1)
     1    0.002692    0.126631    0.068694    1.327779 v _278_/Y (sg13g2_a21oi_1)
                                                         _089_ (net)
                      0.126631    0.000000    1.327779 v _279_/B (sg13g2_nor2_1)
     1    0.002881    0.091259    0.107017    1.434796 ^ _279_/Y (sg13g2_nor2_1)
                                                         _090_ (net)
                      0.091259    0.000000    1.434796 ^ _288_/A2 (sg13g2_a21oi_1)
     1    0.010000    0.135589    0.163937    1.598732 v _288_/Y (sg13g2_a21oi_1)
                                                         sine_out[2] (net)
                      0.135589    0.000000    1.598732 v sine_out[2] (out)
                                              1.598732   data arrival time

                      0.100000    5.000000    5.000000   clock clk (rise edge)
                                  0.000000    5.000000   clock network delay (ideal)
                                 -0.150000    4.850000   clock uncertainty
                                  0.000000    4.850000   clock reconvergence pessimism
                                 -1.000000    3.850000   output external delay
                                              3.850000   data required time
---------------------------------------------------------------------------------------------
                                              3.850000   data required time
                                             -1.598732   data arrival time
---------------------------------------------------------------------------------------------
                                              2.251268   slack (MET)


Startpoint: _305_ (rising edge-triggered flip-flop clocked by clk)
Endpoint: sine_out[8] (output port clocked by clk)
Path Group: clk
Path Type: max

Fanout         Cap        Slew       Delay        Time   Description
---------------------------------------------------------------------------------------------
                      0.100000    0.000000    0.000000   clock clk (rise edge)
                                  0.000000    0.000000   clock network delay (ideal)
                      0.100000    0.000000    0.000000 ^ _305_/CLK (sg13g2_dfrbpq_1)
    17    0.053866    0.347909    0.521883    0.521883 ^ _305_/Q (sg13g2_dfrbpq_1)
                                                         DPATH.SUM.fa_1.A (net)
                      0.347909    0.000000    0.521883 ^ _164_/B (sg13g2_and2_1)
     4    0.011319    0.096982    0.278223    0.800106 ^ _164_/X (sg13g2_and2_1)
                                                         _120_ (net)
                      0.096982    0.000000    0.800106 ^ _169_/B (sg13g2_nand2_1)
     3    0.008096    0.150422    0.135468    0.935575 v _169_/Y (sg13g2_nand2_1)
                                                         _124_ (net)
                      0.150422    0.000000    0.935575 v _291_/B (sg13g2_nor2_1)
     2    0.005684    0.121398    0.141890    1.077465 ^ _291_/Y (sg13g2_nor2_1)
                                                         _099_ (net)
                      0.121398    0.000000    1.077465 ^ _295_/A2 (sg13g2_a21oi_1)
     1    0.010000    0.192414    0.176476    1.253941 v _295_/Y (sg13g2_a21oi_1)
                                                         sine_out[8] (net)
                      0.192414    0.000000    1.253941 v sine_out[8] (out)
                                              1.253941   data arrival time

                      0.100000    5.000000    5.000000   clock clk (rise edge)
                                  0.000000    5.000000   clock network delay (ideal)
                                 -0.150000    4.850000   clock uncertainty
                                  0.000000    4.850000   clock reconvergence pessimism
                                 -1.000000    3.850000   output external delay
                                              3.850000   data required time
---------------------------------------------------------------------------------------------
                                              3.850000   data required time
                                             -1.253941   data arrival time
---------------------------------------------------------------------------------------------
                                              2.596059   slack (MET)


Startpoint: _305_ (rising edge-triggered flip-flop clocked by clk)
Endpoint: sine_out[16] (output port clocked by clk)
Path Group: clk
Path Type: max

Fanout         Cap        Slew       Delay        Time   Description
---------------------------------------------------------------------------------------------
                      0.100000    0.000000    0.000000   clock clk (rise edge)
                                  0.000000    0.000000   clock network delay (ideal)
                      0.100000    0.000000    0.000000 ^ _305_/CLK (sg13g2_dfrbpq_1)
    17    0.053866    0.347909    0.521883    0.521883 ^ _305_/Q (sg13g2_dfrbpq_1)
                                                         DPATH.SUM.fa_1.A (net)
                      0.347909    0.000000    0.521883 ^ _164_/B (sg13g2_and2_1)
     4    0.011319    0.096982    0.278223    0.800106 ^ _164_/X (sg13g2_and2_1)
                                                         _120_ (net)
                      0.096982    0.000000    0.800106 ^ _165_/A (sg13g2_inv_1)
     4    0.011273    0.077504    0.104174    0.904280 v _165_/Y (sg13g2_inv_1)
                                                         _121_ (net)
                      0.077504    0.000000    0.904280 v _175_/A2 (sg13g2_o21ai_1)
     1    0.002883    0.106800    0.130246    1.034526 ^ _175_/Y (sg13g2_o21ai_1)
                                                         _127_ (net)
                      0.106800    0.000000    1.034526 ^ _176_/C (sg13g2_nand3_1)
     1    0.010000    0.216865    0.215894    1.250421 v _176_/Y (sg13g2_nand3_1)
                                                         sine_out[16] (net)
                      0.216865    0.000000    1.250421 v sine_out[16] (out)
                                              1.250421   data arrival time

                      0.100000    5.000000    5.000000   clock clk (rise edge)
                                  0.000000    5.000000   clock network delay (ideal)
                                 -0.150000    4.850000   clock uncertainty
                                  0.000000    4.850000   clock reconvergence pessimism
                                 -1.000000    3.850000   output external delay
                                              3.850000   data required time
---------------------------------------------------------------------------------------------
                                              3.850000   data required time
                                             -1.250421   data arrival time
---------------------------------------------------------------------------------------------
                                              2.599579   slack (MET)


Startpoint: _307_ (rising edge-triggered flip-flop clocked by clk)
Endpoint: sine_out[7] (output port clocked by clk)
Path Group: clk
Path Type: max

Fanout         Cap        Slew       Delay        Time   Description
---------------------------------------------------------------------------------------------
                      0.100000    0.000000    0.000000   clock clk (rise edge)
                                  0.000000    0.000000   clock network delay (ideal)
                      0.100000    0.000000    0.000000 ^ _307_/CLK (sg13g2_dfrbpq_1)
    19    0.054587    0.352370    0.525008    0.525008 ^ _307_/Q (sg13g2_dfrbpq_1)
                                                         DPATH.SUM.fa_3.A (net)
                      0.352370    0.000000    0.525008 ^ _138_/A (sg13g2_inv_1)
    11    0.030559    0.226322    0.318922    0.843931 v _138_/Y (sg13g2_inv_1)
                                                         _100_ (net)
                      0.226322    0.000000    0.843931 v _156_/A (sg13g2_nor2_1)
     3    0.008517    0.154531    0.201284    1.045215 ^ _156_/Y (sg13g2_nor2_1)
                                                         _114_ (net)
                      0.154531    0.000000    1.045215 ^ _294_/A2 (sg13g2_a21oi_1)
     1    0.010000    0.192414    0.189797    1.235012 v _294_/Y (sg13g2_a21oi_1)
                                                         sine_out[7] (net)
                      0.192414    0.000000    1.235012 v sine_out[7] (out)
                                              1.235012   data arrival time

                      0.100000    5.000000    5.000000   clock clk (rise edge)
                                  0.000000    5.000000   clock network delay (ideal)
                                 -0.150000    4.850000   clock uncertainty
                                  0.000000    4.850000   clock reconvergence pessimism
                                 -1.000000    3.850000   output external delay
                                              3.850000   data required time
---------------------------------------------------------------------------------------------
                                              3.850000   data required time
                                             -1.235012   data arrival time
---------------------------------------------------------------------------------------------
                                              2.614988   slack (MET)


Startpoint: _307_ (rising edge-triggered flip-flop clocked by clk)
Endpoint: sine_out[10] (output port clocked by clk)
Path Group: clk
Path Type: max

Fanout         Cap        Slew       Delay        Time   Description
---------------------------------------------------------------------------------------------
                      0.100000    0.000000    0.000000   clock clk (rise edge)
                                  0.000000    0.000000   clock network delay (ideal)
                      0.100000    0.000000    0.000000 ^ _307_/CLK (sg13g2_dfrbpq_1)
    19    0.054587    0.352370    0.525008    0.525008 ^ _307_/Q (sg13g2_dfrbpq_1)
                                                         DPATH.SUM.fa_3.A (net)
                      0.352370    0.000000    0.525008 ^ _138_/A (sg13g2_inv_1)
    11    0.030559    0.226322    0.318922    0.843931 v _138_/Y (sg13g2_inv_1)
                                                         _100_ (net)
                      0.226322    0.000000    0.843931 v _156_/A (sg13g2_nor2_1)
     3    0.008517    0.154531    0.201284    1.045215 ^ _156_/Y (sg13g2_nor2_1)
                                                         _114_ (net)
                      0.154531    0.000000    1.045215 ^ _159_/A1 (sg13g2_a21oi_1)
     1    0.010000    0.141956    0.183890    1.229105 v _159_/Y (sg13g2_a21oi_1)
                                                         sine_out[10] (net)
                      0.141956    0.000000    1.229105 v sine_out[10] (out)
                                              1.229105   data arrival time

                      0.100000    5.000000    5.000000   clock clk (rise edge)
                                  0.000000    5.000000   clock network delay (ideal)
                                 -0.150000    4.850000   clock uncertainty
                                  0.000000    4.850000   clock reconvergence pessimism
                                 -1.000000    3.850000   output external delay
                                              3.850000   data required time
---------------------------------------------------------------------------------------------
                                              3.850000   data required time
                                             -1.229105   data arrival time
---------------------------------------------------------------------------------------------
                                              2.620895   slack (MET)


Startpoint: _305_ (rising edge-triggered flip-flop clocked by clk)
Endpoint: sine_out[15] (output port clocked by clk)
Path Group: clk
Path Type: max

Fanout         Cap        Slew       Delay        Time   Description
---------------------------------------------------------------------------------------------
                      0.100000    0.000000    0.000000   clock clk (rise edge)
                                  0.000000    0.000000   clock network delay (ideal)
                      0.100000    0.000000    0.000000 ^ _305_/CLK (sg13g2_dfrbpq_1)
    17    0.053866    0.347909    0.521883    0.521883 ^ _305_/Q (sg13g2_dfrbpq_1)
                                                         DPATH.SUM.fa_1.A (net)
                      0.347909    0.000000    0.521883 ^ _164_/B (sg13g2_and2_1)
     4    0.011319    0.096982    0.278223    0.800106 ^ _164_/X (sg13g2_and2_1)
                                                         _120_ (net)
                      0.096982    0.000000    0.800106 ^ _165_/A (sg13g2_inv_1)
     4    0.011273    0.077504    0.104174    0.904280 v _165_/Y (sg13g2_inv_1)
                                                         _121_ (net)
                      0.077504    0.000000    0.904280 v _168_/B (sg13g2_nor2_1)
     2    0.006109    0.126253    0.122284    1.026564 ^ _168_/Y (sg13g2_nor2_1)
                                                         _123_ (net)
                      0.126253    0.000000    1.026564 ^ _173_/A1 (sg13g2_o21ai_1)
     1    0.010000    0.163476    0.181023    1.207587 v _173_/Y (sg13g2_o21ai_1)
                                                         sine_out[15] (net)
                      0.163476    0.000000    1.207587 v sine_out[15] (out)
                                              1.207587   data arrival time

                      0.100000    5.000000    5.000000   clock clk (rise edge)
                                  0.000000    5.000000   clock network delay (ideal)
                                 -0.150000    4.850000   clock uncertainty
                                  0.000000    4.850000   clock reconvergence pessimism
                                 -1.000000    3.850000   output external delay
                                              3.850000   data required time
---------------------------------------------------------------------------------------------
                                              3.850000   data required time
                                             -1.207587   data arrival time
---------------------------------------------------------------------------------------------
                                              2.642413   slack (MET)


Startpoint: _305_ (rising edge-triggered flip-flop clocked by clk)
Endpoint: sine_out[13] (output port clocked by clk)
Path Group: clk
Path Type: max

Fanout         Cap        Slew       Delay        Time   Description
---------------------------------------------------------------------------------------------
                      0.100000    0.000000    0.000000   clock clk (rise edge)
                                  0.000000    0.000000   clock network delay (ideal)
                      0.100000    0.000000    0.000000 ^ _305_/CLK (sg13g2_dfrbpq_1)
    17    0.053866    0.347909    0.521883    0.521883 ^ _305_/Q (sg13g2_dfrbpq_1)
                                                         DPATH.SUM.fa_1.A (net)
                      0.347909    0.000000    0.521883 ^ _164_/B (sg13g2_and2_1)
     4    0.011319    0.096982    0.278223    0.800106 ^ _164_/X (sg13g2_and2_1)
                                                         _120_ (net)
                      0.096982    0.000000    0.800106 ^ _165_/A (sg13g2_inv_1)
     4    0.011273    0.077504    0.104174    0.904280 v _165_/Y (sg13g2_inv_1)
                                                         _121_ (net)
                      0.077504    0.000000    0.904280 v _168_/B (sg13g2_nor2_1)
     2    0.006109    0.126253    0.122284    1.026564 ^ _168_/Y (sg13g2_nor2_1)
                                                         _123_ (net)
                      0.126253    0.000000    1.026564 ^ _170_/A2 (sg13g2_a21oi_1)
     1    0.010000    0.135214    0.178428    1.204993 v _170_/Y (sg13g2_a21oi_1)
                                                         sine_out[13] (net)
                      0.135214    0.000000    1.204993 v sine_out[13] (out)
                                              1.204993   data arrival time

                      0.100000    5.000000    5.000000   clock clk (rise edge)
                                  0.000000    5.000000   clock network delay (ideal)
                                 -0.150000    4.850000   clock uncertainty
                                  0.000000    4.850000   clock reconvergence pessimism
                                 -1.000000    3.850000   output external delay
                                              3.850000   data required time
---------------------------------------------------------------------------------------------
                                              3.850000   data required time
                                             -1.204993   data arrival time
---------------------------------------------------------------------------------------------
                                              2.645007   slack (MET)


Startpoint: _305_ (rising edge-triggered flip-flop clocked by clk)
Endpoint: sine_out[14] (output port clocked by clk)
Path Group: clk
Path Type: max

Fanout         Cap        Slew       Delay        Time   Description
---------------------------------------------------------------------------------------------
                      0.100000    0.000000    0.000000   clock clk (rise edge)
                                  0.000000    0.000000   clock network delay (ideal)
                      0.100000    0.000000    0.000000 ^ _305_/CLK (sg13g2_dfrbpq_1)
    17    0.051940    0.270378    0.482061    0.482061 v _305_/Q (sg13g2_dfrbpq_1)
                                                         DPATH.SUM.fa_1.A (net)
                      0.270378    0.000000    0.482061 v _148_/A1 (sg13g2_o21ai_1)
     4    0.011374    0.246653    0.303211    0.785272 ^ _148_/Y (sg13g2_o21ai_1)
                                                         _107_ (net)
                      0.246653    0.000000    0.785272 ^ _149_/B (sg13g2_nand2_1)
     3    0.008454    0.121621    0.185963    0.971235 v _149_/Y (sg13g2_nand2_1)
                                                         _108_ (net)
                      0.121621    0.000000    0.971235 v _171_/A2 (sg13g2_o21ai_1)
     1    0.010000    0.220719    0.226152    1.197387 ^ _171_/Y (sg13g2_o21ai_1)
                                                         sine_out[14] (net)
                      0.220719    0.000000    1.197387 ^ sine_out[14] (out)
                                              1.197387   data arrival time

                      0.100000    5.000000    5.000000   clock clk (rise edge)
                                  0.000000    5.000000   clock network delay (ideal)
                                 -0.150000    4.850000   clock uncertainty
                                  0.000000    4.850000   clock reconvergence pessimism
                                 -1.000000    3.850000   output external delay
                                              3.850000   data required time
---------------------------------------------------------------------------------------------
                                              3.850000   data required time
                                             -1.197387   data arrival time
---------------------------------------------------------------------------------------------
                                              2.652613   slack (MET)


Startpoint: _305_ (rising edge-triggered flip-flop clocked by clk)
Endpoint: sine_out[5] (output port clocked by clk)
Path Group: clk
Path Type: max

Fanout         Cap        Slew       Delay        Time   Description
---------------------------------------------------------------------------------------------
                      0.100000    0.000000    0.000000   clock clk (rise edge)
                                  0.000000    0.000000   clock network delay (ideal)
                      0.100000    0.000000    0.000000 ^ _305_/CLK (sg13g2_dfrbpq_1)
    17    0.053866    0.347909    0.521883    0.521883 ^ _305_/Q (sg13g2_dfrbpq_1)
                                                         DPATH.SUM.fa_1.A (net)
                      0.347909    0.000000    0.521883 ^ _164_/B (sg13g2_and2_1)
     4    0.011319    0.096982    0.278223    0.800106 ^ _164_/X (sg13g2_and2_1)
                                                         _120_ (net)
                      0.096982    0.000000    0.800106 ^ _169_/B (sg13g2_nand2_1)
     3    0.008096    0.150422    0.135468    0.935575 v _169_/Y (sg13g2_nand2_1)
                                                         _124_ (net)
                      0.150422    0.000000    0.935575 v _291_/B (sg13g2_nor2_1)
     2    0.005684    0.121398    0.141890    1.077465 ^ _291_/Y (sg13g2_nor2_1)
                                                         _099_ (net)
                      0.121398    0.000000    1.077465 ^ _292_/C (sg13g2_nor3_1)
     1    0.010000    0.150521    0.114116    1.191581 v _292_/Y (sg13g2_nor3_1)
                                                         sine_out[5] (net)
                      0.150521    0.000000    1.191581 v sine_out[5] (out)
                                              1.191581   data arrival time

                      0.100000    5.000000    5.000000   clock clk (rise edge)
                                  0.000000    5.000000   clock network delay (ideal)
                                 -0.150000    4.850000   clock uncertainty
                                  0.000000    4.850000   clock reconvergence pessimism
                                 -1.000000    3.850000   output external delay
                                              3.850000   data required time
---------------------------------------------------------------------------------------------
                                              3.850000   data required time
                                             -1.191581   data arrival time
---------------------------------------------------------------------------------------------
                                              2.658419   slack (MET)


Startpoint: _305_ (rising edge-triggered flip-flop clocked by clk)
Endpoint: sine_out[12] (output port clocked by clk)
Path Group: clk
Path Type: max

Fanout         Cap        Slew       Delay        Time   Description
---------------------------------------------------------------------------------------------
                      0.100000    0.000000    0.000000   clock clk (rise edge)
                                  0.000000    0.000000   clock network delay (ideal)
                      0.100000    0.000000    0.000000 ^ _305_/CLK (sg13g2_dfrbpq_1)
    17    0.053866    0.347909    0.521883    0.521883 ^ _305_/Q (sg13g2_dfrbpq_1)
                                                         DPATH.SUM.fa_1.A (net)
                      0.347909    0.000000    0.521883 ^ _164_/B (sg13g2_and2_1)
     4    0.011319    0.096982    0.278223    0.800106 ^ _164_/X (sg13g2_and2_1)
                                                         _120_ (net)
                      0.096982    0.000000    0.800106 ^ _165_/A (sg13g2_inv_1)
     4    0.011273    0.077504    0.104174    0.904280 v _165_/Y (sg13g2_inv_1)
                                                         _121_ (net)
                      0.077504    0.000000    0.904280 v _166_/B (sg13g2_nor2_1)
     2    0.006054    0.116061    0.121763    1.026043 ^ _166_/Y (sg13g2_nor2_1)
                                                         _122_ (net)
                      0.116061    0.000000    1.026043 ^ _167_/A2 (sg13g2_o21ai_1)
     1    0.010000    0.129717    0.162776    1.188819 v _167_/Y (sg13g2_o21ai_1)
                                                         sine_out[12] (net)
                      0.129717    0.000000    1.188819 v sine_out[12] (out)
                                              1.188819   data arrival time

                      0.100000    5.000000    5.000000   clock clk (rise edge)
                                  0.000000    5.000000   clock network delay (ideal)
                                 -0.150000    4.850000   clock uncertainty
                                  0.000000    4.850000   clock reconvergence pessimism
                                 -1.000000    3.850000   output external delay
                                              3.850000   data required time
---------------------------------------------------------------------------------------------
                                              3.850000   data required time
                                             -1.188819   data arrival time
---------------------------------------------------------------------------------------------
                                              2.661181   slack (MET)


Startpoint: _305_ (rising edge-triggered flip-flop clocked by clk)
Endpoint: sine_out[9] (output port clocked by clk)
Path Group: clk
Path Type: max

Fanout         Cap        Slew       Delay        Time   Description
---------------------------------------------------------------------------------------------
                      0.100000    0.000000    0.000000   clock clk (rise edge)
                                  0.000000    0.000000   clock network delay (ideal)
                      0.100000    0.000000    0.000000 ^ _305_/CLK (sg13g2_dfrbpq_1)
    17    0.051940    0.270378    0.482061    0.482061 v _305_/Q (sg13g2_dfrbpq_1)
                                                         DPATH.SUM.fa_1.A (net)
                      0.270378    0.000000    0.482061 v _148_/A1 (sg13g2_o21ai_1)
     4    0.011374    0.246653    0.303211    0.785272 ^ _148_/Y (sg13g2_o21ai_1)
                                                         _107_ (net)
                      0.246653    0.000000    0.785272 ^ _149_/B (sg13g2_nand2_1)
     3    0.008454    0.121621    0.185963    0.971235 v _149_/Y (sg13g2_nand2_1)
                                                         _108_ (net)
                      0.121621    0.000000    0.971235 v _150_/A2 (sg13g2_a21oi_1)
     1    0.010000    0.196492    0.208813    1.180048 ^ _150_/Y (sg13g2_a21oi_1)
                                                         sine_out[9] (net)
                      0.196492    0.000000    1.180048 ^ sine_out[9] (out)
                                              1.180048   data arrival time

                      0.100000    5.000000    5.000000   clock clk (rise edge)
                                  0.000000    5.000000   clock network delay (ideal)
                                 -0.150000    4.850000   clock uncertainty
                                  0.000000    4.850000   clock reconvergence pessimism
                                 -1.000000    3.850000   output external delay
                                              3.850000   data required time
---------------------------------------------------------------------------------------------
                                              3.850000   data required time
                                             -1.180048   data arrival time
---------------------------------------------------------------------------------------------
                                              2.669952   slack (MET)


Startpoint: _307_ (rising edge-triggered flip-flop clocked by clk)
Endpoint: sine_out[4] (output port clocked by clk)
Path Group: clk
Path Type: max

Fanout         Cap        Slew       Delay        Time   Description
---------------------------------------------------------------------------------------------
                      0.100000    0.000000    0.000000   clock clk (rise edge)
                                  0.000000    0.000000   clock network delay (ideal)
                      0.100000    0.000000    0.000000 ^ _307_/CLK (sg13g2_dfrbpq_1)
    19    0.053187    0.276551    0.486658    0.486658 v _307_/Q (sg13g2_dfrbpq_1)
                                                         DPATH.SUM.fa_3.A (net)
                      0.276551    0.000000    0.486658 v _138_/A (sg13g2_inv_1)
    11    0.031425    0.242484    0.302467    0.789125 ^ _138_/Y (sg13g2_inv_1)
                                                         _100_ (net)
                      0.242484    0.000000    0.789125 ^ _156_/A (sg13g2_nor2_1)
     3    0.008260    0.098986    0.151311    0.940436 v _156_/Y (sg13g2_nor2_1)
                                                         _114_ (net)
                      0.098986    0.000000    0.940436 v _290_/C (sg13g2_nor3_1)
     1    0.010000    0.267660    0.239572    1.180008 ^ _290_/Y (sg13g2_nor3_1)
                                                         sine_out[4] (net)
                      0.267660    0.000000    1.180008 ^ sine_out[4] (out)
                                              1.180008   data arrival time

                      0.100000    5.000000    5.000000   clock clk (rise edge)
                                  0.000000    5.000000   clock network delay (ideal)
                                 -0.150000    4.850000   clock uncertainty
                                  0.000000    4.850000   clock reconvergence pessimism
                                 -1.000000    3.850000   output external delay
                                              3.850000   data required time
---------------------------------------------------------------------------------------------
                                              3.850000   data required time
                                             -1.180008   data arrival time
---------------------------------------------------------------------------------------------
                                              2.669992   slack (MET)


Startpoint: _307_ (rising edge-triggered flip-flop clocked by clk)
Endpoint: sine_out[6] (output port clocked by clk)
Path Group: clk
Path Type: max

Fanout         Cap        Slew       Delay        Time   Description
---------------------------------------------------------------------------------------------
                      0.100000    0.000000    0.000000   clock clk (rise edge)
                                  0.000000    0.000000   clock network delay (ideal)
                      0.100000    0.000000    0.000000 ^ _307_/CLK (sg13g2_dfrbpq_1)
    19    0.053187    0.276551    0.486658    0.486658 v _307_/Q (sg13g2_dfrbpq_1)
                                                         DPATH.SUM.fa_3.A (net)
                      0.276551    0.000000    0.486658 v _138_/A (sg13g2_inv_1)
    11    0.031425    0.242484    0.302467    0.789125 ^ _138_/Y (sg13g2_inv_1)
                                                         _100_ (net)
                      0.242484    0.000000    0.789125 ^ _177_/A (sg13g2_nand2_1)
     3    0.008139    0.131220    0.171790    0.960915 v _177_/Y (sg13g2_nand2_1)
                                                         _128_ (net)
                      0.131220    0.000000    0.960915 v _293_/A2 (sg13g2_a21oi_1)
     1    0.010000    0.183915    0.212425    1.173339 ^ _293_/Y (sg13g2_a21oi_1)
                                                         sine_out[6] (net)
                      0.183915    0.000000    1.173339 ^ sine_out[6] (out)
                                              1.173339   data arrival time

                      0.100000    5.000000    5.000000   clock clk (rise edge)
                                  0.000000    5.000000   clock network delay (ideal)
                                 -0.150000    4.850000   clock uncertainty
                                  0.000000    4.850000   clock reconvergence pessimism
                                 -1.000000    3.850000   output external delay
                                              3.850000   data required time
---------------------------------------------------------------------------------------------
                                              3.850000   data required time
                                             -1.173339   data arrival time
---------------------------------------------------------------------------------------------
                                              2.676661   slack (MET)


Startpoint: _308_ (rising edge-triggered flip-flop clocked by clk)
Endpoint: sine_out[11] (output port clocked by clk)
Path Group: clk
Path Type: max

Fanout         Cap        Slew       Delay        Time   Description
---------------------------------------------------------------------------------------------
                      0.100000    0.000000    0.000000   clock clk (rise edge)
                                  0.000000    0.000000   clock network delay (ideal)
                      0.100000    0.000000    0.000000 ^ _308_/CLK (sg13g2_dfrbpq_1)
    24    0.067541    0.432585    0.581166    0.581166 ^ _308_/Q (sg13g2_dfrbpq_1)
                                                         DPATH.SUM.fa_4.A (net)
                      0.432585    0.000000    0.581166 ^ _151_/B (sg13g2_nand2_1)
     5    0.013827    0.200942    0.286923    0.868089 v _151_/Y (sg13g2_nand2_1)
                                                         _109_ (net)
                      0.200942    0.000000    0.868089 v _153_/B (sg13g2_nand2b_1)
     3    0.009014    0.108665    0.148130    1.016219 ^ _153_/Y (sg13g2_nand2b_1)
                                                         _111_ (net)
                      0.108665    0.000000    1.016219 ^ _162_/B1 (sg13g2_o21ai_1)
     1    0.010000    0.130951    0.144949    1.161169 v _162_/Y (sg13g2_o21ai_1)
                                                         sine_out[11] (net)
                      0.130951    0.000000    1.161169 v sine_out[11] (out)
                                              1.161169   data arrival time

                      0.100000    5.000000    5.000000   clock clk (rise edge)
                                  0.000000    5.000000   clock network delay (ideal)
                                 -0.150000    4.850000   clock uncertainty
                                  0.000000    4.850000   clock reconvergence pessimism
                                 -1.000000    3.850000   output external delay
                                              3.850000   data required time
---------------------------------------------------------------------------------------------
                                              3.850000   data required time
                                             -1.161169   data arrival time
---------------------------------------------------------------------------------------------
                                              2.688832   slack (MET)


Startpoint: _305_ (rising edge-triggered flip-flop clocked by clk)
Endpoint: sine_out[3] (output port clocked by clk)
Path Group: clk
Path Type: max

Fanout         Cap        Slew       Delay        Time   Description
---------------------------------------------------------------------------------------------
                      0.100000    0.000000    0.000000   clock clk (rise edge)
                                  0.000000    0.000000   clock network delay (ideal)
                      0.100000    0.000000    0.000000 ^ _305_/CLK (sg13g2_dfrbpq_1)
    17    0.051940    0.270378    0.482061    0.482061 v _305_/Q (sg13g2_dfrbpq_1)
                                                         DPATH.SUM.fa_1.A (net)
                      0.270378    0.000000    0.482061 v _148_/A1 (sg13g2_o21ai_1)
     4    0.011374    0.246653    0.303211    0.785272 ^ _148_/Y (sg13g2_o21ai_1)
                                                         _107_ (net)
                      0.246653    0.000000    0.785272 ^ _149_/B (sg13g2_nand2_1)
     3    0.008454    0.121621    0.185963    0.971235 v _149_/Y (sg13g2_nand2_1)
                                                         _108_ (net)
                      0.121621    0.000000    0.971235 v _289_/B (sg13g2_nor2_1)
     1    0.010000    0.166369    0.175408    1.146643 ^ _289_/Y (sg13g2_nor2_1)
                                                         sine_out[3] (net)
                      0.166369    0.000000    1.146643 ^ sine_out[3] (out)
                                              1.146643   data arrival time

                      0.100000    5.000000    5.000000   clock clk (rise edge)
                                  0.000000    5.000000   clock network delay (ideal)
                                 -0.150000    4.850000   clock uncertainty
                                  0.000000    4.850000   clock reconvergence pessimism
                                 -1.000000    3.850000   output external delay
                                              3.850000   data required time
---------------------------------------------------------------------------------------------
                                              3.850000   data required time
                                             -1.146643   data arrival time
---------------------------------------------------------------------------------------------
                                              2.703357   slack (MET)


Startpoint: _305_ (rising edge-triggered flip-flop clocked by clk)
Endpoint: _310_ (rising edge-triggered flip-flop clocked by clk)
Path Group: clk
Path Type: max

Fanout         Cap        Slew       Delay        Time   Description
---------------------------------------------------------------------------------------------
                      0.100000    0.000000    0.000000   clock clk (rise edge)
                                  0.000000    0.000000   clock network delay (ideal)
                      0.100000    0.000000    0.000000 ^ _305_/CLK (sg13g2_dfrbpq_1)
    17    0.053866    0.347909    0.521883    0.521883 ^ _305_/Q (sg13g2_dfrbpq_1)
                                                         DPATH.SUM.fa_1.A (net)
                      0.347909    0.000000    0.521883 ^ _181_/A (sg13g2_xnor2_1)
     2    0.007753    0.136994    0.241806    0.763689 v _181_/Y (sg13g2_xnor2_1)
                                                         _131_ (net)
                      0.136994    0.000000    0.763689 v _183_/A2 (sg13g2_o21ai_1)
     2    0.008246    0.187008    0.212766    0.976456 ^ _183_/Y (sg13g2_o21ai_1)
                                                         _132_ (net)
                      0.187008    0.000000    0.976456 ^ _187_/A1 (sg13g2_a21oi_1)
     2    0.008256    0.132999    0.182102    1.158558 v _187_/Y (sg13g2_a21oi_1)
                                                         _135_ (net)
                      0.132999    0.000000    1.158558 v _193_/A1 (sg13g2_o21ai_1)
     2    0.007810    0.180990    0.217785    1.376343 ^ _193_/Y (sg13g2_o21ai_1)
                                                         _011_ (net)
                      0.180990    0.000000    1.376343 ^ _197_/A2 (sg13g2_a21oi_1)
     2    0.007735    0.127738    0.182433    1.558776 v _197_/Y (sg13g2_a21oi_1)
                                                         _014_ (net)
                      0.127738    0.000000    1.558776 v _199_/A2 (sg13g2_o21ai_1)
     1    0.005247    0.143653    0.175643    1.734419 ^ _199_/Y (sg13g2_o21ai_1)
                                                         _015_ (net)
                      0.143653    0.000000    1.734419 ^ _201_/A (sg13g2_xnor2_1)
     1    0.001335    0.084007    0.169303    1.903722 ^ _201_/Y (sg13g2_xnor2_1)
                                                         DPATH.SUM.fa_6.S (net)
                      0.084007    0.000000    1.903722 ^ _310_/D (sg13g2_dfrbpq_1)
                                              1.903722   data arrival time

                      0.100000    5.000000    5.000000   clock clk (rise edge)
                                  0.000000    5.000000   clock network delay (ideal)
                                 -0.150000    4.850000   clock uncertainty
                                  0.000000    4.850000   clock reconvergence pessimism
                                              4.850000 ^ _310_/CLK (sg13g2_dfrbpq_1)
                                 -0.201089    4.648911   library setup time
                                              4.648911   data required time
---------------------------------------------------------------------------------------------
                                              4.648911   data required time
                                             -1.903722   data arrival time
---------------------------------------------------------------------------------------------
                                              2.745189   slack (MET)


Startpoint: _308_ (rising edge-triggered flip-flop clocked by clk)
Endpoint: sine_out[17] (output port clocked by clk)
Path Group: clk
Path Type: max

Fanout         Cap        Slew       Delay        Time   Description
---------------------------------------------------------------------------------------------
                      0.100000    0.000000    0.000000   clock clk (rise edge)
                                  0.000000    0.000000   clock network delay (ideal)
                      0.100000    0.000000    0.000000 ^ _308_/CLK (sg13g2_dfrbpq_1)
    24    0.067541    0.432585    0.581166    0.581166 ^ _308_/Q (sg13g2_dfrbpq_1)
                                                         DPATH.SUM.fa_4.A (net)
                      0.432585    0.000000    0.581166 ^ _145_/B (sg13g2_nor2_1)
     2    0.005363    0.111718    0.152385    0.733551 v _145_/Y (sg13g2_nor2_1)
                                                         _104_ (net)
                      0.111718    0.000000    0.733551 v _178_/B (sg13g2_nand2_1)
     2    0.005727    0.070691    0.098620    0.832171 ^ _178_/Y (sg13g2_nand2_1)
                                                         _129_ (net)
                      0.070691    0.000000    0.832171 ^ _179_/C (sg13g2_nand3_1)
     1    0.010000    0.223586    0.201186    1.033357 v _179_/Y (sg13g2_nand3_1)
                                                         sine_out[17] (net)
                      0.223586    0.000000    1.033357 v sine_out[17] (out)
                                              1.033357   data arrival time

                      0.100000    5.000000    5.000000   clock clk (rise edge)
                                  0.000000    5.000000   clock network delay (ideal)
                                 -0.150000    4.850000   clock uncertainty
                                  0.000000    4.850000   clock reconvergence pessimism
                                 -1.000000    3.850000   output external delay
                                              3.850000   data required time
---------------------------------------------------------------------------------------------
                                              3.850000   data required time
                                             -1.033357   data arrival time
---------------------------------------------------------------------------------------------
                                              2.816643   slack (MET)


Startpoint: _305_ (rising edge-triggered flip-flop clocked by clk)
Endpoint: _309_ (rising edge-triggered flip-flop clocked by clk)
Path Group: clk
Path Type: max

Fanout         Cap        Slew       Delay        Time   Description
---------------------------------------------------------------------------------------------
                      0.100000    0.000000    0.000000   clock clk (rise edge)
                                  0.000000    0.000000   clock network delay (ideal)
                      0.100000    0.000000    0.000000 ^ _305_/CLK (sg13g2_dfrbpq_1)
    17    0.053866    0.347909    0.521883    0.521883 ^ _305_/Q (sg13g2_dfrbpq_1)
                                                         DPATH.SUM.fa_1.A (net)
                      0.347909    0.000000    0.521883 ^ _181_/A (sg13g2_xnor2_1)
     2    0.007753    0.136994    0.241806    0.763689 v _181_/Y (sg13g2_xnor2_1)
                                                         _131_ (net)
                      0.136994    0.000000    0.763689 v _183_/A2 (sg13g2_o21ai_1)
     2    0.008246    0.187008    0.212766    0.976456 ^ _183_/Y (sg13g2_o21ai_1)
                                                         _132_ (net)
                      0.187008    0.000000    0.976456 ^ _187_/A1 (sg13g2_a21oi_1)
     2    0.008256    0.132999    0.182102    1.158558 v _187_/Y (sg13g2_a21oi_1)
                                                         _135_ (net)
                      0.132999    0.000000    1.158558 v _193_/A1 (sg13g2_o21ai_1)
     2    0.007810    0.180990    0.217785    1.376343 ^ _193_/Y (sg13g2_o21ai_1)
                                                         _011_ (net)
                      0.180990    0.000000    1.376343 ^ _197_/A2 (sg13g2_a21oi_1)
     2    0.007735    0.127738    0.182433    1.558776 v _197_/Y (sg13g2_a21oi_1)
                                                         _014_ (net)
                      0.127738    0.000000    1.558776 v _198_/B (sg13g2_xor2_1)
     1    0.001355    0.069531    0.171728    1.730504 v _198_/X (sg13g2_xor2_1)
                                                         DPATH.SUM.fa_5.S (net)
                      0.069531    0.000000    1.730504 v _309_/D (sg13g2_dfrbpq_1)
                                              1.730504   data arrival time

                      0.100000    5.000000    5.000000   clock clk (rise edge)
                                  0.000000    5.000000   clock network delay (ideal)
                                 -0.150000    4.850000   clock uncertainty
                                  0.000000    4.850000   clock reconvergence pessimism
                                              4.850000 ^ _309_/CLK (sg13g2_dfrbpq_1)
                                 -0.173671    4.676330   library setup time
                                              4.676330   data required time
---------------------------------------------------------------------------------------------
                                              4.676330   data required time
                                             -1.730504   data arrival time
---------------------------------------------------------------------------------------------
                                              2.945826   slack (MET)


Startpoint: _305_ (rising edge-triggered flip-flop clocked by clk)
Endpoint: _308_ (rising edge-triggered flip-flop clocked by clk)
Path Group: clk
Path Type: max

Fanout         Cap        Slew       Delay        Time   Description
---------------------------------------------------------------------------------------------
                      0.100000    0.000000    0.000000   clock clk (rise edge)
                                  0.000000    0.000000   clock network delay (ideal)
                      0.100000    0.000000    0.000000 ^ _305_/CLK (sg13g2_dfrbpq_1)
    17    0.053866    0.347909    0.521883    0.521883 ^ _305_/Q (sg13g2_dfrbpq_1)
                                                         DPATH.SUM.fa_1.A (net)
                      0.347909    0.000000    0.521883 ^ _181_/A (sg13g2_xnor2_1)
     2    0.007753    0.136994    0.241806    0.763689 v _181_/Y (sg13g2_xnor2_1)
                                                         _131_ (net)
                      0.136994    0.000000    0.763689 v _183_/A2 (sg13g2_o21ai_1)
     2    0.008246    0.187008    0.212766    0.976456 ^ _183_/Y (sg13g2_o21ai_1)
                                                         _132_ (net)
                      0.187008    0.000000    0.976456 ^ _187_/A1 (sg13g2_a21oi_1)
     2    0.008256    0.132999    0.182102    1.158558 v _187_/Y (sg13g2_a21oi_1)
                                                         _135_ (net)
                      0.132999    0.000000    1.158558 v _193_/A1 (sg13g2_o21ai_1)
     2    0.007810    0.180990    0.217785    1.376343 ^ _193_/Y (sg13g2_o21ai_1)
                                                         _011_ (net)
                      0.180990    0.000000    1.376343 ^ _194_/B (sg13g2_xor2_1)
     1    0.001335    0.071437    0.185632    1.561975 ^ _194_/X (sg13g2_xor2_1)
                                                         DPATH.SUM.fa_4.S (net)
                      0.071437    0.000000    1.561975 ^ _308_/D (sg13g2_dfrbpq_1)
                                              1.561975   data arrival time

                      0.100000    5.000000    5.000000   clock clk (rise edge)
                                  0.000000    5.000000   clock network delay (ideal)
                                 -0.150000    4.850000   clock uncertainty
                                  0.000000    4.850000   clock reconvergence pessimism
                                              4.850000 ^ _308_/CLK (sg13g2_dfrbpq_1)
                                 -0.195934    4.654066   library setup time
                                              4.654066   data required time
---------------------------------------------------------------------------------------------
                                              4.654066   data required time
                                             -1.561975   data arrival time
---------------------------------------------------------------------------------------------
                                              3.092091   slack (MET)


Startpoint: _311_ (rising edge-triggered flip-flop clocked by clk)
Endpoint: signB (output port clocked by clk)
Path Group: clk
Path Type: max

Fanout         Cap        Slew       Delay        Time   Description
---------------------------------------------------------------------------------------------
                      0.100000    0.000000    0.000000   clock clk (rise edge)
                                  0.000000    0.000000   clock network delay (ideal)
                      0.100000    0.000000    0.000000 ^ _311_/CLK (sg13g2_dfrbpq_1)
     2    0.032759    0.217293    0.430202    0.430202 ^ _311_/Q (sg13g2_dfrbpq_1)
                                                         sign (net)
                      0.217293    0.000000    0.430202 ^ _142_/A (sg13g2_inv_1)
     2    0.035146    0.212069    0.274981    0.705183 v _142_/Y (sg13g2_inv_1)
                                                         signB (net)
                      0.212069    0.000000    0.705183 v signB (out)
                                              0.705183   data arrival time

                      0.100000    5.000000    5.000000   clock clk (rise edge)
                                  0.000000    5.000000   clock network delay (ideal)
                                 -0.150000    4.850000   clock uncertainty
                                  0.000000    4.850000   clock reconvergence pessimism
                                 -1.000000    3.850000   output external delay
                                              3.850000   data required time
---------------------------------------------------------------------------------------------
                                              3.850000   data required time
                                             -0.705183   data arrival time
---------------------------------------------------------------------------------------------
                                              3.144817   slack (MET)


Startpoint: _305_ (rising edge-triggered flip-flop clocked by clk)
Endpoint: _312_ (rising edge-triggered flip-flop clocked by clk)
Path Group: clk
Path Type: max

Fanout         Cap        Slew       Delay        Time   Description
---------------------------------------------------------------------------------------------
                      0.100000    0.000000    0.000000   clock clk (rise edge)
                                  0.000000    0.000000   clock network delay (ideal)
                      0.100000    0.000000    0.000000 ^ _305_/CLK (sg13g2_dfrbpq_1)
    17    0.053866    0.347909    0.521883    0.521883 ^ _305_/Q (sg13g2_dfrbpq_1)
                                                         DPATH.SUM.fa_1.A (net)
                      0.347909    0.000000    0.521883 ^ _164_/B (sg13g2_and2_1)
     4    0.011319    0.096982    0.278223    0.800106 ^ _164_/X (sg13g2_and2_1)
                                                         _120_ (net)
                      0.096982    0.000000    0.800106 ^ _169_/B (sg13g2_nand2_1)
     3    0.008096    0.150422    0.135468    0.935575 v _169_/Y (sg13g2_nand2_1)
                                                         _124_ (net)
                      0.150422    0.000000    0.935575 v _205_/C (sg13g2_nor3_1)
     2    0.005710    0.185818    0.196109    1.131683 ^ _205_/Y (sg13g2_nor3_1)
                                                         _019_ (net)
                      0.185818    0.000000    1.131683 ^ _206_/A2 (sg13g2_a21oi_1)
     1    0.002692    0.109856    0.144641    1.276324 v _206_/Y (sg13g2_a21oi_1)
                                                         _020_ (net)
                      0.109856    0.000000    1.276324 v _207_/B (sg13g2_nor2_1)
     1    0.001335    0.062776    0.087433    1.363757 ^ _207_/Y (sg13g2_nor2_1)
                                                         CTRL.P0 (net)
                      0.062776    0.000000    1.363757 ^ _312_/D (sg13g2_dfrbpq_1)
                                              1.363757   data arrival time

                      0.100000    5.000000    5.000000   clock clk (rise edge)
                                  0.000000    5.000000   clock network delay (ideal)
                                 -0.150000    4.850000   clock uncertainty
                                  0.000000    4.850000   clock reconvergence pessimism
                                              4.850000 ^ _312_/CLK (sg13g2_dfrbpq_1)
                                 -0.192383    4.657617   library setup time
                                              4.657617   data required time
---------------------------------------------------------------------------------------------
                                              4.657617   data required time
                                             -1.363757   data arrival time
---------------------------------------------------------------------------------------------
                                              3.293860   slack (MET)


Startpoint: _305_ (rising edge-triggered flip-flop clocked by clk)
Endpoint: _307_ (rising edge-triggered flip-flop clocked by clk)
Path Group: clk
Path Type: max

Fanout         Cap        Slew       Delay        Time   Description
---------------------------------------------------------------------------------------------
                      0.100000    0.000000    0.000000   clock clk (rise edge)
                                  0.000000    0.000000   clock network delay (ideal)
                      0.100000    0.000000    0.000000 ^ _305_/CLK (sg13g2_dfrbpq_1)
    17    0.053866    0.347909    0.521883    0.521883 ^ _305_/Q (sg13g2_dfrbpq_1)
                                                         DPATH.SUM.fa_1.A (net)
                      0.347909    0.000000    0.521883 ^ _181_/A (sg13g2_xnor2_1)
     2    0.007753    0.136994    0.241806    0.763689 v _181_/Y (sg13g2_xnor2_1)
                                                         _131_ (net)
                      0.136994    0.000000    0.763689 v _183_/A2 (sg13g2_o21ai_1)
     2    0.008246    0.187008    0.212766    0.976456 ^ _183_/Y (sg13g2_o21ai_1)
                                                         _132_ (net)
                      0.187008    0.000000    0.976456 ^ _187_/A1 (sg13g2_a21oi_1)
     2    0.008256    0.132999    0.182102    1.158558 v _187_/Y (sg13g2_a21oi_1)
                                                         _135_ (net)
                      0.132999    0.000000    1.158558 v _190_/A (sg13g2_xor2_1)
     1    0.001355    0.077289    0.182418    1.340976 v _190_/X (sg13g2_xor2_1)
                                                         DPATH.SUM.fa_3.S (net)
                      0.077289    0.000000    1.340976 v _307_/D (sg13g2_dfrbpq_1)
                                              1.340976   data arrival time

                      0.100000    5.000000    5.000000   clock clk (rise edge)
                                  0.000000    5.000000   clock network delay (ideal)
                                 -0.150000    4.850000   clock uncertainty
                                  0.000000    4.850000   clock reconvergence pessimism
                                              4.850000 ^ _307_/CLK (sg13g2_dfrbpq_1)
                                 -0.177189    4.672811   library setup time
                                              4.672811   data required time
---------------------------------------------------------------------------------------------
                                              4.672811   data required time
                                             -1.340976   data arrival time
---------------------------------------------------------------------------------------------
                                              3.331835   slack (MET)


Startpoint: _308_ (rising edge-triggered flip-flop clocked by clk)
Endpoint: _311_ (rising edge-triggered flip-flop clocked by clk)
Path Group: clk
Path Type: max

Fanout         Cap        Slew       Delay        Time   Description
---------------------------------------------------------------------------------------------
                      0.100000    0.000000    0.000000   clock clk (rise edge)
                                  0.000000    0.000000   clock network delay (ideal)
                      0.100000    0.000000    0.000000 ^ _308_/CLK (sg13g2_dfrbpq_1)
    24    0.065683    0.338393    0.532716    0.532716 v _308_/Q (sg13g2_dfrbpq_1)
                                                         DPATH.SUM.fa_4.A (net)
                      0.338393    0.000000    0.532716 v _145_/B (sg13g2_nor2_1)
     2    0.005657    0.153645    0.187142    0.719858 ^ _145_/Y (sg13g2_nor2_1)
                                                         _104_ (net)
                      0.153645    0.000000    0.719858 ^ _178_/B (sg13g2_nand2_1)
     2    0.005501    0.090473    0.135104    0.854962 v _178_/Y (sg13g2_nand2_1)
                                                         _129_ (net)
                      0.090473    0.000000    0.854962 v _203_/B (sg13g2_nor3_1)
     2    0.007671    0.216145    0.229259    1.084222 ^ _203_/Y (sg13g2_nor3_1)
                                                         _018_ (net)
                      0.216145    0.000000    1.084222 ^ _204_/B (sg13g2_xnor2_1)
     1    0.001335    0.095639    0.185532    1.269754 ^ _204_/Y (sg13g2_xnor2_1)
                                                         CTRL.P1 (net)
                      0.095639    0.000000    1.269754 ^ _311_/D (sg13g2_dfrbpq_1)
                                              1.269754   data arrival time

                      0.100000    5.000000    5.000000   clock clk (rise edge)
                                  0.000000    5.000000   clock network delay (ideal)
                                 -0.150000    4.850000   clock uncertainty
                                  0.000000    4.850000   clock reconvergence pessimism
                                              4.850000 ^ _311_/CLK (sg13g2_dfrbpq_1)
                                 -0.205858    4.644142   library setup time
                                              4.644142   data required time
---------------------------------------------------------------------------------------------
                                              4.644142   data required time
                                             -1.269754   data arrival time
---------------------------------------------------------------------------------------------
                                              3.374388   slack (MET)


Startpoint: _311_ (rising edge-triggered flip-flop clocked by clk)
Endpoint: sign (output port clocked by clk)
Path Group: clk
Path Type: max

Fanout         Cap        Slew       Delay        Time   Description
---------------------------------------------------------------------------------------------
                      0.100000    0.000000    0.000000   clock clk (rise edge)
                                  0.000000    0.000000   clock network delay (ideal)
                      0.100000    0.000000    0.000000 ^ _311_/CLK (sg13g2_dfrbpq_1)
     2    0.032759    0.217293    0.430202    0.430202 ^ _311_/Q (sg13g2_dfrbpq_1)
                                                         sign (net)
                      0.217293    0.000000    0.430202 ^ sign (out)
                                              0.430202   data arrival time

                      0.100000    5.000000    5.000000   clock clk (rise edge)
                                  0.000000    5.000000   clock network delay (ideal)
                                 -0.150000    4.850000   clock uncertainty
                                  0.000000    4.850000   clock reconvergence pessimism
                                 -1.000000    3.850000   output external delay
                                              3.850000   data required time
---------------------------------------------------------------------------------------------
                                              3.850000   data required time
                                             -0.430202   data arrival time
---------------------------------------------------------------------------------------------
                                              3.419798   slack (MET)


Startpoint: _305_ (rising edge-triggered flip-flop clocked by clk)
Endpoint: _306_ (rising edge-triggered flip-flop clocked by clk)
Path Group: clk
Path Type: max

Fanout         Cap        Slew       Delay        Time   Description
---------------------------------------------------------------------------------------------
                      0.100000    0.000000    0.000000   clock clk (rise edge)
                                  0.000000    0.000000   clock network delay (ideal)
                      0.100000    0.000000    0.000000 ^ _305_/CLK (sg13g2_dfrbpq_1)
    17    0.053866    0.347909    0.521883    0.521883 ^ _305_/Q (sg13g2_dfrbpq_1)
                                                         DPATH.SUM.fa_1.A (net)
                      0.347909    0.000000    0.521883 ^ _181_/A (sg13g2_xnor2_1)
     2    0.007753    0.136994    0.241806    0.763689 v _181_/Y (sg13g2_xnor2_1)
                                                         _131_ (net)
                      0.136994    0.000000    0.763689 v _183_/A2 (sg13g2_o21ai_1)
     2    0.008246    0.187008    0.212766    0.976456 ^ _183_/Y (sg13g2_o21ai_1)
                                                         _132_ (net)
                      0.187008    0.000000    0.976456 ^ _186_/A (sg13g2_xor2_1)
     1    0.001335    0.071951    0.193916    1.170371 ^ _186_/X (sg13g2_xor2_1)
                                                         DPATH.SUM.fa_2.S (net)
                      0.071951    0.000000    1.170371 ^ _306_/D (sg13g2_dfrbpq_1)
                                              1.170371   data arrival time

                      0.100000    5.000000    5.000000   clock clk (rise edge)
                                  0.000000    5.000000   clock network delay (ideal)
                                 -0.150000    4.850000   clock uncertainty
                                  0.000000    4.850000   clock reconvergence pessimism
                                              4.850000 ^ _306_/CLK (sg13g2_dfrbpq_1)
                                 -0.196145    4.653855   library setup time
                                              4.653855   data required time
---------------------------------------------------------------------------------------------
                                              4.653855   data required time
                                             -1.170371   data arrival time
---------------------------------------------------------------------------------------------
                                              3.483484   slack (MET)


Startpoint: _305_ (rising edge-triggered flip-flop clocked by clk)
Endpoint: _305_ (rising edge-triggered flip-flop clocked by clk)
Path Group: clk
Path Type: max

Fanout         Cap        Slew       Delay        Time   Description
---------------------------------------------------------------------------------------------
                      0.100000    0.000000    0.000000   clock clk (rise edge)
                                  0.000000    0.000000   clock network delay (ideal)
                      0.100000    0.000000    0.000000 ^ _305_/CLK (sg13g2_dfrbpq_1)
    17    0.053866    0.347909    0.521883    0.521883 ^ _305_/Q (sg13g2_dfrbpq_1)
                                                         DPATH.SUM.fa_1.A (net)
                      0.347909    0.000000    0.521883 ^ _181_/A (sg13g2_xnor2_1)
     2    0.008105    0.190425    0.264879    0.786762 ^ _181_/Y (sg13g2_xnor2_1)
                                                         _131_ (net)
                      0.190425    0.000000    0.786762 ^ _182_/B (sg13g2_xnor2_1)
     1    0.001335    0.094871    0.177984    0.964746 ^ _182_/Y (sg13g2_xnor2_1)
                                                         DPATH.SUM.fa_1.S (net)
                      0.094871    0.000000    0.964746 ^ _305_/D (sg13g2_dfrbpq_1)
                                              0.964746   data arrival time

                      0.100000    5.000000    5.000000   clock clk (rise edge)
                                  0.000000    5.000000   clock network delay (ideal)
                                 -0.150000    4.850000   clock uncertainty
                                  0.000000    4.850000   clock reconvergence pessimism
                                              4.850000 ^ _305_/CLK (sg13g2_dfrbpq_1)
                                 -0.205544    4.644456   library setup time
                                              4.644456   data required time
---------------------------------------------------------------------------------------------
                                              4.644456   data required time
                                             -0.964746   data arrival time
---------------------------------------------------------------------------------------------
                                              3.679710   slack (MET)


Startpoint: _304_ (rising edge-triggered flip-flop clocked by clk)
Endpoint: _304_ (rising edge-triggered flip-flop clocked by clk)
Path Group: clk
Path Type: max

Fanout         Cap        Slew       Delay        Time   Description
---------------------------------------------------------------------------------------------
                      0.100000    0.000000    0.000000   clock clk (rise edge)
                                  0.000000    0.000000   clock network delay (ideal)
                      0.100000    0.000000    0.000000 ^ _304_/CLK (sg13g2_dfrbpq_1)
    16    0.050195    0.325184    0.505967    0.505967 ^ _304_/Q (sg13g2_dfrbpq_1)
                                                         DPATH.SUM.Cout0 (net)
                      0.325184    0.000000    0.505967 ^ _141_/A (sg13g2_inv_1)
     6    0.015757    0.147947    0.212457    0.718423 v _141_/Y (sg13g2_inv_1)
                                                         DPATH.SUM.ha_0.S (net)
                      0.147947    0.000000    0.718423 v _304_/D (sg13g2_dfrbpq_1)
                                              0.718423   data arrival time

                      0.100000    5.000000    5.000000   clock clk (rise edge)
                                  0.000000    5.000000   clock network delay (ideal)
                                 -0.150000    4.850000   clock uncertainty
                                  0.000000    4.850000   clock reconvergence pessimism
                                              4.850000 ^ _304_/CLK (sg13g2_dfrbpq_1)
                                 -0.209233    4.640768   library setup time
                                              4.640768   data required time
---------------------------------------------------------------------------------------------
                                              4.640768   data required time
                                             -0.718423   data arrival time
---------------------------------------------------------------------------------------------
                                              3.922344   slack (MET)



