
===========================================================================
report_checks -path_delay min (Hold)
============================================================================
======================= nom_slow_1p08V_125C Corner ===================================

Startpoint: _311_ (rising edge-triggered flip-flop clocked by clk)
Endpoint: sign (output port clocked by clk)
Path Group: clk
Path Type: min

Fanout         Cap        Slew       Delay        Time   Description
---------------------------------------------------------------------------------------------
                      0.100000    0.000000    0.000000   clock clk (rise edge)
                                  0.000000    0.000000   clock network delay (ideal)
                      0.100000    0.000000    0.000000 ^ _311_/CLK (sg13g2_dfrbpq_1)
     2    0.032646    0.175120    0.410787    0.410787 v _311_/Q (sg13g2_dfrbpq_1)
                                                         sign (net)
                      0.175120    0.000000    0.410787 v sign (out)
                                              0.410787   data arrival time

                      0.100000    0.000000    0.000000   clock clk (rise edge)
                                  0.000000    0.000000   clock network delay (ideal)
                                  0.150000    0.150000   clock uncertainty
                                  0.000000    0.150000   clock reconvergence pessimism
                                  0.000000    0.150000   output external delay
                                              0.150000   data required time
---------------------------------------------------------------------------------------------
                                              0.150000   data required time
                                             -0.410787   data arrival time
---------------------------------------------------------------------------------------------
                                              0.260787   slack (MET)


Startpoint: _310_ (rising edge-triggered flip-flop clocked by clk)
Endpoint: sine_out[16] (output port clocked by clk)
Path Group: clk
Path Type: min

Fanout         Cap        Slew       Delay        Time   Description
---------------------------------------------------------------------------------------------
                      0.100000    0.000000    0.000000   clock clk (rise edge)
                                  0.000000    0.000000   clock network delay (ideal)
                      0.100000    0.000000    0.000000 ^ _310_/CLK (sg13g2_dfrbpq_1)
    17    0.047591    0.248852    0.466030    0.466030 v _310_/Q (sg13g2_dfrbpq_1)
                                                         DPATH.SUM.fa_6.A (net)
                      0.248852    0.000000    0.466030 v _176_/A (sg13g2_nand3_1)
     1    0.010000    0.095649    0.164306    0.630336 ^ _176_/Y (sg13g2_nand3_1)
                                                         sine_out[16] (net)
                      0.095649    0.000000    0.630336 ^ sine_out[16] (out)
                                              0.630336   data arrival time

                      0.100000    0.000000    0.000000   clock clk (rise edge)
                                  0.000000    0.000000   clock network delay (ideal)
                                  0.150000    0.150000   clock uncertainty
                                  0.000000    0.150000   clock reconvergence pessimism
                                  0.000000    0.150000   output external delay
                                              0.150000   data required time
---------------------------------------------------------------------------------------------
                                              0.150000   data required time
                                             -0.630336   data arrival time
---------------------------------------------------------------------------------------------
                                              0.480336   slack (MET)


Startpoint: _310_ (rising edge-triggered flip-flop clocked by clk)
Endpoint: sine_out[14] (output port clocked by clk)
Path Group: clk
Path Type: min

Fanout         Cap        Slew       Delay        Time   Description
---------------------------------------------------------------------------------------------
                      0.100000    0.000000    0.000000   clock clk (rise edge)
                                  0.000000    0.000000   clock network delay (ideal)
                      0.100000    0.000000    0.000000 ^ _310_/CLK (sg13g2_dfrbpq_1)
    17    0.047591    0.248852    0.466030    0.466030 v _310_/Q (sg13g2_dfrbpq_1)
                                                         DPATH.SUM.fa_6.A (net)
                      0.248852    0.000000    0.466030 v _171_/B1 (sg13g2_o21ai_1)
     1    0.010000    0.129578    0.171388    0.637417 ^ _171_/Y (sg13g2_o21ai_1)
                                                         sine_out[14] (net)
                      0.129578    0.000000    0.637417 ^ sine_out[14] (out)
                                              0.637417   data arrival time

                      0.100000    0.000000    0.000000   clock clk (rise edge)
                                  0.000000    0.000000   clock network delay (ideal)
                                  0.150000    0.150000   clock uncertainty
                                  0.000000    0.150000   clock reconvergence pessimism
                                  0.000000    0.150000   output external delay
                                              0.150000   data required time
---------------------------------------------------------------------------------------------
                                              0.150000   data required time
                                             -0.637417   data arrival time
---------------------------------------------------------------------------------------------
                                              0.487417   slack (MET)


Startpoint: _310_ (rising edge-triggered flip-flop clocked by clk)
Endpoint: sine_out[15] (output port clocked by clk)
Path Group: clk
Path Type: min

Fanout         Cap        Slew       Delay        Time   Description
---------------------------------------------------------------------------------------------
                      0.100000    0.000000    0.000000   clock clk (rise edge)
                                  0.000000    0.000000   clock network delay (ideal)
                      0.100000    0.000000    0.000000 ^ _310_/CLK (sg13g2_dfrbpq_1)
    17    0.047591    0.248852    0.466030    0.466030 v _310_/Q (sg13g2_dfrbpq_1)
                                                         DPATH.SUM.fa_6.A (net)
                      0.248852    0.000000    0.466030 v _173_/B1 (sg13g2_o21ai_1)
     1    0.010000    0.129578    0.171388    0.637417 ^ _173_/Y (sg13g2_o21ai_1)
                                                         sine_out[15] (net)
                      0.129578    0.000000    0.637417 ^ sine_out[15] (out)
                                              0.637417   data arrival time

                      0.100000    0.000000    0.000000   clock clk (rise edge)
                                  0.000000    0.000000   clock network delay (ideal)
                                  0.150000    0.150000   clock uncertainty
                                  0.000000    0.150000   clock reconvergence pessimism
                                  0.000000    0.150000   output external delay
                                              0.150000   data required time
---------------------------------------------------------------------------------------------
                                              0.150000   data required time
                                             -0.637417   data arrival time
---------------------------------------------------------------------------------------------
                                              0.487417   slack (MET)


Startpoint: _310_ (rising edge-triggered flip-flop clocked by clk)
Endpoint: sine_out[17] (output port clocked by clk)
Path Group: clk
Path Type: min

Fanout         Cap        Slew       Delay        Time   Description
---------------------------------------------------------------------------------------------
                      0.100000    0.000000    0.000000   clock clk (rise edge)
                                  0.000000    0.000000   clock network delay (ideal)
                      0.100000    0.000000    0.000000 ^ _310_/CLK (sg13g2_dfrbpq_1)
    17    0.047591    0.248852    0.466030    0.466030 v _310_/Q (sg13g2_dfrbpq_1)
                                                         DPATH.SUM.fa_6.A (net)
                      0.248852    0.000000    0.466030 v _179_/B (sg13g2_nand3_1)
     1    0.010000    0.098857    0.176443    0.642473 ^ _179_/Y (sg13g2_nand3_1)
                                                         sine_out[17] (net)
                      0.098857    0.000000    0.642473 ^ sine_out[17] (out)
                                              0.642473   data arrival time

                      0.100000    0.000000    0.000000   clock clk (rise edge)
                                  0.000000    0.000000   clock network delay (ideal)
                                  0.150000    0.150000   clock uncertainty
                                  0.000000    0.150000   clock reconvergence pessimism
                                  0.000000    0.150000   output external delay
                                              0.150000   data required time
---------------------------------------------------------------------------------------------
                                              0.150000   data required time
                                             -0.642473   data arrival time
---------------------------------------------------------------------------------------------
                                              0.492473   slack (MET)


Startpoint: _310_ (rising edge-triggered flip-flop clocked by clk)
Endpoint: sine_out[13] (output port clocked by clk)
Path Group: clk
Path Type: min

Fanout         Cap        Slew       Delay        Time   Description
---------------------------------------------------------------------------------------------
                      0.100000    0.000000    0.000000   clock clk (rise edge)
                                  0.000000    0.000000   clock network delay (ideal)
                      0.100000    0.000000    0.000000 ^ _310_/CLK (sg13g2_dfrbpq_1)
    17    0.047591    0.248852    0.466030    0.466030 v _310_/Q (sg13g2_dfrbpq_1)
                                                         DPATH.SUM.fa_6.A (net)
                      0.248852    0.000000    0.466030 v _170_/B1 (sg13g2_a21oi_1)
     1    0.010000    0.152453    0.185536    0.651566 ^ _170_/Y (sg13g2_a21oi_1)
                                                         sine_out[13] (net)
                      0.152453    0.000000    0.651566 ^ sine_out[13] (out)
                                              0.651566   data arrival time

                      0.100000    0.000000    0.000000   clock clk (rise edge)
                                  0.000000    0.000000   clock network delay (ideal)
                                  0.150000    0.150000   clock uncertainty
                                  0.000000    0.150000   clock reconvergence pessimism
                                  0.000000    0.150000   output external delay
                                              0.150000   data required time
---------------------------------------------------------------------------------------------
                                              0.150000   data required time
                                             -0.651566   data arrival time
---------------------------------------------------------------------------------------------
                                              0.501566   slack (MET)


Startpoint: _310_ (rising edge-triggered flip-flop clocked by clk)
Endpoint: sine_out[9] (output port clocked by clk)
Path Group: clk
Path Type: min

Fanout         Cap        Slew       Delay        Time   Description
---------------------------------------------------------------------------------------------
                      0.100000    0.000000    0.000000   clock clk (rise edge)
                                  0.000000    0.000000   clock network delay (ideal)
                      0.100000    0.000000    0.000000 ^ _310_/CLK (sg13g2_dfrbpq_1)
    17    0.047591    0.248852    0.466030    0.466030 v _310_/Q (sg13g2_dfrbpq_1)
                                                         DPATH.SUM.fa_6.A (net)
                      0.248852    0.000000    0.466030 v _150_/B1 (sg13g2_a21oi_1)
     1    0.010000    0.152453    0.185536    0.651566 ^ _150_/Y (sg13g2_a21oi_1)
                                                         sine_out[9] (net)
                      0.152453    0.000000    0.651566 ^ sine_out[9] (out)
                                              0.651566   data arrival time

                      0.100000    0.000000    0.000000   clock clk (rise edge)
                                  0.000000    0.000000   clock network delay (ideal)
                                  0.150000    0.150000   clock uncertainty
                                  0.000000    0.150000   clock reconvergence pessimism
                                  0.000000    0.150000   output external delay
                                              0.150000   data required time
---------------------------------------------------------------------------------------------
                                              0.150000   data required time
                                             -0.651566   data arrival time
---------------------------------------------------------------------------------------------
                                              0.501566   slack (MET)


Startpoint: _304_ (rising edge-triggered flip-flop clocked by clk)
Endpoint: _305_ (rising edge-triggered flip-flop clocked by clk)
Path Group: clk
Path Type: min

Fanout         Cap        Slew       Delay        Time   Description
---------------------------------------------------------------------------------------------
                      0.100000    0.000000    0.000000   clock clk (rise edge)
                                  0.000000    0.000000   clock network delay (ideal)
                      0.100000    0.000000    0.000000 ^ _304_/CLK (sg13g2_dfrbpq_1)
    16    0.047938    0.250571    0.467310    0.467310 v _304_/Q (sg13g2_dfrbpq_1)
                                                         DPATH.SUM.Cout0 (net)
                      0.250571    0.000000    0.467310 v _182_/A (sg13g2_xnor2_1)
     1    0.001355    0.041799    0.159000    0.626309 v _182_/Y (sg13g2_xnor2_1)
                                                         DPATH.SUM.fa_1.S (net)
                      0.041799    0.000000    0.626309 v _305_/D (sg13g2_dfrbpq_1)
                                              0.626309   data arrival time

                      0.100000    0.000000    0.000000   clock clk (rise edge)
                                  0.000000    0.000000   clock network delay (ideal)
                                  0.150000    0.150000   clock uncertainty
                                  0.000000    0.150000   clock reconvergence pessimism
                                              0.150000 ^ _305_/CLK (sg13g2_dfrbpq_1)
                                 -0.034787    0.115213   library hold time
                                              0.115213   data required time
---------------------------------------------------------------------------------------------
                                              0.115213   data required time
                                             -0.626309   data arrival time
---------------------------------------------------------------------------------------------
                                              0.511096   slack (MET)


Startpoint: _312_ (rising edge-triggered flip-flop clocked by clk)
Endpoint: _312_ (rising edge-triggered flip-flop clocked by clk)
Path Group: clk
Path Type: min

Fanout         Cap        Slew       Delay        Time   Description
---------------------------------------------------------------------------------------------
                      0.100000    0.000000    0.000000   clock clk (rise edge)
                                  0.000000    0.000000   clock network delay (ideal)
                      0.100000    0.000000    0.000000 ^ _312_/CLK (sg13g2_dfrbpq_1)
    13    0.047030    0.246080    0.463965    0.463965 v _312_/Q (sg13g2_dfrbpq_1)
                                                         CTRL.S0 (net)
                      0.246080    0.000000    0.463965 v _206_/B1 (sg13g2_a21oi_1)
     1    0.002825    0.078718    0.118697    0.582662 ^ _206_/Y (sg13g2_a21oi_1)
                                                         _020_ (net)
                      0.078718    0.000000    0.582662 ^ _207_/B (sg13g2_nor2_1)
     1    0.001355    0.031217    0.054374    0.637036 v _207_/Y (sg13g2_nor2_1)
                                                         CTRL.P0 (net)
                      0.031217    0.000000    0.637036 v _312_/D (sg13g2_dfrbpq_1)
                                              0.637036   data arrival time

                      0.100000    0.000000    0.000000   clock clk (rise edge)
                                  0.000000    0.000000   clock network delay (ideal)
                                  0.150000    0.150000   clock uncertainty
                                  0.000000    0.150000   clock reconvergence pessimism
                                              0.150000 ^ _312_/CLK (sg13g2_dfrbpq_1)
                                 -0.030522    0.119478   library hold time
                                              0.119478   data required time
---------------------------------------------------------------------------------------------
                                              0.119478   data required time
                                             -0.637036   data arrival time
---------------------------------------------------------------------------------------------
                                              0.517558   slack (MET)


Startpoint: _311_ (rising edge-triggered flip-flop clocked by clk)
Endpoint: signB (output port clocked by clk)
Path Group: clk
Path Type: min

Fanout         Cap        Slew       Delay        Time   Description
---------------------------------------------------------------------------------------------
                      0.100000    0.000000    0.000000   clock clk (rise edge)
                                  0.000000    0.000000   clock network delay (ideal)
                      0.100000    0.000000    0.000000 ^ _311_/CLK (sg13g2_dfrbpq_1)
     2    0.032646    0.175120    0.410787    0.410787 v _311_/Q (sg13g2_dfrbpq_1)
                                                         sign (net)
                      0.175120    0.000000    0.410787 v _142_/A (sg13g2_inv_1)
     2    0.035247    0.240872    0.269737    0.680524 ^ _142_/Y (sg13g2_inv_1)
                                                         signB (net)
                      0.240872    0.000000    0.680524 ^ signB (out)
                                              0.680524   data arrival time

                      0.100000    0.000000    0.000000   clock clk (rise edge)
                                  0.000000    0.000000   clock network delay (ideal)
                                  0.150000    0.150000   clock uncertainty
                                  0.000000    0.150000   clock reconvergence pessimism
                                  0.000000    0.150000   output external delay
                                              0.150000   data required time
---------------------------------------------------------------------------------------------
                                              0.150000   data required time
                                             -0.680524   data arrival time
---------------------------------------------------------------------------------------------
                                              0.530524   slack (MET)


Startpoint: _306_ (rising edge-triggered flip-flop clocked by clk)
Endpoint: _306_ (rising edge-triggered flip-flop clocked by clk)
Path Group: clk
Path Type: min

Fanout         Cap        Slew       Delay        Time   Description
---------------------------------------------------------------------------------------------
                      0.100000    0.000000    0.000000   clock clk (rise edge)
                                  0.000000    0.000000   clock network delay (ideal)
                      0.100000    0.000000    0.000000 ^ _306_/CLK (sg13g2_dfrbpq_1)
    11    0.033806    0.180819    0.415092    0.415092 v _306_/Q (sg13g2_dfrbpq_1)
                                                         DPATH.SUM.fa_2.A (net)
                      0.180819    0.000000    0.415092 v _185_/A (sg13g2_xor2_1)
     2    0.007525    0.067333    0.181748    0.596840 v _185_/X (sg13g2_xor2_1)
                                                         _134_ (net)
                      0.067333    0.000000    0.596840 v _186_/B (sg13g2_xor2_1)
     1    0.001355    0.036674    0.083338    0.680178 v _186_/X (sg13g2_xor2_1)
                                                         DPATH.SUM.fa_2.S (net)
                      0.036674    0.000000    0.680178 v _306_/D (sg13g2_dfrbpq_1)
                                              0.680178   data arrival time

                      0.100000    0.000000    0.000000   clock clk (rise edge)
                                  0.000000    0.000000   clock network delay (ideal)
                                  0.150000    0.150000   clock uncertainty
                                  0.000000    0.150000   clock reconvergence pessimism
                                              0.150000 ^ _306_/CLK (sg13g2_dfrbpq_1)
                                 -0.032722    0.117278   library hold time
                                              0.117278   data required time
---------------------------------------------------------------------------------------------
                                              0.117278   data required time
                                             -0.680178   data arrival time
---------------------------------------------------------------------------------------------
                                              0.562899   slack (MET)


Startpoint: _310_ (rising edge-triggered flip-flop clocked by clk)
Endpoint: sine_out[0] (output port clocked by clk)
Path Group: clk
Path Type: min

Fanout         Cap        Slew       Delay        Time   Description
---------------------------------------------------------------------------------------------
                      0.100000    0.000000    0.000000   clock clk (rise edge)
                                  0.000000    0.000000   clock network delay (ideal)
                      0.100000    0.000000    0.000000 ^ _310_/CLK (sg13g2_dfrbpq_1)
    17    0.047591    0.248852    0.466030    0.466030 v _310_/Q (sg13g2_dfrbpq_1)
                                                         DPATH.SUM.fa_6.A (net)
                      0.248852    0.000000    0.466030 v _247_/A1 (sg13g2_a22oi_1)
     1    0.010000    0.168484    0.251452    0.717482 ^ _247_/Y (sg13g2_a22oi_1)
                                                         sine_out[0] (net)
                      0.168484    0.000000    0.717482 ^ sine_out[0] (out)
                                              0.717482   data arrival time

                      0.100000    0.000000    0.000000   clock clk (rise edge)
                                  0.000000    0.000000   clock network delay (ideal)
                                  0.150000    0.150000   clock uncertainty
                                  0.000000    0.150000   clock reconvergence pessimism
                                  0.000000    0.150000   output external delay
                                              0.150000   data required time
---------------------------------------------------------------------------------------------
                                              0.150000   data required time
                                             -0.717482   data arrival time
---------------------------------------------------------------------------------------------
                                              0.567482   slack (MET)


Startpoint: _310_ (rising edge-triggered flip-flop clocked by clk)
Endpoint: sine_out[2] (output port clocked by clk)
Path Group: clk
Path Type: min

Fanout         Cap        Slew       Delay        Time   Description
---------------------------------------------------------------------------------------------
                      0.100000    0.000000    0.000000   clock clk (rise edge)
                                  0.000000    0.000000   clock network delay (ideal)
                      0.100000    0.000000    0.000000 ^ _310_/CLK (sg13g2_dfrbpq_1)
    17    0.047591    0.248852    0.466030    0.466030 v _310_/Q (sg13g2_dfrbpq_1)
                                                         DPATH.SUM.fa_6.A (net)
                      0.248852    0.000000    0.466030 v _286_/B1 (sg13g2_o21ai_1)
     1    0.002783    0.082005    0.113672    0.579702 ^ _286_/Y (sg13g2_o21ai_1)
                                                         _097_ (net)
                      0.082005    0.000000    0.579702 ^ _287_/B1 (sg13g2_a21oi_1)
     1    0.002653    0.037987    0.061245    0.640947 v _287_/Y (sg13g2_a21oi_1)
                                                         _098_ (net)
                      0.037987    0.000000    0.640947 v _288_/B1 (sg13g2_a21oi_1)
     1    0.010000    0.117518    0.110965    0.751912 ^ _288_/Y (sg13g2_a21oi_1)
                                                         sine_out[2] (net)
                      0.117518    0.000000    0.751912 ^ sine_out[2] (out)
                                              0.751912   data arrival time

                      0.100000    0.000000    0.000000   clock clk (rise edge)
                                  0.000000    0.000000   clock network delay (ideal)
                                  0.150000    0.150000   clock uncertainty
                                  0.000000    0.150000   clock reconvergence pessimism
                                  0.000000    0.150000   output external delay
                                              0.150000   data required time
---------------------------------------------------------------------------------------------
                                              0.150000   data required time
                                             -0.751912   data arrival time
---------------------------------------------------------------------------------------------
                                              0.601912   slack (MET)


Startpoint: _310_ (rising edge-triggered flip-flop clocked by clk)
Endpoint: _310_ (rising edge-triggered flip-flop clocked by clk)
Path Group: clk
Path Type: min

Fanout         Cap        Slew       Delay        Time   Description
---------------------------------------------------------------------------------------------
                      0.100000    0.000000    0.000000   clock clk (rise edge)
                                  0.000000    0.000000   clock network delay (ideal)
                      0.100000    0.000000    0.000000 ^ _310_/CLK (sg13g2_dfrbpq_1)
    17    0.047591    0.248852    0.466030    0.466030 v _310_/Q (sg13g2_dfrbpq_1)
                                                         DPATH.SUM.fa_6.A (net)
                      0.248852    0.000000    0.466030 v _200_/B (sg13g2_xnor2_1)
     1    0.004766    0.075285    0.169374    0.635404 v _200_/Y (sg13g2_xnor2_1)
                                                         _016_ (net)
                      0.075285    0.000000    0.635404 v _201_/B (sg13g2_xnor2_1)
     1    0.001355    0.040626    0.089764    0.725168 v _201_/Y (sg13g2_xnor2_1)
                                                         DPATH.SUM.fa_6.S (net)
                      0.040626    0.000000    0.725168 v _310_/D (sg13g2_dfrbpq_1)
                                              0.725168   data arrival time

                      0.100000    0.000000    0.000000   clock clk (rise edge)
                                  0.000000    0.000000   clock network delay (ideal)
                                  0.150000    0.150000   clock uncertainty
                                  0.000000    0.150000   clock reconvergence pessimism
                                              0.150000 ^ _310_/CLK (sg13g2_dfrbpq_1)
                                 -0.034314    0.115686   library hold time
                                              0.115686   data required time
---------------------------------------------------------------------------------------------
                                              0.115686   data required time
                                             -0.725168   data arrival time
---------------------------------------------------------------------------------------------
                                              0.609482   slack (MET)


Startpoint: _310_ (rising edge-triggered flip-flop clocked by clk)
Endpoint: sine_out[1] (output port clocked by clk)
Path Group: clk
Path Type: min

Fanout         Cap        Slew       Delay        Time   Description
---------------------------------------------------------------------------------------------
                      0.100000    0.000000    0.000000   clock clk (rise edge)
                                  0.000000    0.000000   clock network delay (ideal)
                      0.100000    0.000000    0.000000 ^ _310_/CLK (sg13g2_dfrbpq_1)
    17    0.049238    0.319259    0.501817    0.501817 ^ _310_/Q (sg13g2_dfrbpq_1)
                                                         DPATH.SUM.fa_6.A (net)
                      0.319259    0.000000    0.501817 ^ _256_/A (sg13g2_nor4_1)
     1    0.002653    0.035761    0.166944    0.668761 v _256_/Y (sg13g2_nor4_1)
                                                         _068_ (net)
                      0.035761    0.000000    0.668761 v _267_/B1 (sg13g2_a21oi_1)
     1    0.010000    0.117246    0.110020    0.778781 ^ _267_/Y (sg13g2_a21oi_1)
                                                         sine_out[1] (net)
                      0.117246    0.000000    0.778781 ^ sine_out[1] (out)
                                              0.778781   data arrival time

                      0.100000    0.000000    0.000000   clock clk (rise edge)
                                  0.000000    0.000000   clock network delay (ideal)
                                  0.150000    0.150000   clock uncertainty
                                  0.000000    0.150000   clock reconvergence pessimism
                                  0.000000    0.150000   output external delay
                                              0.150000   data required time
---------------------------------------------------------------------------------------------
                                              0.150000   data required time
                                             -0.778781   data arrival time
---------------------------------------------------------------------------------------------
                                              0.628781   slack (MET)


Startpoint: _304_ (rising edge-triggered flip-flop clocked by clk)
Endpoint: _311_ (rising edge-triggered flip-flop clocked by clk)
Path Group: clk
Path Type: min

Fanout         Cap        Slew       Delay        Time   Description
---------------------------------------------------------------------------------------------
                      0.100000    0.000000    0.000000   clock clk (rise edge)
                                  0.000000    0.000000   clock network delay (ideal)
                      0.100000    0.000000    0.000000 ^ _304_/CLK (sg13g2_dfrbpq_1)
    16    0.047938    0.250571    0.467310    0.467310 v _304_/Q (sg13g2_dfrbpq_1)
                                                         DPATH.SUM.Cout0 (net)
                      0.250571    0.000000    0.467310 v _202_/B (sg13g2_nand3b_1)
     1    0.002803    0.054283    0.129998    0.597308 ^ _202_/Y (sg13g2_nand3b_1)
                                                         _017_ (net)
                      0.054283    0.000000    0.597308 ^ _203_/C (sg13g2_nor3_1)
     2    0.007593    0.057211    0.074064    0.671372 v _203_/Y (sg13g2_nor3_1)
                                                         _018_ (net)
                      0.057211    0.000000    0.671372 v _204_/B (sg13g2_xnor2_1)
     1    0.001355    0.040343    0.082106    0.753478 v _204_/Y (sg13g2_xnor2_1)
                                                         CTRL.P1 (net)
                      0.040343    0.000000    0.753478 v _311_/D (sg13g2_dfrbpq_1)
                                              0.753478   data arrival time

                      0.100000    0.000000    0.000000   clock clk (rise edge)
                                  0.000000    0.000000   clock network delay (ideal)
                                  0.150000    0.150000   clock uncertainty
                                  0.000000    0.150000   clock reconvergence pessimism
                                              0.150000 ^ _311_/CLK (sg13g2_dfrbpq_1)
                                 -0.034200    0.115800   library hold time
                                              0.115800   data required time
---------------------------------------------------------------------------------------------
                                              0.115800   data required time
                                             -0.753478   data arrival time
---------------------------------------------------------------------------------------------
                                              0.637679   slack (MET)


Startpoint: _312_ (rising edge-triggered flip-flop clocked by clk)
Endpoint: _307_ (rising edge-triggered flip-flop clocked by clk)
Path Group: clk
Path Type: min

Fanout         Cap        Slew       Delay        Time   Description
---------------------------------------------------------------------------------------------
                      0.100000    0.000000    0.000000   clock clk (rise edge)
                                  0.000000    0.000000   clock network delay (ideal)
                      0.100000    0.000000    0.000000 ^ _312_/CLK (sg13g2_dfrbpq_1)
    13    0.047030    0.246080    0.463965    0.463965 v _312_/Q (sg13g2_dfrbpq_1)
                                                         CTRL.S0 (net)
                      0.246080    0.000000    0.463965 v _189_/B (sg13g2_xnor2_1)
     2    0.007735    0.101674    0.194054    0.658019 v _189_/Y (sg13g2_xnor2_1)
                                                         _137_ (net)
                      0.101674    0.000000    0.658019 v _190_/B (sg13g2_xor2_1)
     1    0.001355    0.036461    0.098166    0.756185 v _190_/X (sg13g2_xor2_1)
                                                         DPATH.SUM.fa_3.S (net)
                      0.036461    0.000000    0.756185 v _307_/D (sg13g2_dfrbpq_1)
                                              0.756185   data arrival time

                      0.100000    0.000000    0.000000   clock clk (rise edge)
                                  0.000000    0.000000   clock network delay (ideal)
                                  0.150000    0.150000   clock uncertainty
                                  0.000000    0.150000   clock reconvergence pessimism
                                              0.150000 ^ _307_/CLK (sg13g2_dfrbpq_1)
                                 -0.032636    0.117364   library hold time
                                              0.117364   data required time
---------------------------------------------------------------------------------------------
                                              0.117364   data required time
                                             -0.756185   data arrival time
---------------------------------------------------------------------------------------------
                                              0.638821   slack (MET)


Startpoint: _312_ (rising edge-triggered flip-flop clocked by clk)
Endpoint: _308_ (rising edge-triggered flip-flop clocked by clk)
Path Group: clk
Path Type: min

Fanout         Cap        Slew       Delay        Time   Description
---------------------------------------------------------------------------------------------
                      0.100000    0.000000    0.000000   clock clk (rise edge)
                                  0.000000    0.000000   clock network delay (ideal)
                      0.100000    0.000000    0.000000 ^ _312_/CLK (sg13g2_dfrbpq_1)
    13    0.047030    0.246080    0.463965    0.463965 v _312_/Q (sg13g2_dfrbpq_1)
                                                         CTRL.S0 (net)
                      0.246080    0.000000    0.463965 v _192_/B (sg13g2_xor2_1)
     2    0.008030    0.073293    0.199155    0.663120 v _192_/X (sg13g2_xor2_1)
                                                         _010_ (net)
                      0.073293    0.000000    0.663120 v _194_/A (sg13g2_xor2_1)
     1    0.001355    0.036511    0.094394    0.757514 v _194_/X (sg13g2_xor2_1)
                                                         DPATH.SUM.fa_4.S (net)
                      0.036511    0.000000    0.757514 v _308_/D (sg13g2_dfrbpq_1)
                                              0.757514   data arrival time

                      0.100000    0.000000    0.000000   clock clk (rise edge)
                                  0.000000    0.000000   clock network delay (ideal)
                                  0.150000    0.150000   clock uncertainty
                                  0.000000    0.150000   clock reconvergence pessimism
                                              0.150000 ^ _308_/CLK (sg13g2_dfrbpq_1)
                                 -0.032656    0.117344   library hold time
                                              0.117344   data required time
---------------------------------------------------------------------------------------------
                                              0.117344   data required time
                                             -0.757514   data arrival time
---------------------------------------------------------------------------------------------
                                              0.640170   slack (MET)


Startpoint: _308_ (rising edge-triggered flip-flop clocked by clk)
Endpoint: sine_out[6] (output port clocked by clk)
Path Group: clk
Path Type: min

Fanout         Cap        Slew       Delay        Time   Description
---------------------------------------------------------------------------------------------
                      0.100000    0.000000    0.000000   clock clk (rise edge)
                                  0.000000    0.000000   clock network delay (ideal)
                      0.100000    0.000000    0.000000 ^ _308_/CLK (sg13g2_dfrbpq_1)
    24    0.065683    0.338393    0.532716    0.532716 v _308_/Q (sg13g2_dfrbpq_1)
                                                         DPATH.SUM.fa_4.A (net)
                      0.338393    0.000000    0.532716 v _293_/A1 (sg13g2_a21oi_1)
     1    0.010000    0.129512    0.260594    0.793311 ^ _293_/Y (sg13g2_a21oi_1)
                                                         sine_out[6] (net)
                      0.129512    0.000000    0.793311 ^ sine_out[6] (out)
                                              0.793311   data arrival time

                      0.100000    0.000000    0.000000   clock clk (rise edge)
                                  0.000000    0.000000   clock network delay (ideal)
                                  0.150000    0.150000   clock uncertainty
                                  0.000000    0.150000   clock reconvergence pessimism
                                  0.000000    0.150000   output external delay
                                              0.150000   data required time
---------------------------------------------------------------------------------------------
                                              0.150000   data required time
                                             -0.793311   data arrival time
---------------------------------------------------------------------------------------------
                                              0.643311   slack (MET)


Startpoint: _308_ (rising edge-triggered flip-flop clocked by clk)
Endpoint: sine_out[7] (output port clocked by clk)
Path Group: clk
Path Type: min

Fanout         Cap        Slew       Delay        Time   Description
---------------------------------------------------------------------------------------------
                      0.100000    0.000000    0.000000   clock clk (rise edge)
                                  0.000000    0.000000   clock network delay (ideal)
                      0.100000    0.000000    0.000000 ^ _308_/CLK (sg13g2_dfrbpq_1)
    24    0.065683    0.338393    0.532716    0.532716 v _308_/Q (sg13g2_dfrbpq_1)
                                                         DPATH.SUM.fa_4.A (net)
                      0.338393    0.000000    0.532716 v _294_/A1 (sg13g2_a21oi_1)
     1    0.010000    0.129512    0.260594    0.793311 ^ _294_/Y (sg13g2_a21oi_1)
                                                         sine_out[7] (net)
                      0.129512    0.000000    0.793311 ^ sine_out[7] (out)
                                              0.793311   data arrival time

                      0.100000    0.000000    0.000000   clock clk (rise edge)
                                  0.000000    0.000000   clock network delay (ideal)
                                  0.150000    0.150000   clock uncertainty
                                  0.000000    0.150000   clock reconvergence pessimism
                                  0.000000    0.150000   output external delay
                                              0.150000   data required time
---------------------------------------------------------------------------------------------
                                              0.150000   data required time
                                             -0.793311   data arrival time
---------------------------------------------------------------------------------------------
                                              0.643311   slack (MET)


Startpoint: _308_ (rising edge-triggered flip-flop clocked by clk)
Endpoint: sine_out[8] (output port clocked by clk)
Path Group: clk
Path Type: min

Fanout         Cap        Slew       Delay        Time   Description
---------------------------------------------------------------------------------------------
                      0.100000    0.000000    0.000000   clock clk (rise edge)
                                  0.000000    0.000000   clock network delay (ideal)
                      0.100000    0.000000    0.000000 ^ _308_/CLK (sg13g2_dfrbpq_1)
    24    0.065683    0.338393    0.532716    0.532716 v _308_/Q (sg13g2_dfrbpq_1)
                                                         DPATH.SUM.fa_4.A (net)
                      0.338393    0.000000    0.532716 v _295_/A1 (sg13g2_a21oi_1)
     1    0.010000    0.129512    0.260594    0.793311 ^ _295_/Y (sg13g2_a21oi_1)
                                                         sine_out[8] (net)
                      0.129512    0.000000    0.793311 ^ sine_out[8] (out)
                                              0.793311   data arrival time

                      0.100000    0.000000    0.000000   clock clk (rise edge)
                                  0.000000    0.000000   clock network delay (ideal)
                                  0.150000    0.150000   clock uncertainty
                                  0.000000    0.150000   clock reconvergence pessimism
                                  0.000000    0.150000   output external delay
                                              0.150000   data required time
---------------------------------------------------------------------------------------------
                                              0.150000   data required time
                                             -0.793311   data arrival time
---------------------------------------------------------------------------------------------
                                              0.643311   slack (MET)


Startpoint: _304_ (rising edge-triggered flip-flop clocked by clk)
Endpoint: _304_ (rising edge-triggered flip-flop clocked by clk)
Path Group: clk
Path Type: min

Fanout         Cap        Slew       Delay        Time   Description
---------------------------------------------------------------------------------------------
                      0.100000    0.000000    0.000000   clock clk (rise edge)
                                  0.000000    0.000000   clock network delay (ideal)
                      0.100000    0.000000    0.000000 ^ _304_/CLK (sg13g2_dfrbpq_1)
    16    0.050195    0.325184    0.505967    0.505967 ^ _304_/Q (sg13g2_dfrbpq_1)
                                                         DPATH.SUM.Cout0 (net)
                      0.325184    0.000000    0.505967 ^ _141_/A (sg13g2_inv_1)
     6    0.015757    0.147947    0.212457    0.718423 v _141_/Y (sg13g2_inv_1)
                                                         DPATH.SUM.ha_0.S (net)
                      0.147947    0.000000    0.718423 v _304_/D (sg13g2_dfrbpq_1)
                                              0.718423   data arrival time

                      0.100000    0.000000    0.000000   clock clk (rise edge)
                                  0.000000    0.000000   clock network delay (ideal)
                                  0.150000    0.150000   clock uncertainty
                                  0.000000    0.150000   clock reconvergence pessimism
                                              0.150000 ^ _304_/CLK (sg13g2_dfrbpq_1)
                                 -0.077568    0.072432   library hold time
                                              0.072432   data required time
---------------------------------------------------------------------------------------------
                                              0.072432   data required time
                                             -0.718423   data arrival time
---------------------------------------------------------------------------------------------
                                              0.645991   slack (MET)


Startpoint: _312_ (rising edge-triggered flip-flop clocked by clk)
Endpoint: _309_ (rising edge-triggered flip-flop clocked by clk)
Path Group: clk
Path Type: min

Fanout         Cap        Slew       Delay        Time   Description
---------------------------------------------------------------------------------------------
                      0.100000    0.000000    0.000000   clock clk (rise edge)
                                  0.000000    0.000000   clock network delay (ideal)
                      0.100000    0.000000    0.000000 ^ _312_/CLK (sg13g2_dfrbpq_1)
    13    0.047030    0.246080    0.463965    0.463965 v _312_/Q (sg13g2_dfrbpq_1)
                                                         CTRL.S0 (net)
                      0.246080    0.000000    0.463965 v _196_/B (sg13g2_xnor2_1)
     2    0.008256    0.106186    0.198514    0.662480 v _196_/Y (sg13g2_xnor2_1)
                                                         _013_ (net)
                      0.106186    0.000000    0.662480 v _198_/A (sg13g2_xor2_1)
     1    0.001355    0.036813    0.108444    0.770923 v _198_/X (sg13g2_xor2_1)
                                                         DPATH.SUM.fa_5.S (net)
                      0.036813    0.000000    0.770923 v _309_/D (sg13g2_dfrbpq_1)
                                              0.770923   data arrival time

                      0.100000    0.000000    0.000000   clock clk (rise edge)
                                  0.000000    0.000000   clock network delay (ideal)
                                  0.150000    0.150000   clock uncertainty
                                  0.000000    0.150000   clock reconvergence pessimism
                                              0.150000 ^ _309_/CLK (sg13g2_dfrbpq_1)
                                 -0.032777    0.117223   library hold time
                                              0.117223   data required time
---------------------------------------------------------------------------------------------
                                              0.117223   data required time
                                             -0.770923   data arrival time
---------------------------------------------------------------------------------------------
                                              0.653701   slack (MET)


Startpoint: _308_ (rising edge-triggered flip-flop clocked by clk)
Endpoint: sine_out[4] (output port clocked by clk)
Path Group: clk
Path Type: min

Fanout         Cap        Slew       Delay        Time   Description
---------------------------------------------------------------------------------------------
                      0.100000    0.000000    0.000000   clock clk (rise edge)
                                  0.000000    0.000000   clock network delay (ideal)
                      0.100000    0.000000    0.000000 ^ _308_/CLK (sg13g2_dfrbpq_1)
    24    0.067541    0.432585    0.581166    0.581166 ^ _308_/Q (sg13g2_dfrbpq_1)
                                                         DPATH.SUM.fa_4.A (net)
                      0.432585    0.000000    0.581166 ^ _290_/A (sg13g2_nor3_1)
     1    0.010000    0.085374    0.228899    0.810065 v _290_/Y (sg13g2_nor3_1)
                                                         sine_out[4] (net)
                      0.085374    0.000000    0.810065 v sine_out[4] (out)
                                              0.810065   data arrival time

                      0.100000    0.000000    0.000000   clock clk (rise edge)
                                  0.000000    0.000000   clock network delay (ideal)
                                  0.150000    0.150000   clock uncertainty
                                  0.000000    0.150000   clock reconvergence pessimism
                                  0.000000    0.150000   output external delay
                                              0.150000   data required time
---------------------------------------------------------------------------------------------
                                              0.150000   data required time
                                             -0.810065   data arrival time
---------------------------------------------------------------------------------------------
                                              0.660065   slack (MET)


Startpoint: _308_ (rising edge-triggered flip-flop clocked by clk)
Endpoint: sine_out[5] (output port clocked by clk)
Path Group: clk
Path Type: min

Fanout         Cap        Slew       Delay        Time   Description
---------------------------------------------------------------------------------------------
                      0.100000    0.000000    0.000000   clock clk (rise edge)
                                  0.000000    0.000000   clock network delay (ideal)
                      0.100000    0.000000    0.000000 ^ _308_/CLK (sg13g2_dfrbpq_1)
    24    0.067541    0.432585    0.581166    0.581166 ^ _308_/Q (sg13g2_dfrbpq_1)
                                                         DPATH.SUM.fa_4.A (net)
                      0.432585    0.000000    0.581166 ^ _292_/A (sg13g2_nor3_1)
     1    0.010000    0.077961    0.228899    0.810065 v _292_/Y (sg13g2_nor3_1)
                                                         sine_out[5] (net)
                      0.077961    0.000000    0.810065 v sine_out[5] (out)
                                              0.810065   data arrival time

                      0.100000    0.000000    0.000000   clock clk (rise edge)
                                  0.000000    0.000000   clock network delay (ideal)
                                  0.150000    0.150000   clock uncertainty
                                  0.000000    0.150000   clock reconvergence pessimism
                                  0.000000    0.150000   output external delay
                                              0.150000   data required time
---------------------------------------------------------------------------------------------
                                              0.150000   data required time
                                             -0.810065   data arrival time
---------------------------------------------------------------------------------------------
                                              0.660065   slack (MET)


Startpoint: _310_ (rising edge-triggered flip-flop clocked by clk)
Endpoint: sine_out[11] (output port clocked by clk)
Path Group: clk
Path Type: min

Fanout         Cap        Slew       Delay        Time   Description
---------------------------------------------------------------------------------------------
                      0.100000    0.000000    0.000000   clock clk (rise edge)
                                  0.000000    0.000000   clock network delay (ideal)
                      0.100000    0.000000    0.000000 ^ _310_/CLK (sg13g2_dfrbpq_1)
    17    0.047591    0.248852    0.466030    0.466030 v _310_/Q (sg13g2_dfrbpq_1)
                                                         DPATH.SUM.fa_6.A (net)
                      0.248852    0.000000    0.466030 v _153_/A_N (sg13g2_nand2b_1)
     3    0.008527    0.108131    0.235788    0.701817 v _153_/Y (sg13g2_nand2b_1)
                                                         _111_ (net)
                      0.108131    0.000000    0.701817 v _162_/B1 (sg13g2_o21ai_1)
     1    0.010000    0.102168    0.123941    0.825758 ^ _162_/Y (sg13g2_o21ai_1)
                                                         sine_out[11] (net)
                      0.102168    0.000000    0.825758 ^ sine_out[11] (out)
                                              0.825758   data arrival time

                      0.100000    0.000000    0.000000   clock clk (rise edge)
                                  0.000000    0.000000   clock network delay (ideal)
                                  0.150000    0.150000   clock uncertainty
                                  0.000000    0.150000   clock reconvergence pessimism
                                  0.000000    0.150000   output external delay
                                              0.150000   data required time
---------------------------------------------------------------------------------------------
                                              0.150000   data required time
                                             -0.825758   data arrival time
---------------------------------------------------------------------------------------------
                                              0.675758   slack (MET)


Startpoint: _310_ (rising edge-triggered flip-flop clocked by clk)
Endpoint: sine_out[12] (output port clocked by clk)
Path Group: clk
Path Type: min

Fanout         Cap        Slew       Delay        Time   Description
---------------------------------------------------------------------------------------------
                      0.100000    0.000000    0.000000   clock clk (rise edge)
                                  0.000000    0.000000   clock network delay (ideal)
                      0.100000    0.000000    0.000000 ^ _310_/CLK (sg13g2_dfrbpq_1)
    17    0.047591    0.248852    0.466030    0.466030 v _310_/Q (sg13g2_dfrbpq_1)
                                                         DPATH.SUM.fa_6.A (net)
                      0.248852    0.000000    0.466030 v _153_/A_N (sg13g2_nand2b_1)
     3    0.008527    0.108131    0.235788    0.701817 v _153_/Y (sg13g2_nand2b_1)
                                                         _111_ (net)
                      0.108131    0.000000    0.701817 v _167_/B1 (sg13g2_o21ai_1)
     1    0.010000    0.102168    0.123941    0.825758 ^ _167_/Y (sg13g2_o21ai_1)
                                                         sine_out[12] (net)
                      0.102168    0.000000    0.825758 ^ sine_out[12] (out)
                                              0.825758   data arrival time

                      0.100000    0.000000    0.000000   clock clk (rise edge)
                                  0.000000    0.000000   clock network delay (ideal)
                                  0.150000    0.150000   clock uncertainty
                                  0.000000    0.150000   clock reconvergence pessimism
                                  0.000000    0.150000   output external delay
                                              0.150000   data required time
---------------------------------------------------------------------------------------------
                                              0.150000   data required time
                                             -0.825758   data arrival time
---------------------------------------------------------------------------------------------
                                              0.675758   slack (MET)


Startpoint: _310_ (rising edge-triggered flip-flop clocked by clk)
Endpoint: sine_out[10] (output port clocked by clk)
Path Group: clk
Path Type: min

Fanout         Cap        Slew       Delay        Time   Description
---------------------------------------------------------------------------------------------
                      0.100000    0.000000    0.000000   clock clk (rise edge)
                                  0.000000    0.000000   clock network delay (ideal)
                      0.100000    0.000000    0.000000 ^ _310_/CLK (sg13g2_dfrbpq_1)
    17    0.049238    0.319259    0.501817    0.501817 ^ _310_/Q (sg13g2_dfrbpq_1)
                                                         DPATH.SUM.fa_6.A (net)
                      0.319259    0.000000    0.501817 ^ _153_/A_N (sg13g2_nand2b_1)
     3    0.009014    0.084217    0.228492    0.730309 ^ _153_/Y (sg13g2_nand2b_1)
                                                         _111_ (net)
                      0.084217    0.000000    0.730309 ^ _159_/B1 (sg13g2_a21oi_1)
     1    0.010000    0.071845    0.095733    0.826043 v _159_/Y (sg13g2_a21oi_1)
                                                         sine_out[10] (net)
                      0.071845    0.000000    0.826043 v sine_out[10] (out)
                                              0.826043   data arrival time

                      0.100000    0.000000    0.000000   clock clk (rise edge)
                                  0.000000    0.000000   clock network delay (ideal)
                                  0.150000    0.150000   clock uncertainty
                                  0.000000    0.150000   clock reconvergence pessimism
                                  0.000000    0.150000   output external delay
                                              0.150000   data required time
---------------------------------------------------------------------------------------------
                                              0.150000   data required time
                                             -0.826043   data arrival time
---------------------------------------------------------------------------------------------
                                              0.676043   slack (MET)


Startpoint: _306_ (rising edge-triggered flip-flop clocked by clk)
Endpoint: sine_out[3] (output port clocked by clk)
Path Group: clk
Path Type: min

Fanout         Cap        Slew       Delay        Time   Description
---------------------------------------------------------------------------------------------
                      0.100000    0.000000    0.000000   clock clk (rise edge)
                                  0.000000    0.000000   clock network delay (ideal)
                      0.100000    0.000000    0.000000 ^ _306_/CLK (sg13g2_dfrbpq_1)
    11    0.034830    0.230092    0.439232    0.439232 ^ _306_/Q (sg13g2_dfrbpq_1)
                                                         DPATH.SUM.fa_2.A (net)
                      0.230092    0.000000    0.439232 ^ _148_/B1 (sg13g2_o21ai_1)
     4    0.011009    0.155778    0.191632    0.630864 v _148_/Y (sg13g2_o21ai_1)
                                                         _107_ (net)
                      0.155778    0.000000    0.630864 v _149_/B (sg13g2_nand2_1)
     3    0.008993    0.083616    0.132381    0.763245 ^ _149_/Y (sg13g2_nand2_1)
                                                         _108_ (net)
                      0.083616    0.000000    0.763245 ^ _289_/B (sg13g2_nor2_1)
     1    0.010000    0.071455    0.095627    0.858872 v _289_/Y (sg13g2_nor2_1)
                                                         sine_out[3] (net)
                      0.071455    0.000000    0.858872 v sine_out[3] (out)
                                              0.858872   data arrival time

                      0.100000    0.000000    0.000000   clock clk (rise edge)
                                  0.000000    0.000000   clock network delay (ideal)
                                  0.150000    0.150000   clock uncertainty
                                  0.000000    0.150000   clock reconvergence pessimism
                                  0.000000    0.150000   output external delay
                                              0.150000   data required time
---------------------------------------------------------------------------------------------
                                              0.150000   data required time
                                             -0.858872   data arrival time
---------------------------------------------------------------------------------------------
                                              0.708872   slack (MET)



