
===========================================================================
report_checks -unconstrained
===========================================================================
======================= nom_typ_1p20V_25C Corner ===================================

Startpoint: _290_ (rising edge-triggered flip-flop clocked by clk)
Endpoint: sine_out[0] (output port clocked by clk)
Path Group: clk
Path Type: max

Fanout         Cap        Slew       Delay        Time   Description
---------------------------------------------------------------------------------------------
                                  0.000000    0.000000   clock clk (rise edge)
                                  0.000000    0.000000   clock source latency
     1    0.025525    0.000000    0.000000    0.000000 ^ clk (in)
                                                         clk (net)
                      0.002808    0.001404    0.001404 ^ clkbuf_0_clk/A (sg13g2_buf_16)
     2    0.045682    0.023978    0.056698    0.058102 ^ clkbuf_0_clk/X (sg13g2_buf_16)
                                                         clknet_0_clk (net)
                      0.023999    0.001267    0.059369 ^ clkbuf_1_0__f_clk/A (sg13g2_buf_16)
     5    0.027742    0.020944    0.063726    0.123095 ^ clkbuf_1_0__f_clk/X (sg13g2_buf_16)
                                                         clknet_1_0__leaf_clk (net)
                      0.020953    0.000867    0.123962 ^ _290_/CLK (sg13g2_dfrbpq_1)
     4    0.026578    0.113226    0.230036    0.353998 ^ _290_/Q (sg13g2_dfrbpq_1)
                                                         DPATH.SUM.fa_2.A (net)
                      0.113287    0.002455    0.356453 ^ fanout37/A (sg13g2_buf_1)
     8    0.045474    0.190185    0.214733    0.571186 ^ fanout37/X (sg13g2_buf_1)
                                                         net37 (net)
                      0.190193    0.001002    0.572188 ^ fanout36/A (sg13g2_buf_1)
     8    0.051498    0.214124    0.250243    0.822431 ^ fanout36/X (sg13g2_buf_1)
                                                         net36 (net)
                      0.214181    0.002925    0.825356 ^ _164_/B (sg13g2_and2_1)
     5    0.025858    0.114225    0.208479    1.033836 ^ _164_/X (sg13g2_and2_1)
                                                         _113_ (net)
                      0.114234    0.001135    1.034971 ^ _180_/A2 (sg13g2_a21oi_1)
     4    0.024975    0.181990    0.188771    1.223741 v _180_/Y (sg13g2_a21oi_1)
                                                         _128_ (net)
                      0.182069    0.001394    1.225135 v _181_/B (sg13g2_and2_1)
     2    0.013044    0.052822    0.154210    1.379346 v _181_/X (sg13g2_and2_1)
                                                         _129_ (net)
                      0.052824    0.000430    1.379775 v _182_/B1 (sg13g2_o21ai_1)
     1    0.005491    0.101011    0.053881    1.433656 ^ _182_/Y (sg13g2_o21ai_1)
                                                         _009_ (net)
                      0.101011    0.000155    1.433811 ^ _183_/A2 (sg13g2_a21oi_1)
     1    0.007229    0.066743    0.102375    1.536185 v _183_/Y (sg13g2_a21oi_1)
                                                         _010_ (net)
                      0.066743    0.000299    1.536484 v _198_/B (sg13g2_nor4_1)
     1    0.006909    0.176169    0.196940    1.733424 ^ _198_/Y (sg13g2_nor4_1)
                                                         _025_ (net)
                      0.176170    0.000287    1.733712 ^ _216_/A2 (sg13g2_a22oi_1)
     1    0.009568    0.093563    0.143205    1.876917 v _216_/Y (sg13g2_a22oi_1)
                                                         net4 (net)
                      0.093563    0.000382    1.877299 v output4/A (sg13g2_buf_1)
     1    0.015554    0.057811    0.120449    1.997748 v output4/X (sg13g2_buf_1)
                                                         sine_out[0] (net)
                      0.057823    0.000832    1.998579 v sine_out[0] (out)
                                              1.998579   data arrival time

                                  5.000000    5.000000   clock clk (rise edge)
                                  0.000000    5.000000   clock network delay (propagated)
                                 -0.150000    4.850000   clock uncertainty
                                  0.000000    4.850000   clock reconvergence pessimism
                                 -1.000000    3.850000   output external delay
                                              3.850000   data required time
---------------------------------------------------------------------------------------------
                                              3.850000   data required time
                                             -1.998579   data arrival time
---------------------------------------------------------------------------------------------
                                              1.851421   slack (MET)




===========================================================================
report_checks --slack_max -0.01
============================================================================
======================= nom_typ_1p20V_25C Corner ===================================

No paths found.


===========================================================================
 report_check_types -max_slew -max_cap -max_fanout -violators
============================================================================
======================= nom_typ_1p20V_25C Corner ===================================



===========================================================================
report_parasitic_annotation -report_unannotated
============================================================================
Found 1 unannotated drivers.
 clkload0/Y
Found 0 partially unannotated drivers.

===========================================================================
max slew violation count 0
Writing metric design__max_slew_violation__count__corner:nom_typ_1p20V_25C: 0
max fanout violation count 0
Writing metric design__max_fanout_violation__count__corner:nom_typ_1p20V_25C: 0
max cap violation count 0
Writing metric design__max_cap_violation__count__corner:nom_typ_1p20V_25C: 0
============================================================================

===========================================================================
check_setup -verbose -unconstrained_endpoints -multiple_clock -no_clock -no_input_delay -loops -generated_clocks
===========================================================================
Warning: There is 1 input port missing set_input_delay.
  rst
