Clock: clk
Sources: clk 
Generated: no
Virtual: yes
Propagated: no
Period: 5.000000

===========================================================================
report_clock_properties
============================================================================
Clock                   Period          Waveform
----------------------------------------------------
clk                   5.000000    0.000000  2.500000

===========================================================================
report_clock_latency
============================================================================
Clock clk
rise -> rise
    min     max
0.000000 0.000000 source latency
0.121330         network latency _288_/CLK
        0.125244 network latency _293_/CLK
---------------
0.121330 0.125244 latency
        0.003914 skew

fall -> fall
    min     max
0.000000 0.000000 source latency
0.134005         network latency _288_/CLK
        0.137541 network latency _293_/CLK
---------------
0.134005 0.137541 latency
        0.003536 skew



===========================================================================
report_clock_min_period
============================================================================
clk period_min = 2.04 fmax = 490.40
