
===========================================================================
 report_power
============================================================================
======================= nom_typ_1p20V_25C Corner ===================================

Group                    Internal    Switching      Leakage        Total
                            Power        Power        Power        Power (Watts)
------------------------------------------------------------------------
Sequential           9.426616e-05 0.000000e+00 4.413539e-09 9.427058e-05  43.9%
Combinational        5.409978e-07 2.311301e-06 2.376574e-08 2.876065e-06   1.3%
Clock                8.789142e-05 2.959097e-05 4.219166e-09 1.174866e-04  54.7%
Macro                0.000000e+00 0.000000e+00 0.000000e+00 0.000000e+00   0.0%
Pad                  0.000000e+00 0.000000e+00 0.000000e+00 0.000000e+00   0.0%
------------------------------------------------------------------------
Total                1.826986e-04 3.190228e-05 3.239845e-08 2.146333e-04 100.0%
                            85.1%        14.9%         0.0%
Writing metric power__internal__total: 0.00018269858264829963
Writing metric power__switching__total: 3.190227653249167e-5
Writing metric power__leakage__total: 3.2398450144910385e-8
Writing metric power__total: 0.00021463325538206846

