+ analyze_power_grid -net VPWR -voltage_file /foss/designs/BASIC/current_generator/digital/DigitalSine/runs/RUN_2026-09-16_23-32-49/56-openroad-irdropreport/net-VPWR.csv
[INFO PSM-0040] All shapes on net VPWR are connected.
########## IR report #################
Net              : VPWR
Corner           : nom_typ_1p20V_25C
Total power      : 2.09e-04 W
Supply voltage   : 1.20e+00 V
Worstcase voltage: 1.19e+00 V
Average voltage  : 1.20e+00 V
Average IR drop  : 3.71e-04 V
Worstcase IR drop: 5.46e-03 V
Percentage drop  : 0.45 %
######################################
+ analyze_power_grid -net VGND -voltage_file /foss/designs/BASIC/current_generator/digital/DigitalSine/runs/RUN_2026-09-16_23-32-49/56-openroad-irdropreport/net-VGND.csv
[INFO PSM-0040] All shapes on net VGND are connected.
########## IR report #################
Net              : VGND
Corner           : nom_typ_1p20V_25C
Total power      : 2.09e-04 W
Supply voltage   : 0.00e+00 V
Worstcase voltage: 3.92e-03 V
Average voltage  : 3.77e-04 V
Average IR drop  : 3.77e-04 V
Worstcase IR drop: 3.92e-03 V
Percentage drop  : 0.33 %
######################################
