
===========================================================================
report_checks -unconstrained
===========================================================================
======================= nom_fast_1p32V_m40C Corner ===================================

Startpoint: _305_ (rising edge-triggered flip-flop clocked by clk)
Endpoint: sine_out[1] (output port clocked by clk)
Path Group: clk
Path Type: max

Fanout         Cap        Slew       Delay        Time   Description
---------------------------------------------------------------------------------------------
                                  0.000000    0.000000   clock clk (rise edge)
                                  0.000000    0.000000   clock source latency
     1    0.023323    0.000000    0.000000    0.000000 ^ clk (in)
                                                         clk (net)
                      0.003632    0.001816    0.001816 ^ clkbuf_0_clk/A (sg13g2_buf_16)
     2    0.040741    0.015516    0.039786    0.041602 ^ clkbuf_0_clk/X (sg13g2_buf_16)
                                                         clknet_0_clk (net)
                      0.016165    0.003221    0.044823 ^ clkbuf_1_1__f_clk/A (sg13g2_buf_16)
     5    0.021265    0.013375    0.042613    0.087436 ^ clkbuf_1_1__f_clk/X (sg13g2_buf_16)
                                                         clknet_1_1__leaf_clk (net)
                      0.013422    0.001406    0.088842 ^ _305_/CLK (sg13g2_dfrbpq_1)
     3    0.019514    0.046624    0.133426    0.222268 v _305_/Q (sg13g2_dfrbpq_1)
                                                         DPATH.SUM.fa_1.A (net)
                      0.046646    0.000974    0.223242 v fanout38/A (sg13g2_buf_1)
     8    0.048260    0.105802    0.117516    0.340757 v fanout38/X (sg13g2_buf_1)
                                                         net38 (net)
                      0.106003    0.003823    0.344580 v fanout37/A (sg13g2_buf_1)
     8    0.032153    0.072855    0.113284    0.457864 v fanout37/X (sg13g2_buf_1)
                                                         net37 (net)
                      0.072963    0.001997    0.459862 v _154_/B (sg13g2_nor2_1)
     4    0.020813    0.125676    0.119791    0.579652 ^ _154_/Y (sg13g2_nor2_1)
                                                         _112_ (net)
                      0.125690    0.001135    0.580787 ^ _211_/B (sg13g2_nand2_1)
     3    0.011102    0.064776    0.083039    0.663826 v _211_/Y (sg13g2_nand2_1)
                                                         _024_ (net)
                      0.064799    0.000424    0.664250 v _214_/B (sg13g2_and3_1)
     3    0.013218    0.035766    0.083297    0.747547 v _214_/X (sg13g2_and3_1)
                                                         _027_ (net)
                      0.035827    0.001300    0.748847 v _249_/A2 (sg13g2_a221oi_1)
     1    0.004233    0.080502    0.101010    0.849857 ^ _249_/Y (sg13g2_a221oi_1)
                                                         _061_ (net)
                      0.080502    0.000170    0.850026 ^ _250_/B (sg13g2_nor2_1)
     1    0.004326    0.028869    0.035819    0.885845 v _250_/Y (sg13g2_nor2_1)
                                                         _062_ (net)
                      0.028870    0.000310    0.886155 v _256_/B (sg13g2_nor4_1)
     1    0.007053    0.112091    0.119709    1.005864 ^ _256_/Y (sg13g2_nor4_1)
                                                         _068_ (net)
                      0.112091    0.000253    1.006117 ^ _267_/B1 (sg13g2_a21oi_1)
     1    0.005791    0.045157    0.046856    1.052973 v _267_/Y (sg13g2_a21oi_1)
                                                         net13 (net)
                      0.045158    0.000415    1.053388 v output13/A (sg13g2_buf_1)
     1    0.012715    0.033205    0.064531    1.117919 v output13/X (sg13g2_buf_1)
                                                         sine_out[1] (net)
                      0.033218    0.000628    1.118547 v sine_out[1] (out)
                                              1.118547   data arrival time

                                  5.000000    5.000000   clock clk (rise edge)
                                  0.000000    5.000000   clock network delay (propagated)
                                 -0.150000    4.850000   clock uncertainty
                                  0.000000    4.850000   clock reconvergence pessimism
                                 -1.000000    3.850000   output external delay
                                              3.850000   data required time
---------------------------------------------------------------------------------------------
                                              3.850000   data required time
                                             -1.118547   data arrival time
---------------------------------------------------------------------------------------------
                                              2.731452   slack (MET)




===========================================================================
report_checks --slack_max -0.01
============================================================================
======================= nom_fast_1p32V_m40C Corner ===================================

No paths found.


===========================================================================
 report_check_types -max_slew -max_cap -max_fanout -violators
============================================================================
======================= nom_fast_1p32V_m40C Corner ===================================



===========================================================================
report_parasitic_annotation -report_unannotated
============================================================================
Found 1 unannotated drivers.
 clkload0/Y
Found 0 partially unannotated drivers.

===========================================================================
max slew violation count 0
max fanout violation count 0
max cap violation count 0
============================================================================

===========================================================================
check_setup -verbose -unconstrained_endpoints -multiple_clock -no_clock -no_input_delay -loops -generated_clocks
===========================================================================
