Clock: clk
Sources: clk 
Generated: no
Virtual: yes
Propagated: no
Period: 5.000000

===========================================================================
report_clock_properties
============================================================================
Clock                   Period          Waveform
----------------------------------------------------
clk                   5.000000    0.000000  2.500000

===========================================================================
report_clock_latency
============================================================================
Clock clk
rise -> rise
    min     max
0.000000 0.000000 source latency
0.088842         network latency _305_/CLK
        0.089754 network latency _308_/CLK
---------------
0.088842 0.089754 latency
        0.000912 skew

fall -> fall
    min     max
0.000000 0.000000 source latency
0.094808         network latency _305_/CLK
        0.095630 network latency _308_/CLK
---------------
0.094808 0.095630 latency
        0.000822 skew



===========================================================================
report_clock_min_period
============================================================================
clk period_min = 1.31 fmax = 763.18
