
===========================================================================
 report_power
============================================================================
======================= nom_slow_1p08V_125C Corner ===================================

Group                    Internal    Switching      Leakage        Total
                            Power        Power        Power        Power (Watts)
------------------------------------------------------------------------
Sequential           7.727959e-05 0.000000e+00 2.096624e-08 7.730056e-05  60.0%
Combinational        4.796585e-07 1.096218e-06 1.821993e-07 1.758076e-06   1.4%
Clock                3.531335e-05 1.443028e-05 2.212127e-08 4.976575e-05  38.6%
Macro                0.000000e+00 0.000000e+00 0.000000e+00 0.000000e+00   0.0%
Pad                  0.000000e+00 0.000000e+00 0.000000e+00 0.000000e+00   0.0%
------------------------------------------------------------------------
Total                1.130726e-04 1.552650e-05 2.252868e-07 1.288244e-04 100.0%
                            87.8%        12.1%         0.2%

