
===========================================================================
 report_power
============================================================================
======================= nom_fast_1p32V_m40C Corner ===================================

Group                    Internal    Switching      Leakage        Total
                            Power        Power        Power        Power (Watts)
------------------------------------------------------------------------
Sequential           1.162580e-04 0.000000e+00 9.376656e-09 1.162673e-04  98.9%
Combinational        3.450956e-07 8.714438e-07 4.345063e-08 1.259990e-06   1.1%
Clock                0.000000e+00 0.000000e+00 0.000000e+00 0.000000e+00   0.0%
Macro                0.000000e+00 0.000000e+00 0.000000e+00 0.000000e+00   0.0%
Pad                  0.000000e+00 0.000000e+00 0.000000e+00 0.000000e+00   0.0%
------------------------------------------------------------------------
Total                1.166031e-04 8.714438e-07 5.282729e-08 1.175273e-04 100.0%
                            99.2%         0.7%         0.0%

