Starting…
Running 'Verilator.Lint' at 'runs/RUN_2026-09-16_23-32-49/01-verilator-lint'…
Logging subprocess to [repr.filename]'runs/RUN_2026-09-16_23-32-49/01-verilator-lint/verilator-lint.log'[/repr.filename]…
Running 'Checker.LintTimingConstructs' at 'runs/RUN_2026-09-16_23-32-49/02-checker-linttimingconstructs'…
Check for Lint Timing Errors clear.
Running 'Checker.LintErrors' at 'runs/RUN_2026-09-16_23-32-49/03-checker-linterrors'…
Check for Lint errors clear.
Running 'Checker.LintWarnings' at 'runs/RUN_2026-09-16_23-32-49/04-checker-lintwarnings'…
1 Lint warnings found.
Running 'Yosys.JsonHeader' at 'runs/RUN_2026-09-16_23-32-49/05-yosys-jsonheader'…
Logging subprocess to [repr.filename]'runs/RUN_2026-09-16_23-32-49/05-yosys-jsonheader/yosys-jsonheader.log'[/repr.filename]…
Running 'Yosys.Synthesis' at 'runs/RUN_2026-09-16_23-32-49/06-yosys-synthesis'…
Logging subprocess to [repr.filename]'runs/RUN_2026-09-16_23-32-49/06-yosys-synthesis/yosys-synthesis.log'[/repr.filename]…
Parsing synthesis checks…
Running 'Checker.YosysUnmappedCells' at 'runs/RUN_2026-09-16_23-32-49/07-checker-yosysunmappedcells'…
Check for Unmapped Yosys instances clear.
Running 'Checker.YosysSynthChecks' at 'runs/RUN_2026-09-16_23-32-49/08-checker-yosyssynthchecks'…
Check for Yosys check errors clear.
Running 'Checker.NetlistAssignStatements' at 'runs/RUN_2026-09-16_23-32-49/09-checker-netlistassignstatements'…
Running 'OpenROAD.CheckSDCFiles' at 'runs/RUN_2026-09-16_23-32-49/10-openroad-checksdcfiles'…
Running 'OpenROAD.CheckMacroInstances' at 'runs/RUN_2026-09-16_23-32-49/11-openroad-checkmacroinstances'…
No macros found, skipping instance check…
Running 'OpenROAD.STAPrePNR' at 'runs/RUN_2026-09-16_23-32-49/12-openroad-staprepnr'…
Starting STA for the nom_fast_1p32V_m40C timing corner…
Starting STA for the nom_slow_1p08V_125C timing corner…
Starting STA for the nom_typ_1p20V_25C timing corner…
Logging subprocess to [repr.filename]'runs/RUN_2026-09-16_23-32-49/12-openroad-staprepnr/nom_fast_1p32V_m40C/sta.log'[/repr.filename]…
Logging subprocess to [repr.filename]'runs/RUN_2026-09-16_23-32-49/12-openroad-staprepnr/nom_slow_1p08V_125C/sta.log'[/repr.filename]…
Logging subprocess to [repr.filename]'runs/RUN_2026-09-16_23-32-49/12-openroad-staprepnr/nom_typ_1p20V_25C/sta.log'[/repr.filename]…
Finished STA for the nom_fast_1p32V_m40C timing corner.
Finished STA for the nom_slow_1p08V_125C timing corner.
Finished STA for the nom_typ_1p20V_25C timing corner.
Running 'OpenROAD.Floorplan' at 'runs/RUN_2026-09-16_23-32-49/13-openroad-floorplan'…
OpenROAD will use None threads
Logging subprocess to [repr.filename]'runs/RUN_2026-09-16_23-32-49/13-openroad-floorplan/openroad-floorplan.log'[/repr.filename]…
[ORD-0032] Invalid thread number specification: None.
Running 'OpenROAD.DumpRCValues' at 'runs/RUN_2026-09-16_23-32-49/14-openroad-dumprcvalues'…
OpenROAD will use None threads
Logging subprocess to [repr.filename]'runs/RUN_2026-09-16_23-32-49/14-openroad-dumprcvalues/openroad-dumprcvalues.log'[/repr.filename]…
[ORD-0032] Invalid thread number specification: None.
Running 'Odb.CheckMacroAntennaProperties' at 'runs/RUN_2026-09-16_23-32-49/15-odb-checkmacroantennaproperties'…
No cells provided, skipping 'Odb.CheckMacroAntennaProperties'…
Running 'Odb.SetPowerConnections' at 'runs/RUN_2026-09-16_23-32-49/16-odb-setpowerconnections'…
Logging subprocess to [repr.filename]'runs/RUN_2026-09-16_23-32-49/16-odb-setpowerconnections/odb-setpowerconnections.log'[/repr.filename]…
Running 'Odb.ManualMacroPlacement' at 'runs/RUN_2026-09-16_23-32-49/17-odb-manualmacroplacement'…
No instances found, skipping 'Odb.ManualMacroPlacement'…
Running 'OpenROAD.CutRows' at 'runs/RUN_2026-09-16_23-32-49/18-openroad-cutrows'…
OpenROAD will use None threads
Logging subprocess to [repr.filename]'runs/RUN_2026-09-16_23-32-49/18-openroad-cutrows/openroad-cutrows.log'[/repr.filename]…
[ORD-0032] Invalid thread number specification: None.
Running 'OpenROAD.TapEndcapInsertion' at 'runs/RUN_2026-09-16_23-32-49/19-openroad-tapendcapinsertion'…
OpenROAD will use None threads
Logging subprocess to [repr.filename]'runs/RUN_2026-09-16_23-32-49/19-openroad-tapendcapinsertion/openroad-tapendcapinsertion.log'[/repr.filename]…
[ORD-0032] Invalid thread number specification: None.
Running 'Odb.AddPDNObstructions' at 'runs/RUN_2026-09-16_23-32-49/20-odb-addpdnobstructions'…
'PDN_OBSTRUCTIONS' is not defined. Skipping 'Odb.AddPDNObstructions'…
Running 'OpenROAD.GeneratePDN' at 'runs/RUN_2026-09-16_23-32-49/21-openroad-generatepdn'…
'PDN_CFG' not explicitly set, setting it to /usr/local/lib/python3.12/dist-packages/librelane/scripts/openroad/common/pdn_cfg.tcl…
OpenROAD will use None threads
Logging subprocess to [repr.filename]'runs/RUN_2026-09-16_23-32-49/21-openroad-generatepdn/openroad-generatepdn.log'[/repr.filename]…
[ORD-0032] Invalid thread number specification: None.
[PDN-0239] Ring shape falls outside the die bounds.
Running 'Odb.RemovePDNObstructions' at 'runs/RUN_2026-09-16_23-32-49/22-odb-removepdnobstructions'…
'PDN_OBSTRUCTIONS' is not defined. Skipping 'Odb.RemovePDNObstructions'…
Running 'Odb.AddRoutingObstructions' at 'runs/RUN_2026-09-16_23-32-49/23-odb-addroutingobstructions'…
'ROUTING_OBSTRUCTIONS' is not defined. Skipping 'Odb.AddRoutingObstructions'…
Running 'OpenROAD.GlobalPlacementSkipIO' at 'runs/RUN_2026-09-16_23-32-49/24-openroad-globalplacementskipio'…
I/O pins to be placed from /foss/designs/BASIC/current_generator/digital/DigitalSine/pin_order.cfg. Returning state unaltered…
Running 'OpenROAD.IOPlacement' at 'runs/RUN_2026-09-16_23-32-49/25-openroad-ioplacement'…
IO_PIN_ORDER_CFG is set. Skipping 'OpenROAD.IOPlacement'…
Running 'Odb.CustomIOPlacement' at 'runs/RUN_2026-09-16_23-32-49/26-odb-customioplacement'…
Logging subprocess to [repr.filename]'runs/RUN_2026-09-16_23-32-49/26-odb-customioplacement/odb-customioplacement.log'[/repr.filename]…
Overriding minimum distance 0.22 with 0.61 for pins on side E to avoid overlap.
Running 'Odb.ApplyDEFTemplate' at 'runs/RUN_2026-09-16_23-32-49/27-odb-applydeftemplate'…
No DEF template provided, skipping 'Odb.ApplyDEFTemplate'…
Running 'OpenROAD.GlobalPlacement' at 'runs/RUN_2026-09-16_23-32-49/28-openroad-globalplacement'…
'PL_TARGET_DENSITY_PCT' not explicitly set, using dynamically calculated target density: 74.720500…
OpenROAD will use None threads
Logging subprocess to [repr.filename]'runs/RUN_2026-09-16_23-32-49/28-openroad-globalplacement/openroad-globalplacement.log'[/repr.filename]…
[ORD-0032] Invalid thread number specification: None.
[GPL-0302] Target density 0.7472 is too low for the available free area.
Running 'Odb.WriteVerilogHeader' at 'runs/RUN_2026-09-16_23-32-49/29-odb-writeverilogheader'…
Logging subprocess to [repr.filename]'runs/RUN_2026-09-16_23-32-49/29-odb-writeverilogheader/odb-writeverilogheader.log'[/repr.filename]…
Running 'Checker.PowerGridViolations' at 'runs/RUN_2026-09-16_23-32-49/30-checker-powergridviolations'…
Check for power grid violations (as reported by OpenROAD PSM- you may ignore these if LVS passes) clear.
Running 'OpenROAD.STAMidPNR' at 'runs/RUN_2026-09-16_23-32-49/31-openroad-stamidpnr'…
OpenROAD will use None threads
Logging subprocess to [repr.filename]'runs/RUN_2026-09-16_23-32-49/31-openroad-stamidpnr/openroad-stamidpnr.log'[/repr.filename]…
[ORD-0032] Invalid thread number specification: None.
Running 'OpenROAD.RepairDesignPostGPL' at 'runs/RUN_2026-09-16_23-32-49/32-openroad-repairdesignpostgpl'…
OpenROAD will use None threads
Logging subprocess to [repr.filename]'runs/RUN_2026-09-16_23-32-49/32-openroad-repairdesignpostgpl/openroad-repairdesignpostgpl.log'[/repr.filename]…
[ORD-0032] Invalid thread number specification: None.
Running 'Odb.ManualGlobalPlacement' at 'runs/RUN_2026-09-16_23-32-49/33-odb-manualglobalplacement'…
'MANUAL_GLOBAL_PLACEMENTS' not set. Skipping 'Odb.ManualGlobalPlacement'…
Running 'OpenROAD.DetailedPlacement' at 'runs/RUN_2026-09-16_23-32-49/34-openroad-detailedplacement'…
OpenROAD will use None threads
Logging subprocess to [repr.filename]'runs/RUN_2026-09-16_23-32-49/34-openroad-detailedplacement/openroad-detailedplacement.log'[/repr.filename]…
[ORD-0032] Invalid thread number specification: None.
Running 'OpenROAD.CTS' at 'runs/RUN_2026-09-16_23-32-49/35-openroad-cts'…
OpenROAD will use None threads
Logging subprocess to [repr.filename]'runs/RUN_2026-09-16_23-32-49/35-openroad-cts/openroad-cts.log'[/repr.filename]…
[ORD-0032] Invalid thread number specification: None.
Running 'OpenROAD.STAMidPNR-1' at 'runs/RUN_2026-09-16_23-32-49/36-openroad-stamidpnr-1'…
OpenROAD will use None threads
Logging subprocess to [repr.filename]'runs/RUN_2026-09-16_23-32-49/36-openroad-stamidpnr-1/openroad-stamidpnr-1.log'[/repr.filename]…
[ORD-0032] Invalid thread number specification: None.
Running 'OpenROAD.ResizerTimingPostCTS' at 'runs/RUN_2026-09-16_23-32-49/37-openroad-resizertimingpostcts'…
OpenROAD will use None threads
Logging subprocess to [repr.filename]'runs/RUN_2026-09-16_23-32-49/37-openroad-resizertimingpostcts/openroad-resizertimingpostcts.log'[/repr.filename]…
[ORD-0032] Invalid thread number specification: None.
Running 'OpenROAD.STAMidPNR-2' at 'runs/RUN_2026-09-16_23-32-49/38-openroad-stamidpnr-2'…
OpenROAD will use None threads
Logging subprocess to [repr.filename]'runs/RUN_2026-09-16_23-32-49/38-openroad-stamidpnr-2/openroad-stamidpnr-2.log'[/repr.filename]…
[ORD-0032] Invalid thread number specification: None.
Running 'OpenROAD.GlobalRouting' at 'runs/RUN_2026-09-16_23-32-49/39-openroad-globalrouting'…
OpenROAD will use None threads
Logging subprocess to [repr.filename]'runs/RUN_2026-09-16_23-32-49/39-openroad-globalrouting/openroad-globalrouting.log'[/repr.filename]…
[ORD-0032] Invalid thread number specification: None.
[GRT-0041] Net VPWR has wires/vias outside die area.
[GRT-0041] Net VPWR has wires/vias outside die area.
[GRT-0041] Net VPWR has wires/vias outside die area.
[GRT-0041] Net VPWR has wires/vias outside die area.
[GRT-0041] Net VPWR has wires/vias outside die area.
[GRT-0041] Net VPWR has wires/vias outside die area.
[GRT-0041] Net VPWR has wires/vias outside die area.
[GRT-0041] Net VPWR has wires/vias outside die area.
[GRT-0041] Net VPWR has wires/vias outside die area.
[GRT-0041] Net VPWR has wires/vias outside die area.
[GRT-0041] Net VPWR has wires/vias outside die area.
[GRT-0041] Net VPWR has wires/vias outside die area.
[GRT-0041] Net VPWR has wires/vias outside die area.
[GRT-0041] Net VPWR has wires/vias outside die area.
[GRT-0041] Net VPWR has wires/vias outside die area.
[GRT-0041] Net VPWR has wires/vias outside die area.
[GRT-0041] Net VPWR has wires/vias outside die area.
[GRT-0041] Net VGND has wires/vias outside die area.
[GRT-0041] Net VGND has wires/vias outside die area.
[GRT-0041] Net VGND has wires/vias outside die area.
[GRT-0041] Net VGND has wires/vias outside die area.
[GRT-0041] Net VGND has wires/vias outside die area.
[GRT-0041] Net VGND has wires/vias outside die area.
[GRT-0041] Net VGND has wires/vias outside die area.
[GRT-0041] Net VGND has wires/vias outside die area.
[GRT-0041] Net VGND has wires/vias outside die area.
[GRT-0041] Net VGND has wires/vias outside die area.
[GRT-0041] Net VGND has wires/vias outside die area.
[GRT-0041] Net VGND has wires/vias outside die area.
[GRT-0041] Net VGND has wires/vias outside die area.
[GRT-0041] Net VGND has wires/vias outside die area.
[GRT-0041] Net VGND has wires/vias outside die area.
[GRT-0041] Net VGND has wires/vias outside die area.
[GRT-0041] Net VGND has wires/vias outside die area.
Running 'OpenROAD.CheckAntennas' at 'runs/RUN_2026-09-16_23-32-49/40-openroad-checkantennas'…
OpenROAD will use None threads
Logging subprocess to [repr.filename]'runs/RUN_2026-09-16_23-32-49/40-openroad-checkantennas/openroad-checkantennas.log'[/repr.filename]…
[ORD-0032] Invalid thread number specification: None.
Gating variable for step 'OpenROAD.RepairDesignPostGRT' set to 'False'- the step will be skipped.
Skipping step 'Repair Design (Post-Global Routing)'…
Running 'Odb.DiodesOnPorts' at 'runs/RUN_2026-09-16_23-32-49/41-odb-diodesonports'…
'DIODE_ON_PORTS' is set to 'none': skipping 'Odb.DiodesOnPorts'…
Gating variable for step 'Odb.HeuristicDiodeInsertion' set to 'False'- the step will be skipped.
Skipping step 'Heuristic Diode Insertion'…
Running 'OpenROAD.RepairAntennas' at 'runs/RUN_2026-09-16_23-32-49/42-openroad-repairantennas'…
Running 'OpenROAD.DiodeInsertion' at 'runs/RUN_2026-09-16_23-32-49/42-openroad-repairantennas/1-openroad-diodeinsertion'…
OpenROAD will use None threads
Logging subprocess to [repr.filename]'runs/RUN_2026-09-16_23-32-49/42-openroad-repairantennas/1-openroad-diodeinsertion/openroad-diodeinsertion.log'[/repr.filename]…
[ORD-0032] Invalid thread number specification: None.
Running 'OpenROAD.CheckAntennas' at 'runs/RUN_2026-09-16_23-32-49/42-openroad-repairantennas/2-openroad-checkantennas'…
OpenROAD will use None threads
Logging subprocess to [repr.filename]'runs/RUN_2026-09-16_23-32-49/42-openroad-repairantennas/2-openroad-checkantennas/openroad-checkantennas.log'[/repr.filename]…
[ORD-0032] Invalid thread number specification: None.
Gating variable for step 'OpenROAD.ResizerTimingPostGRT' set to 'False'- the step will be skipped.
Skipping step 'Resizer Timing Optimizations (Post-Global Routing)'…
Running 'OpenROAD.STAMidPNR-3' at 'runs/RUN_2026-09-16_23-32-49/43-openroad-stamidpnr-3'…
OpenROAD will use None threads
Logging subprocess to [repr.filename]'runs/RUN_2026-09-16_23-32-49/43-openroad-stamidpnr-3/openroad-stamidpnr-3.log'[/repr.filename]…
[ORD-0032] Invalid thread number specification: None.
Running 'OpenROAD.DetailedRouting' at 'runs/RUN_2026-09-16_23-32-49/44-openroad-detailedrouting'…
OpenROAD will use None threads
Logging subprocess to [repr.filename]'runs/RUN_2026-09-16_23-32-49/44-openroad-detailedrouting/openroad-detailedrouting.log'[/repr.filename]…
[ORD-0032] Invalid thread number specification: None.
[DRT-0349] LEF58_ENCLOSURE with no CUTCLASS is not supported. Skipping for layer Cont
[DRT-0349] LEF58_ENCLOSURE with no CUTCLASS is not supported. Skipping for layer Via1
[DRT-0349] LEF58_ENCLOSURE with no CUTCLASS is not supported. Skipping for layer Via1
[DRT-0349] LEF58_ENCLOSURE with no CUTCLASS is not supported. Skipping for layer Via2
[DRT-0349] LEF58_ENCLOSURE with no CUTCLASS is not supported. Skipping for layer Via3
[DRT-0349] LEF58_ENCLOSURE with no CUTCLASS is not supported. Skipping for layer Via4
[DRT-0349] LEF58_ENCLOSURE with no CUTCLASS is not supported. Skipping for layer TopVia1
[DRT-0349] LEF58_ENCLOSURE with no CUTCLASS is not supported. Skipping for layer TopVia1
[DRT-0349] LEF58_ENCLOSURE with no CUTCLASS is not supported. Skipping for layer TopVia2
[DRT-0349] LEF58_ENCLOSURE with no CUTCLASS is not supported. Skipping for layer TopVia2
Running 'Odb.RemoveRoutingObstructions' at 'runs/RUN_2026-09-16_23-32-49/45-odb-removeroutingobstructions'…
'ROUTING_OBSTRUCTIONS' is not defined. Skipping 'Odb.RemoveRoutingObstructions'…
Running 'OpenROAD.CheckAntennas-1' at 'runs/RUN_2026-09-16_23-32-49/46-openroad-checkantennas-1'…
OpenROAD will use None threads
Logging subprocess to [repr.filename]'runs/RUN_2026-09-16_23-32-49/46-openroad-checkantennas-1/openroad-checkantennas-1.log'[/repr.filename]…
[ORD-0032] Invalid thread number specification: None.
Running 'Checker.TrDRC' at 'runs/RUN_2026-09-16_23-32-49/47-checker-trdrc'…
Check for Routing DRC errors clear.
Running 'Odb.ReportDisconnectedPins' at 'runs/RUN_2026-09-16_23-32-49/48-odb-reportdisconnectedpins'…
Logging subprocess to [repr.filename]'runs/RUN_2026-09-16_23-32-49/48-odb-reportdisconnectedpins/odb-reportdisconnectedpins.log'[/repr.filename]…
Running 'Checker.DisconnectedPins' at 'runs/RUN_2026-09-16_23-32-49/49-checker-disconnectedpins'…
Check for critical disconnected pins clear.
Running 'Odb.ReportWireLength' at 'runs/RUN_2026-09-16_23-32-49/50-odb-reportwirelength'…
Logging subprocess to [repr.filename]'runs/RUN_2026-09-16_23-32-49/50-odb-reportwirelength/odb-reportwirelength.log'[/repr.filename]…
Running 'Checker.WireLength' at 'runs/RUN_2026-09-16_23-32-49/51-checker-wirelength'…
Threshold for Threshold-surpassing long wires is not set. The checker will be skipped.
Running 'OpenROAD.FillInsertion' at 'runs/RUN_2026-09-16_23-32-49/52-openroad-fillinsertion'…
OpenROAD will use None threads
Logging subprocess to [repr.filename]'runs/RUN_2026-09-16_23-32-49/52-openroad-fillinsertion/openroad-fillinsertion.log'[/repr.filename]…
[ORD-0032] Invalid thread number specification: None.
Running 'Odb.CellFrequencyTables' at 'runs/RUN_2026-09-16_23-32-49/53-odb-cellfrequencytables'…
Logging subprocess to [repr.filename]'runs/RUN_2026-09-16_23-32-49/53-odb-cellfrequencytables/buffer_list.txt'[/repr.filename]…
Logging subprocess to [repr.filename]'runs/RUN_2026-09-16_23-32-49/53-odb-cellfrequencytables/odb-cellfrequencytables.log'[/repr.filename]…
Running 'OpenROAD.RCX' at 'runs/RUN_2026-09-16_23-32-49/54-openroad-rcx'…
Running RCX for corners matching nom_* (/foss/designs/BASIC/current_generator/digital/DigitalSine/runs/RUN_2026-09-16_23-32-49/54-openroad-rcx/nom/rcx.log)…
OpenROAD will use None threads
Logging subprocess to [repr.filename]'runs/RUN_2026-09-16_23-32-49/54-openroad-rcx/nom/rcx.log'[/repr.filename]…
[ORD-0032] Invalid thread number specification: None.
Finished RCX for corners matching nom_*.
Running 'OpenROAD.STAPostPNR' at 'runs/RUN_2026-09-16_23-32-49/55-openroad-stapostpnr'…
Starting STA for the nom_fast_1p32V_m40C timing corner…
Starting STA for the nom_slow_1p08V_125C timing corner…
Starting STA for the nom_typ_1p20V_25C timing corner…
Logging subprocess to [repr.filename]'runs/RUN_2026-09-16_23-32-49/55-openroad-stapostpnr/nom_fast_1p32V_m40C/sta.log'[/repr.filename]…
Logging subprocess to [repr.filename]'runs/RUN_2026-09-16_23-32-49/55-openroad-stapostpnr/nom_slow_1p08V_125C/sta.log'[/repr.filename]…
Logging subprocess to [repr.filename]'runs/RUN_2026-09-16_23-32-49/55-openroad-stapostpnr/nom_typ_1p20V_25C/sta.log'[/repr.filename]…
Finished STA for the nom_fast_1p32V_m40C timing corner.
Logging subprocess to [repr.filename]'runs/RUN_2026-09-16_23-32-49/55-openroad-stapostpnr/nom_fast_1p32V_m40C/filter_unannotated.log'[/repr.filename]…
Finished STA for the nom_slow_1p08V_125C timing corner.
Finished STA for the nom_typ_1p20V_25C timing corner.
Logging subprocess to [repr.filename]'runs/RUN_2026-09-16_23-32-49/55-openroad-stapostpnr/nom_slow_1p08V_125C/filter_unannotated.log'[/repr.filename]…
Logging subprocess to [repr.filename]'runs/RUN_2026-09-16_23-32-49/55-openroad-stapostpnr/nom_typ_1p20V_25C/filter_unannotated.log'[/repr.filename]…
Running 'OpenROAD.IRDropReport' at 'runs/RUN_2026-09-16_23-32-49/56-openroad-irdropreport'…
'VSRC_LOC_FILES' was not given a value, which may make the results of IR drop analysis inaccurate. If you are not integrating a top-level chip for manufacture, you may ignore this warning, otherwise, see the documentation for 'VSRC_LOC_FILES'.
OpenROAD will use None threads
Logging subprocess to [repr.filename]'runs/RUN_2026-09-16_23-32-49/56-openroad-irdropreport/openroad-irdropreport.log'[/repr.filename]…
[ORD-0032] Invalid thread number specification: None.
+ analyze_power_grid -net VPWR -voltage_file /foss/designs/BASIC/current_generator/digital/DigitalSine/runs/RUN_2026-09-16_23-32-49/56-openroad-irdropreport/net-VPWR.csv
[INFO PSM-0040] All shapes on net VPWR are connected.
########## IR report #################
Net              : VPWR
Corner           : nom_typ_1p20V_25C
Total power      : 2.09e-04 W
Supply voltage   : 1.20e+00 V
Worstcase voltage: 1.19e+00 V
Average voltage  : 1.20e+00 V
Average IR drop  : 3.71e-04 V
Worstcase IR drop: 5.46e-03 V
Percentage drop  : 0.45 %
######################################
+ analyze_power_grid -net VGND -voltage_file /foss/designs/BASIC/current_generator/digital/DigitalSine/runs/RUN_2026-09-16_23-32-49/56-openroad-irdropreport/net-VGND.csv
[INFO PSM-0040] All shapes on net VGND are connected.
########## IR report #################
Net              : VGND
Corner           : nom_typ_1p20V_25C
Total power      : 2.09e-04 W
Supply voltage   : 0.00e+00 V
Worstcase voltage: 3.92e-03 V
Average voltage  : 3.77e-04 V
Average IR drop  : 3.77e-04 V
Worstcase IR drop: 3.92e-03 V
Percentage drop  : 0.33 %
######################################

Running 'Magic.StreamOut' at 'runs/RUN_2026-09-16_23-32-49/57-magic-streamout'…
Logging subprocess to [repr.filename]'runs/RUN_2026-09-16_23-32-49/57-magic-streamout/magic-streamout.log'[/repr.filename]…
Running 'KLayout.StreamOut' at 'runs/RUN_2026-09-16_23-32-49/58-klayout-streamout'…
Logging subprocess to [repr.filename]'runs/RUN_2026-09-16_23-32-49/58-klayout-streamout/klayout-streamout.log'[/repr.filename]…
Running 'KLayout.Render' at 'runs/RUN_2026-09-16_23-32-49/59-klayout-render'…
Logging subprocess to [repr.filename]'runs/RUN_2026-09-16_23-32-49/59-klayout-render/klayout-render.log'[/repr.filename]…
Running 'Magic.WriteLEF' at 'runs/RUN_2026-09-16_23-32-49/60-magic-writelef'…
Logging subprocess to [repr.filename]'runs/RUN_2026-09-16_23-32-49/60-magic-writelef/magic-writelef.log'[/repr.filename]…
Running 'Odb.CheckDesignAntennaProperties' at 'runs/RUN_2026-09-16_23-32-49/61-odb-checkdesignantennaproperties'…
Logging subprocess to [repr.filename]'runs/RUN_2026-09-16_23-32-49/61-odb-checkdesignantennaproperties/odb-checkdesignantennaproperties.log'[/repr.filename]…
Running 'KLayout.XOR' at 'runs/RUN_2026-09-16_23-32-49/62-klayout-xor'…
Running XOR with 12 threads…
Logging subprocess to [repr.filename]'runs/RUN_2026-09-16_23-32-49/62-klayout-xor/klayout-xor.log'[/repr.filename]…
Running 'Checker.XOR' at 'runs/RUN_2026-09-16_23-32-49/63-checker-xor'…
Check for XOR differences clear.
Running 'Magic.DRC' at 'runs/RUN_2026-09-16_23-32-49/64-magic-drc'…
Logging subprocess to [repr.filename]'runs/RUN_2026-09-16_23-32-49/64-magic-drc/magic-drc.log'[/repr.filename]…
Running 'KLayout.DRC' at 'runs/RUN_2026-09-16_23-32-49/65-klayout-drc'…
Running KLayout DRC with 12 threads…
Logging subprocess to [repr.filename]'runs/RUN_2026-09-16_23-32-49/65-klayout-drc/klayout-drc.log'[/repr.filename]…
Logging subprocess to [repr.filename]'runs/RUN_2026-09-16_23-32-49/65-klayout-drc/xml_drc_report_to_json.log'[/repr.filename]…
Running 'Checker.MagicDRC' at 'runs/RUN_2026-09-16_23-32-49/66-checker-magicdrc'…
Check for Magic DRC errors clear.
Running 'Checker.KLayoutDRC' at 'runs/RUN_2026-09-16_23-32-49/67-checker-klayoutdrc'…
Check for KLayout DRC errors clear.
Running 'Magic.SpiceExtraction' at 'runs/RUN_2026-09-16_23-32-49/68-magic-spiceextraction'…
Logging subprocess to [repr.filename]'runs/RUN_2026-09-16_23-32-49/68-magic-spiceextraction/magic-spiceextraction.log'[/repr.filename]…
Running 'Checker.IllegalOverlap' at 'runs/RUN_2026-09-16_23-32-49/69-checker-illegaloverlap'…
Check for Magic Illegal Overlap errors clear.
Running 'Netgen.LVS' at 'runs/RUN_2026-09-16_23-32-49/70-netgen-lvs'…
Logging subprocess to [repr.filename]'runs/RUN_2026-09-16_23-32-49/70-netgen-lvs/netgen-lvs.log'[/repr.filename]…
Running 'Checker.LVS' at 'runs/RUN_2026-09-16_23-32-49/71-checker-lvs'…
Check for LVS errors clear.
Gating variable for step 'Yosys.EQY' set to 'False'- the step will be skipped.
Skipping step 'Equivalence Check'…
Running 'Checker.SetupViolations' at 'runs/RUN_2026-09-16_23-32-49/72-checker-setupviolations'…
No setup violations found
Running 'Checker.HoldViolations' at 'runs/RUN_2026-09-16_23-32-49/73-checker-holdviolations'…
No hold violations found
Running 'Checker.MaxSlewViolations' at 'runs/RUN_2026-09-16_23-32-49/74-checker-maxslewviolations'…
No max slew violations found
Running 'Checker.MaxCapViolations' at 'runs/RUN_2026-09-16_23-32-49/75-checker-maxcapviolations'…
No max cap violations found
Running 'Misc.ReportManufacturability' at 'runs/RUN_2026-09-16_23-32-49/76-misc-reportmanufacturability'…
Saving views to '/foss/designs/BASIC/current_generator/digital/DigitalSine/runs/RUN_2026-09-16_23-32-49/final'…
Flow complete.
Starting…
Running 'KLayout.OpenGUI' at 'runs/RUN_2026-09-16_23-32-49/77-klayout-opengui'…
Saving views to '/foss/designs/BASIC/current_generator/digital/DigitalSine/runs/RUN_2026-09-16_23-32-49/final'…
Flow complete.
