
===========================================================================
report_checks -unconstrained
===========================================================================
======================= nom_slow_1p08V_125C Corner ===================================

Startpoint: _305_ (rising edge-triggered flip-flop clocked by clk)
Endpoint: sine_out[1] (output port clocked by clk)
Path Group: clk
Path Type: max

Fanout         Cap        Slew       Delay        Time   Description
---------------------------------------------------------------------------------------------
                                  0.000000    0.000000   clock clk (rise edge)
                                  0.000000    0.000000   clock source latency
     1    0.020927    0.000000    0.000000    0.000000 ^ clk (in)
                                                         clk (net)
                      0.003219    0.001610    0.001610 ^ clkbuf_0_clk/A (sg13g2_buf_16)
     2    0.035949    0.034297    0.084341    0.085951 ^ clkbuf_0_clk/X (sg13g2_buf_16)
                                                         clknet_0_clk (net)
                      0.034380    0.002888    0.088839 ^ clkbuf_1_1__f_clk/A (sg13g2_buf_16)
     5    0.019303    0.029570    0.097454    0.186293 ^ clkbuf_1_1__f_clk/X (sg13g2_buf_16)
                                                         clknet_1_1__leaf_clk (net)
                      0.029584    0.001276    0.187569 ^ _305_/CLK (sg13g2_dfrbpq_1)
     3    0.018305    0.105628    0.315387    0.502955 v _305_/Q (sg13g2_dfrbpq_1)
                                                         DPATH.SUM.fa_1.A (net)
                      0.105634    0.000905    0.503861 v fanout38/A (sg13g2_buf_1)
     8    0.043734    0.231877    0.284455    0.788316 v fanout38/X (sg13g2_buf_1)
                                                         net38 (net)
                      0.232010    0.003452    0.791768 v fanout37/A (sg13g2_buf_1)
     8    0.029015    0.159361    0.275932    1.067700 v fanout37/X (sg13g2_buf_1)
                                                         net37 (net)
                      0.159381    0.001809    1.069509 v _154_/B (sg13g2_nor2_1)
     4    0.019194    0.277287    0.281556    1.351065 ^ _154_/Y (sg13g2_nor2_1)
                                                         _112_ (net)
                      0.277288    0.001042    1.352107 ^ _211_/B (sg13g2_nand2_1)
     3    0.010013    0.139648    0.208490    1.560597 v _211_/Y (sg13g2_nand2_1)
                                                         _024_ (net)
                      0.139648    0.000377    1.560974 v _214_/B (sg13g2_and3_1)
     3    0.011825    0.077832    0.204542    1.765516 v _214_/X (sg13g2_and3_1)
                                                         _027_ (net)
                      0.077850    0.001158    1.766674 v _249_/A2 (sg13g2_a221oi_1)
     1    0.003867    0.177242    0.246266    2.012940 ^ _249_/Y (sg13g2_a221oi_1)
                                                         _061_ (net)
                      0.177242    0.000154    2.013094 ^ _250_/B (sg13g2_nor2_1)
     1    0.003839    0.063122    0.094305    2.107400 v _250_/Y (sg13g2_nor2_1)
                                                         _062_ (net)
                      0.063124    0.000270    2.107669 v _256_/B (sg13g2_nor4_1)
     1    0.006693    0.259142    0.292397    2.400067 ^ _256_/Y (sg13g2_nor4_1)
                                                         _068_ (net)
                      0.259142    0.000233    2.400300 ^ _267_/B1 (sg13g2_a21oi_1)
     1    0.005446    0.098228    0.123420    2.523721 v _267_/Y (sg13g2_a21oi_1)
                                                         net13 (net)
                      0.098229    0.000384    2.524105 v output13/A (sg13g2_buf_1)
     1    0.012715    0.079114    0.164916    2.689020 v output13/X (sg13g2_buf_1)
                                                         sine_out[1] (net)
                      0.079118    0.000629    2.689649 v sine_out[1] (out)
                                              2.689649   data arrival time

                                  5.000000    5.000000   clock clk (rise edge)
                                  0.000000    5.000000   clock network delay (propagated)
                                 -0.150000    4.850000   clock uncertainty
                                  0.000000    4.850000   clock reconvergence pessimism
                                 -1.000000    3.850000   output external delay
                                              3.850000   data required time
---------------------------------------------------------------------------------------------
                                              3.850000   data required time
                                             -2.689649   data arrival time
---------------------------------------------------------------------------------------------
                                              1.160351   slack (MET)




===========================================================================
report_checks --slack_max -0.01
============================================================================
======================= nom_slow_1p08V_125C Corner ===================================

No paths found.


===========================================================================
 report_check_types -max_slew -max_cap -max_fanout -violators
============================================================================
======================= nom_slow_1p08V_125C Corner ===================================



===========================================================================
report_parasitic_annotation -report_unannotated
============================================================================
Found 1 unannotated drivers.
 clkload0/Y
Found 0 partially unannotated drivers.

===========================================================================
max slew violation count 0
max fanout violation count 0
max cap violation count 0
============================================================================

===========================================================================
check_setup -verbose -unconstrained_endpoints -multiple_clock -no_clock -no_input_delay -loops -generated_clocks
===========================================================================
