Clock: clk
Sources: clk 
Generated: no
Virtual: yes
Propagated: no
Period: 5.000000

===========================================================================
report_clock_properties
============================================================================
Clock                   Period          Waveform
----------------------------------------------------
clk                   5.000000    0.000000  2.500000

===========================================================================
report_clock_latency
============================================================================
Clock clk
rise -> rise
    min     max
0.000000 0.000000 source latency
0.187569         network latency _305_/CLK
        0.189514 network latency _308_/CLK
---------------
0.187569 0.189514 latency
        0.001946 skew

fall -> fall
    min     max
0.000000 0.000000 source latency
0.204476         network latency _305_/CLK
        0.206213 network latency _308_/CLK
---------------
0.204476 0.206213 latency
        0.001737 skew



===========================================================================
report_clock_min_period
============================================================================
clk period_min = 2.90 fmax = 345.15
