
===========================================================================
report_checks -unconstrained
===========================================================================
======================= nom_fast_1p32V_m40C Corner ===================================

Startpoint: _290_ (rising edge-triggered flip-flop clocked by clk)
Endpoint: DATA[0] (output port clocked by clk)
Path Group: clk
Path Type: max

Fanout         Cap        Slew       Delay        Time   Description
---------------------------------------------------------------------------------------------
                                  0.000000    0.000000   clock clk (rise edge)
                                  0.000000    0.000000   clock source latency
     1    0.022783    0.000000    0.000000    0.000000 ^ clk (in)
                                                         clk (net)
                      0.003365    0.001682    0.001682 ^ clkbuf_0_clk/A (sg13g2_buf_16)
     2    0.043928    0.015983    0.040342    0.042024 ^ clkbuf_0_clk/X (sg13g2_buf_16)
                                                         clknet_0_clk (net)
                      0.016104    0.001818    0.043842 ^ clkbuf_1_0__f_clk/A (sg13g2_buf_16)
     5    0.021810    0.013439    0.042794    0.086636 ^ clkbuf_1_0__f_clk/X (sg13g2_buf_16)
                                                         clknet_1_0__leaf_clk (net)
                      0.013443    0.000442    0.087078 ^ _290_/CLK (sg13g2_dfrbpq_1)
     4    0.022705    0.063937    0.143511    0.230589 ^ _290_/Q (sg13g2_dfrbpq_1)
                                                         DPATH.SUM.fa_2.A (net)
                      0.063993    0.001718    0.232307 ^ fanout37/A (sg13g2_buf_1)
     8    0.043402    0.117340    0.126219    0.358526 ^ fanout37/X (sg13g2_buf_1)
                                                         net37 (net)
                      0.117386    0.001929    0.360455 ^ fanout36/A (sg13g2_buf_1)
     8    0.047548    0.128352    0.147952    0.508407 ^ fanout36/X (sg13g2_buf_1)
                                                         net36 (net)
                      0.128720    0.005605    0.514012 ^ _164_/B (sg13g2_and2_1)
     5    0.023607    0.067960    0.124792    0.638804 ^ _164_/X (sg13g2_and2_1)
                                                         _113_ (net)
                      0.067981    0.001142    0.639946 ^ _180_/A2 (sg13g2_a21oi_1)
     4    0.023685    0.120766    0.116504    0.756450 v _180_/Y (sg13g2_a21oi_1)
                                                         _128_ (net)
                      0.120814    0.001947    0.758396 v _181_/B (sg13g2_and2_1)
     2    0.012462    0.034983    0.095539    0.853936 v _181_/X (sg13g2_and2_1)
                                                         _129_ (net)
                      0.034997    0.000647    0.854583 v _182_/B1 (sg13g2_o21ai_1)
     1    0.004251    0.061381    0.030982    0.885564 ^ _182_/Y (sg13g2_o21ai_1)
                                                         _009_ (net)
                      0.061382    0.000169    0.885734 ^ _183_/A2 (sg13g2_a21oi_1)
     1    0.005316    0.040486    0.056879    0.942612 v _183_/Y (sg13g2_a21oi_1)
                                                         _010_ (net)
                      0.040487    0.000400    0.943012 v _198_/B (sg13g2_nor4_1)
     1    0.005495    0.100913    0.110715    1.053727 ^ _198_/Y (sg13g2_nor4_1)
                                                         _025_ (net)
                      0.100913    0.000227    1.053954 ^ _216_/A2 (sg13g2_a22oi_1)
     1    0.009157    0.061951    0.085138    1.139092 v _216_/Y (sg13g2_a22oi_1)
                                                         net2 (net)
                      0.061961    0.000734    1.139826 v output2/A (sg13g2_buf_1)
     1    0.012257    0.032728    0.069064    1.208890 v output2/X (sg13g2_buf_1)
                                                         DATA[0] (net)
                      0.032742    0.000631    1.209521 v DATA[0] (out)
                                              1.209521   data arrival time

                                  5.000000    5.000000   clock clk (rise edge)
                                  0.000000    5.000000   clock network delay (propagated)
                                 -0.150000    4.850000   clock uncertainty
                                  0.000000    4.850000   clock reconvergence pessimism
                                 -1.000000    3.850000   output external delay
                                              3.850000   data required time
---------------------------------------------------------------------------------------------
                                              3.850000   data required time
                                             -1.209521   data arrival time
---------------------------------------------------------------------------------------------
                                              2.640479   slack (MET)




===========================================================================
report_checks --slack_max -0.01
============================================================================
======================= nom_fast_1p32V_m40C Corner ===================================

No paths found.


===========================================================================
 report_check_types -max_slew -max_cap -max_fanout -violators
============================================================================
======================= nom_fast_1p32V_m40C Corner ===================================



===========================================================================
report_parasitic_annotation -report_unannotated
============================================================================
Found 1 unannotated drivers.
 clkload0/Y
Found 0 partially unannotated drivers.

===========================================================================
max slew violation count 0
max fanout violation count 0
max cap violation count 0
============================================================================

===========================================================================
check_setup -verbose -unconstrained_endpoints -multiple_clock -no_clock -no_input_delay -loops -generated_clocks
===========================================================================
Warning: There is 1 input port missing set_input_delay.
  rst
