Clock: clk
Sources: clk 
Generated: no
Virtual: yes
Propagated: no
Period: 5.000000

===========================================================================
report_clock_properties
============================================================================
Clock                   Period          Waveform
----------------------------------------------------
clk                   5.000000    0.000000  2.500000

===========================================================================
report_clock_latency
============================================================================
Clock clk
rise -> rise
    min     max
0.000000 0.000000 source latency
0.084658         network latency _289_/CLK
        0.089705 network latency _293_/CLK
---------------
0.084658 0.089705 latency
        0.005046 skew

fall -> fall
    min     max
0.000000 0.000000 source latency
0.090996         network latency _289_/CLK
        0.095896 network latency _293_/CLK
---------------
0.090996 0.095896 latency
        0.004900 skew



===========================================================================
report_clock_min_period
============================================================================
clk period_min = 1.32 fmax = 756.84
