
Magic 8.3 revision 623 - Compiled on Tue Mar 17 08:19:38 UTC 2026.
Starting magic under Tcl interpreter
Using the terminal as the console.
WARNING: RLIMIT_NOFILE is above 1024 and Tcl_Version<9 this may cause runtime issues [rlim_cur=1048576]
Using NULL graphics device.
Processing system .magicrc file
Switching to WIRING tool.
Switching to NETLIST tool.
Switching to PICK tool.
Switching to BOX tool.
Sourcing design .magicrc for technology ihp-sg13g2 ...
2 Magic internal units = 1 Lambda
Input style sg13g2(): scaleFactor=2, multiplier=2
The following types are not handled by extraction and will be treated as non-electrical types:
    pblock sealcont difffill nemitter hvnemitter hvisodiffres sealvia1 sealvia2 sealvia3 sealvia4 sealvia5 sealvia6 pillar solder seal glass thruvia inductor 
Scaled tech values by 2 / 1 to match internal grid scaling
Loading ihp-sg13g2 Device Generator Menu ...
Loading "/nix/store/00bhxv2bix0rv6lm4qlsyj0bva6cl0nn-python3.13-librelane-3.0.0rc1/lib/python3.13/site-packages/librelane/scripts/magic/wrapper.tcl" from command line.
Warning: Calma reading is not undoable!  I hope that's OK.
Library written using GDS-II Release 3.0
Library name: DigitalSine
Reading "sg13g2_decap_4".
Reading "sg13g2_fill_2".
Reading "sg13g2_fill_1".
Reading "sg13g2_nand2_1".
Reading "sg13g2_xnor2_1".
Reading "sg13g2_inv_1".
Reading "sg13g2_dfrbpq_1".
Reading "sg13g2_a21oi_1".
CIF file read warning: CIF style sg13g2(): units rescaled by factor of 5 / 1
Reading "sg13g2_nor2_1".
Reading "sg13g2_buf_1".
Reading "sg13g2_o21ai_1".
Reading "sg13g2_decap_8".
Reading "sg13g2_dlygate4sd3_1".
Reading "sg13g2_xor2_1".
Reading "sg13g2_nor3_1".
Reading "sg13g2_and2_1".
Reading "sg13g2_nand3_1".
Reading "sg13g2_buf_16".
Reading "sg13g2_or2_1".
Reading "sg13g2_nand3b_1".
Reading "sg13g2_a221oi_1".
Reading "sg13g2_a22oi_1".
Reading "sg13g2_nor2b_1".
Reading "sg13g2_and3_1".
Reading "sg13g2_nor4_1".
Reading "sg13g2_nand2b_1".
Reading "DigitalSine".
[INFO] Loading DigitalSine

DRC style is now "drc(full)"
Loading DRC CIF style.
No errors found.
[INFO] COUNT: 0
[INFO] Should be divided by 3 or 4
[INFO] DRC Checking DONE (/home/designer/shared/BASIC/current_generator/digital/DigitalSine/runs/RUN_2026-03-28_21-39-37/64-magic-drc/reports/drc.magic.rpt)
[INFO] Saving mag view with DRC errors (/home/designer/shared/BASIC/current_generator/digital/DigitalSine/runs/RUN_2026-03-28_21-39-37/64-magic-drc/views/DigitalSine.drc.mag)
[INFO] Saved
