Clock: clk
Sources: clk 
Generated: no
Virtual: yes
Propagated: no
Period: 5.000000

===========================================================================
report_clock_properties
============================================================================
Clock                   Period          Waveform
----------------------------------------------------
clk                   5.000000    0.000000  2.500000

===========================================================================
report_clock_latency
============================================================================
Clock clk
rise -> rise
    min     max
0.000000 0.000000 source latency
0.117688         network latency _307_/CLK
        0.118262 network latency _308_/CLK
---------------
0.117688 0.118262 latency
        0.000573 skew

fall -> fall
    min     max
0.000000 0.000000 source latency
0.130298         network latency _307_/CLK
        0.130761 network latency _308_/CLK
---------------
0.130298 0.130761 latency
        0.000463 skew



===========================================================================
report_clock_min_period
============================================================================
clk period_min = 1.81 fmax = 551.83
