# Logfile created on 2026-03-28 22:48:19 +0100 by logger.rb/v1.4.3
2026-03-28 22:48:19 +0100: Memory Usage (427408K) : Starting running IHP-SG13G2 Klayout DRC antenna runset on /home/designer/shared/BASIC/current_generator/digital/DigitalSine/runs/RUN_2026-03-28_21-39-37/final/klayout_gds/DigitalSine.klayout.gds
2026-03-28 22:48:19 +0100: Memory Usage (427408K) : Ruby Version for klayout: 3.0.2
2026-03-28 22:48:19 +0100: Memory Usage (428944K) : Loading database to memory is complete.
2026-03-28 22:48:19 +0100: Memory Usage (428944K) : IHP-SG13G2 Klayout DRC antenna runset output at: /home/designer/shared/BASIC/current_generator/digital/DigitalSine/runs/RUN_2026-03-28_21-39-37/final/klayout_gds/drc_run_DigitalSine/DigitalSine.klayout_DigitalSine_antenna.lyrdb
2026-03-28 22:48:19 +0100: Memory Usage (428944K) : Evaluate switches.
2026-03-28 22:48:19 +0100: Memory Usage (428944K) : KLayout will use 1 thread(s) in tiling mode.
2026-03-28 22:48:19 +0100: Memory Usage (428944K) : deep mode is enabled for antenna table.
2026-03-28 22:48:19 +0100: Memory Usage (428944K) : Read in polygons from layers.
2026-03-28 22:48:19 +0100: Memory Usage (430096K) : activ_drw has 1519 polygons
2026-03-28 22:48:19 +0100: Memory Usage (430096K) : gatpoly_drw has 1234 polygons
2026-03-28 22:48:19 +0100: Memory Usage (430096K) : cont_drw has 9840 polygons
2026-03-28 22:48:19 +0100: Memory Usage (430096K) : nsd_block has 0 polygons
2026-03-28 22:48:19 +0100: Memory Usage (430224K) : metal1_drw has 2950 polygons
2026-03-28 22:48:19 +0100: Memory Usage (430224K) : metal2_drw has 2533 polygons
2026-03-28 22:48:19 +0100: Memory Usage (430352K) : psd_drw has 748 polygons
2026-03-28 22:48:19 +0100: Memory Usage (430352K) : digisub_drw has 0 polygons
2026-03-28 22:48:19 +0100: Memory Usage (430480K) : via1_drw has 778 polygons
2026-03-28 22:48:19 +0100: Memory Usage (430480K) : via2_drw has 723 polygons
2026-03-28 22:48:19 +0100: Memory Usage (430480K) : metal3_drw has 1268 polygons
2026-03-28 22:48:19 +0100: Memory Usage (430480K) : nwell_drw has 370 polygons
2026-03-28 22:48:19 +0100: Memory Usage (430608K) : nbulay_drw has 0 polygons
2026-03-28 22:48:19 +0100: Memory Usage (430608K) : pwell_block has 0 polygons
2026-03-28 22:48:19 +0100: Memory Usage (430608K) : via3_drw has 165 polygons
2026-03-28 22:48:19 +0100: Memory Usage (430736K) : metal4_drw has 187 polygons
2026-03-28 22:48:19 +0100: Memory Usage (430736K) : via4_drw has 514 polygons
2026-03-28 22:48:19 +0100: Memory Usage (430736K) : metal5_drw has 33 polygons
2026-03-28 22:48:19 +0100: Memory Usage (430864K) : recog_diode has 0 polygons
2026-03-28 22:48:19 +0100: Memory Usage (430864K) : recog_esd has 0 polygons
2026-03-28 22:48:19 +0100: Memory Usage (430864K) : topvia1_drw has 0 polygons
2026-03-28 22:48:19 +0100: Memory Usage (430992K) : topmetal1_drw has 0 polygons
2026-03-28 22:48:19 +0100: Memory Usage (430992K) : topvia2_drw has 0 polygons
2026-03-28 22:48:19 +0100: Memory Usage (430992K) : topmetal2_drw has 0 polygons
2026-03-28 22:48:19 +0100: Memory Usage (431120K) : text_drw has 0 polygons
2026-03-28 22:48:19 +0100: Memory Usage (431120K) : Total no. of polygons in the design is 22862
2026-03-28 22:48:19 +0100: Memory Usage (431120K) : Loaded TECH DRC rules values from /opt/pdks/ihp-sg13g2/libs.tech/klayout/python/sg13g2_pycell_lib/sg13g2_tech_mod.json
2026-03-28 22:48:19 +0100: Memory Usage (431120K) : Loaded default DRC rules values from /opt/pdks/ihp-sg13g2/libs.tech/klayout/tech/drc/rule_decks/sg13g2_tech_default.json
2026-03-28 22:48:19 +0100: Memory Usage (431120K) : The following rules values were missing in tech json and default values were used:
2026-03-28 22:48:19 +0100: Memory Usage (431120K) :   - NW_f1_digibnd
2026-03-28 22:48:19 +0100: Memory Usage (431120K) :   - Cnt_c_digibnd
2026-03-28 22:48:19 +0100: Memory Usage (431120K) :   - Cnt_c_sram
2026-03-28 22:48:19 +0100: Memory Usage (431120K) :   - Sdiod_b
2026-03-28 22:48:19 +0100: Memory Usage (431120K) :   - Sdiod_c
2026-03-28 22:48:19 +0100: Memory Usage (432272K) : Total area of the design is 7700.478 um^2.
2026-03-28 22:48:19 +0100: Memory Usage (432272K) : The design dimensions are 87.6 µm * 87.905 µm.
2026-03-28 22:48:19 +0100: Memory Usage (432272K) : Starting general IHP-SG13G2 derivations.
2026-03-28 22:48:19 +0100: Memory Usage (436240K) : Starting IHP-SG13G2 DRC rules.
2026-03-28 22:48:19 +0100: Memory Usage (436240K) : Starting 7.1 Antenna Rules table
2026-03-28 22:48:19 +0100: Memory Usage (436240K) : Executing rule Ant.a
2026-03-28 22:48:19 +0100: Memory Usage (437264K) : Executing rule Ant.c
2026-03-28 22:48:19 +0100: Memory Usage (437264K) : Starting cumulative antenna ratio calculations
2026-03-28 22:48:19 +0100: Memory Usage (437264K) : Evaluating metal1_drw ratio
2026-03-28 22:48:19 +0100: Memory Usage (437776K) : Evaluating via1_drw ratio
2026-03-28 22:48:19 +0100: Memory Usage (438032K) : Evaluating metal2_drw ratio
2026-03-28 22:48:19 +0100: Memory Usage (438800K) : Evaluating via2_drw ratio
2026-03-28 22:48:19 +0100: Memory Usage (439056K) : Evaluating metal3_drw ratio
2026-03-28 22:48:19 +0100: Memory Usage (439440K) : Evaluating via3_drw ratio
2026-03-28 22:48:19 +0100: Memory Usage (439568K) : Evaluating metal4_drw ratio
2026-03-28 22:48:20 +0100: Memory Usage (439568K) : Evaluating via4_drw ratio
2026-03-28 22:48:20 +0100: Memory Usage (439568K) : Evaluating metal5_drw ratio
2026-03-28 22:48:20 +0100: Memory Usage (439568K) : Evaluating topvia1_drw ratio
2026-03-28 22:48:20 +0100: Memory Usage (439568K) : Evaluating topmetal1_drw ratio
2026-03-28 22:48:20 +0100: Memory Usage (439568K) : Evaluating topvia2_drw ratio
2026-03-28 22:48:20 +0100: Memory Usage (439568K) : Evaluating topmetal2_drw ratio
2026-03-28 22:48:20 +0100: Memory Usage (439568K) : Evaluating diode presence
2026-03-28 22:48:20 +0100: Memory Usage (439568K) : Creating base layer with all individual ratios and diode flag
2026-03-28 22:48:20 +0100: Memory Usage (441488K) : Executing rules Ant.b and Ant.e
2026-03-28 22:48:20 +0100: Memory Usage (441488K) : Executing Ant.b_Metal1
2026-03-28 22:48:20 +0100: Memory Usage (440232K) : Executing Ant.e_Metal1
2026-03-28 22:48:20 +0100: Memory Usage (440232K) : Evaluating cumulative ratio after Metal2
2026-03-28 22:48:20 +0100: Memory Usage (440232K) : Executing Ant.b_Metal2
2026-03-28 22:48:20 +0100: Memory Usage (440232K) : Executing Ant.e_Metal2
2026-03-28 22:48:20 +0100: Memory Usage (440232K) : Evaluating cumulative ratio after Metal3
2026-03-28 22:48:20 +0100: Memory Usage (440232K) : Executing Ant.b_Metal3
2026-03-28 22:48:20 +0100: Memory Usage (440232K) : Executing Ant.e_Metal3
2026-03-28 22:48:20 +0100: Memory Usage (440232K) : Evaluating cumulative ratio after Metal4
2026-03-28 22:48:20 +0100: Memory Usage (440232K) : Executing Ant.b_Metal4
2026-03-28 22:48:20 +0100: Memory Usage (440232K) : Executing Ant.e_Metal4
2026-03-28 22:48:20 +0100: Memory Usage (440232K) : Evaluating cumulative ratio after Metal5
2026-03-28 22:48:20 +0100: Memory Usage (440232K) : Executing Ant.b_Metal5
2026-03-28 22:48:20 +0100: Memory Usage (440232K) : Executing Ant.e_Metal5
2026-03-28 22:48:20 +0100: Memory Usage (440232K) : Evaluating cumulative ratio after TopMetal1
2026-03-28 22:48:20 +0100: Memory Usage (440232K) : Executing Ant.b_TopMetal1
2026-03-28 22:48:20 +0100: Memory Usage (440360K) : Executing Ant.e_TopMetal1
2026-03-28 22:48:20 +0100: Memory Usage (440488K) : Evaluating cumulative ratio after TopMetal2
2026-03-28 22:48:20 +0100: Memory Usage (441896K) : Executing Ant.b_TopMetal2
2026-03-28 22:48:20 +0100: Memory Usage (442024K) : Executing Ant.e_TopMetal2
2026-03-28 22:48:20 +0100: Memory Usage (442024K) : Executing rules Ant.d and Ant.f
2026-03-28 22:48:20 +0100: Memory Usage (442024K) : Evaluating cumulative ratio after Via1
2026-03-28 22:48:20 +0100: Memory Usage (443432K) : Executing Ant.d_Via1
2026-03-28 22:48:20 +0100: Memory Usage (443560K) : Executing Ant.f_Via1
2026-03-28 22:48:20 +0100: Memory Usage (443688K) : Evaluating cumulative ratio after Via2
2026-03-28 22:48:20 +0100: Memory Usage (445224K) : Executing Ant.d_Via2
2026-03-28 22:48:20 +0100: Memory Usage (445352K) : Executing Ant.f_Via2
2026-03-28 22:48:20 +0100: Memory Usage (445480K) : Evaluating cumulative ratio after Via3
2026-03-28 22:48:20 +0100: Memory Usage (447016K) : Executing Ant.d_Via3
2026-03-28 22:48:20 +0100: Memory Usage (447144K) : Executing Ant.f_Via3
2026-03-28 22:48:20 +0100: Memory Usage (447272K) : Evaluating cumulative ratio after Via4
2026-03-28 22:48:20 +0100: Memory Usage (448808K) : Executing Ant.d_Via4
2026-03-28 22:48:20 +0100: Memory Usage (448936K) : Executing Ant.f_Via4
2026-03-28 22:48:20 +0100: Memory Usage (449064K) : Evaluating cumulative ratio after TopVia1
2026-03-28 22:48:20 +0100: Memory Usage (450728K) : Executing Ant.d_TopVia1
2026-03-28 22:48:20 +0100: Memory Usage (450856K) : Executing Ant.f_TopVia1
2026-03-28 22:48:20 +0100: Memory Usage (450984K) : Evaluating cumulative ratio after TopVia2
2026-03-28 22:48:20 +0100: Memory Usage (452648K) : Executing Ant.d_TopVia2
2026-03-28 22:48:20 +0100: Memory Usage (452776K) : Executing Ant.f_TopVia2
2026-03-28 22:48:20 +0100: Memory Usage (452904K) : Executing rule Ant.g
2026-03-28 22:48:20 +0100: Memory Usage (453032K) : Executing rule Ant.h
2026-03-28 22:48:20 +0100: Memory Usage (453288K) : Executing rule Ant.i
