# Logfile created on 2026-03-28 22:48:10 +0100 by logger.rb/v1.4.3
2026-03-28 22:48:10 +0100: Memory Usage (429152K) : Starting running IHP-SG13G2 KLayout DRC runset on /home/designer/shared/BASIC/current_generator/digital/DigitalSine/runs/RUN_2026-03-28_21-39-37/final/klayout_gds/DigitalSine.klayout.gds
2026-03-28 22:48:10 +0100: Memory Usage (429152K) : Ruby Version for klayout: 3.0.2
2026-03-28 22:48:10 +0100: Memory Usage (430432K) : Loading database to memory is complete.
2026-03-28 22:48:10 +0100: Memory Usage (430432K) : IHP-SG13G2 KLayout DRC runset output at: /home/designer/shared/BASIC/current_generator/digital/DigitalSine/runs/RUN_2026-03-28_21-39-37/final/klayout_gds/drc_run_DigitalSine/DigitalSine.klayout_DigitalSine_main.lyrdb
2026-03-28 22:48:10 +0100: Memory Usage (430432K) : Evaluate switches.
2026-03-28 22:48:10 +0100: Memory Usage (430432K) : tables selected: main
2026-03-28 22:48:10 +0100: Memory Usage (430432K) : KLayout will use 1 thread(s) in tiling mode.
2026-03-28 22:48:10 +0100: Memory Usage (430432K) : deep mode is enabled.
2026-03-28 22:48:10 +0100: Memory Usage (430432K) : FEOL enabled: true
2026-03-28 22:48:10 +0100: Memory Usage (430432K) : BEOL enabled: true
2026-03-28 22:48:10 +0100: Memory Usage (430432K) : OFFGRID enabled: true
2026-03-28 22:48:10 +0100: Memory Usage (430432K) : ANGLE enabled: true
2026-03-28 22:48:10 +0100: Memory Usage (430432K) : PIN enabled: true
2026-03-28 22:48:10 +0100: Memory Usage (430432K) : FORBIDDEN enabled: true
2026-03-28 22:48:10 +0100: Memory Usage (430432K) : RECOMMENDED enabled: true
2026-03-28 22:48:10 +0100: Memory Usage (430432K) : PreCheck DRC enabled: false
2026-03-28 22:48:10 +0100: Memory Usage (430432K) : CONNECTIVITY_RULES enabled: true.
2026-03-28 22:48:10 +0100: Memory Usage (430432K) : Read in polygons from layers.
2026-03-28 22:48:10 +0100: Memory Usage (431584K) : activ_drw has 1519 polygons
2026-03-28 22:48:10 +0100: Memory Usage (431584K) : activ_pin has 0 polygons
2026-03-28 22:48:10 +0100: Memory Usage (431584K) : activ_mask has 0 polygons
2026-03-28 22:48:10 +0100: Memory Usage (431584K) : activ_filler has 0 polygons
2026-03-28 22:48:10 +0100: Memory Usage (431584K) : activ_nofill has 0 polygons
2026-03-28 22:48:10 +0100: Memory Usage (431584K) : activ_opc has 0 polygons
2026-03-28 22:48:10 +0100: Memory Usage (431584K) : activ_iopc has 0 polygons
2026-03-28 22:48:10 +0100: Memory Usage (431584K) : activ_noqrc has 0 polygons
2026-03-28 22:48:10 +0100: Memory Usage (431584K) : biwind_drw has 0 polygons
2026-03-28 22:48:10 +0100: Memory Usage (431584K) : biwind_opc has 0 polygons
2026-03-28 22:48:10 +0100: Memory Usage (431584K) : pemwind_drw has 0 polygons
2026-03-28 22:48:10 +0100: Memory Usage (431584K) : gatpoly_drw has 1234 polygons
2026-03-28 22:48:10 +0100: Memory Usage (431584K) : gatpoly_pin has 0 polygons
2026-03-28 22:48:10 +0100: Memory Usage (431584K) : gatpoly_filler has 0 polygons
2026-03-28 22:48:10 +0100: Memory Usage (431584K) : gatpoly_nofill has 0 polygons
2026-03-28 22:48:10 +0100: Memory Usage (431584K) : gatpoly_opc has 0 polygons
2026-03-28 22:48:10 +0100: Memory Usage (431584K) : gatpoly_iopc has 0 polygons
2026-03-28 22:48:10 +0100: Memory Usage (431584K) : gatpoly_noqrc has 0 polygons
2026-03-28 22:48:10 +0100: Memory Usage (431712K) : cont_drw has 9840 polygons
2026-03-28 22:48:10 +0100: Memory Usage (431712K) : cont_opc has 0 polygons
2026-03-28 22:48:10 +0100: Memory Usage (431840K) : nsd_drw has 0 polygons
2026-03-28 22:48:10 +0100: Memory Usage (431840K) : nsd_block has 0 polygons
2026-03-28 22:48:10 +0100: Memory Usage (431840K) : metal1_drw has 2950 polygons
2026-03-28 22:48:10 +0100: Memory Usage (431968K) : metal1_pin has 1476 polygons
2026-03-28 22:48:10 +0100: Memory Usage (431968K) : metal1_mask has 0 polygons
2026-03-28 22:48:10 +0100: Memory Usage (431968K) : metal1_filler has 0 polygons
2026-03-28 22:48:10 +0100: Memory Usage (431968K) : metal1_nofill has 0 polygons
2026-03-28 22:48:10 +0100: Memory Usage (432096K) : metal1_slit has 0 polygons
2026-03-28 22:48:10 +0100: Memory Usage (432224K) : metal1_text has 1434 polygons
2026-03-28 22:48:10 +0100: Memory Usage (432224K) : metal1_opc has 0 polygons
2026-03-28 22:48:10 +0100: Memory Usage (432352K) : metal1_noqrc has 0 polygons
2026-03-28 22:48:10 +0100: Memory Usage (432352K) : metal1_res has 0 polygons
2026-03-28 22:48:10 +0100: Memory Usage (432352K) : metal1_iprobe has 0 polygons
2026-03-28 22:48:10 +0100: Memory Usage (432352K) : metal1_diffprb has 0 polygons
2026-03-28 22:48:10 +0100: Memory Usage (432480K) : passiv_drw has 0 polygons
2026-03-28 22:48:10 +0100: Memory Usage (432480K) : passiv_pin has 0 polygons
2026-03-28 22:48:10 +0100: Memory Usage (432608K) : passiv_sbump has 0 polygons
2026-03-28 22:48:10 +0100: Memory Usage (432608K) : passiv_pillar has 0 polygons
2026-03-28 22:48:10 +0100: Memory Usage (432736K) : passiv_pdl has 0 polygons
2026-03-28 22:48:10 +0100: Memory Usage (432736K) : metal2_drw has 2533 polygons
2026-03-28 22:48:10 +0100: Memory Usage (432864K) : metal2_pin has 2 polygons
2026-03-28 22:48:10 +0100: Memory Usage (432864K) : metal2_mask has 0 polygons
2026-03-28 22:48:10 +0100: Memory Usage (432864K) : metal2_filler has 0 polygons
2026-03-28 22:48:10 +0100: Memory Usage (432992K) : metal2_nofill has 0 polygons
2026-03-28 22:48:10 +0100: Memory Usage (432992K) : metal2_slit has 0 polygons
2026-03-28 22:48:10 +0100: Memory Usage (433120K) : metal2_text has 2 polygons
2026-03-28 22:48:10 +0100: Memory Usage (433120K) : metal2_opc has 0 polygons
2026-03-28 22:48:10 +0100: Memory Usage (433120K) : metal2_noqrc has 0 polygons
2026-03-28 22:48:10 +0100: Memory Usage (433248K) : metal2_res has 0 polygons
2026-03-28 22:48:10 +0100: Memory Usage (433248K) : metal2_iprobe has 0 polygons
2026-03-28 22:48:10 +0100: Memory Usage (433248K) : metal2_diffprb has 0 polygons
2026-03-28 22:48:10 +0100: Memory Usage (433376K) : baspoly_drw has 0 polygons
2026-03-28 22:48:10 +0100: Memory Usage (433376K) : baspoly_pin has 0 polygons
2026-03-28 22:48:10 +0100: Memory Usage (433504K) : psd_drw has 748 polygons
2026-03-28 22:48:10 +0100: Memory Usage (433504K) : nldb_drw has 0 polygons
2026-03-28 22:48:10 +0100: Memory Usage (433504K) : digibnd_drw has 0 polygons
2026-03-28 22:48:10 +0100: Memory Usage (433632K) : via1_drw has 778 polygons
2026-03-28 22:48:10 +0100: Memory Usage (433632K) : backmetal1_drw has 0 polygons
2026-03-28 22:48:10 +0100: Memory Usage (433760K) : backmetal1_pin has 0 polygons
2026-03-28 22:48:10 +0100: Memory Usage (433760K) : backmetal1_mask has 0 polygons
2026-03-28 22:48:10 +0100: Memory Usage (433888K) : backmetal1_filler has 0 polygons
2026-03-28 22:48:10 +0100: Memory Usage (433888K) : backmetal1_nofill has 0 polygons
2026-03-28 22:48:10 +0100: Memory Usage (433888K) : backmetal1_slit has 0 polygons
2026-03-28 22:48:10 +0100: Memory Usage (434016K) : backmetal1_text has 0 polygons
2026-03-28 22:48:10 +0100: Memory Usage (434016K) : backmetal1_opc has 0 polygons
2026-03-28 22:48:10 +0100: Memory Usage (434144K) : backmetal1_noqrc has 0 polygons
2026-03-28 22:48:10 +0100: Memory Usage (434144K) : backmetal1_res has 0 polygons
2026-03-28 22:48:10 +0100: Memory Usage (434144K) : backmetal1_iprobe has 0 polygons
2026-03-28 22:48:10 +0100: Memory Usage (434272K) : backmetal1_diffprb has 0 polygons
2026-03-28 22:48:10 +0100: Memory Usage (434272K) : backpassiv_drw has 0 polygons
2026-03-28 22:48:10 +0100: Memory Usage (434400K) : res_drw has 0 polygons
2026-03-28 22:48:10 +0100: Memory Usage (434400K) : sram_drw has 0 polygons
2026-03-28 22:48:10 +0100: Memory Usage (434400K) : trans_drw has 0 polygons
2026-03-28 22:48:10 +0100: Memory Usage (434400K) : ind_drw has 0 polygons
2026-03-28 22:48:10 +0100: Memory Usage (434528K) : ind_pin has 0 polygons
2026-03-28 22:48:10 +0100: Memory Usage (434528K) : ind_text has 0 polygons
2026-03-28 22:48:10 +0100: Memory Usage (434528K) : salblock_drw has 0 polygons
2026-03-28 22:48:10 +0100: Memory Usage (434656K) : via2_drw has 723 polygons
2026-03-28 22:48:10 +0100: Memory Usage (434656K) : metal3_drw has 1268 polygons
2026-03-28 22:48:10 +0100: Memory Usage (434784K) : metal3_pin has 20 polygons
2026-03-28 22:48:10 +0100: Memory Usage (434784K) : metal3_mask has 0 polygons
2026-03-28 22:48:10 +0100: Memory Usage (434912K) : metal3_filler has 0 polygons
2026-03-28 22:48:10 +0100: Memory Usage (434912K) : metal3_nofill has 0 polygons
2026-03-28 22:48:10 +0100: Memory Usage (434912K) : metal3_slit has 0 polygons
2026-03-28 22:48:10 +0100: Memory Usage (435040K) : metal3_text has 20 polygons
2026-03-28 22:48:10 +0100: Memory Usage (435040K) : metal3_opc has 0 polygons
2026-03-28 22:48:10 +0100: Memory Usage (435168K) : metal3_noqrc has 0 polygons
2026-03-28 22:48:10 +0100: Memory Usage (435168K) : metal3_res has 0 polygons
2026-03-28 22:48:10 +0100: Memory Usage (435168K) : metal3_iprobe has 0 polygons
2026-03-28 22:48:10 +0100: Memory Usage (435296K) : metal3_diffprb has 0 polygons
2026-03-28 22:48:10 +0100: Memory Usage (435296K) : nwell_drw has 370 polygons
2026-03-28 22:48:10 +0100: Memory Usage (435424K) : nwell_pin has 0 polygons
2026-03-28 22:48:10 +0100: Memory Usage (435424K) : nbulay_drw has 0 polygons
2026-03-28 22:48:10 +0100: Memory Usage (435424K) : nbulay_pin has 0 polygons
2026-03-28 22:48:10 +0100: Memory Usage (435552K) : nbulay_block has 0 polygons
2026-03-28 22:48:10 +0100: Memory Usage (435552K) : emwind_drw has 0 polygons
2026-03-28 22:48:10 +0100: Memory Usage (435552K) : emwind_opc has 0 polygons
2026-03-28 22:48:10 +0100: Memory Usage (435552K) : deepco_drw has 0 polygons
2026-03-28 22:48:10 +0100: Memory Usage (435680K) : deepco_drw has 0 polygons
2026-03-28 22:48:10 +0100: Memory Usage (435680K) : mim_drw has 0 polygons
2026-03-28 22:48:10 +0100: Memory Usage (435808K) : edgeseal_drw has 0 polygons
2026-03-28 22:48:10 +0100: Memory Usage (435808K) : edgeseal_bound has 0 polygons
2026-03-28 22:48:10 +0100: Memory Usage (435936K) : substrate_drw has 0 polygons
2026-03-28 22:48:10 +0100: Memory Usage (435936K) : substrate_text has 0 polygons
2026-03-28 22:48:10 +0100: Memory Usage (435936K) : dfpad_drw has 0 polygons
2026-03-28 22:48:10 +0100: Memory Usage (436064K) : dfpad_pillar has 0 polygons
2026-03-28 22:48:10 +0100: Memory Usage (436064K) : dfpad_sbump has 0 polygons
2026-03-28 22:48:10 +0100: Memory Usage (436192K) : thickgateox_drw has 0 polygons
2026-03-28 22:48:10 +0100: Memory Usage (436192K) : pldb_drw has 0 polygons
2026-03-28 22:48:10 +0100: Memory Usage (436192K) : pwell_drw has 0 polygons
2026-03-28 22:48:10 +0100: Memory Usage (436320K) : pwell_pin has 0 polygons
2026-03-28 22:48:10 +0100: Memory Usage (436320K) : pwell_block has 0 polygons
2026-03-28 22:48:10 +0100: Memory Usage (436448K) : ic_drw has 0 polygons
2026-03-28 22:48:10 +0100: Memory Usage (436448K) : via3_drw has 165 polygons
2026-03-28 22:48:10 +0100: Memory Usage (436448K) : metal4_drw has 187 polygons
2026-03-28 22:48:10 +0100: Memory Usage (436576K) : metal4_pin has 6 polygons
2026-03-28 22:48:10 +0100: Memory Usage (436576K) : metal4_mask has 0 polygons
2026-03-28 22:48:10 +0100: Memory Usage (436704K) : metal4_filler has 0 polygons
2026-03-28 22:48:10 +0100: Memory Usage (436704K) : metal4_nofill has 0 polygons
2026-03-28 22:48:10 +0100: Memory Usage (436704K) : metal4_slit has 0 polygons
2026-03-28 22:48:10 +0100: Memory Usage (436704K) : metal4_text has 2 polygons
2026-03-28 22:48:10 +0100: Memory Usage (436832K) : metal4_opc has 0 polygons
2026-03-28 22:48:10 +0100: Memory Usage (436832K) : metal4_noqrc has 0 polygons
2026-03-28 22:48:10 +0100: Memory Usage (436960K) : metal4_res has 0 polygons
2026-03-28 22:48:10 +0100: Memory Usage (436960K) : metal4_iprobe has 0 polygons
2026-03-28 22:48:10 +0100: Memory Usage (436960K) : metal4_diffprb has 0 polygons
2026-03-28 22:48:10 +0100: Memory Usage (437088K) : heattrans_drw has 0 polygons
2026-03-28 22:48:10 +0100: Memory Usage (437088K) : heatres_drw has 0 polygons
2026-03-28 22:48:10 +0100: Memory Usage (437216K) : pempoly_drw has 0 polygons
2026-03-28 22:48:10 +0100: Memory Usage (437216K) : fbe_drw has 0 polygons
2026-03-28 22:48:10 +0100: Memory Usage (437344K) : empoly_drw has 0 polygons
2026-03-28 22:48:10 +0100: Memory Usage (437344K) : ldmos_drw has 0 polygons
2026-03-28 22:48:10 +0100: Memory Usage (437344K) : pbiwind_drw has 0 polygons
2026-03-28 22:48:10 +0100: Memory Usage (437472K) : digisub_drw has 0 polygons
2026-03-28 22:48:10 +0100: Memory Usage (437472K) : nodrc_drw has 0 polygons
2026-03-28 22:48:10 +0100: Memory Usage (437600K) : text_drw has 0 polygons
2026-03-28 22:48:10 +0100: Memory Usage (437600K) : via4_drw has 514 polygons
2026-03-28 22:48:10 +0100: Memory Usage (437600K) : metal5_drw has 33 polygons
2026-03-28 22:48:10 +0100: Memory Usage (437728K) : metal5_pin has 6 polygons
2026-03-28 22:48:10 +0100: Memory Usage (437728K) : metal5_mask has 0 polygons
2026-03-28 22:48:10 +0100: Memory Usage (437856K) : metal5_filler has 0 polygons
2026-03-28 22:48:10 +0100: Memory Usage (437856K) : metal5_nofill has 0 polygons
2026-03-28 22:48:10 +0100: Memory Usage (437856K) : metal5_slit has 0 polygons
2026-03-28 22:48:10 +0100: Memory Usage (437984K) : metal5_text has 2 polygons
2026-03-28 22:48:10 +0100: Memory Usage (437984K) : metal5_opc has 0 polygons
2026-03-28 22:48:10 +0100: Memory Usage (437984K) : metal5_noqrc has 0 polygons
2026-03-28 22:48:10 +0100: Memory Usage (437984K) : metal5_res has 0 polygons
2026-03-28 22:48:10 +0100: Memory Usage (438112K) : metal5_iprobe has 0 polygons
2026-03-28 22:48:10 +0100: Memory Usage (438112K) : metal5_diffprb has 0 polygons
2026-03-28 22:48:10 +0100: Memory Usage (438112K) : radhard_drw has 0 polygons
2026-03-28 22:48:10 +0100: Memory Usage (438240K) : memcap_drw has 0 polygons
2026-03-28 22:48:10 +0100: Memory Usage (438240K) : varicap_drw has 0 polygons
2026-03-28 22:48:10 +0100: Memory Usage (438368K) : flash_drw has 0 polygons
2026-03-28 22:48:10 +0100: Memory Usage (438368K) : intbondvia_drw has 0 polygons
2026-03-28 22:48:11 +0100: Memory Usage (438496K) : intbondmet_drw has 0 polygons
2026-03-28 22:48:11 +0100: Memory Usage (438496K) : devbondvia_drw has 0 polygons
2026-03-28 22:48:11 +0100: Memory Usage (438496K) : devbondmet_drw has 0 polygons
2026-03-28 22:48:11 +0100: Memory Usage (438624K) : devtrench_drw has 0 polygons
2026-03-28 22:48:11 +0100: Memory Usage (438624K) : redist_drw has 0 polygons
2026-03-28 22:48:11 +0100: Memory Usage (438752K) : graphbot_drw has 0 polygons
2026-03-28 22:48:11 +0100: Memory Usage (438752K) : graphtop_drw has 0 polygons
2026-03-28 22:48:11 +0100: Memory Usage (438752K) : antvia1_drw has 0 polygons
2026-03-28 22:48:11 +0100: Memory Usage (438880K) : antmetal2_drw has 0 polygons
2026-03-28 22:48:11 +0100: Memory Usage (438880K) : graphcont_drw has 0 polygons
2026-03-28 22:48:11 +0100: Memory Usage (439008K) : siwg_drw has 0 polygons
2026-03-28 22:48:11 +0100: Memory Usage (439008K) : siwg_filler has 0 polygons
2026-03-28 22:48:11 +0100: Memory Usage (439008K) : siwg_nofill has 0 polygons
2026-03-28 22:48:11 +0100: Memory Usage (439136K) : sigrating_drw has 0 polygons
2026-03-28 22:48:11 +0100: Memory Usage (439136K) : singrating_drw has 0 polygons
2026-03-28 22:48:11 +0100: Memory Usage (439264K) : graphpas_drw has 0 polygons
2026-03-28 22:48:11 +0100: Memory Usage (439264K) : emwind3_drw has 0 polygons
2026-03-28 22:48:11 +0100: Memory Usage (439392K) : emwihv3_drw has 0 polygons
2026-03-28 22:48:11 +0100: Memory Usage (439392K) : redbulay_drw has 0 polygons
2026-03-28 22:48:11 +0100: Memory Usage (439392K) : smos_drw has 0 polygons
2026-03-28 22:48:11 +0100: Memory Usage (439520K) : graphpad_drw has 0 polygons
2026-03-28 22:48:11 +0100: Memory Usage (439520K) : polimide_drw has 0 polygons
2026-03-28 22:48:11 +0100: Memory Usage (439648K) : polimide_pin has 0 polygons
2026-03-28 22:48:11 +0100: Memory Usage (439648K) : recog_drw has 0 polygons
2026-03-28 22:48:11 +0100: Memory Usage (439648K) : recog_pin has 0 polygons
2026-03-28 22:48:11 +0100: Memory Usage (439776K) : recog_esd has 0 polygons
2026-03-28 22:48:11 +0100: Memory Usage (439776K) : recog_diode has 0 polygons
2026-03-28 22:48:11 +0100: Memory Usage (439904K) : recog_tsv has 0 polygons
2026-03-28 22:48:11 +0100: Memory Usage (439904K) : recog_iprobe has 0 polygons
2026-03-28 22:48:11 +0100: Memory Usage (440032K) : recog_diffprb has 0 polygons
2026-03-28 22:48:11 +0100: Memory Usage (440032K) : recog_pillar has 0 polygons
2026-03-28 22:48:11 +0100: Memory Usage (440032K) : recog_sbump has 0 polygons
2026-03-28 22:48:11 +0100: Memory Usage (440160K) : recog_otp has 0 polygons
2026-03-28 22:48:11 +0100: Memory Usage (440160K) : recog_pdiode has 0 polygons
2026-03-28 22:48:11 +0100: Memory Usage (440288K) : recog_mom has 0 polygons
2026-03-28 22:48:11 +0100: Memory Usage (440288K) : recog_pcm has 0 polygons
2026-03-28 22:48:11 +0100: Memory Usage (440288K) : colopen_drw has 0 polygons
2026-03-28 22:48:11 +0100: Memory Usage (440416K) : graphmetal1_drw has 0 polygons
2026-03-28 22:48:11 +0100: Memory Usage (440416K) : graphmetal1_filler has 0 polygons
2026-03-28 22:48:11 +0100: Memory Usage (440544K) : graphmetal1_nofill has 0 polygons
2026-03-28 22:48:11 +0100: Memory Usage (440544K) : graphmetal1_slit has 0 polygons
2026-03-28 22:48:11 +0100: Memory Usage (440672K) : graphmetal1_opc has 0 polygons
2026-03-28 22:48:11 +0100: Memory Usage (440672K) : graphmet1l_drw has 0 polygons
2026-03-28 22:48:11 +0100: Memory Usage (440672K) : graphmet1l_filler has 0 polygons
2026-03-28 22:48:11 +0100: Memory Usage (440800K) : graphmet1l_nofill has 0 polygons
2026-03-28 22:48:11 +0100: Memory Usage (440800K) : graphmet1l_slit has 0 polygons
2026-03-28 22:48:11 +0100: Memory Usage (440928K) : graphmet1l_opc has 0 polygons
2026-03-28 22:48:11 +0100: Memory Usage (440928K) : extblock_drw has 0 polygons
2026-03-28 22:48:11 +0100: Memory Usage (440928K) : nldd_drw has 0 polygons
2026-03-28 22:48:11 +0100: Memory Usage (441056K) : pldd_drw has 0 polygons
2026-03-28 22:48:11 +0100: Memory Usage (441056K) : next_drw has 0 polygons
2026-03-28 22:48:11 +0100: Memory Usage (441184K) : pext_drw has 0 polygons
2026-03-28 22:48:11 +0100: Memory Usage (441184K) : nexthv_drw has 0 polygons
2026-03-28 22:48:11 +0100: Memory Usage (441184K) : pexthv_drw has 0 polygons
2026-03-28 22:48:11 +0100: Memory Usage (441312K) : graphgate_drw has 0 polygons
2026-03-28 22:48:11 +0100: Memory Usage (441312K) : sinwg_drw has 0 polygons
2026-03-28 22:48:11 +0100: Memory Usage (441440K) : sinwg_filler has 0 polygons
2026-03-28 22:48:11 +0100: Memory Usage (441440K) : sinwg_nofill has 0 polygons
2026-03-28 22:48:11 +0100: Memory Usage (441440K) : mempad_drw has 0 polygons
2026-03-28 22:48:11 +0100: Memory Usage (441568K) : topvia1_drw has 0 polygons
2026-03-28 22:48:11 +0100: Memory Usage (441568K) : topmetal1_drw has 0 polygons
2026-03-28 22:48:11 +0100: Memory Usage (441696K) : topmetal1_pin has 0 polygons
2026-03-28 22:48:11 +0100: Memory Usage (441696K) : topmetal1_mask has 0 polygons
2026-03-28 22:48:11 +0100: Memory Usage (441696K) : topmetal1_filler has 0 polygons
2026-03-28 22:48:11 +0100: Memory Usage (441824K) : topmetal1_nofill has 0 polygons
2026-03-28 22:48:11 +0100: Memory Usage (441824K) : topmetal1_slit has 0 polygons
2026-03-28 22:48:11 +0100: Memory Usage (441952K) : topmetal1_text has 0 polygons
2026-03-28 22:48:11 +0100: Memory Usage (441952K) : topmetal1_noqrc has 0 polygons
2026-03-28 22:48:11 +0100: Memory Usage (442080K) : topmetal1_res has 0 polygons
2026-03-28 22:48:11 +0100: Memory Usage (442080K) : topmetal1_iprobe has 0 polygons
2026-03-28 22:48:11 +0100: Memory Usage (442080K) : topmetal1_diffprb has 0 polygons
2026-03-28 22:48:11 +0100: Memory Usage (442208K) : inldpwl_drw has 0 polygons
2026-03-28 22:48:11 +0100: Memory Usage (442208K) : polyres_drw has 0 polygons
2026-03-28 22:48:11 +0100: Memory Usage (442336K) : polyres_pin has 0 polygons
2026-03-28 22:48:11 +0100: Memory Usage (442336K) : vmim_drw has 0 polygons
2026-03-28 22:48:11 +0100: Memory Usage (442336K) : nbulaycut_drw has 0 polygons
2026-03-28 22:48:11 +0100: Memory Usage (442464K) : antmetal1_drw has 0 polygons
2026-03-28 22:48:11 +0100: Memory Usage (442464K) : topvia2_drw has 0 polygons
2026-03-28 22:48:11 +0100: Memory Usage (442592K) : topmetal2_drw has 0 polygons
2026-03-28 22:48:11 +0100: Memory Usage (442592K) : topmetal2_pin has 0 polygons
2026-03-28 22:48:11 +0100: Memory Usage (442592K) : topmetal2_mask has 0 polygons
2026-03-28 22:48:11 +0100: Memory Usage (442592K) : topmetal2_filler has 0 polygons
2026-03-28 22:48:11 +0100: Memory Usage (442720K) : topmetal2_nofill has 0 polygons
2026-03-28 22:48:11 +0100: Memory Usage (442720K) : topmetal2_slit has 0 polygons
2026-03-28 22:48:11 +0100: Memory Usage (442720K) : topmetal2_text has 0 polygons
2026-03-28 22:48:11 +0100: Memory Usage (442720K) : topmetal2_noqrc has 0 polygons
2026-03-28 22:48:11 +0100: Memory Usage (442720K) : topmetal2_res has 0 polygons
2026-03-28 22:48:11 +0100: Memory Usage (442720K) : topmetal2_iprobe has 0 polygons
2026-03-28 22:48:11 +0100: Memory Usage (442720K) : topmetal2_diffprb has 0 polygons
2026-03-28 22:48:11 +0100: Memory Usage (442848K) : snsring_drw has 0 polygons
2026-03-28 22:48:11 +0100: Memory Usage (442848K) : sensor_drw has 0 polygons
2026-03-28 22:48:11 +0100: Memory Usage (442976K) : snsarms_drw has 0 polygons
2026-03-28 22:48:11 +0100: Memory Usage (442976K) : snscmosvia_drw has 0 polygons
2026-03-28 22:48:11 +0100: Memory Usage (442976K) : colwind_drw has 0 polygons
2026-03-28 22:48:11 +0100: Memory Usage (443104K) : flm_drw has 0 polygons
2026-03-28 22:48:11 +0100: Memory Usage (443104K) : hafniumox_drw has 0 polygons
2026-03-28 22:48:11 +0100: Memory Usage (443232K) : memvia_drw has 0 polygons
2026-03-28 22:48:11 +0100: Memory Usage (443232K) : thinfilmres_drw has 0 polygons
2026-03-28 22:48:11 +0100: Memory Usage (443232K) : rfmem_drw has 0 polygons
2026-03-28 22:48:11 +0100: Memory Usage (443360K) : norcx_drw has 0 polygons
2026-03-28 22:48:11 +0100: Memory Usage (443360K) : norcx_m2m3 has 0 polygons
2026-03-28 22:48:11 +0100: Memory Usage (443488K) : norcx_m2m4 has 0 polygons
2026-03-28 22:48:11 +0100: Memory Usage (443488K) : norcx_m2m5 has 0 polygons
2026-03-28 22:48:11 +0100: Memory Usage (443616K) : norcx_m2tm1 has 0 polygons
2026-03-28 22:48:11 +0100: Memory Usage (443616K) : norcx_m2tm2 has 0 polygons
2026-03-28 22:48:11 +0100: Memory Usage (443616K) : norcx_m3m4 has 0 polygons
2026-03-28 22:48:11 +0100: Memory Usage (443744K) : norcx_m3m5 has 0 polygons
2026-03-28 22:48:11 +0100: Memory Usage (443744K) : norcx_m3tm1 has 0 polygons
2026-03-28 22:48:11 +0100: Memory Usage (443744K) : norcx_m3tm2 has 0 polygons
2026-03-28 22:48:11 +0100: Memory Usage (443872K) : norcx_m4m5 has 0 polygons
2026-03-28 22:48:11 +0100: Memory Usage (443872K) : norcx_m4tm1 has 0 polygons
2026-03-28 22:48:11 +0100: Memory Usage (444000K) : norcx_m4tm2 has 0 polygons
2026-03-28 22:48:11 +0100: Memory Usage (444000K) : norcx_m5tm1 has 0 polygons
2026-03-28 22:48:11 +0100: Memory Usage (444000K) : norcx_m5tm2 has 0 polygons
2026-03-28 22:48:11 +0100: Memory Usage (444128K) : norcx_tm1tm2 has 0 polygons
2026-03-28 22:48:11 +0100: Memory Usage (444128K) : norcx_m1sub has 0 polygons
2026-03-28 22:48:11 +0100: Memory Usage (444256K) : norcx_m2sub has 0 polygons
2026-03-28 22:48:11 +0100: Memory Usage (444256K) : norcx_m3sub has 0 polygons
2026-03-28 22:48:11 +0100: Memory Usage (444256K) : norcx_m4sub has 0 polygons
2026-03-28 22:48:11 +0100: Memory Usage (444384K) : norcx_m5sub has 0 polygons
2026-03-28 22:48:11 +0100: Memory Usage (444384K) : norcx_tm1sub has 0 polygons
2026-03-28 22:48:11 +0100: Memory Usage (444512K) : norcx_tm2sub has 0 polygons
2026-03-28 22:48:11 +0100: Memory Usage (444512K) : snsbotvia_drw has 0 polygons
2026-03-28 22:48:11 +0100: Memory Usage (444640K) : snstopvia_drw has 0 polygons
2026-03-28 22:48:11 +0100: Memory Usage (444640K) : deepvia_drw has 0 polygons
2026-03-28 22:48:11 +0100: Memory Usage (444640K) : fgetch_drw has 0 polygons
2026-03-28 22:48:11 +0100: Memory Usage (444768K) : ctrgat_drw has 0 polygons
2026-03-28 22:48:11 +0100: Memory Usage (444768K) : fgimp_drw has 0 polygons
2026-03-28 22:48:11 +0100: Memory Usage (444768K) : emwihv_drw has 0 polygons
2026-03-28 22:48:11 +0100: Memory Usage (444768K) : lbe_drw has 0 polygons
2026-03-28 22:48:11 +0100: Memory Usage (444768K) : alcustop_drw has 0 polygons
2026-03-28 22:48:11 +0100: Memory Usage (444768K) : nometfiller_drw has 0 polygons
2026-03-28 22:48:11 +0100: Memory Usage (444768K) : prboundary_drw has 0 polygons
2026-03-28 22:48:11 +0100: Memory Usage (444768K) : exchange0_drw has 0 polygons
2026-03-28 22:48:11 +0100: Memory Usage (444768K) : exchange0_pin has 0 polygons
2026-03-28 22:48:11 +0100: Memory Usage (444768K) : exchange0_text has 0 polygons
2026-03-28 22:48:11 +0100: Memory Usage (444768K) : exchange1_drw has 0 polygons
2026-03-28 22:48:11 +0100: Memory Usage (444768K) : exchange1_pin has 0 polygons
2026-03-28 22:48:11 +0100: Memory Usage (444768K) : exchange1_text has 0 polygons
2026-03-28 22:48:11 +0100: Memory Usage (444768K) : exchange2_drw has 0 polygons
2026-03-28 22:48:11 +0100: Memory Usage (444768K) : exchange2_pin has 0 polygons
2026-03-28 22:48:11 +0100: Memory Usage (444768K) : exchange2_text has 0 polygons
2026-03-28 22:48:11 +0100: Memory Usage (444768K) : exchange3_drw has 0 polygons
2026-03-28 22:48:11 +0100: Memory Usage (444768K) : exchange3_pin has 0 polygons
2026-03-28 22:48:11 +0100: Memory Usage (444768K) : exchange3_text has 0 polygons
2026-03-28 22:48:11 +0100: Memory Usage (444768K) : exchange4_drw has 0 polygons
2026-03-28 22:48:11 +0100: Memory Usage (444768K) : exchange4_pin has 0 polygons
2026-03-28 22:48:11 +0100: Memory Usage (444768K) : exchange4_text has 0 polygons
2026-03-28 22:48:11 +0100: Memory Usage (444768K) : isonwell_drw has 0 polygons
2026-03-28 22:48:11 +0100: Memory Usage (444768K) : Total no. of polygons in the design is 25832
2026-03-28 22:48:11 +0100: Memory Usage (444768K) : Loaded TECH DRC rules values from /opt/pdks/ihp-sg13g2/libs.tech/klayout/python/sg13g2_pycell_lib/sg13g2_tech_mod.json
2026-03-28 22:48:11 +0100: Memory Usage (444768K) : Loaded default DRC rules values from /opt/pdks/ihp-sg13g2/libs.tech/klayout/tech/drc/rule_decks/sg13g2_tech_default.json
2026-03-28 22:48:11 +0100: Memory Usage (444768K) : The following rules values were missing in tech json and default values were used:
2026-03-28 22:48:11 +0100: Memory Usage (444768K) :   - NW_f1_digibnd
2026-03-28 22:48:11 +0100: Memory Usage (444768K) :   - Cnt_c_digibnd
2026-03-28 22:48:11 +0100: Memory Usage (444768K) :   - Cnt_c_sram
2026-03-28 22:48:11 +0100: Memory Usage (444768K) :   - Sdiod_b
2026-03-28 22:48:11 +0100: Memory Usage (444768K) :   - Sdiod_c
2026-03-28 22:48:11 +0100: Memory Usage (445536K) : Total area of the design is 7700.478 um^2.
2026-03-28 22:48:11 +0100: Memory Usage (445536K) : The design dimensions are 87.6 µm * 87.905 µm.
2026-03-28 22:48:11 +0100: Memory Usage (445536K) : Starting general IHP-SG13G2 derivations.
2026-03-28 22:48:11 +0100: Memory Usage (445536K) : Starting Pwell derivations
2026-03-28 22:48:11 +0100: Memory Usage (447584K) : Starting n-Activ derivations
2026-03-28 22:48:11 +0100: Memory Usage (448352K) : Starting p-Activ derivations
2026-03-28 22:48:11 +0100: Memory Usage (448352K) : Starting ptap derivations
2026-03-28 22:48:11 +0100: Memory Usage (448480K) : Starting ntap derivations
2026-03-28 22:48:11 +0100: Memory Usage (448480K) : Starting pact FET derivations
2026-03-28 22:48:11 +0100: Memory Usage (448480K) : Starting nact FET derivations
2026-03-28 22:48:11 +0100: Memory Usage (448480K) : Starting Gate derivations
2026-03-28 22:48:11 +0100: Memory Usage (448480K) : Starting cont/contbar general derivations
2026-03-28 22:48:11 +0100: Memory Usage (448480K) : Starting pad general derivations
2026-03-28 22:48:11 +0100: Memory Usage (448480K) : Starting schottky_nbl general derivations
2026-03-28 22:48:11 +0100: Memory Usage (448480K) : Starting SVaricap general derivations
2026-03-28 22:48:11 +0100: Memory Usage (448480K) : Starting HBT general derivations
2026-03-28 22:48:11 +0100: Memory Usage (448480K) : Starting IHP-SG13G2 DRC connectivity related derivations.
2026-03-28 22:48:11 +0100: Memory Usage (448480K) : Starting IHP-SG13G2 DRC connectivity setup
2026-03-28 22:48:11 +0100: Memory Usage (448736K) : Starting IHP-SG13G2 DRC rules.
2026-03-28 22:48:11 +0100: Memory Usage (448736K) : Running all FEOL rules
2026-03-28 22:48:11 +0100: Memory Usage (448736K) : Running all BEOL rules
2026-03-28 22:48:11 +0100: Memory Usage (448736K) : Running all PIN rules
2026-03-28 22:48:11 +0100: Memory Usage (448736K) : Running all FORBIDDEN rules
2026-03-28 22:48:11 +0100: Memory Usage (448736K) : Starting 5.1 NWell table
2026-03-28 22:48:11 +0100: Memory Usage (448736K) : Executing rule NW.b
2026-03-28 22:48:11 +0100: Memory Usage (449376K) : Executing rule NW.b1
2026-03-28 22:48:11 +0100: Memory Usage (449376K) : Executing rule NW.f1
2026-03-28 22:48:11 +0100: Memory Usage (449376K) : Executing rule NW.f1.digibnd
2026-03-28 22:48:11 +0100: Memory Usage (449376K) : Starting 5.2 PWell:block
2026-03-28 22:48:11 +0100: Memory Usage (449376K) : Executing rule PWB.e
2026-03-28 22:48:11 +0100: Memory Usage (449376K) : Executing rule PWB.e1
2026-03-28 22:48:11 +0100: Memory Usage (449376K) : Executing rule PWB.f
2026-03-28 22:48:11 +0100: Memory Usage (449376K) : Executing rule PWB.f1
2026-03-28 22:48:11 +0100: Memory Usage (449376K) : Starting 5.3 nBuLay table
2026-03-28 22:48:11 +0100: Memory Usage (449376K) : Executing rule NBL.b
2026-03-28 22:48:11 +0100: Memory Usage (449376K) : Executing rule NBL.c
2026-03-28 22:48:11 +0100: Memory Usage (449376K) : Executing rule NBL.d
2026-03-28 22:48:11 +0100: Memory Usage (449376K) : Executing rule NBL.e
2026-03-28 22:48:11 +0100: Memory Usage (449376K) : Executing rule NBL.f
2026-03-28 22:48:11 +0100: Memory Usage (449376K) : Starting 5.5. Activ table
2026-03-28 22:48:11 +0100: Memory Usage (449376K) : Executing rule Act.a
2026-03-28 22:48:11 +0100: Memory Usage (449376K) : Executing rule Act.b
2026-03-28 22:48:11 +0100: Memory Usage (449504K) : Starting 5.6 Activ:filler table
2026-03-28 22:48:11 +0100: Memory Usage (449504K) : Executing rule AFil.c1
2026-03-28 22:48:11 +0100: Memory Usage (449504K) : Executing rule AFil.c
2026-03-28 22:48:11 +0100: Memory Usage (449504K) : Executing rule AFil.d
2026-03-28 22:48:11 +0100: Memory Usage (449504K) : Executing rule AFil.e
2026-03-28 22:48:11 +0100: Memory Usage (449504K) : Executing rule AFil.j
2026-03-28 22:48:11 +0100: Memory Usage (449504K) : Starting 5.7. ThickGateOx table
2026-03-28 22:48:11 +0100: Memory Usage (449504K) : Executing rule TGO.f
2026-03-28 22:48:11 +0100: Memory Usage (449504K) : Starting 5.8. GatPoly table
2026-03-28 22:48:11 +0100: Memory Usage (449504K) : Executing rule Gat.a
2026-03-28 22:48:11 +0100: Memory Usage (449504K) : Executing rule Gat.b
2026-03-28 22:48:11 +0100: Memory Usage (449504K) : Executing rule Gat.d
2026-03-28 22:48:11 +0100: Memory Usage (449504K) : Executing rule Gat.a1
2026-03-28 22:48:11 +0100: Memory Usage (449888K) : Executing rule Gat.a2
2026-03-28 22:48:11 +0100: Memory Usage (449888K) : Executing rule Gat.g
2026-03-28 22:48:11 +0100: Memory Usage (449888K) : Starting 5.9 GatPoly:filler
2026-03-28 22:48:11 +0100: Memory Usage (449888K) : Executing rule GFil.d
2026-03-28 22:48:11 +0100: Memory Usage (449888K) : Executing rule GFil.e
2026-03-28 22:48:11 +0100: Memory Usage (449888K) : Executing rule GFil.i
2026-03-28 22:48:11 +0100: Memory Usage (449888K) : Starting 5.10 pSD table
2026-03-28 22:48:11 +0100: Memory Usage (449888K) : Executing rule pSD.c1
2026-03-28 22:48:11 +0100: Memory Usage (450144K) : Starting 5.14. Cont table
2026-03-28 22:48:11 +0100: Memory Usage (450144K) : Executing rule Cnt.a
2026-03-28 22:48:11 +0100: Memory Usage (450144K) : Executing rule Cnt.b
2026-03-28 22:48:12 +0100: Memory Usage (450144K) : Executing rule Cnt.c
2026-03-28 22:48:12 +0100: Memory Usage (450144K) : Executing rule Cnt.c.digibnd
2026-03-28 22:48:12 +0100: Memory Usage (450144K) : Executing rule Cnt.c.SRAM
2026-03-28 22:48:12 +0100: Memory Usage (450144K) : Executing rule Cnt.d
2026-03-28 22:48:12 +0100: Memory Usage (450144K) : Executing rule Cnt.e
2026-03-28 22:48:12 +0100: Memory Usage (450144K) : Executing rule Cnt.g1
2026-03-28 22:48:12 +0100: Memory Usage (450144K) : Executing rule Cnt.g2
2026-03-28 22:48:12 +0100: Memory Usage (450144K) : Starting 5.15. ContBar table
2026-03-28 22:48:12 +0100: Memory Usage (450144K) : Executing rule CntB.b1
2026-03-28 22:48:12 +0100: Memory Usage (450144K) : Executing rule CntB.h1
2026-03-28 22:48:12 +0100: Memory Usage (450144K) : Starting 6.1.3 NPN Substrate-Tie table
2026-03-28 22:48:12 +0100: Memory Usage (450144K) : Executing rule npn13G2.bR 
2026-03-28 22:48:12 +0100: Memory Usage (450144K) : Executing rule npn13G2L.cR 
2026-03-28 22:48:12 +0100: Memory Usage (450144K) : Executing rule npn13G2V.cR 
2026-03-28 22:48:12 +0100: Memory Usage (450144K) : Starting 6.7 Schottky diode table
2026-03-28 22:48:12 +0100: Memory Usage (450144K) : Executing rule Sdiod.b
2026-03-28 22:48:12 +0100: Memory Usage (450144K) : Executing rule Sdiod.c
2026-03-28 22:48:12 +0100: Memory Usage (450144K) : Executing rule Sdiod.d
2026-03-28 22:48:12 +0100: Memory Usage (450144K) : Executing rule Sdiod.e
2026-03-28 22:48:12 +0100: Memory Usage (450144K) : Starting 7.2 Latch-up table
2026-03-28 22:48:12 +0100: Memory Usage (450144K) : Executing rule LU.b
2026-03-28 22:48:12 +0100: Memory Usage (450144K) : Starting 5.16. Metal1 table
2026-03-28 22:48:12 +0100: Memory Usage (450144K) : Executing rule M1.a
2026-03-28 22:48:12 +0100: Memory Usage (450144K) : Executing rule M1.b
2026-03-28 22:48:12 +0100: Memory Usage (450656K) : Executing rule M1.e
2026-03-28 22:48:12 +0100: Memory Usage (450656K) : Executing rule M1.f
2026-03-28 22:48:12 +0100: Memory Usage (450656K) : Executing rule M1.g
2026-03-28 22:48:12 +0100: Memory Usage (450656K) : Executing rule M1.i
2026-03-28 22:48:12 +0100: Memory Usage (450784K) : Starting 5.17 Metaln table
2026-03-28 22:48:12 +0100: Memory Usage (450784K) : Executing rule M2.a
2026-03-28 22:48:12 +0100: Memory Usage (450784K) : Executing rule M2.b
2026-03-28 22:48:12 +0100: Memory Usage (450784K) : Executing rule M2.e
2026-03-28 22:48:12 +0100: Memory Usage (450784K) : Executing rule M2.f
2026-03-28 22:48:12 +0100: Memory Usage (450784K) : Executing rule M2.g
2026-03-28 22:48:12 +0100: Memory Usage (450784K) : Executing rule M2.i
2026-03-28 22:48:12 +0100: Memory Usage (450784K) : Executing rule M3.a
2026-03-28 22:48:12 +0100: Memory Usage (450784K) : Executing rule M3.b
2026-03-28 22:48:13 +0100: Memory Usage (450784K) : Executing rule M3.e
2026-03-28 22:48:13 +0100: Memory Usage (450784K) : Executing rule M3.f
2026-03-28 22:48:13 +0100: Memory Usage (450784K) : Executing rule M3.g
2026-03-28 22:48:13 +0100: Memory Usage (450784K) : Executing rule M3.i
2026-03-28 22:48:13 +0100: Memory Usage (450784K) : Executing rule M4.a
2026-03-28 22:48:13 +0100: Memory Usage (450784K) : Executing rule M4.b
2026-03-28 22:48:13 +0100: Memory Usage (450784K) : Executing rule M4.e
2026-03-28 22:48:13 +0100: Memory Usage (450784K) : Executing rule M4.f
2026-03-28 22:48:13 +0100: Memory Usage (450784K) : Executing rule M4.g
2026-03-28 22:48:13 +0100: Memory Usage (450784K) : Executing rule M4.i
2026-03-28 22:48:13 +0100: Memory Usage (450784K) : Executing rule M5.a
2026-03-28 22:48:13 +0100: Memory Usage (450784K) : Executing rule M5.b
2026-03-28 22:48:13 +0100: Memory Usage (450784K) : Executing rule M5.e
2026-03-28 22:48:13 +0100: Memory Usage (450784K) : Executing rule M5.f
2026-03-28 22:48:13 +0100: Memory Usage (450784K) : Executing rule M5.g
2026-03-28 22:48:13 +0100: Memory Usage (450784K) : Executing rule M5.i
2026-03-28 22:48:13 +0100: Memory Usage (450784K) : Starting 5.18 Metaln:filler table
2026-03-28 22:48:13 +0100: Memory Usage (450784K) : Executing rule M1Fil.c
2026-03-28 22:48:13 +0100: Memory Usage (450784K) : Executing rule M1Fil.a2
2026-03-28 22:48:13 +0100: Memory Usage (450784K) : Executing rule M2Fil.c
2026-03-28 22:48:13 +0100: Memory Usage (450784K) : Executing rule M2Fil.a2
2026-03-28 22:48:13 +0100: Memory Usage (450784K) : Executing rule M3Fil.c
2026-03-28 22:48:13 +0100: Memory Usage (450784K) : Executing rule M3Fil.a2
2026-03-28 22:48:13 +0100: Memory Usage (450784K) : Executing rule M4Fil.c
2026-03-28 22:48:13 +0100: Memory Usage (450784K) : Executing rule M4Fil.a2
2026-03-28 22:48:13 +0100: Memory Usage (450784K) : Executing rule M5Fil.c
2026-03-28 22:48:13 +0100: Memory Usage (450784K) : Executing rule M5Fil.a2
2026-03-28 22:48:13 +0100: Memory Usage (450784K) : Starting 5.19. Via1 table
2026-03-28 22:48:13 +0100: Memory Usage (450784K) : Starting 5.19. Via1 table derivations
2026-03-28 22:48:13 +0100: Memory Usage (450784K) : Executing rule V1.a
2026-03-28 22:48:13 +0100: Memory Usage (450784K) : Executing rule V1.b
2026-03-28 22:48:13 +0100: Memory Usage (450784K) : Executing rule V1.c
2026-03-28 22:48:13 +0100: Memory Usage (450784K) : Starting 5.20. Vian table
2026-03-28 22:48:13 +0100: Memory Usage (450784K) : Executing rule V2.a
2026-03-28 22:48:13 +0100: Memory Usage (450784K) : Executing rule V2.b
2026-03-28 22:48:13 +0100: Memory Usage (450784K) : Executing rule V2.c
2026-03-28 22:48:13 +0100: Memory Usage (450784K) : Executing rule V3.a
2026-03-28 22:48:13 +0100: Memory Usage (450784K) : Executing rule V3.b
2026-03-28 22:48:13 +0100: Memory Usage (450784K) : Executing rule V3.c
2026-03-28 22:48:13 +0100: Memory Usage (450784K) : Executing rule V4.a
2026-03-28 22:48:13 +0100: Memory Usage (450784K) : Executing rule V4.b
2026-03-28 22:48:13 +0100: Memory Usage (450784K) : Executing rule V4.c
2026-03-28 22:48:13 +0100: Memory Usage (450784K) : Starting 5.21. TopVia1 table
2026-03-28 22:48:13 +0100: Memory Usage (450784K) : Executing rule TV1.a
2026-03-28 22:48:13 +0100: Memory Usage (450784K) : Executing rule TV1.b
2026-03-28 22:48:13 +0100: Memory Usage (450912K) : Executing rule TV1.c
2026-03-28 22:48:13 +0100: Memory Usage (450912K) : Executing rule TV1.d
2026-03-28 22:48:13 +0100: Memory Usage (450912K) : Starting 5.22. TopMetal1 table
2026-03-28 22:48:13 +0100: Memory Usage (450912K) : Executing rule TM1.a
2026-03-28 22:48:13 +0100: Memory Usage (450912K) : Executing rule TM1.b
2026-03-28 22:48:13 +0100: Memory Usage (450912K) : Starting 5.23 TopMetal1:filler table
2026-03-28 22:48:13 +0100: Memory Usage (450912K) : Executing rule TM1Fil.c
2026-03-28 22:48:13 +0100: Memory Usage (450912K) : Executing rule TM1Fil.a1
2026-03-28 22:48:13 +0100: Memory Usage (450912K) : Starting 5.24. TopVia2 table
2026-03-28 22:48:13 +0100: Memory Usage (450912K) : Executing rule TV2.a
2026-03-28 22:48:13 +0100: Memory Usage (450912K) : Executing rule TV2.b
2026-03-28 22:48:13 +0100: Memory Usage (450912K) : Executing rule TV2.c
2026-03-28 22:48:13 +0100: Memory Usage (450912K) : Executing rule TV2.d
2026-03-28 22:48:13 +0100: Memory Usage (450912K) : Starting 5.25. TopMetal2 table
2026-03-28 22:48:13 +0100: Memory Usage (450912K) : Executing rule TM2.a
2026-03-28 22:48:13 +0100: Memory Usage (450912K) : Executing rule TM2.b
2026-03-28 22:48:13 +0100: Memory Usage (450912K) : Executing rule TM2.bR
2026-03-28 22:48:13 +0100: Memory Usage (450912K) : Starting 5.26 TopMetal2:filler table
2026-03-28 22:48:13 +0100: Memory Usage (450912K) : Executing rule TM2Fil.c
2026-03-28 22:48:13 +0100: Memory Usage (450912K) : Executing rule TM2Fil.a1
2026-03-28 22:48:13 +0100: Memory Usage (450912K) : Starting 5.27. Passiv table
2026-03-28 22:48:13 +0100: Memory Usage (450912K) : Executing rule Pas.a
2026-03-28 22:48:13 +0100: Memory Usage (450912K) : Executing rule Pas.b
2026-03-28 22:48:13 +0100: Memory Usage (450912K) : Executing rule Pas.c
2026-03-28 22:48:13 +0100: Memory Usage (450912K) : Starting 6.9.2 Copper Pillar table
2026-03-28 22:48:13 +0100: Memory Usage (450912K) : Executing rule Padc.a
2026-03-28 22:48:13 +0100: Memory Usage (450912K) : Executing rule Padc.b
2026-03-28 22:48:13 +0100: Memory Usage (450912K) : Executing rule Padc.c
2026-03-28 22:48:13 +0100: Memory Usage (450912K) : Executing rule Padb.f
2026-03-28 22:48:13 +0100: Memory Usage (450912K) : Starting 6.9 Pad table
2026-03-28 22:48:13 +0100: Memory Usage (450912K) : Executing rule Pad.m
2026-03-28 22:48:13 +0100: Memory Usage (450912K) : Executing rule Pad.fR_M1
2026-03-28 22:48:13 +0100: Memory Usage (450912K) : Executing rule Pad.fR_M2
2026-03-28 22:48:13 +0100: Memory Usage (450912K) : Executing rule Pad.fR_M3
2026-03-28 22:48:13 +0100: Memory Usage (450912K) : Executing rule Pad.fR_M4
2026-03-28 22:48:13 +0100: Memory Usage (450912K) : Executing rule Pad.fR_M5
2026-03-28 22:48:13 +0100: Memory Usage (450912K) : Executing rule Pad.fR_TM1
2026-03-28 22:48:13 +0100: Memory Usage (450912K) : Executing rule Pad.fR_TM2
2026-03-28 22:48:13 +0100: Memory Usage (450912K) : Executing rule Pad.i
2026-03-28 22:48:13 +0100: Memory Usage (450912K) : Starting 6.9.1 Solder Bump
2026-03-28 22:48:13 +0100: Memory Usage (450912K) : Executing rule Padb.a
2026-03-28 22:48:13 +0100: Memory Usage (450912K) : Executing rule Padb.b
2026-03-28 22:48:13 +0100: Memory Usage (450912K) : Executing rule Padb.c
2026-03-28 22:48:13 +0100: Memory Usage (450912K) : Executing rule Padb.f
2026-03-28 22:48:13 +0100: Memory Usage (450912K) : Executing rule Padb.d
2026-03-28 22:48:13 +0100: Memory Usage (450912K) : Starting 6.10 Sealring table
2026-03-28 22:48:13 +0100: Memory Usage (450912K) : Executing rule Seal.l
2026-03-28 22:48:13 +0100: Memory Usage (450912K) : Executing rule Seal.n
2026-03-28 22:48:13 +0100: Memory Usage (450912K) : Executing rule seal.b_metal1
2026-03-28 22:48:13 +0100: Memory Usage (450912K) : Executing rule seal.b_metal2
2026-03-28 22:48:13 +0100: Memory Usage (450912K) : Executing rule seal.b_metal3
2026-03-28 22:48:13 +0100: Memory Usage (450912K) : Executing rule seal.b_metal4
2026-03-28 22:48:13 +0100: Memory Usage (450912K) : Executing rule seal.b_metal5
2026-03-28 22:48:13 +0100: Memory Usage (450912K) : Executing rule seal.b_topmetal1
2026-03-28 22:48:13 +0100: Memory Usage (450912K) : Executing rule seal.b_topmetal2
2026-03-28 22:48:13 +0100: Memory Usage (450912K) : Executing rule seal.b_activ
2026-03-28 22:48:13 +0100: Memory Usage (450912K) : Executing rule seal.b_psd
2026-03-28 22:48:13 +0100: Memory Usage (450912K) : Executing rule Seal.k
2026-03-28 22:48:13 +0100: Memory Usage (450912K) : Executing rule Seal.m
2026-03-28 22:48:13 +0100: Memory Usage (450912K) : Starting 6.11 MIM table
2026-03-28 22:48:13 +0100: Memory Usage (450912K) : Executing rule MIM.c
2026-03-28 22:48:13 +0100: Memory Usage (450912K) : Executing rule MIM.d
2026-03-28 22:48:13 +0100: Memory Usage (450912K) : Executing rule MIM.gR
2026-03-28 22:48:13 +0100: Memory Usage (450912K) : Starting 7.3 Metal Slits table
2026-03-28 22:48:13 +0100: Memory Usage (450912K) : Executing rule Slt.e1_M1
2026-03-28 22:48:13 +0100: Memory Usage (450912K) : Executing rule Slt.e1_M2
2026-03-28 22:48:13 +0100: Memory Usage (450912K) : Executing rule Slt.e1_M3
2026-03-28 22:48:13 +0100: Memory Usage (450912K) : Executing rule Slt.e1_M4
2026-03-28 22:48:13 +0100: Memory Usage (450912K) : Executing rule Slt.e1_M5
2026-03-28 22:48:13 +0100: Memory Usage (450912K) : Executing rule Slt.e1_TM1
2026-03-28 22:48:13 +0100: Memory Usage (451040K) : Executing rule Slt.e1_TM2
2026-03-28 22:48:13 +0100: Memory Usage (451168K) : Starting 9.1. LBE table
2026-03-28 22:48:13 +0100: Memory Usage (451296K) : Executing rule LBE.a
2026-03-28 22:48:13 +0100: Memory Usage (451296K) : Executing rule LBE.b
2026-03-28 22:48:13 +0100: Memory Usage (451424K) : Executing rule LBE.b1
2026-03-28 22:48:13 +0100: Memory Usage (451552K) : Executing rule LBE.c
2026-03-28 22:48:13 +0100: Memory Usage (451680K) : Executing rule LBE.d
2026-03-28 22:48:13 +0100: Memory Usage (451808K) : Executing rule LBE.h
2026-03-28 22:48:13 +0100: Memory Usage (451936K) : Starting 7.4. PIN table
2026-03-28 22:48:13 +0100: Memory Usage (451936K) : Executing rule Pin.a
2026-03-28 22:48:13 +0100: Memory Usage (452064K) : Executing rule Pin.b
2026-03-28 22:48:13 +0100: Memory Usage (452320K) : Executing rule Pin.e
2026-03-28 22:48:13 +0100: Memory Usage (452448K) : Executing rule Pin.f_M2
2026-03-28 22:48:13 +0100: Memory Usage (452576K) : Executing rule Pin.f_M3
2026-03-28 22:48:13 +0100: Memory Usage (452704K) : Executing rule Pin.f_M4
2026-03-28 22:48:13 +0100: Memory Usage (452832K) : Executing rule Pin.f_M5
2026-03-28 22:48:13 +0100: Memory Usage (453088K) : Executing rule Pin.g
2026-03-28 22:48:13 +0100: Memory Usage (453216K) : Executing rule Pin.h
2026-03-28 22:48:13 +0100: Memory Usage (453344K) : Starting 3.1. offgrid table
2026-03-28 22:48:13 +0100: Memory Usage (453344K) : Executing rule activ_drw_Offgrid
2026-03-28 22:48:13 +0100: Memory Usage (454752K) : Executing rule activ_pin_Offgrid
2026-03-28 22:48:13 +0100: Memory Usage (454880K) : Executing rule activ_mask_Offgrid
2026-03-28 22:48:13 +0100: Memory Usage (455264K) : Executing rule activ_filler_Offgrid
2026-03-28 22:48:13 +0100: Memory Usage (455648K) : Executing rule activ_nofill_Offgrid
2026-03-28 22:48:13 +0100: Memory Usage (456160K) : Executing rule activ_opc_Offgrid
2026-03-28 22:48:13 +0100: Memory Usage (456544K) : Executing rule activ_iopc_Offgrid
2026-03-28 22:48:13 +0100: Memory Usage (457056K) : Executing rule activ_noqrc_Offgrid
2026-03-28 22:48:13 +0100: Memory Usage (457440K) : Executing rule biwind_drw_Offgrid
2026-03-28 22:48:13 +0100: Memory Usage (457952K) : Executing rule biwind_opc_Offgrid
2026-03-28 22:48:13 +0100: Memory Usage (458464K) : Executing rule pemwind_drw_Offgrid
2026-03-28 22:48:13 +0100: Memory Usage (458976K) : Executing rule gatpoly_drw_Offgrid
2026-03-28 22:48:13 +0100: Memory Usage (459488K) : Executing rule gatpoly_pin_Offgrid
2026-03-28 22:48:13 +0100: Memory Usage (460000K) : Executing rule gatpoly_filler_Offgrid
2026-03-28 22:48:13 +0100: Memory Usage (460384K) : Executing rule gatpoly_nofill_Offgrid
2026-03-28 22:48:13 +0100: Memory Usage (460896K) : Executing rule gatpoly_opc_Offgrid
2026-03-28 22:48:13 +0100: Memory Usage (461536K) : Executing rule gatpoly_iopc_Offgrid
2026-03-28 22:48:13 +0100: Memory Usage (462048K) : Executing rule gatpoly_noqrc_Offgrid
2026-03-28 22:48:13 +0100: Memory Usage (462560K) : Executing rule cont_drw_Offgrid
2026-03-28 22:48:13 +0100: Memory Usage (466912K) : Executing rule cont_opc_Offgrid
2026-03-28 22:48:13 +0100: Memory Usage (466912K) : Executing rule nsd_drw_Offgrid
2026-03-28 22:48:13 +0100: Memory Usage (466912K) : Executing rule nsd_block_Offgrid
2026-03-28 22:48:13 +0100: Memory Usage (466912K) : Executing rule metal1_drw_Offgrid
2026-03-28 22:48:13 +0100: Memory Usage (466912K) : Executing rule metal1_pin_Offgrid
2026-03-28 22:48:13 +0100: Memory Usage (466912K) : Executing rule metal1_mask_Offgrid
2026-03-28 22:48:14 +0100: Memory Usage (466912K) : Executing rule metal1_filler_Offgrid
2026-03-28 22:48:14 +0100: Memory Usage (466912K) : Executing rule metal1_nofill_Offgrid
2026-03-28 22:48:14 +0100: Memory Usage (466912K) : Executing rule metal1_slit_Offgrid
2026-03-28 22:48:14 +0100: Memory Usage (466912K) : Executing rule metal1_opc_Offgrid
2026-03-28 22:48:14 +0100: Memory Usage (466912K) : Executing rule metal1_noqrc_Offgrid
2026-03-28 22:48:14 +0100: Memory Usage (466912K) : Executing rule metal1_res_Offgrid
2026-03-28 22:48:14 +0100: Memory Usage (466912K) : Executing rule metal1_iprobe_Offgrid
2026-03-28 22:48:14 +0100: Memory Usage (466912K) : Executing rule metal1_diffprb_Offgrid
2026-03-28 22:48:14 +0100: Memory Usage (466912K) : Executing rule passiv_drw_Offgrid
2026-03-28 22:48:14 +0100: Memory Usage (466912K) : Executing rule passiv_pin_Offgrid
2026-03-28 22:48:14 +0100: Memory Usage (466912K) : Executing rule passiv_pillar_Offgrid
2026-03-28 22:48:14 +0100: Memory Usage (466912K) : Executing rule passiv_sbump_Offgrid
2026-03-28 22:48:14 +0100: Memory Usage (466912K) : Executing rule passiv_pdl_Offgrid
2026-03-28 22:48:14 +0100: Memory Usage (466912K) : Executing rule metal2_drw_Offgrid
2026-03-28 22:48:14 +0100: Memory Usage (466912K) : Executing rule metal2_pin_Offgrid
2026-03-28 22:48:14 +0100: Memory Usage (466912K) : Executing rule metal2_mask_Offgrid
2026-03-28 22:48:14 +0100: Memory Usage (466912K) : Executing rule metal2_filler_Offgrid
2026-03-28 22:48:14 +0100: Memory Usage (466912K) : Executing rule metal2_nofill_Offgrid
2026-03-28 22:48:14 +0100: Memory Usage (466912K) : Executing rule metal2_slit_Offgrid
2026-03-28 22:48:14 +0100: Memory Usage (466912K) : Executing rule metal2_opc_Offgrid
2026-03-28 22:48:14 +0100: Memory Usage (466912K) : Executing rule metal2_noqrc_Offgrid
2026-03-28 22:48:14 +0100: Memory Usage (466912K) : Executing rule metal2_res_Offgrid
2026-03-28 22:48:14 +0100: Memory Usage (466912K) : Executing rule metal2_iprobe_Offgrid
2026-03-28 22:48:14 +0100: Memory Usage (466912K) : Executing rule metal2_diffprb_Offgrid
2026-03-28 22:48:14 +0100: Memory Usage (466912K) : Executing rule baspoly_drw_Offgrid
2026-03-28 22:48:14 +0100: Memory Usage (466912K) : Executing rule baspoly_pin_Offgrid
2026-03-28 22:48:14 +0100: Memory Usage (466912K) : Executing rule psd_drw_Offgrid
2026-03-28 22:48:14 +0100: Memory Usage (466912K) : Executing rule nldb_drw_Offgrid
2026-03-28 22:48:14 +0100: Memory Usage (466912K) : Executing rule via1_drw_Offgrid
2026-03-28 22:48:14 +0100: Memory Usage (466912K) : Executing rule backmetal1_drw_Offgrid
2026-03-28 22:48:14 +0100: Memory Usage (466912K) : Executing rule backmetal1_pin_Offgrid
2026-03-28 22:48:14 +0100: Memory Usage (466912K) : Executing rule backmetal1_mask_Offgrid
2026-03-28 22:48:14 +0100: Memory Usage (466912K) : Executing rule backmetal1_filler_Offgrid
2026-03-28 22:48:14 +0100: Memory Usage (466912K) : Executing rule backmetal1_nofill_Offgrid
2026-03-28 22:48:14 +0100: Memory Usage (466912K) : Executing rule backmetal1_slit_Offgrid
2026-03-28 22:48:14 +0100: Memory Usage (466912K) : Executing rule backmetal1_opc_Offgrid
2026-03-28 22:48:14 +0100: Memory Usage (466912K) : Executing rule backmetal1_noqrc_Offgrid
2026-03-28 22:48:14 +0100: Memory Usage (466912K) : Executing rule backmetal1_res_Offgrid
2026-03-28 22:48:14 +0100: Memory Usage (466912K) : Executing rule backmetal1_iprobe_Offgrid
2026-03-28 22:48:14 +0100: Memory Usage (466912K) : Executing rule backmetal1_diffprb_Offgrid
2026-03-28 22:48:14 +0100: Memory Usage (466912K) : Executing rule backpassiv_drw_Offgrid
2026-03-28 22:48:14 +0100: Memory Usage (466912K) : Executing rule salblock_drw_Offgrid
2026-03-28 22:48:14 +0100: Memory Usage (466912K) : Executing rule via2_drw_Offgrid
2026-03-28 22:48:14 +0100: Memory Usage (465080K) : Executing rule metal3_drw_Offgrid
2026-03-28 22:48:14 +0100: Memory Usage (465080K) : Executing rule metal3_pin_Offgrid
2026-03-28 22:48:14 +0100: Memory Usage (465080K) : Executing rule metal3_mask_Offgrid
2026-03-28 22:48:14 +0100: Memory Usage (465080K) : Executing rule metal3_filler_Offgrid
2026-03-28 22:48:14 +0100: Memory Usage (465080K) : Executing rule metal3_nofill_Offgrid
2026-03-28 22:48:14 +0100: Memory Usage (465080K) : Executing rule metal3_slit_Offgrid
2026-03-28 22:48:14 +0100: Memory Usage (465080K) : Executing rule metal3_opc_Offgrid
2026-03-28 22:48:14 +0100: Memory Usage (465080K) : Executing rule metal3_noqrc_Offgrid
2026-03-28 22:48:14 +0100: Memory Usage (465080K) : Executing rule metal3_res_Offgrid
2026-03-28 22:48:14 +0100: Memory Usage (465080K) : Executing rule metal3_iprobe_Offgrid
2026-03-28 22:48:14 +0100: Memory Usage (465080K) : Executing rule metal3_diffprb_Offgrid
2026-03-28 22:48:14 +0100: Memory Usage (465080K) : Executing rule nwell_drw_Offgrid
2026-03-28 22:48:14 +0100: Memory Usage (465080K) : Executing rule nwell_pin_Offgrid
2026-03-28 22:48:14 +0100: Memory Usage (465080K) : Executing rule nbulay_drw_Offgrid
2026-03-28 22:48:14 +0100: Memory Usage (465080K) : Executing rule nbulay_pin_Offgrid
2026-03-28 22:48:14 +0100: Memory Usage (465080K) : Executing rule nbulay_block_Offgrid
2026-03-28 22:48:14 +0100: Memory Usage (465080K) : Executing rule pwell_drw_Offgrid
2026-03-28 22:48:14 +0100: Memory Usage (465080K) : Executing rule pwell_pin_Offgrid
2026-03-28 22:48:14 +0100: Memory Usage (465080K) : Executing rule pwell_block_Offgrid
2026-03-28 22:48:14 +0100: Memory Usage (465080K) : Executing rule emwind_drw_Offgrid
2026-03-28 22:48:14 +0100: Memory Usage (465080K) : Executing rule emwind_opc_Offgrid
2026-03-28 22:48:14 +0100: Memory Usage (465080K) : Executing rule deepco_drw_Offgrid
2026-03-28 22:48:14 +0100: Memory Usage (465080K) : Executing rule mim_drw_Offgrid
2026-03-28 22:48:14 +0100: Memory Usage (465080K) : Executing rule substrate_drw_Offgrid
2026-03-28 22:48:14 +0100: Memory Usage (465080K) : Executing rule ic_drw_Offgrid
2026-03-28 22:48:14 +0100: Memory Usage (465080K) : Executing rule via3_drw_Offgrid
2026-03-28 22:48:14 +0100: Memory Usage (465080K) : Executing rule pldb_drw_Offgrid
2026-03-28 22:48:14 +0100: Memory Usage (465080K) : Executing rule metal4_drw_Offgrid
2026-03-28 22:48:14 +0100: Memory Usage (465080K) : Executing rule metal4_pin_Offgrid
2026-03-28 22:48:14 +0100: Memory Usage (465080K) : Executing rule metal4_mask_Offgrid
2026-03-28 22:48:14 +0100: Memory Usage (465080K) : Executing rule metal4_filler_Offgrid
2026-03-28 22:48:14 +0100: Memory Usage (465080K) : Executing rule metal4_nofill_Offgrid
2026-03-28 22:48:14 +0100: Memory Usage (465080K) : Executing rule metal4_slit_Offgrid
2026-03-28 22:48:14 +0100: Memory Usage (465080K) : Executing rule metal4_opc_Offgrid
2026-03-28 22:48:14 +0100: Memory Usage (465080K) : Executing rule metal4_noqrc_Offgrid
2026-03-28 22:48:14 +0100: Memory Usage (465080K) : Executing rule metal4_res_Offgrid
2026-03-28 22:48:14 +0100: Memory Usage (465080K) : Executing rule metal4_iprobe_Offgrid
2026-03-28 22:48:14 +0100: Memory Usage (465080K) : Executing rule metal4_diffprb_Offgrid
2026-03-28 22:48:14 +0100: Memory Usage (465080K) : Executing rule via4_drw_Offgrid
2026-03-28 22:48:14 +0100: Memory Usage (465080K) : Executing rule metal5_drw_Offgrid
2026-03-28 22:48:14 +0100: Memory Usage (465080K) : Executing rule metal5_pin_Offgrid
2026-03-28 22:48:14 +0100: Memory Usage (465080K) : Executing rule metal5_mask_Offgrid
2026-03-28 22:48:14 +0100: Memory Usage (465080K) : Executing rule metal5_filler_Offgrid
2026-03-28 22:48:14 +0100: Memory Usage (465080K) : Executing rule metal5_nofill_Offgrid
2026-03-28 22:48:14 +0100: Memory Usage (465080K) : Executing rule metal5_slit_Offgrid
2026-03-28 22:48:14 +0100: Memory Usage (465080K) : Executing rule metal5_opc_Offgrid
2026-03-28 22:48:14 +0100: Memory Usage (465080K) : Executing rule metal5_noqrc_Offgrid
2026-03-28 22:48:14 +0100: Memory Usage (465080K) : Executing rule metal5_res_Offgrid
2026-03-28 22:48:14 +0100: Memory Usage (465336K) : Executing rule metal5_iprobe_Offgrid
2026-03-28 22:48:14 +0100: Memory Usage (465848K) : Executing rule metal5_diffprb_Offgrid
2026-03-28 22:48:14 +0100: Memory Usage (466232K) : Executing rule prboundary_drw_Offgrid
2026-03-28 22:48:14 +0100: Memory Usage (466744K) : Executing rule exchange0_drw_Offgrid
2026-03-28 22:48:14 +0100: Memory Usage (467128K) : Executing rule exchange0_pin_Offgrid
2026-03-28 22:48:14 +0100: Memory Usage (467640K) : Executing rule exchange1_drw_Offgrid
2026-03-28 22:48:14 +0100: Memory Usage (468024K) : Executing rule exchange1_pin_Offgrid
2026-03-28 22:48:14 +0100: Memory Usage (468536K) : Executing rule exchange2_drw_Offgrid
2026-03-28 22:48:14 +0100: Memory Usage (469048K) : Executing rule exchange2_pin_Offgrid
2026-03-28 22:48:14 +0100: Memory Usage (469432K) : Executing rule exchange3_drw_Offgrid
2026-03-28 22:48:14 +0100: Memory Usage (469944K) : Executing rule exchange3_pin_Offgrid
2026-03-28 22:48:14 +0100: Memory Usage (470328K) : Executing rule exchange4_drw_Offgrid
2026-03-28 22:48:14 +0100: Memory Usage (470840K) : Executing rule exchange4_pin_Offgrid
2026-03-28 22:48:14 +0100: Memory Usage (471224K) : Executing rule isonwell_drw_Offgrid
2026-03-28 22:48:14 +0100: Memory Usage (471608K) : Executing rule thickgateox_drw_Offgrid
2026-03-28 22:48:14 +0100: Memory Usage (471608K) : Executing rule pempoly_drw_Offgrid
2026-03-28 22:48:14 +0100: Memory Usage (471608K) : Executing rule fbe_drw_Offgrid
2026-03-28 22:48:14 +0100: Memory Usage (471608K) : Executing rule empoly_drw_Offgrid
2026-03-28 22:48:14 +0100: Memory Usage (471608K) : Executing rule ldmos_drw_Offgrid
2026-03-28 22:48:14 +0100: Memory Usage (471608K) : Executing rule pbiwind_drw_Offgrid
2026-03-28 22:48:14 +0100: Memory Usage (471608K) : Executing rule colopen_drw_Offgrid
2026-03-28 22:48:14 +0100: Memory Usage (471608K) : Executing rule extblock_drw_Offgrid
2026-03-28 22:48:14 +0100: Memory Usage (471608K) : Executing rule nldd_drw_Offgrid
2026-03-28 22:48:14 +0100: Memory Usage (471608K) : Executing rule pldd_drw_Offgrid
2026-03-28 22:48:14 +0100: Memory Usage (471608K) : Executing rule next_drw_Offgrid
2026-03-28 22:48:14 +0100: Memory Usage (471608K) : Executing rule pext_drw_Offgrid
2026-03-28 22:48:14 +0100: Memory Usage (471608K) : Executing rule nexthv_drw_Offgrid
2026-03-28 22:48:14 +0100: Memory Usage (471608K) : Executing rule pexthv_drw_Offgrid
2026-03-28 22:48:14 +0100: Memory Usage (471608K) : Executing rule graphgate_drw_Offgrid
2026-03-28 22:48:14 +0100: Memory Usage (471608K) : Executing rule mempad_drw_Offgrid
2026-03-28 22:48:14 +0100: Memory Usage (471608K) : Executing rule topvia1_drw_Offgrid
2026-03-28 22:48:14 +0100: Memory Usage (471608K) : Executing rule topmetal1_drw_Offgrid
2026-03-28 22:48:14 +0100: Memory Usage (471608K) : Executing rule topmetal1_pin_Offgrid
2026-03-28 22:48:14 +0100: Memory Usage (471608K) : Executing rule topmetal1_mask_Offgrid
2026-03-28 22:48:15 +0100: Memory Usage (471608K) : Executing rule topmetal1_filler_Offgrid
2026-03-28 22:48:15 +0100: Memory Usage (471608K) : Executing rule topmetal1_nofill_Offgrid
2026-03-28 22:48:15 +0100: Memory Usage (471608K) : Executing rule topmetal1_slit_Offgrid
2026-03-28 22:48:15 +0100: Memory Usage (471608K) : Executing rule topmetal1_noqrc_Offgrid
2026-03-28 22:48:15 +0100: Memory Usage (471608K) : Executing rule topmetal1_res_Offgrid
2026-03-28 22:48:15 +0100: Memory Usage (471608K) : Executing rule topmetal1_iprobe_Offgrid
2026-03-28 22:48:15 +0100: Memory Usage (471608K) : Executing rule topmetal1_diffprb_Offgrid
2026-03-28 22:48:15 +0100: Memory Usage (471608K) : Executing rule inldpwl_drw_Offgrid
2026-03-28 22:48:15 +0100: Memory Usage (471608K) : Executing rule polyres_drw_Offgrid
2026-03-28 22:48:15 +0100: Memory Usage (471608K) : Executing rule polyres_pin_Offgrid
2026-03-28 22:48:15 +0100: Memory Usage (471608K) : Executing rule vmim_drw_Offgrid
2026-03-28 22:48:15 +0100: Memory Usage (471608K) : Executing rule nbulaycut_drw_Offgrid
2026-03-28 22:48:15 +0100: Memory Usage (471608K) : Executing rule antmetal1_drw_Offgrid
2026-03-28 22:48:15 +0100: Memory Usage (471608K) : Executing rule topvia2_drw_Offgrid
2026-03-28 22:48:15 +0100: Memory Usage (471608K) : Executing rule topmetal2_drw_Offgrid
2026-03-28 22:48:15 +0100: Memory Usage (471608K) : Executing rule topmetal2_pin_Offgrid
2026-03-28 22:48:15 +0100: Memory Usage (471608K) : Executing rule topmetal2_mask_Offgrid
2026-03-28 22:48:15 +0100: Memory Usage (471608K) : Executing rule topmetal2_filler_Offgrid
2026-03-28 22:48:15 +0100: Memory Usage (471608K) : Executing rule topmetal2_nofill_Offgrid
2026-03-28 22:48:15 +0100: Memory Usage (471608K) : Executing rule topmetal2_slit_Offgrid
2026-03-28 22:48:15 +0100: Memory Usage (471608K) : Executing rule topmetal2_noqrc_Offgrid
2026-03-28 22:48:15 +0100: Memory Usage (471608K) : Executing rule topmetal2_res_Offgrid
2026-03-28 22:48:15 +0100: Memory Usage (471608K) : Executing rule topmetal2_iprobe_Offgrid
2026-03-28 22:48:15 +0100: Memory Usage (471608K) : Executing rule topmetal2_diffprb_Offgrid
2026-03-28 22:48:15 +0100: Memory Usage (471608K) : Executing rule snsring_drw_Offgrid
2026-03-28 22:48:15 +0100: Memory Usage (471608K) : Executing rule sensor_drw_Offgrid
2026-03-28 22:48:15 +0100: Memory Usage (471608K) : Executing rule snsarms_drw_Offgrid
2026-03-28 22:48:15 +0100: Memory Usage (471608K) : Executing rule snscmosvia_drw_Offgrid
2026-03-28 22:48:15 +0100: Memory Usage (471608K) : Executing rule colwind_drw_Offgrid
2026-03-28 22:48:15 +0100: Memory Usage (471608K) : Executing rule flm_drw_Offgrid
2026-03-28 22:48:15 +0100: Memory Usage (471608K) : Executing rule hafniumox_drw_Offgrid
2026-03-28 22:48:15 +0100: Memory Usage (471608K) : Executing rule memvia_drw_Offgrid
2026-03-28 22:48:15 +0100: Memory Usage (471608K) : Executing rule thinfilmres_drw_Offgrid
2026-03-28 22:48:15 +0100: Memory Usage (471608K) : Executing rule rfmem_drw_Offgrid
2026-03-28 22:48:15 +0100: Memory Usage (471608K) : Executing rule snsbotvia_drw_Offgrid
2026-03-28 22:48:15 +0100: Memory Usage (471608K) : Executing rule snstopvia_drw_Offgrid
2026-03-28 22:48:15 +0100: Memory Usage (471608K) : Executing rule deepvia_drw_Offgrid
2026-03-28 22:48:15 +0100: Memory Usage (471608K) : Executing rule fgetch_drw_Offgrid
2026-03-28 22:48:15 +0100: Memory Usage (471608K) : Executing rule ctrgat_drw_Offgrid
2026-03-28 22:48:15 +0100: Memory Usage (471608K) : Executing rule fgimp_drw_Offgrid
2026-03-28 22:48:15 +0100: Memory Usage (471608K) : Executing rule emwihv_drw_Offgrid
2026-03-28 22:48:15 +0100: Memory Usage (471608K) : Executing rule lbe_drw_Offgrid
2026-03-28 22:48:15 +0100: Memory Usage (471608K) : Executing rule alcustop_drw_Offgrid
2026-03-28 22:48:15 +0100: Memory Usage (471608K) : Starting 3.2. angle table
2026-03-28 22:48:15 +0100: Memory Usage (471608K) : Executing rule activ_drw_Acute
2026-03-28 22:48:15 +0100: Memory Usage (471608K) : Executing rule activ_pin_Acute
2026-03-28 22:48:15 +0100: Memory Usage (471608K) : Executing rule activ_mask_Acute
2026-03-28 22:48:15 +0100: Memory Usage (471608K) : Executing rule activ_filler_Acute
2026-03-28 22:48:15 +0100: Memory Usage (471608K) : Executing rule activ_nofill_Acute
2026-03-28 22:48:15 +0100: Memory Usage (471608K) : Executing rule activ_opc_Acute
2026-03-28 22:48:15 +0100: Memory Usage (471608K) : Executing rule activ_iopc_Acute
2026-03-28 22:48:15 +0100: Memory Usage (471608K) : Executing rule activ_noqrc_Acute
2026-03-28 22:48:15 +0100: Memory Usage (471608K) : Executing rule biwind_drw_Acute
2026-03-28 22:48:15 +0100: Memory Usage (471608K) : Executing rule biwind_opc_Acute
2026-03-28 22:48:15 +0100: Memory Usage (471608K) : Executing rule pemwind_drw_Acute
2026-03-28 22:48:15 +0100: Memory Usage (471608K) : Executing rule gatpoly_drw_Acute
2026-03-28 22:48:15 +0100: Memory Usage (471736K) : Executing rule gatpoly_pin_Acute
2026-03-28 22:48:15 +0100: Memory Usage (471736K) : Executing rule gatpoly_filler_Acute
2026-03-28 22:48:15 +0100: Memory Usage (471736K) : Executing rule gatpoly_nofill_Acute
2026-03-28 22:48:15 +0100: Memory Usage (471736K) : Executing rule gatpoly_opc_Acute
2026-03-28 22:48:15 +0100: Memory Usage (471736K) : Executing rule gatpoly_iopc_Acute
2026-03-28 22:48:15 +0100: Memory Usage (471736K) : Executing rule gatpoly_noqrc_Acute
2026-03-28 22:48:15 +0100: Memory Usage (471736K) : Executing rule cont_drw_Acute
2026-03-28 22:48:15 +0100: Memory Usage (471736K) : Executing rule cont_opc_Acute
2026-03-28 22:48:15 +0100: Memory Usage (471736K) : Executing rule nsd_drw_Acute
2026-03-28 22:48:15 +0100: Memory Usage (471736K) : Executing rule nsd_block_Acute
2026-03-28 22:48:15 +0100: Memory Usage (471736K) : Executing rule metal1_drw_Acute
2026-03-28 22:48:15 +0100: Memory Usage (471736K) : Executing rule metal1_pin_Acute
2026-03-28 22:48:15 +0100: Memory Usage (471736K) : Executing rule metal1_mask_Acute
2026-03-28 22:48:15 +0100: Memory Usage (471736K) : Executing rule metal1_filler_Acute
2026-03-28 22:48:15 +0100: Memory Usage (471736K) : Executing rule metal1_nofill_Acute
2026-03-28 22:48:15 +0100: Memory Usage (471736K) : Executing rule metal1_slit_Acute
2026-03-28 22:48:15 +0100: Memory Usage (471736K) : Executing rule metal1_opc_Acute
2026-03-28 22:48:15 +0100: Memory Usage (471736K) : Executing rule metal1_noqrc_Acute
2026-03-28 22:48:15 +0100: Memory Usage (471736K) : Executing rule metal1_res_Acute
2026-03-28 22:48:15 +0100: Memory Usage (471736K) : Executing rule metal1_iprobe_Acute
2026-03-28 22:48:15 +0100: Memory Usage (471736K) : Executing rule metal1_diffprb_Acute
2026-03-28 22:48:15 +0100: Memory Usage (471736K) : Executing rule passiv_drw_Acute
2026-03-28 22:48:15 +0100: Memory Usage (471736K) : Executing rule passiv_pin_Acute
2026-03-28 22:48:15 +0100: Memory Usage (471736K) : Executing rule passiv_pillar_Acute
2026-03-28 22:48:15 +0100: Memory Usage (471736K) : Executing rule passiv_sbump_Acute
2026-03-28 22:48:15 +0100: Memory Usage (471736K) : Executing rule passiv_pdl_Acute
2026-03-28 22:48:15 +0100: Memory Usage (471736K) : Executing rule metal2_drw_Acute
2026-03-28 22:48:15 +0100: Memory Usage (471736K) : Executing rule metal2_pin_Acute
2026-03-28 22:48:15 +0100: Memory Usage (471736K) : Executing rule metal2_mask_Acute
2026-03-28 22:48:15 +0100: Memory Usage (471736K) : Executing rule metal2_filler_Acute
2026-03-28 22:48:15 +0100: Memory Usage (471736K) : Executing rule metal2_nofill_Acute
2026-03-28 22:48:15 +0100: Memory Usage (471736K) : Executing rule metal2_slit_Acute
2026-03-28 22:48:15 +0100: Memory Usage (471736K) : Executing rule metal2_opc_Acute
2026-03-28 22:48:15 +0100: Memory Usage (471736K) : Executing rule metal2_noqrc_Acute
2026-03-28 22:48:15 +0100: Memory Usage (471736K) : Executing rule metal2_res_Acute
2026-03-28 22:48:15 +0100: Memory Usage (471736K) : Executing rule metal2_iprobe_Acute
2026-03-28 22:48:15 +0100: Memory Usage (471736K) : Executing rule metal2_diffprb_Acute
2026-03-28 22:48:15 +0100: Memory Usage (471736K) : Executing rule baspoly_drw_Acute
2026-03-28 22:48:15 +0100: Memory Usage (471736K) : Executing rule baspoly_pin_Acute
2026-03-28 22:48:15 +0100: Memory Usage (471736K) : Executing rule psd_drw_Acute
2026-03-28 22:48:15 +0100: Memory Usage (471736K) : Executing rule nldb_drw_Acute
2026-03-28 22:48:15 +0100: Memory Usage (471736K) : Executing rule via1_drw_Acute
2026-03-28 22:48:15 +0100: Memory Usage (471736K) : Executing rule backmetal1_drw_Acute
2026-03-28 22:48:15 +0100: Memory Usage (471736K) : Executing rule backmetal1_pin_Acute
2026-03-28 22:48:15 +0100: Memory Usage (471736K) : Executing rule backmetal1_mask_Acute
2026-03-28 22:48:15 +0100: Memory Usage (471736K) : Executing rule backmetal1_filler_Acute
2026-03-28 22:48:15 +0100: Memory Usage (471736K) : Executing rule backmetal1_nofill_Acute
2026-03-28 22:48:15 +0100: Memory Usage (471736K) : Executing rule backmetal1_slit_Acute
2026-03-28 22:48:15 +0100: Memory Usage (471736K) : Executing rule backmetal1_opc_Acute
2026-03-28 22:48:15 +0100: Memory Usage (471736K) : Executing rule backmetal1_noqrc_Acute
2026-03-28 22:48:15 +0100: Memory Usage (471736K) : Executing rule backmetal1_res_Acute
2026-03-28 22:48:15 +0100: Memory Usage (471736K) : Executing rule backmetal1_iprobe_Acute
2026-03-28 22:48:16 +0100: Memory Usage (471736K) : Executing rule backmetal1_diffprb_Acute
2026-03-28 22:48:16 +0100: Memory Usage (471736K) : Executing rule backpassiv_drw_Acute
2026-03-28 22:48:16 +0100: Memory Usage (471736K) : Executing rule salblock_drw_Acute
2026-03-28 22:48:16 +0100: Memory Usage (471736K) : Executing rule via2_drw_Acute
2026-03-28 22:48:16 +0100: Memory Usage (471736K) : Executing rule metal3_drw_Acute
2026-03-28 22:48:16 +0100: Memory Usage (471736K) : Executing rule metal3_pin_Acute
2026-03-28 22:48:16 +0100: Memory Usage (471736K) : Executing rule metal3_mask_Acute
2026-03-28 22:48:16 +0100: Memory Usage (471736K) : Executing rule metal3_filler_Acute
2026-03-28 22:48:16 +0100: Memory Usage (471736K) : Executing rule metal3_nofill_Acute
2026-03-28 22:48:16 +0100: Memory Usage (471736K) : Executing rule metal3_slit_Acute
2026-03-28 22:48:16 +0100: Memory Usage (471736K) : Executing rule metal3_opc_Acute
2026-03-28 22:48:16 +0100: Memory Usage (471736K) : Executing rule metal3_noqrc_Acute
2026-03-28 22:48:16 +0100: Memory Usage (471736K) : Executing rule metal3_res_Acute
2026-03-28 22:48:16 +0100: Memory Usage (471736K) : Executing rule metal3_iprobe_Acute
2026-03-28 22:48:16 +0100: Memory Usage (471736K) : Executing rule metal3_diffprb_Acute
2026-03-28 22:48:16 +0100: Memory Usage (471736K) : Executing rule nwell_drw_Acute
2026-03-28 22:48:16 +0100: Memory Usage (471736K) : Executing rule nwell_pin_Acute
2026-03-28 22:48:16 +0100: Memory Usage (471736K) : Executing rule nbulay_drw_Acute
2026-03-28 22:48:16 +0100: Memory Usage (471736K) : Executing rule nbulay_pin_Acute
2026-03-28 22:48:16 +0100: Memory Usage (471736K) : Executing rule nbulay_block_Acute
2026-03-28 22:48:16 +0100: Memory Usage (471736K) : Executing rule pwell_drw_Acute
2026-03-28 22:48:16 +0100: Memory Usage (471736K) : Executing rule pwell_pin_Acute
2026-03-28 22:48:16 +0100: Memory Usage (471736K) : Executing rule pwell_block_Acute
2026-03-28 22:48:16 +0100: Memory Usage (471736K) : Executing rule emwind_drw_Acute
2026-03-28 22:48:16 +0100: Memory Usage (471736K) : Executing rule emwind_opc_Acute
2026-03-28 22:48:16 +0100: Memory Usage (471736K) : Executing rule deepco_drw_Acute
2026-03-28 22:48:16 +0100: Memory Usage (471736K) : Executing rule mim_drw_Acute
2026-03-28 22:48:16 +0100: Memory Usage (471736K) : Executing rule substrate_drw_Acute
2026-03-28 22:48:16 +0100: Memory Usage (471736K) : Executing rule ic_drw_Acute
2026-03-28 22:48:16 +0100: Memory Usage (471736K) : Executing rule via3_drw_Acute
2026-03-28 22:48:16 +0100: Memory Usage (471736K) : Executing rule pldb_drw_Acute
2026-03-28 22:48:16 +0100: Memory Usage (471736K) : Executing rule metal4_drw_Acute
2026-03-28 22:48:16 +0100: Memory Usage (471736K) : Executing rule metal4_pin_Acute
2026-03-28 22:48:16 +0100: Memory Usage (471736K) : Executing rule metal4_mask_Acute
2026-03-28 22:48:16 +0100: Memory Usage (471736K) : Executing rule metal4_filler_Acute
2026-03-28 22:48:16 +0100: Memory Usage (471736K) : Executing rule metal4_nofill_Acute
2026-03-28 22:48:16 +0100: Memory Usage (471736K) : Executing rule metal4_slit_Acute
2026-03-28 22:48:16 +0100: Memory Usage (471736K) : Executing rule metal4_opc_Acute
2026-03-28 22:48:16 +0100: Memory Usage (471736K) : Executing rule metal4_noqrc_Acute
2026-03-28 22:48:16 +0100: Memory Usage (471736K) : Executing rule metal4_res_Acute
2026-03-28 22:48:16 +0100: Memory Usage (471736K) : Executing rule metal4_iprobe_Acute
2026-03-28 22:48:16 +0100: Memory Usage (471736K) : Executing rule metal4_diffprb_Acute
2026-03-28 22:48:16 +0100: Memory Usage (471736K) : Executing rule via4_drw_Acute
2026-03-28 22:48:16 +0100: Memory Usage (471736K) : Executing rule metal5_drw_Acute
2026-03-28 22:48:16 +0100: Memory Usage (471736K) : Executing rule metal5_pin_Acute
2026-03-28 22:48:16 +0100: Memory Usage (471736K) : Executing rule metal5_mask_Acute
2026-03-28 22:48:16 +0100: Memory Usage (471736K) : Executing rule metal5_filler_Acute
2026-03-28 22:48:16 +0100: Memory Usage (471736K) : Executing rule metal5_nofill_Acute
2026-03-28 22:48:16 +0100: Memory Usage (471736K) : Executing rule metal5_slit_Acute
2026-03-28 22:48:16 +0100: Memory Usage (471736K) : Executing rule metal5_opc_Acute
2026-03-28 22:48:16 +0100: Memory Usage (471736K) : Executing rule metal5_noqrc_Acute
2026-03-28 22:48:16 +0100: Memory Usage (471736K) : Executing rule metal5_res_Acute
2026-03-28 22:48:16 +0100: Memory Usage (471736K) : Executing rule metal5_iprobe_Acute
2026-03-28 22:48:16 +0100: Memory Usage (471736K) : Executing rule metal5_diffprb_Acute
2026-03-28 22:48:16 +0100: Memory Usage (471736K) : Executing rule prboundary_drw_Acute
2026-03-28 22:48:16 +0100: Memory Usage (471736K) : Executing rule exchange0_drw_Acute
2026-03-28 22:48:16 +0100: Memory Usage (471736K) : Executing rule exchange0_pin_Acute
2026-03-28 22:48:16 +0100: Memory Usage (471736K) : Executing rule exchange1_drw_Acute
2026-03-28 22:48:16 +0100: Memory Usage (471736K) : Executing rule exchange1_pin_Acute
2026-03-28 22:48:16 +0100: Memory Usage (471736K) : Executing rule exchange2_drw_Acute
2026-03-28 22:48:16 +0100: Memory Usage (471736K) : Executing rule exchange2_pin_Acute
2026-03-28 22:48:16 +0100: Memory Usage (471736K) : Executing rule exchange3_drw_Acute
2026-03-28 22:48:16 +0100: Memory Usage (471736K) : Executing rule exchange3_pin_Acute
2026-03-28 22:48:16 +0100: Memory Usage (471736K) : Executing rule exchange4_drw_Acute
2026-03-28 22:48:16 +0100: Memory Usage (471736K) : Executing rule exchange4_pin_Acute
2026-03-28 22:48:16 +0100: Memory Usage (471736K) : Executing rule isonwell_drw_Acute
2026-03-28 22:48:16 +0100: Memory Usage (471736K) : Executing rule thickgateox_drw_Acute
2026-03-28 22:48:16 +0100: Memory Usage (471736K) : Executing rule pempoly_drw_Acute
2026-03-28 22:48:16 +0100: Memory Usage (471736K) : Executing rule fbe_drw_Acute
2026-03-28 22:48:16 +0100: Memory Usage (471736K) : Executing rule empoly_drw_Acute
2026-03-28 22:48:16 +0100: Memory Usage (471736K) : Executing rule ldmos_drw_Acute
2026-03-28 22:48:16 +0100: Memory Usage (471736K) : Executing rule pbiwind_drw_Acute
2026-03-28 22:48:16 +0100: Memory Usage (471736K) : Executing rule colopen_drw_Acute
2026-03-28 22:48:16 +0100: Memory Usage (471736K) : Executing rule extblock_drw_Acute
2026-03-28 22:48:16 +0100: Memory Usage (471736K) : Executing rule nldd_drw_Acute
2026-03-28 22:48:16 +0100: Memory Usage (471736K) : Executing rule pldd_drw_Acute
2026-03-28 22:48:16 +0100: Memory Usage (471736K) : Executing rule next_drw_Acute
2026-03-28 22:48:16 +0100: Memory Usage (471736K) : Executing rule pext_drw_Acute
2026-03-28 22:48:16 +0100: Memory Usage (471736K) : Executing rule nexthv_drw_Acute
2026-03-28 22:48:16 +0100: Memory Usage (471736K) : Executing rule pexthv_drw_Acute
2026-03-28 22:48:16 +0100: Memory Usage (471736K) : Executing rule graphgate_drw_Acute
2026-03-28 22:48:16 +0100: Memory Usage (471736K) : Executing rule mempad_drw_Acute
2026-03-28 22:48:16 +0100: Memory Usage (471736K) : Executing rule topvia1_drw_Acute
2026-03-28 22:48:16 +0100: Memory Usage (471736K) : Executing rule topmetal1_drw_Acute
2026-03-28 22:48:16 +0100: Memory Usage (471736K) : Executing rule topmetal1_pin_Acute
2026-03-28 22:48:16 +0100: Memory Usage (471736K) : Executing rule topmetal1_mask_Acute
2026-03-28 22:48:16 +0100: Memory Usage (471736K) : Executing rule topmetal1_filler_Acute
2026-03-28 22:48:16 +0100: Memory Usage (471736K) : Executing rule topmetal1_nofill_Acute
2026-03-28 22:48:16 +0100: Memory Usage (471736K) : Executing rule topmetal1_slit_Acute
2026-03-28 22:48:16 +0100: Memory Usage (471736K) : Executing rule topmetal1_noqrc_Acute
2026-03-28 22:48:16 +0100: Memory Usage (471736K) : Executing rule topmetal1_res_Acute
2026-03-28 22:48:16 +0100: Memory Usage (471736K) : Executing rule topmetal1_iprobe_Acute
2026-03-28 22:48:16 +0100: Memory Usage (471736K) : Executing rule topmetal1_diffprb_Acute
2026-03-28 22:48:16 +0100: Memory Usage (471736K) : Executing rule inldpwl_drw_Acute
2026-03-28 22:48:16 +0100: Memory Usage (471736K) : Executing rule polyres_drw_Acute
2026-03-28 22:48:16 +0100: Memory Usage (471736K) : Executing rule polyres_pin_Acute
2026-03-28 22:48:16 +0100: Memory Usage (471736K) : Executing rule vmim_drw_Acute
2026-03-28 22:48:16 +0100: Memory Usage (471736K) : Executing rule nbulaycut_drw_Acute
2026-03-28 22:48:16 +0100: Memory Usage (471736K) : Executing rule antmetal1_drw_Acute
2026-03-28 22:48:16 +0100: Memory Usage (471736K) : Executing rule topvia2_drw_Acute
2026-03-28 22:48:16 +0100: Memory Usage (471736K) : Executing rule topmetal2_drw_Acute
2026-03-28 22:48:16 +0100: Memory Usage (471736K) : Executing rule topmetal2_pin_Acute
2026-03-28 22:48:16 +0100: Memory Usage (471736K) : Executing rule topmetal2_mask_Acute
2026-03-28 22:48:16 +0100: Memory Usage (471736K) : Executing rule topmetal2_filler_Acute
2026-03-28 22:48:16 +0100: Memory Usage (471736K) : Executing rule topmetal2_nofill_Acute
2026-03-28 22:48:16 +0100: Memory Usage (471736K) : Executing rule topmetal2_slit_Acute
2026-03-28 22:48:16 +0100: Memory Usage (471736K) : Executing rule topmetal2_noqrc_Acute
2026-03-28 22:48:16 +0100: Memory Usage (471736K) : Executing rule topmetal2_res_Acute
2026-03-28 22:48:16 +0100: Memory Usage (471736K) : Executing rule topmetal2_iprobe_Acute
2026-03-28 22:48:16 +0100: Memory Usage (471736K) : Executing rule topmetal2_diffprb_Acute
2026-03-28 22:48:16 +0100: Memory Usage (471736K) : Executing rule snsring_drw_Acute
2026-03-28 22:48:16 +0100: Memory Usage (471736K) : Executing rule sensor_drw_Acute
2026-03-28 22:48:16 +0100: Memory Usage (471736K) : Executing rule snsarms_drw_Acute
2026-03-28 22:48:16 +0100: Memory Usage (471736K) : Executing rule snscmosvia_drw_Acute
2026-03-28 22:48:16 +0100: Memory Usage (471736K) : Executing rule colwind_drw_Acute
2026-03-28 22:48:16 +0100: Memory Usage (471736K) : Executing rule flm_drw_Acute
2026-03-28 22:48:16 +0100: Memory Usage (471736K) : Executing rule hafniumox_drw_Acute
2026-03-28 22:48:16 +0100: Memory Usage (471736K) : Executing rule memvia_drw_Acute
2026-03-28 22:48:16 +0100: Memory Usage (471736K) : Executing rule thinfilmres_drw_Acute
2026-03-28 22:48:16 +0100: Memory Usage (471736K) : Executing rule rfmem_drw_Acute
2026-03-28 22:48:16 +0100: Memory Usage (471736K) : Executing rule snsbotvia_drw_Acute
2026-03-28 22:48:17 +0100: Memory Usage (471736K) : Executing rule snstopvia_drw_Acute
2026-03-28 22:48:17 +0100: Memory Usage (471736K) : Executing rule deepvia_drw_Acute
2026-03-28 22:48:17 +0100: Memory Usage (471736K) : Executing rule fgetch_drw_Acute
2026-03-28 22:48:17 +0100: Memory Usage (471736K) : Executing rule ctrgat_drw_Acute
2026-03-28 22:48:17 +0100: Memory Usage (471736K) : Executing rule fgimp_drw_Acute
2026-03-28 22:48:17 +0100: Memory Usage (471736K) : Executing rule emwihv_drw_Acute
2026-03-28 22:48:17 +0100: Memory Usage (471736K) : Executing rule lbe_drw_Acute
2026-03-28 22:48:17 +0100: Memory Usage (471736K) : Executing rule alcustop_drw_Acute
2026-03-28 22:48:17 +0100: Memory Usage (471736K) : Executing rule cont_drw_Angle90
2026-03-28 22:48:17 +0100: Memory Usage (471864K) : Executing rule via1_drw_Angle90
2026-03-28 22:48:17 +0100: Memory Usage (471864K) : Executing rule via2_drw_Angle90
2026-03-28 22:48:17 +0100: Memory Usage (471864K) : Executing rule via3_drw_Angle90
2026-03-28 22:48:17 +0100: Memory Usage (471864K) : Executing rule via4_drw_Angle90
2026-03-28 22:48:17 +0100: Memory Usage (471864K) : Executing rule vmim_drw_Angle90
2026-03-28 22:48:17 +0100: Memory Usage (471864K) : Executing rule topvia1_drw_Angle90
2026-03-28 22:48:17 +0100: Memory Usage (471864K) : Executing rule topvia2_drw_Angle90
2026-03-28 22:48:17 +0100: Memory Usage (471864K) : Executing rule gatpoly_drw_Angle45
2026-03-28 22:48:17 +0100: Memory Usage (471864K) : Executing rule activ_drw_Angle45
2026-03-28 22:48:17 +0100: Memory Usage (471992K) : Executing rule metal1_drw_Angle45
2026-03-28 22:48:17 +0100: Memory Usage (472760K) : Executing rule metal2_drw_Angle45
2026-03-28 22:48:17 +0100: Memory Usage (474944K) : Executing rule metal3_drw_Angle45
2026-03-28 22:48:17 +0100: Memory Usage (474944K) : Executing rule metal4_drw_Angle45
2026-03-28 22:48:18 +0100: Memory Usage (474944K) : Executing rule metal5_drw_Angle45
2026-03-28 22:48:18 +0100: Memory Usage (474944K) : Executing rule topmetal1_drw_Angle45
2026-03-28 22:48:18 +0100: Memory Usage (474944K) : Executing rule topmetal2_drw_Angle45
2026-03-28 22:48:18 +0100: Memory Usage (474944K) : Starting 3.2. FORBIDDEN table
2026-03-28 22:48:18 +0100: Memory Usage (474944K) : Executing rule forbidden.biwind
2026-03-28 22:48:18 +0100: Memory Usage (474944K) : Executing rule forbidden.pemwind
2026-03-28 22:48:18 +0100: Memory Usage (474944K) : Executing rule forbidden.baspoly
2026-03-28 22:48:18 +0100: Memory Usage (474944K) : Executing rule forbidden.deepco
2026-03-28 22:48:18 +0100: Memory Usage (474944K) : Executing rule forbidden.pempoly
2026-03-28 22:48:18 +0100: Memory Usage (474944K) : Executing rule forbidden.empoly
2026-03-28 22:48:18 +0100: Memory Usage (474944K) : Executing rule forbidden.ldmos
2026-03-28 22:48:18 +0100: Memory Usage (474944K) : Executing rule forbidden.pbiwind
2026-03-28 22:48:18 +0100: Memory Usage (474944K) : Executing rule forbidden.nodrc
2026-03-28 22:48:18 +0100: Memory Usage (474944K) : Executing rule forbidden.flash
2026-03-28 22:48:18 +0100: Memory Usage (474944K) : Executing rule forbidden.colwind
2026-03-28 22:48:18 +0100: Memory Usage (474944K) : KLayout DRC run for tables 'main' completed in 7.39 seconds
