
===========================================================================
report_checks -path_delay max (Setup)
============================================================================
======================= nom_fast_1p32V_m40C Corner ===================================

Startpoint: _290_ (rising edge-triggered flip-flop clocked by clk)
Endpoint: sine_out[0] (output port clocked by clk)
Path Group: clk
Path Type: max

Fanout         Cap        Slew       Delay        Time   Description
---------------------------------------------------------------------------------------------
                      0.100000    0.000000    0.000000   clock clk (rise edge)
                                  0.000000    0.000000   clock network delay (ideal)
                      0.100000    0.000000    0.000000 ^ _290_/CLK (sg13g2_dfrbpq_1)
    18    0.072378    0.192473    0.264849    0.264849 ^ _290_/Q (sg13g2_dfrbpq_1)
                                                         DPATH.SUM.fa_2.A (net)
                      0.192473    0.000000    0.264849 ^ _164_/B (sg13g2_and2_1)
     5    0.018907    0.059680    0.127573    0.392422 ^ _164_/X (sg13g2_and2_1)
                                                         _113_ (net)
                      0.059680    0.000000    0.392422 ^ _180_/A2 (sg13g2_a21oi_1)
     4    0.016758    0.107616    0.092605    0.485027 v _180_/Y (sg13g2_a21oi_1)
                                                         _128_ (net)
                      0.107616    0.000000    0.485027 v _181_/B (sg13g2_and2_1)
     2    0.007365    0.025678    0.083970    0.568997 v _181_/X (sg13g2_and2_1)
                                                         _129_ (net)
                      0.025678    0.000000    0.568997 v _182_/B1 (sg13g2_o21ai_1)
     1    0.003668    0.062006    0.027348    0.596346 ^ _182_/Y (sg13g2_o21ai_1)
                                                         _009_ (net)
                      0.062006    0.000000    0.596346 ^ _183_/A2 (sg13g2_a21oi_1)
     1    0.003606    0.037894    0.051766    0.648112 v _183_/Y (sg13g2_a21oi_1)
                                                         _010_ (net)
                      0.037894    0.000000    0.648112 v _198_/B (sg13g2_nor4_1)
     1    0.003708    0.088616    0.096766    0.744878 ^ _198_/Y (sg13g2_nor4_1)
                                                         _025_ (net)
                      0.088616    0.000000    0.744878 ^ _216_/A2 (sg13g2_a22oi_1)
     1    0.010000    0.065894    0.084552    0.829429 v _216_/Y (sg13g2_a22oi_1)
                                                         sine_out[0] (net)
                      0.065894    0.000000    0.829429 v sine_out[0] (out)
                                              0.829429   data arrival time

                      0.100000    5.000000    5.000000   clock clk (rise edge)
                                  0.000000    5.000000   clock network delay (ideal)
                                 -0.150000    4.850000   clock uncertainty
                                  0.000000    4.850000   clock reconvergence pessimism
                                 -1.000000    3.850000   output external delay
                                              3.850000   data required time
---------------------------------------------------------------------------------------------
                                              3.850000   data required time
                                             -0.829429   data arrival time
---------------------------------------------------------------------------------------------
                                              3.020571   slack (MET)


Startpoint: _290_ (rising edge-triggered flip-flop clocked by clk)
Endpoint: sine_out[1] (output port clocked by clk)
Path Group: clk
Path Type: max

Fanout         Cap        Slew       Delay        Time   Description
---------------------------------------------------------------------------------------------
                      0.100000    0.000000    0.000000   clock clk (rise edge)
                                  0.000000    0.000000   clock network delay (ideal)
                      0.100000    0.000000    0.000000 ^ _290_/CLK (sg13g2_dfrbpq_1)
    18    0.072378    0.192473    0.264849    0.264849 ^ _290_/Q (sg13g2_dfrbpq_1)
                                                         DPATH.SUM.fa_2.A (net)
                      0.192473    0.000000    0.264849 ^ _156_/B (sg13g2_nor2_1)
     5    0.020700    0.085027    0.111765    0.376614 v _156_/Y (sg13g2_nor2_1)
                                                         _106_ (net)
                      0.085027    0.000000    0.376614 v _157_/A (sg13g2_inv_1)
     4    0.014690    0.056005    0.063851    0.440464 ^ _157_/Y (sg13g2_inv_1)
                                                         _107_ (net)
                      0.056005    0.000000    0.440464 ^ _229_/A (sg13g2_nand2_1)
     3    0.013407    0.075966    0.072027    0.512491 v _229_/Y (sg13g2_nand2_1)
                                                         _055_ (net)
                      0.075966    0.000000    0.512491 v _230_/B (sg13g2_xnor2_1)
     1    0.003525    0.042422    0.075336    0.587827 v _230_/Y (sg13g2_xnor2_1)
                                                         _056_ (net)
                      0.042422    0.000000    0.587827 v _231_/A2 (sg13g2_o21ai_1)
     1    0.003755    0.056000    0.060763    0.648590 ^ _231_/Y (sg13g2_o21ai_1)
                                                         _057_ (net)
                      0.056000    0.000000    0.648590 ^ _233_/B2 (sg13g2_a221oi_1)
     1    0.003525    0.081930    0.054962    0.703552 v _233_/Y (sg13g2_a221oi_1)
                                                         _059_ (net)
                      0.081930    0.000000    0.703552 v _235_/A2 (sg13g2_o21ai_1)
     1    0.010000    0.096945    0.104354    0.807906 ^ _235_/Y (sg13g2_o21ai_1)
                                                         sine_out[1] (net)
                      0.096945    0.000000    0.807906 ^ sine_out[1] (out)
                                              0.807906   data arrival time

                      0.100000    5.000000    5.000000   clock clk (rise edge)
                                  0.000000    5.000000   clock network delay (ideal)
                                 -0.150000    4.850000   clock uncertainty
                                  0.000000    4.850000   clock reconvergence pessimism
                                 -1.000000    3.850000   output external delay
                                              3.850000   data required time
---------------------------------------------------------------------------------------------
                                              3.850000   data required time
                                             -0.807906   data arrival time
---------------------------------------------------------------------------------------------
                                              3.042094   slack (MET)


Startpoint: _291_ (rising edge-triggered flip-flop clocked by clk)
Endpoint: sine_out[2] (output port clocked by clk)
Path Group: clk
Path Type: max

Fanout         Cap        Slew       Delay        Time   Description
---------------------------------------------------------------------------------------------
                      0.100000    0.000000    0.000000   clock clk (rise edge)
                                  0.000000    0.000000   clock network delay (ideal)
                      0.100000    0.000000    0.000000 ^ _291_/CLK (sg13g2_dfrbpq_1)
    26    0.100172    0.264184    0.313750    0.313750 ^ _291_/Q (sg13g2_dfrbpq_1)
                                                         DPATH.SUM.fa_3.A (net)
                      0.264184    0.000000    0.313750 ^ _202_/B1 (sg13g2_o21ai_1)
     3    0.010099    0.088154    0.100681    0.414430 v _202_/Y (sg13g2_o21ai_1)
                                                         _029_ (net)
                      0.088154    0.000000    0.414430 v _241_/D (sg13g2_nor4_1)
     1    0.002643    0.078542    0.077479    0.491910 ^ _241_/Y (sg13g2_nor4_1)
                                                         _066_ (net)
                      0.078542    0.000000    0.491910 ^ _242_/A_N (sg13g2_nand2b_1)
     1    0.003803    0.039633    0.061570    0.553480 ^ _242_/Y (sg13g2_nand2b_1)
                                                         _067_ (net)
                      0.039633    0.000000    0.553480 ^ _243_/B1 (sg13g2_a21oi_1)
     1    0.003762    0.047018    0.026156    0.579636 v _243_/Y (sg13g2_a21oi_1)
                                                         _068_ (net)
                      0.047018    0.000000    0.579636 v _244_/B1 (sg13g2_o21ai_1)
     1    0.004022    0.056194    0.033395    0.613031 ^ _244_/Y (sg13g2_o21ai_1)
                                                         _069_ (net)
                      0.056194    0.000000    0.613031 ^ _245_/B1 (sg13g2_o21ai_1)
     1    0.003525    0.045147    0.038073    0.651104 v _245_/Y (sg13g2_o21ai_1)
                                                         _070_ (net)
                      0.045147    0.000000    0.651104 v _253_/A2 (sg13g2_o21ai_1)
     1    0.010000    0.102520    0.091090    0.742194 ^ _253_/Y (sg13g2_o21ai_1)
                                                         sine_out[2] (net)
                      0.102520    0.000000    0.742194 ^ sine_out[2] (out)
                                              0.742194   data arrival time

                      0.100000    5.000000    5.000000   clock clk (rise edge)
                                  0.000000    5.000000   clock network delay (ideal)
                                 -0.150000    4.850000   clock uncertainty
                                  0.000000    4.850000   clock reconvergence pessimism
                                 -1.000000    3.850000   output external delay
                                              3.850000   data required time
---------------------------------------------------------------------------------------------
                                              3.850000   data required time
                                             -0.742194   data arrival time
---------------------------------------------------------------------------------------------
                                              3.107806   slack (MET)


Startpoint: _290_ (rising edge-triggered flip-flop clocked by clk)
Endpoint: sine_out[12] (output port clocked by clk)
Path Group: clk
Path Type: max

Fanout         Cap        Slew       Delay        Time   Description
---------------------------------------------------------------------------------------------
                      0.100000    0.000000    0.000000   clock clk (rise edge)
                                  0.000000    0.000000   clock network delay (ideal)
                      0.100000    0.000000    0.000000 ^ _290_/CLK (sg13g2_dfrbpq_1)
    18    0.072378    0.192473    0.264849    0.264849 ^ _290_/Q (sg13g2_dfrbpq_1)
                                                         DPATH.SUM.fa_2.A (net)
                      0.192473    0.000000    0.264849 ^ _164_/B (sg13g2_and2_1)
     5    0.018907    0.059680    0.127573    0.392422 ^ _164_/X (sg13g2_and2_1)
                                                         _113_ (net)
                      0.059680    0.000000    0.392422 ^ _180_/A2 (sg13g2_a21oi_1)
     4    0.016758    0.107616    0.092605    0.485027 v _180_/Y (sg13g2_a21oi_1)
                                                         _128_ (net)
                      0.107616    0.000000    0.485027 v _270_/A (sg13g2_nor2b_1)
     2    0.008213    0.069578    0.075167    0.560194 ^ _270_/Y (sg13g2_nor2b_1)
                                                         _085_ (net)
                      0.069578    0.000000    0.560194 ^ _271_/A2 (sg13g2_a21oi_1)
     1    0.010000    0.076728    0.074395    0.634589 v _271_/Y (sg13g2_a21oi_1)
                                                         sine_out[12] (net)
                      0.076728    0.000000    0.634589 v sine_out[12] (out)
                                              0.634589   data arrival time

                      0.100000    5.000000    5.000000   clock clk (rise edge)
                                  0.000000    5.000000   clock network delay (ideal)
                                 -0.150000    4.850000   clock uncertainty
                                  0.000000    4.850000   clock reconvergence pessimism
                                 -1.000000    3.850000   output external delay
                                              3.850000   data required time
---------------------------------------------------------------------------------------------
                                              3.850000   data required time
                                             -0.634589   data arrival time
---------------------------------------------------------------------------------------------
                                              3.215411   slack (MET)


Startpoint: _290_ (rising edge-triggered flip-flop clocked by clk)
Endpoint: sine_out[16] (output port clocked by clk)
Path Group: clk
Path Type: max

Fanout         Cap        Slew       Delay        Time   Description
---------------------------------------------------------------------------------------------
                      0.100000    0.000000    0.000000   clock clk (rise edge)
                                  0.000000    0.000000   clock network delay (ideal)
                      0.100000    0.000000    0.000000 ^ _290_/CLK (sg13g2_dfrbpq_1)
    18    0.072378    0.192473    0.264849    0.264849 ^ _290_/Q (sg13g2_dfrbpq_1)
                                                         DPATH.SUM.fa_2.A (net)
                      0.192473    0.000000    0.264849 ^ _164_/B (sg13g2_and2_1)
     5    0.018907    0.059680    0.127573    0.392422 ^ _164_/X (sg13g2_and2_1)
                                                         _113_ (net)
                      0.059680    0.000000    0.392422 ^ _180_/A2 (sg13g2_a21oi_1)
     4    0.016758    0.107616    0.092605    0.485027 v _180_/Y (sg13g2_a21oi_1)
                                                         _128_ (net)
                      0.107616    0.000000    0.485027 v _270_/A (sg13g2_nor2b_1)
     2    0.008213    0.069578    0.075167    0.560194 ^ _270_/Y (sg13g2_nor2b_1)
                                                         _085_ (net)
                      0.069578    0.000000    0.560194 ^ _275_/A2 (sg13g2_o21ai_1)
     1    0.010000    0.077512    0.067790    0.627984 v _275_/Y (sg13g2_o21ai_1)
                                                         sine_out[16] (net)
                      0.077512    0.000000    0.627984 v sine_out[16] (out)
                                              0.627984   data arrival time

                      0.100000    5.000000    5.000000   clock clk (rise edge)
                                  0.000000    5.000000   clock network delay (ideal)
                                 -0.150000    4.850000   clock uncertainty
                                  0.000000    4.850000   clock reconvergence pessimism
                                 -1.000000    3.850000   output external delay
                                              3.850000   data required time
---------------------------------------------------------------------------------------------
                                              3.850000   data required time
                                             -0.627984   data arrival time
---------------------------------------------------------------------------------------------
                                              3.222016   slack (MET)


Startpoint: _290_ (rising edge-triggered flip-flop clocked by clk)
Endpoint: sine_out[8] (output port clocked by clk)
Path Group: clk
Path Type: max

Fanout         Cap        Slew       Delay        Time   Description
---------------------------------------------------------------------------------------------
                      0.100000    0.000000    0.000000   clock clk (rise edge)
                                  0.000000    0.000000   clock network delay (ideal)
                      0.100000    0.000000    0.000000 ^ _290_/CLK (sg13g2_dfrbpq_1)
    18    0.072378    0.192473    0.264849    0.264849 ^ _290_/Q (sg13g2_dfrbpq_1)
                                                         DPATH.SUM.fa_2.A (net)
                      0.192473    0.000000    0.264849 ^ _164_/B (sg13g2_and2_1)
     5    0.018907    0.059680    0.127573    0.392422 ^ _164_/X (sg13g2_and2_1)
                                                         _113_ (net)
                      0.059680    0.000000    0.392422 ^ _166_/B (sg13g2_nand2_1)
     4    0.014399    0.106816    0.077149    0.469571 v _166_/Y (sg13g2_nand2_1)
                                                         _115_ (net)
                      0.106816    0.000000    0.469571 v _259_/B (sg13g2_nor2_1)
     2    0.007711    0.066875    0.072642    0.542213 ^ _259_/Y (sg13g2_nor2_1)
                                                         _081_ (net)
                      0.066875    0.000000    0.542213 ^ _264_/A2 (sg13g2_a21oi_1)
     1    0.010000    0.080677    0.073548    0.615761 v _264_/Y (sg13g2_a21oi_1)
                                                         sine_out[8] (net)
                      0.080677    0.000000    0.615761 v sine_out[8] (out)
                                              0.615761   data arrival time

                      0.100000    5.000000    5.000000   clock clk (rise edge)
                                  0.000000    5.000000   clock network delay (ideal)
                                 -0.150000    4.850000   clock uncertainty
                                  0.000000    4.850000   clock reconvergence pessimism
                                 -1.000000    3.850000   output external delay
                                              3.850000   data required time
---------------------------------------------------------------------------------------------
                                              3.850000   data required time
                                             -0.615761   data arrival time
---------------------------------------------------------------------------------------------
                                              3.234239   slack (MET)


Startpoint: _290_ (rising edge-triggered flip-flop clocked by clk)
Endpoint: sine_out[5] (output port clocked by clk)
Path Group: clk
Path Type: max

Fanout         Cap        Slew       Delay        Time   Description
---------------------------------------------------------------------------------------------
                      0.100000    0.000000    0.000000   clock clk (rise edge)
                                  0.000000    0.000000   clock network delay (ideal)
                      0.100000    0.000000    0.000000 ^ _290_/CLK (sg13g2_dfrbpq_1)
    18    0.072378    0.192473    0.264849    0.264849 ^ _290_/Q (sg13g2_dfrbpq_1)
                                                         DPATH.SUM.fa_2.A (net)
                      0.192473    0.000000    0.264849 ^ _164_/B (sg13g2_and2_1)
     5    0.018907    0.059680    0.127573    0.392422 ^ _164_/X (sg13g2_and2_1)
                                                         _113_ (net)
                      0.059680    0.000000    0.392422 ^ _166_/B (sg13g2_nand2_1)
     4    0.014399    0.106816    0.077149    0.469571 v _166_/Y (sg13g2_nand2_1)
                                                         _115_ (net)
                      0.106816    0.000000    0.469571 v _259_/B (sg13g2_nor2_1)
     2    0.007711    0.066875    0.072642    0.542213 ^ _259_/Y (sg13g2_nor2_1)
                                                         _081_ (net)
                      0.066875    0.000000    0.542213 ^ _260_/C (sg13g2_nor3_1)
     1    0.010000    0.065745    0.047287    0.589500 v _260_/Y (sg13g2_nor3_1)
                                                         sine_out[5] (net)
                      0.065745    0.000000    0.589500 v sine_out[5] (out)
                                              0.589500   data arrival time

                      0.100000    5.000000    5.000000   clock clk (rise edge)
                                  0.000000    5.000000   clock network delay (ideal)
                                 -0.150000    4.850000   clock uncertainty
                                  0.000000    4.850000   clock reconvergence pessimism
                                 -1.000000    3.850000   output external delay
                                              3.850000   data required time
---------------------------------------------------------------------------------------------
                                              3.850000   data required time
                                             -0.589500   data arrival time
---------------------------------------------------------------------------------------------
                                              3.260500   slack (MET)


Startpoint: _290_ (rising edge-triggered flip-flop clocked by clk)
Endpoint: sine_out[15] (output port clocked by clk)
Path Group: clk
Path Type: max

Fanout         Cap        Slew       Delay        Time   Description
---------------------------------------------------------------------------------------------
                      0.100000    0.000000    0.000000   clock clk (rise edge)
                                  0.000000    0.000000   clock network delay (ideal)
                      0.100000    0.000000    0.000000 ^ _290_/CLK (sg13g2_dfrbpq_1)
    18    0.072378    0.192473    0.264849    0.264849 ^ _290_/Q (sg13g2_dfrbpq_1)
                                                         DPATH.SUM.fa_2.A (net)
                      0.192473    0.000000    0.264849 ^ _164_/B (sg13g2_and2_1)
     5    0.018907    0.059680    0.127573    0.392422 ^ _164_/X (sg13g2_and2_1)
                                                         _113_ (net)
                      0.059680    0.000000    0.392422 ^ _166_/B (sg13g2_nand2_1)
     4    0.014399    0.106816    0.077149    0.469571 v _166_/Y (sg13g2_nand2_1)
                                                         _115_ (net)
                      0.106816    0.000000    0.469571 v _246_/B (sg13g2_nand2b_1)
     2    0.007492    0.046993    0.056347    0.525918 ^ _246_/Y (sg13g2_nand2b_1)
                                                         _071_ (net)
                      0.046993    0.000000    0.525918 ^ _274_/B (sg13g2_nand2_1)
     1    0.010000    0.077258    0.059496    0.585414 v _274_/Y (sg13g2_nand2_1)
                                                         sine_out[15] (net)
                      0.077258    0.000000    0.585414 v sine_out[15] (out)
                                              0.585414   data arrival time

                      0.100000    5.000000    5.000000   clock clk (rise edge)
                                  0.000000    5.000000   clock network delay (ideal)
                                 -0.150000    4.850000   clock uncertainty
                                  0.000000    4.850000   clock reconvergence pessimism
                                 -1.000000    3.850000   output external delay
                                              3.850000   data required time
---------------------------------------------------------------------------------------------
                                              3.850000   data required time
                                             -0.585414   data arrival time
---------------------------------------------------------------------------------------------
                                              3.264586   slack (MET)


Startpoint: _290_ (rising edge-triggered flip-flop clocked by clk)
Endpoint: sine_out[13] (output port clocked by clk)
Path Group: clk
Path Type: max

Fanout         Cap        Slew       Delay        Time   Description
---------------------------------------------------------------------------------------------
                      0.100000    0.000000    0.000000   clock clk (rise edge)
                                  0.000000    0.000000   clock network delay (ideal)
                      0.100000    0.000000    0.000000 ^ _290_/CLK (sg13g2_dfrbpq_1)
    18    0.072378    0.192473    0.264849    0.264849 ^ _290_/Q (sg13g2_dfrbpq_1)
                                                         DPATH.SUM.fa_2.A (net)
                      0.192473    0.000000    0.264849 ^ _164_/B (sg13g2_and2_1)
     5    0.018907    0.059680    0.127573    0.392422 ^ _164_/X (sg13g2_and2_1)
                                                         _113_ (net)
                      0.059680    0.000000    0.392422 ^ _166_/B (sg13g2_nand2_1)
     4    0.014399    0.106816    0.077149    0.469571 v _166_/Y (sg13g2_nand2_1)
                                                         _115_ (net)
                      0.106816    0.000000    0.469571 v _168_/A (sg13g2_nor2_1)
     2    0.006901    0.062532    0.069809    0.539380 ^ _168_/Y (sg13g2_nor2_1)
                                                         _117_ (net)
                      0.062532    0.000000    0.539380 ^ _272_/B (sg13g2_nor2_1)
     1    0.010000    0.061672    0.044468    0.583848 v _272_/Y (sg13g2_nor2_1)
                                                         sine_out[13] (net)
                      0.061672    0.000000    0.583848 v sine_out[13] (out)
                                              0.583848   data arrival time

                      0.100000    5.000000    5.000000   clock clk (rise edge)
                                  0.000000    5.000000   clock network delay (ideal)
                                 -0.150000    4.850000   clock uncertainty
                                  0.000000    4.850000   clock reconvergence pessimism
                                 -1.000000    3.850000   output external delay
                                              3.850000   data required time
---------------------------------------------------------------------------------------------
                                              3.850000   data required time
                                             -0.583848   data arrival time
---------------------------------------------------------------------------------------------
                                              3.266151   slack (MET)


Startpoint: _292_ (rising edge-triggered flip-flop clocked by clk)
Endpoint: sine_out[3] (output port clocked by clk)
Path Group: clk
Path Type: max

Fanout         Cap        Slew       Delay        Time   Description
---------------------------------------------------------------------------------------------
                      0.100000    0.000000    0.000000   clock clk (rise edge)
                                  0.000000    0.000000   clock network delay (ideal)
                      0.100000    0.000000    0.000000 ^ _292_/CLK (sg13g2_dfrbpq_1)
    18    0.065719    0.140589    0.235702    0.235702 v _292_/Q (sg13g2_dfrbpq_1)
                                                         DPATH.SUM.fa_4.A (net)
                      0.140589    0.000000    0.235702 v _159_/A (sg13g2_or2_1)
     9    0.029656    0.073168    0.146222    0.381924 v _159_/X (sg13g2_or2_1)
                                                         _109_ (net)
                      0.073168    0.000000    0.381924 v _161_/B (sg13g2_nor2_1)
     2    0.007142    0.072944    0.061995    0.443919 ^ _161_/Y (sg13g2_nor2_1)
                                                         _111_ (net)
                      0.072944    0.000000    0.443919 ^ _255_/A (sg13g2_nand2_1)
     2    0.006884    0.051794    0.054816    0.498734 v _255_/Y (sg13g2_nand2_1)
                                                         _079_ (net)
                      0.051794    0.000000    0.498734 v _256_/B (sg13g2_nor2_1)
     1    0.010000    0.080243    0.068042    0.566777 ^ _256_/Y (sg13g2_nor2_1)
                                                         sine_out[3] (net)
                      0.080243    0.000000    0.566777 ^ sine_out[3] (out)
                                              0.566777   data arrival time

                      0.100000    5.000000    5.000000   clock clk (rise edge)
                                  0.000000    5.000000   clock network delay (ideal)
                                 -0.150000    4.850000   clock uncertainty
                                  0.000000    4.850000   clock reconvergence pessimism
                                 -1.000000    3.850000   output external delay
                                              3.850000   data required time
---------------------------------------------------------------------------------------------
                                              3.850000   data required time
                                             -0.566777   data arrival time
---------------------------------------------------------------------------------------------
                                              3.283223   slack (MET)


Startpoint: _291_ (rising edge-triggered flip-flop clocked by clk)
Endpoint: sine_out[10] (output port clocked by clk)
Path Group: clk
Path Type: max

Fanout         Cap        Slew       Delay        Time   Description
---------------------------------------------------------------------------------------------
                      0.100000    0.000000    0.000000   clock clk (rise edge)
                                  0.000000    0.000000   clock network delay (ideal)
                      0.100000    0.000000    0.000000 ^ _291_/CLK (sg13g2_dfrbpq_1)
    26    0.100172    0.264184    0.313750    0.313750 ^ _291_/Q (sg13g2_dfrbpq_1)
                                                         DPATH.SUM.fa_3.A (net)
                      0.264184    0.000000    0.313750 ^ _202_/B1 (sg13g2_o21ai_1)
     3    0.010099    0.088154    0.100681    0.414430 v _202_/Y (sg13g2_o21ai_1)
                                                         _029_ (net)
                      0.088154    0.000000    0.414430 v _266_/A2 (sg13g2_o21ai_1)
     1    0.003689    0.060885    0.075169    0.489599 ^ _266_/Y (sg13g2_o21ai_1)
                                                         _083_ (net)
                      0.060885    0.000000    0.489599 ^ _267_/B (sg13g2_nand2_1)
     1    0.010000    0.053065    0.063364    0.552963 v _267_/Y (sg13g2_nand2_1)
                                                         sine_out[10] (net)
                      0.053065    0.000000    0.552963 v sine_out[10] (out)
                                              0.552963   data arrival time

                      0.100000    5.000000    5.000000   clock clk (rise edge)
                                  0.000000    5.000000   clock network delay (ideal)
                                 -0.150000    4.850000   clock uncertainty
                                  0.000000    4.850000   clock reconvergence pessimism
                                 -1.000000    3.850000   output external delay
                                              3.850000   data required time
---------------------------------------------------------------------------------------------
                                              3.850000   data required time
                                             -0.552963   data arrival time
---------------------------------------------------------------------------------------------
                                              3.297037   slack (MET)


Startpoint: _290_ (rising edge-triggered flip-flop clocked by clk)
Endpoint: sine_out[4] (output port clocked by clk)
Path Group: clk
Path Type: max

Fanout         Cap        Slew       Delay        Time   Description
---------------------------------------------------------------------------------------------
                      0.100000    0.000000    0.000000   clock clk (rise edge)
                                  0.000000    0.000000   clock network delay (ideal)
                      0.100000    0.000000    0.000000 ^ _290_/CLK (sg13g2_dfrbpq_1)
    18    0.068327    0.145955    0.239556    0.239556 v _290_/Q (sg13g2_dfrbpq_1)
                                                         DPATH.SUM.fa_2.A (net)
                      0.145955    0.000000    0.239556 v _156_/B (sg13g2_nor2_1)
     5    0.021597    0.141521    0.150490    0.390046 ^ _156_/Y (sg13g2_nor2_1)
                                                         _106_ (net)
                      0.141521    0.000000    0.390046 ^ _201_/A (sg13g2_nor2b_1)
     3    0.010557    0.050683    0.065462    0.455508 v _201_/Y (sg13g2_nor2b_1)
                                                         _028_ (net)
                      0.050683    0.000000    0.455508 v _258_/C (sg13g2_nor3_1)
     1    0.010000    0.113113    0.096728    0.552236 ^ _258_/Y (sg13g2_nor3_1)
                                                         sine_out[4] (net)
                      0.113113    0.000000    0.552236 ^ sine_out[4] (out)
                                              0.552236   data arrival time

                      0.100000    5.000000    5.000000   clock clk (rise edge)
                                  0.000000    5.000000   clock network delay (ideal)
                                 -0.150000    4.850000   clock uncertainty
                                  0.000000    4.850000   clock reconvergence pessimism
                                 -1.000000    3.850000   output external delay
                                              3.850000   data required time
---------------------------------------------------------------------------------------------
                                              3.850000   data required time
                                             -0.552236   data arrival time
---------------------------------------------------------------------------------------------
                                              3.297764   slack (MET)


Startpoint: _291_ (rising edge-triggered flip-flop clocked by clk)
Endpoint: sine_out[17] (output port clocked by clk)
Path Group: clk
Path Type: max

Fanout         Cap        Slew       Delay        Time   Description
---------------------------------------------------------------------------------------------
                      0.100000    0.000000    0.000000   clock clk (rise edge)
                                  0.000000    0.000000   clock network delay (ideal)
                      0.100000    0.000000    0.000000 ^ _291_/CLK (sg13g2_dfrbpq_1)
    26    0.100172    0.264184    0.313750    0.313750 ^ _291_/Q (sg13g2_dfrbpq_1)
                                                         DPATH.SUM.fa_3.A (net)
                      0.264184    0.000000    0.313750 ^ _160_/A (sg13g2_nor2_1)
     4    0.014926    0.085778    0.110746    0.424495 v _160_/Y (sg13g2_nor2_1)
                                                         _110_ (net)
                      0.085778    0.000000    0.424495 v _276_/B (sg13g2_nand2b_1)
     1    0.003710    0.033840    0.041313    0.465808 ^ _276_/Y (sg13g2_nand2b_1)
                                                         _086_ (net)
                      0.033840    0.000000    0.465808 ^ _277_/C (sg13g2_nand3_1)
     1    0.010000    0.095686    0.082673    0.548481 v _277_/Y (sg13g2_nand3_1)
                                                         sine_out[17] (net)
                      0.095686    0.000000    0.548481 v sine_out[17] (out)
                                              0.548481   data arrival time

                      0.100000    5.000000    5.000000   clock clk (rise edge)
                                  0.000000    5.000000   clock network delay (ideal)
                                 -0.150000    4.850000   clock uncertainty
                                  0.000000    4.850000   clock reconvergence pessimism
                                 -1.000000    3.850000   output external delay
                                              3.850000   data required time
---------------------------------------------------------------------------------------------
                                              3.850000   data required time
                                             -0.548481   data arrival time
---------------------------------------------------------------------------------------------
                                              3.301519   slack (MET)


Startpoint: _292_ (rising edge-triggered flip-flop clocked by clk)
Endpoint: sine_out[14] (output port clocked by clk)
Path Group: clk
Path Type: max

Fanout         Cap        Slew       Delay        Time   Description
---------------------------------------------------------------------------------------------
                      0.100000    0.000000    0.000000   clock clk (rise edge)
                                  0.000000    0.000000   clock network delay (ideal)
                      0.100000    0.000000    0.000000 ^ _292_/CLK (sg13g2_dfrbpq_1)
    18    0.065719    0.140589    0.235702    0.235702 v _292_/Q (sg13g2_dfrbpq_1)
                                                         DPATH.SUM.fa_4.A (net)
                      0.140589    0.000000    0.235702 v _159_/A (sg13g2_or2_1)
     9    0.029656    0.073168    0.146222    0.381924 v _159_/X (sg13g2_or2_1)
                                                         _109_ (net)
                      0.073168    0.000000    0.381924 v _161_/B (sg13g2_nor2_1)
     2    0.007142    0.072944    0.061995    0.443919 ^ _161_/Y (sg13g2_nor2_1)
                                                         _111_ (net)
                      0.072944    0.000000    0.443919 ^ _255_/A (sg13g2_nand2_1)
     2    0.006884    0.051794    0.054816    0.498734 v _255_/Y (sg13g2_nand2_1)
                                                         _079_ (net)
                      0.051794    0.000000    0.498734 v _273_/B (sg13g2_nand2_1)
     1    0.010000    0.059371    0.046936    0.545671 ^ _273_/Y (sg13g2_nand2_1)
                                                         sine_out[14] (net)
                      0.059371    0.000000    0.545671 ^ sine_out[14] (out)
                                              0.545671   data arrival time

                      0.100000    5.000000    5.000000   clock clk (rise edge)
                                  0.000000    5.000000   clock network delay (ideal)
                                 -0.150000    4.850000   clock uncertainty
                                  0.000000    4.850000   clock reconvergence pessimism
                                 -1.000000    3.850000   output external delay
                                              3.850000   data required time
---------------------------------------------------------------------------------------------
                                              3.850000   data required time
                                             -0.545671   data arrival time
---------------------------------------------------------------------------------------------
                                              3.304329   slack (MET)


Startpoint: _291_ (rising edge-triggered flip-flop clocked by clk)
Endpoint: sine_out[11] (output port clocked by clk)
Path Group: clk
Path Type: max

Fanout         Cap        Slew       Delay        Time   Description
---------------------------------------------------------------------------------------------
                      0.100000    0.000000    0.000000   clock clk (rise edge)
                                  0.000000    0.000000   clock network delay (ideal)
                      0.100000    0.000000    0.000000 ^ _291_/CLK (sg13g2_dfrbpq_1)
    26    0.100210    0.211566    0.286676    0.286676 v _291_/Q (sg13g2_dfrbpq_1)
                                                         DPATH.SUM.fa_3.A (net)
                      0.211566    0.000000    0.286676 v _210_/A (sg13g2_nor2_1)
     4    0.015783    0.115786    0.128337    0.415013 ^ _210_/Y (sg13g2_nor2_1)
                                                         _037_ (net)
                      0.115786    0.000000    0.415013 ^ _268_/A2 (sg13g2_a21oi_1)
     1    0.003350    0.040858    0.063963    0.478975 v _268_/Y (sg13g2_a21oi_1)
                                                         _084_ (net)
                      0.040858    0.000000    0.478975 v _269_/B (sg13g2_nor2_1)
     1    0.010000    0.080243    0.064853    0.543828 ^ _269_/Y (sg13g2_nor2_1)
                                                         sine_out[11] (net)
                      0.080243    0.000000    0.543828 ^ sine_out[11] (out)
                                              0.543828   data arrival time

                      0.100000    5.000000    5.000000   clock clk (rise edge)
                                  0.000000    5.000000   clock network delay (ideal)
                                 -0.150000    4.850000   clock uncertainty
                                  0.000000    4.850000   clock reconvergence pessimism
                                 -1.000000    3.850000   output external delay
                                              3.850000   data required time
---------------------------------------------------------------------------------------------
                                              3.850000   data required time
                                             -0.543828   data arrival time
---------------------------------------------------------------------------------------------
                                              3.306172   slack (MET)


Startpoint: _290_ (rising edge-triggered flip-flop clocked by clk)
Endpoint: sine_out[7] (output port clocked by clk)
Path Group: clk
Path Type: max

Fanout         Cap        Slew       Delay        Time   Description
---------------------------------------------------------------------------------------------
                      0.100000    0.000000    0.000000   clock clk (rise edge)
                                  0.000000    0.000000   clock network delay (ideal)
                      0.100000    0.000000    0.000000 ^ _290_/CLK (sg13g2_dfrbpq_1)
    18    0.072378    0.192473    0.264849    0.264849 ^ _290_/Q (sg13g2_dfrbpq_1)
                                                         DPATH.SUM.fa_2.A (net)
                      0.192473    0.000000    0.264849 ^ _156_/B (sg13g2_nor2_1)
     5    0.020700    0.085027    0.111765    0.376614 v _156_/Y (sg13g2_nor2_1)
                                                         _106_ (net)
                      0.085027    0.000000    0.376614 v _201_/A (sg13g2_nor2b_1)
     3    0.011146    0.080131    0.082854    0.459468 ^ _201_/Y (sg13g2_nor2b_1)
                                                         _028_ (net)
                      0.080131    0.000000    0.459468 ^ _263_/A2 (sg13g2_a21oi_1)
     1    0.010000    0.080677    0.077704    0.537171 v _263_/Y (sg13g2_a21oi_1)
                                                         sine_out[7] (net)
                      0.080677    0.000000    0.537171 v sine_out[7] (out)
                                              0.537171   data arrival time

                      0.100000    5.000000    5.000000   clock clk (rise edge)
                                  0.000000    5.000000   clock network delay (ideal)
                                 -0.150000    4.850000   clock uncertainty
                                  0.000000    4.850000   clock reconvergence pessimism
                                 -1.000000    3.850000   output external delay
                                              3.850000   data required time
---------------------------------------------------------------------------------------------
                                              3.850000   data required time
                                             -0.537171   data arrival time
---------------------------------------------------------------------------------------------
                                              3.312829   slack (MET)


Startpoint: _291_ (rising edge-triggered flip-flop clocked by clk)
Endpoint: sine_out[9] (output port clocked by clk)
Path Group: clk
Path Type: max

Fanout         Cap        Slew       Delay        Time   Description
---------------------------------------------------------------------------------------------
                      0.100000    0.000000    0.000000   clock clk (rise edge)
                                  0.000000    0.000000   clock network delay (ideal)
                      0.100000    0.000000    0.000000 ^ _291_/CLK (sg13g2_dfrbpq_1)
    26    0.100210    0.211566    0.286676    0.286676 v _291_/Q (sg13g2_dfrbpq_1)
                                                         DPATH.SUM.fa_3.A (net)
                      0.211566    0.000000    0.286676 v _160_/A (sg13g2_nor2_1)
     4    0.014590    0.109871    0.122241    0.408917 ^ _160_/Y (sg13g2_nor2_1)
                                                         _110_ (net)
                      0.109871    0.000000    0.408917 ^ _254_/A (sg13g2_nand2_1)
     1    0.003604    0.039638    0.050981    0.459898 v _254_/Y (sg13g2_nand2_1)
                                                         _078_ (net)
                      0.039638    0.000000    0.459898 v _265_/A2 (sg13g2_a21oi_1)
     1    0.010000    0.092475    0.077111    0.537009 ^ _265_/Y (sg13g2_a21oi_1)
                                                         sine_out[9] (net)
                      0.092475    0.000000    0.537009 ^ sine_out[9] (out)
                                              0.537009   data arrival time

                      0.100000    5.000000    5.000000   clock clk (rise edge)
                                  0.000000    5.000000   clock network delay (ideal)
                                 -0.150000    4.850000   clock uncertainty
                                  0.000000    4.850000   clock reconvergence pessimism
                                 -1.000000    3.850000   output external delay
                                              3.850000   data required time
---------------------------------------------------------------------------------------------
                                              3.850000   data required time
                                             -0.537009   data arrival time
---------------------------------------------------------------------------------------------
                                              3.312991   slack (MET)


Startpoint: _291_ (rising edge-triggered flip-flop clocked by clk)
Endpoint: sine_out[6] (output port clocked by clk)
Path Group: clk
Path Type: max

Fanout         Cap        Slew       Delay        Time   Description
---------------------------------------------------------------------------------------------
                      0.100000    0.000000    0.000000   clock clk (rise edge)
                                  0.000000    0.000000   clock network delay (ideal)
                      0.100000    0.000000    0.000000 ^ _291_/CLK (sg13g2_dfrbpq_1)
    26    0.100210    0.211566    0.286676    0.286676 v _291_/Q (sg13g2_dfrbpq_1)
                                                         DPATH.SUM.fa_3.A (net)
                      0.211566    0.000000    0.286676 v _210_/A (sg13g2_nor2_1)
     4    0.015783    0.115786    0.128337    0.415013 ^ _210_/Y (sg13g2_nor2_1)
                                                         _037_ (net)
                      0.115786    0.000000    0.415013 ^ _211_/A (sg13g2_inv_1)
     1    0.003604    0.029465    0.037678    0.452690 v _211_/Y (sg13g2_inv_1)
                                                         _038_ (net)
                      0.029465    0.000000    0.452690 v _262_/A2 (sg13g2_a21oi_1)
     1    0.010000    0.077794    0.074186    0.526876 ^ _262_/Y (sg13g2_a21oi_1)
                                                         sine_out[6] (net)
                      0.077794    0.000000    0.526876 ^ sine_out[6] (out)
                                              0.526876   data arrival time

                      0.100000    5.000000    5.000000   clock clk (rise edge)
                                  0.000000    5.000000   clock network delay (ideal)
                                 -0.150000    4.850000   clock uncertainty
                                  0.000000    4.850000   clock reconvergence pessimism
                                 -1.000000    3.850000   output external delay
                                              3.850000   data required time
---------------------------------------------------------------------------------------------
                                              3.850000   data required time
                                             -0.526876   data arrival time
---------------------------------------------------------------------------------------------
                                              3.323124   slack (MET)


Startpoint: _295_ (rising edge-triggered flip-flop clocked by clk)
Endpoint: signB (output port clocked by clk)
Path Group: clk
Path Type: max

Fanout         Cap        Slew       Delay        Time   Description
---------------------------------------------------------------------------------------------
                      0.100000    0.000000    0.000000   clock clk (rise edge)
                                  0.000000    0.000000   clock network delay (ideal)
                      0.100000    0.000000    0.000000 ^ _295_/CLK (sg13g2_dfrbpq_1)
     3    0.040705    0.110873    0.209022    0.209022 ^ _295_/Q (sg13g2_dfrbpq_1)
                                                         sign (net)
                      0.110873    0.000000    0.209022 ^ _133_/A (sg13g2_inv_1)
     1    0.030000    0.084644    0.106585    0.315607 v _133_/Y (sg13g2_inv_1)
                                                         signB (net)
                      0.084644    0.000000    0.315607 v signB (out)
                                              0.315607   data arrival time

                      0.100000    5.000000    5.000000   clock clk (rise edge)
                                  0.000000    5.000000   clock network delay (ideal)
                                 -0.150000    4.850000   clock uncertainty
                                  0.000000    4.850000   clock reconvergence pessimism
                                 -1.000000    3.850000   output external delay
                                              3.850000   data required time
---------------------------------------------------------------------------------------------
                                              3.850000   data required time
                                             -0.315607   data arrival time
---------------------------------------------------------------------------------------------
                                              3.534393   slack (MET)


Startpoint: _295_ (rising edge-triggered flip-flop clocked by clk)
Endpoint: sign (output port clocked by clk)
Path Group: clk
Path Type: max

Fanout         Cap        Slew       Delay        Time   Description
---------------------------------------------------------------------------------------------
                      0.100000    0.000000    0.000000   clock clk (rise edge)
                                  0.000000    0.000000   clock network delay (ideal)
                      0.100000    0.000000    0.000000 ^ _295_/CLK (sg13g2_dfrbpq_1)
     3    0.040705    0.110873    0.209022    0.209022 ^ _295_/Q (sg13g2_dfrbpq_1)
                                                         sign (net)
                      0.110873    0.000000    0.209022 ^ sign (out)
                                              0.209022   data arrival time

                      0.100000    5.000000    5.000000   clock clk (rise edge)
                                  0.000000    5.000000   clock network delay (ideal)
                                 -0.150000    4.850000   clock uncertainty
                                  0.000000    4.850000   clock reconvergence pessimism
                                 -1.000000    3.850000   output external delay
                                              3.850000   data required time
---------------------------------------------------------------------------------------------
                                              3.850000   data required time
                                             -0.209022   data arrival time
---------------------------------------------------------------------------------------------
                                              3.640978   slack (MET)


Startpoint: _288_ (rising edge-triggered flip-flop clocked by clk)
Endpoint: _294_ (rising edge-triggered flip-flop clocked by clk)
Path Group: clk
Path Type: max

Fanout         Cap        Slew       Delay        Time   Description
---------------------------------------------------------------------------------------------
                      0.100000    0.000000    0.000000   clock clk (rise edge)
                                  0.000000    0.000000   clock network delay (ideal)
                      0.100000    0.000000    0.000000 ^ _288_/CLK (sg13g2_dfrbpq_1)
    15    0.065922    0.175815    0.253490    0.253490 ^ _288_/Q (sg13g2_dfrbpq_1)
                                                         DPATH.SUM.Cout0 (net)
                      0.175815    0.000000    0.253490 ^ _132_/A (sg13g2_inv_1)
     8    0.030547    0.101494    0.131945    0.385435 v _132_/Y (sg13g2_inv_1)
                                                         DPATH.SUM.ha_0.S (net)
                      0.101494    0.000000    0.385435 v _138_/A1 (sg13g2_o21ai_1)
     2    0.010498    0.098524    0.113626    0.499060 ^ _138_/Y (sg13g2_o21ai_1)
                                                         _092_ (net)
                      0.098524    0.000000    0.499060 ^ _140_/A1 (sg13g2_a21oi_1)
     2    0.011211    0.072158    0.089186    0.588246 v _140_/Y (sg13g2_a21oi_1)
                                                         _094_ (net)
                      0.072158    0.000000    0.588246 v _144_/A1 (sg13g2_o21ai_1)
     2    0.010498    0.099078    0.105252    0.693498 ^ _144_/Y (sg13g2_o21ai_1)
                                                         _097_ (net)
                      0.099078    0.000000    0.693498 ^ _148_/A1 (sg13g2_a21oi_1)
     2    0.011211    0.072258    0.089339    0.782838 v _148_/Y (sg13g2_a21oi_1)
                                                         _100_ (net)
                      0.072258    0.000000    0.782838 v _152_/A1 (sg13g2_o21ai_1)
     1    0.007157    0.078470    0.089482    0.872320 ^ _152_/Y (sg13g2_o21ai_1)
                                                         _103_ (net)
                      0.078470    0.000000    0.872320 ^ _154_/A (sg13g2_xnor2_1)
     1    0.001750    0.041983    0.070126    0.942445 ^ _154_/Y (sg13g2_xnor2_1)
                                                         DPATH.SUM.fa_6.S (net)
                      0.041983    0.000000    0.942445 ^ _294_/D (sg13g2_dfrbpq_1)
                                              0.942445   data arrival time

                      0.100000    5.000000    5.000000   clock clk (rise edge)
                                  0.000000    5.000000   clock network delay (ideal)
                                 -0.150000    4.850000   clock uncertainty
                                  0.000000    4.850000   clock reconvergence pessimism
                                              4.850000 ^ _294_/CLK (sg13g2_dfrbpq_1)
                                 -0.072312    4.777688   library setup time
                                              4.777688   data required time
---------------------------------------------------------------------------------------------
                                              4.777688   data required time
                                             -0.942445   data arrival time
---------------------------------------------------------------------------------------------
                                              3.835243   slack (MET)


Startpoint: _288_ (rising edge-triggered flip-flop clocked by clk)
Endpoint: _293_ (rising edge-triggered flip-flop clocked by clk)
Path Group: clk
Path Type: max

Fanout         Cap        Slew       Delay        Time   Description
---------------------------------------------------------------------------------------------
                      0.100000    0.000000    0.000000   clock clk (rise edge)
                                  0.000000    0.000000   clock network delay (ideal)
                      0.100000    0.000000    0.000000 ^ _288_/CLK (sg13g2_dfrbpq_1)
    15    0.065922    0.175815    0.253490    0.253490 ^ _288_/Q (sg13g2_dfrbpq_1)
                                                         DPATH.SUM.Cout0 (net)
                      0.175815    0.000000    0.253490 ^ _132_/A (sg13g2_inv_1)
     8    0.030547    0.101494    0.131945    0.385435 v _132_/Y (sg13g2_inv_1)
                                                         DPATH.SUM.ha_0.S (net)
                      0.101494    0.000000    0.385435 v _138_/A1 (sg13g2_o21ai_1)
     2    0.010498    0.098524    0.113626    0.499060 ^ _138_/Y (sg13g2_o21ai_1)
                                                         _092_ (net)
                      0.098524    0.000000    0.499060 ^ _140_/A1 (sg13g2_a21oi_1)
     2    0.011211    0.072158    0.089186    0.588246 v _140_/Y (sg13g2_a21oi_1)
                                                         _094_ (net)
                      0.072158    0.000000    0.588246 v _144_/A1 (sg13g2_o21ai_1)
     2    0.010498    0.099078    0.105252    0.693498 ^ _144_/Y (sg13g2_o21ai_1)
                                                         _097_ (net)
                      0.099078    0.000000    0.693498 ^ _148_/A1 (sg13g2_a21oi_1)
     2    0.011211    0.072258    0.089339    0.782838 v _148_/Y (sg13g2_a21oi_1)
                                                         _100_ (net)
                      0.072258    0.000000    0.782838 v _151_/A (sg13g2_xor2_1)
     1    0.001830    0.038627    0.074431    0.857268 v _151_/X (sg13g2_xor2_1)
                                                         DPATH.SUM.fa_5.S (net)
                      0.038627    0.000000    0.857268 v _293_/D (sg13g2_dfrbpq_1)
                                              0.857268   data arrival time

                      0.100000    5.000000    5.000000   clock clk (rise edge)
                                  0.000000    5.000000   clock network delay (ideal)
                                 -0.150000    4.850000   clock uncertainty
                                  0.000000    4.850000   clock reconvergence pessimism
                                              4.850000 ^ _293_/CLK (sg13g2_dfrbpq_1)
                                 -0.058602    4.791398   library setup time
                                              4.791398   data required time
---------------------------------------------------------------------------------------------
                                              4.791398   data required time
                                             -0.857268   data arrival time
---------------------------------------------------------------------------------------------
                                              3.934129   slack (MET)


Startpoint: _288_ (rising edge-triggered flip-flop clocked by clk)
Endpoint: _292_ (rising edge-triggered flip-flop clocked by clk)
Path Group: clk
Path Type: max

Fanout         Cap        Slew       Delay        Time   Description
---------------------------------------------------------------------------------------------
                      0.100000    0.000000    0.000000   clock clk (rise edge)
                                  0.000000    0.000000   clock network delay (ideal)
                      0.100000    0.000000    0.000000 ^ _288_/CLK (sg13g2_dfrbpq_1)
    15    0.065922    0.175815    0.253490    0.253490 ^ _288_/Q (sg13g2_dfrbpq_1)
                                                         DPATH.SUM.Cout0 (net)
                      0.175815    0.000000    0.253490 ^ _132_/A (sg13g2_inv_1)
     8    0.030547    0.101494    0.131945    0.385435 v _132_/Y (sg13g2_inv_1)
                                                         DPATH.SUM.ha_0.S (net)
                      0.101494    0.000000    0.385435 v _138_/A1 (sg13g2_o21ai_1)
     2    0.010498    0.098524    0.113626    0.499060 ^ _138_/Y (sg13g2_o21ai_1)
                                                         _092_ (net)
                      0.098524    0.000000    0.499060 ^ _140_/A1 (sg13g2_a21oi_1)
     2    0.011211    0.072158    0.089186    0.588246 v _140_/Y (sg13g2_a21oi_1)
                                                         _094_ (net)
                      0.072158    0.000000    0.588246 v _144_/A1 (sg13g2_o21ai_1)
     2    0.010498    0.099078    0.105252    0.693498 ^ _144_/Y (sg13g2_o21ai_1)
                                                         _097_ (net)
                      0.099078    0.000000    0.693498 ^ _147_/A (sg13g2_xor2_1)
     1    0.001750    0.036621    0.082279    0.775778 ^ _147_/X (sg13g2_xor2_1)
                                                         DPATH.SUM.fa_4.S (net)
                      0.036621    0.000000    0.775778 ^ _292_/D (sg13g2_dfrbpq_1)
                                              0.775778   data arrival time

                      0.100000    5.000000    5.000000   clock clk (rise edge)
                                  0.000000    5.000000   clock network delay (ideal)
                                 -0.150000    4.850000   clock uncertainty
                                  0.000000    4.850000   clock reconvergence pessimism
                                              4.850000 ^ _292_/CLK (sg13g2_dfrbpq_1)
                                 -0.071028    4.778973   library setup time
                                              4.778973   data required time
---------------------------------------------------------------------------------------------
                                              4.778973   data required time
                                             -0.775778   data arrival time
---------------------------------------------------------------------------------------------
                                              4.003195   slack (MET)


Startpoint: _290_ (rising edge-triggered flip-flop clocked by clk)
Endpoint: _295_ (rising edge-triggered flip-flop clocked by clk)
Path Group: clk
Path Type: max

Fanout         Cap        Slew       Delay        Time   Description
---------------------------------------------------------------------------------------------
                      0.100000    0.000000    0.000000   clock clk (rise edge)
                                  0.000000    0.000000   clock network delay (ideal)
                      0.100000    0.000000    0.000000 ^ _290_/CLK (sg13g2_dfrbpq_1)
    18    0.068327    0.145955    0.239556    0.239556 v _290_/Q (sg13g2_dfrbpq_1)
                                                         DPATH.SUM.fa_2.A (net)
                      0.145955    0.000000    0.239556 v _156_/B (sg13g2_nor2_1)
     5    0.021597    0.141521    0.150490    0.390046 ^ _156_/Y (sg13g2_nor2_1)
                                                         _106_ (net)
                      0.141521    0.000000    0.390046 ^ _157_/A (sg13g2_inv_1)
     4    0.013731    0.056944    0.073537    0.463584 v _157_/Y (sg13g2_inv_1)
                                                         _107_ (net)
                      0.056944    0.000000    0.463584 v _158_/B (sg13g2_nor2_1)
     1    0.003701    0.042242    0.043532    0.507115 ^ _158_/Y (sg13g2_nor2_1)
                                                         _108_ (net)
                      0.042242    0.000000    0.507115 ^ _162_/C (sg13g2_nand4_1)
     2    0.009236    0.117830    0.108195    0.615311 v _162_/Y (sg13g2_nand4_1)
                                                         _112_ (net)
                      0.117830    0.000000    0.615311 v _163_/B (sg13g2_xnor2_1)
     1    0.001830    0.032593    0.080613    0.695924 v _163_/Y (sg13g2_xnor2_1)
                                                         CTRL.P1 (net)
                      0.032593    0.000000    0.695924 v _295_/D (sg13g2_dfrbpq_1)
                                              0.695924   data arrival time

                      0.100000    5.000000    5.000000   clock clk (rise edge)
                                  0.000000    5.000000   clock network delay (ideal)
                                 -0.150000    4.850000   clock uncertainty
                                  0.000000    4.850000   clock reconvergence pessimism
                                              4.850000 ^ _295_/CLK (sg13g2_dfrbpq_1)
                                 -0.056983    4.793017   library setup time
                                              4.793017   data required time
---------------------------------------------------------------------------------------------
                                              4.793017   data required time
                                             -0.695924   data arrival time
---------------------------------------------------------------------------------------------
                                              4.097094   slack (MET)


Startpoint: _290_ (rising edge-triggered flip-flop clocked by clk)
Endpoint: _296_ (rising edge-triggered flip-flop clocked by clk)
Path Group: clk
Path Type: max

Fanout         Cap        Slew       Delay        Time   Description
---------------------------------------------------------------------------------------------
                      0.100000    0.000000    0.000000   clock clk (rise edge)
                                  0.000000    0.000000   clock network delay (ideal)
                      0.100000    0.000000    0.000000 ^ _290_/CLK (sg13g2_dfrbpq_1)
    18    0.068327    0.145955    0.239556    0.239556 v _290_/Q (sg13g2_dfrbpq_1)
                                                         DPATH.SUM.fa_2.A (net)
                      0.145955    0.000000    0.239556 v _156_/B (sg13g2_nor2_1)
     5    0.021597    0.141521    0.150490    0.390046 ^ _156_/Y (sg13g2_nor2_1)
                                                         _106_ (net)
                      0.141521    0.000000    0.390046 ^ _157_/A (sg13g2_inv_1)
     4    0.013731    0.056944    0.073537    0.463584 v _157_/Y (sg13g2_inv_1)
                                                         _107_ (net)
                      0.056944    0.000000    0.463584 v _158_/B (sg13g2_nor2_1)
     1    0.003701    0.042242    0.043532    0.507115 ^ _158_/Y (sg13g2_nor2_1)
                                                         _108_ (net)
                      0.042242    0.000000    0.507115 ^ _162_/C (sg13g2_nand4_1)
     2    0.009236    0.117830    0.108195    0.615311 v _162_/Y (sg13g2_nand4_1)
                                                         _112_ (net)
                      0.117830    0.000000    0.615311 v _171_/A (sg13g2_and2_1)
     1    0.001830    0.015576    0.069484    0.684795 v _171_/X (sg13g2_and2_1)
                                                         CTRL.P0 (net)
                      0.015576    0.000000    0.684795 v _296_/D (sg13g2_dfrbpq_1)
                                              0.684795   data arrival time

                      0.100000    5.000000    5.000000   clock clk (rise edge)
                                  0.000000    5.000000   clock network delay (ideal)
                                 -0.150000    4.850000   clock uncertainty
                                  0.000000    4.850000   clock reconvergence pessimism
                                              4.850000 ^ _296_/CLK (sg13g2_dfrbpq_1)
                                 -0.052416    4.797584   library setup time
                                              4.797584   data required time
---------------------------------------------------------------------------------------------
                                              4.797584   data required time
                                             -0.684795   data arrival time
---------------------------------------------------------------------------------------------
                                              4.112789   slack (MET)


Startpoint: _288_ (rising edge-triggered flip-flop clocked by clk)
Endpoint: _291_ (rising edge-triggered flip-flop clocked by clk)
Path Group: clk
Path Type: max

Fanout         Cap        Slew       Delay        Time   Description
---------------------------------------------------------------------------------------------
                      0.100000    0.000000    0.000000   clock clk (rise edge)
                                  0.000000    0.000000   clock network delay (ideal)
                      0.100000    0.000000    0.000000 ^ _288_/CLK (sg13g2_dfrbpq_1)
    15    0.065922    0.175815    0.253490    0.253490 ^ _288_/Q (sg13g2_dfrbpq_1)
                                                         DPATH.SUM.Cout0 (net)
                      0.175815    0.000000    0.253490 ^ _132_/A (sg13g2_inv_1)
     8    0.030547    0.101494    0.131945    0.385435 v _132_/Y (sg13g2_inv_1)
                                                         DPATH.SUM.ha_0.S (net)
                      0.101494    0.000000    0.385435 v _138_/A1 (sg13g2_o21ai_1)
     2    0.010498    0.098524    0.113626    0.499060 ^ _138_/Y (sg13g2_o21ai_1)
                                                         _092_ (net)
                      0.098524    0.000000    0.499060 ^ _140_/A1 (sg13g2_a21oi_1)
     2    0.011211    0.072158    0.089186    0.588246 v _140_/Y (sg13g2_a21oi_1)
                                                         _094_ (net)
                      0.072158    0.000000    0.588246 v _143_/A (sg13g2_xor2_1)
     1    0.001830    0.041404    0.074404    0.662650 v _143_/X (sg13g2_xor2_1)
                                                         DPATH.SUM.fa_3.S (net)
                      0.041404    0.000000    0.662650 v _291_/D (sg13g2_dfrbpq_1)
                                              0.662650   data arrival time

                      0.100000    5.000000    5.000000   clock clk (rise edge)
                                  0.000000    5.000000   clock network delay (ideal)
                                 -0.150000    4.850000   clock uncertainty
                                  0.000000    4.850000   clock reconvergence pessimism
                                              4.850000 ^ _291_/CLK (sg13g2_dfrbpq_1)
                                 -0.059347    4.790653   library setup time
                                              4.790653   data required time
---------------------------------------------------------------------------------------------
                                              4.790653   data required time
                                             -0.662650   data arrival time
---------------------------------------------------------------------------------------------
                                              4.128003   slack (MET)


Startpoint: _288_ (rising edge-triggered flip-flop clocked by clk)
Endpoint: _290_ (rising edge-triggered flip-flop clocked by clk)
Path Group: clk
Path Type: max

Fanout         Cap        Slew       Delay        Time   Description
---------------------------------------------------------------------------------------------
                      0.100000    0.000000    0.000000   clock clk (rise edge)
                                  0.000000    0.000000   clock network delay (ideal)
                      0.100000    0.000000    0.000000 ^ _288_/CLK (sg13g2_dfrbpq_1)
    15    0.065922    0.175815    0.253490    0.253490 ^ _288_/Q (sg13g2_dfrbpq_1)
                                                         DPATH.SUM.Cout0 (net)
                      0.175815    0.000000    0.253490 ^ _132_/A (sg13g2_inv_1)
     8    0.030547    0.101494    0.131945    0.385435 v _132_/Y (sg13g2_inv_1)
                                                         DPATH.SUM.ha_0.S (net)
                      0.101494    0.000000    0.385435 v _138_/A1 (sg13g2_o21ai_1)
     2    0.010498    0.098524    0.113626    0.499060 ^ _138_/Y (sg13g2_o21ai_1)
                                                         _092_ (net)
                      0.098524    0.000000    0.499060 ^ _278_/A (sg13g2_xor2_1)
     1    0.001750    0.036559    0.082145    0.581205 ^ _278_/X (sg13g2_xor2_1)
                                                         DPATH.SUM.fa_2.S (net)
                      0.036559    0.000000    0.581205 ^ _290_/D (sg13g2_dfrbpq_1)
                                              0.581205   data arrival time

                      0.100000    5.000000    5.000000   clock clk (rise edge)
                                  0.000000    5.000000   clock network delay (ideal)
                                 -0.150000    4.850000   clock uncertainty
                                  0.000000    4.850000   clock reconvergence pessimism
                                              4.850000 ^ _290_/CLK (sg13g2_dfrbpq_1)
                                 -0.071013    4.778987   library setup time
                                              4.778987   data required time
---------------------------------------------------------------------------------------------
                                              4.778987   data required time
                                             -0.581205   data arrival time
---------------------------------------------------------------------------------------------
                                              4.197782   slack (MET)


Startpoint: _296_ (rising edge-triggered flip-flop clocked by clk)
Endpoint: _289_ (rising edge-triggered flip-flop clocked by clk)
Path Group: clk
Path Type: max

Fanout         Cap        Slew       Delay        Time   Description
---------------------------------------------------------------------------------------------
                      0.100000    0.000000    0.000000   clock clk (rise edge)
                                  0.000000    0.000000   clock network delay (ideal)
                      0.100000    0.000000    0.000000 ^ _296_/CLK (sg13g2_dfrbpq_1)
    13    0.065253    0.174090    0.252313    0.252313 ^ _296_/Q (sg13g2_dfrbpq_1)
                                                         CTRL.S0 (net)
                      0.174090    0.000000    0.252313 ^ _137_/A (sg13g2_xnor2_1)
     2    0.010840    0.099499    0.111287    0.363600 ^ _137_/Y (sg13g2_xnor2_1)
                                                         _091_ (net)
                      0.099499    0.000000    0.363600 ^ _279_/B (sg13g2_xnor2_1)
     1    0.001750    0.048893    0.075389    0.438990 ^ _279_/Y (sg13g2_xnor2_1)
                                                         DPATH.SUM.fa_1.S (net)
                      0.048893    0.000000    0.438990 ^ _289_/D (sg13g2_dfrbpq_1)
                                              0.438990   data arrival time

                      0.100000    5.000000    5.000000   clock clk (rise edge)
                                  0.000000    5.000000   clock network delay (ideal)
                                 -0.150000    4.850000   clock uncertainty
                                  0.000000    4.850000   clock reconvergence pessimism
                                              4.850000 ^ _289_/CLK (sg13g2_dfrbpq_1)
                                 -0.073968    4.776032   library setup time
                                              4.776032   data required time
---------------------------------------------------------------------------------------------
                                              4.776032   data required time
                                             -0.438990   data arrival time
---------------------------------------------------------------------------------------------
                                              4.337042   slack (MET)


Startpoint: _288_ (rising edge-triggered flip-flop clocked by clk)
Endpoint: _288_ (rising edge-triggered flip-flop clocked by clk)
Path Group: clk
Path Type: max

Fanout         Cap        Slew       Delay        Time   Description
---------------------------------------------------------------------------------------------
                      0.100000    0.000000    0.000000   clock clk (rise edge)
                                  0.000000    0.000000   clock network delay (ideal)
                      0.100000    0.000000    0.000000 ^ _288_/CLK (sg13g2_dfrbpq_1)
    15    0.065922    0.175815    0.253490    0.253490 ^ _288_/Q (sg13g2_dfrbpq_1)
                                                         DPATH.SUM.Cout0 (net)
                      0.175815    0.000000    0.253490 ^ _132_/A (sg13g2_inv_1)
     8    0.030547    0.101494    0.131945    0.385435 v _132_/Y (sg13g2_inv_1)
                                                         DPATH.SUM.ha_0.S (net)
                      0.101494    0.000000    0.385435 v _288_/D (sg13g2_dfrbpq_1)
                                              0.385435   data arrival time

                      0.100000    5.000000    5.000000   clock clk (rise edge)
                                  0.000000    5.000000   clock network delay (ideal)
                                 -0.150000    4.850000   clock uncertainty
                                  0.000000    4.850000   clock reconvergence pessimism
                                              4.850000 ^ _288_/CLK (sg13g2_dfrbpq_1)
                                 -0.075473    4.774528   library setup time
                                              4.774528   data required time
---------------------------------------------------------------------------------------------
                                              4.774528   data required time
                                             -0.385435   data arrival time
---------------------------------------------------------------------------------------------
                                              4.389093   slack (MET)



