
===========================================================================
report_checks -unconstrained
===========================================================================
======================= nom_typ_1p20V_25C Corner ===================================

Startpoint: _290_ (rising edge-triggered flip-flop clocked by clk)
Endpoint: sine_out[0] (output port clocked by clk)
Path Group: clk
Path Type: max

Fanout         Cap        Slew       Delay        Time   Description
---------------------------------------------------------------------------------------------
                                  0.000000    0.000000   clock clk (rise edge)
                                  0.000000    0.000000   clock source latency
     1    0.021534    0.000000    0.000000    0.000000 ^ clk (in)
                                                         clk (net)
                      0.000982    0.000491    0.000491 ^ clkbuf_0_clk/A (sg13g2_buf_16)
     2    0.040361    0.022693    0.054752    0.055243 ^ clkbuf_0_clk/X (sg13g2_buf_16)
                                                         clknet_0_clk (net)
                      0.022734    0.001678    0.056921 ^ clkbuf_1_0__f_clk/A (sg13g2_buf_16)
     5    0.020568    0.019242    0.061783    0.118704 ^ clkbuf_1_0__f_clk/X (sg13g2_buf_16)
                                                         clknet_1_0__leaf_clk (net)
                      0.019245    0.000416    0.119119 ^ _290_/CLK (sg13g2_dfrbpq_1)
     4    0.022758    0.098802    0.218281    0.337401 ^ _290_/Q (sg13g2_dfrbpq_1)
                                                         DPATH.SUM.fa_2.A (net)
                      0.098850    0.002061    0.339461 ^ fanout37/A (sg13g2_buf_1)
     8    0.042862    0.179714    0.203009    0.542470 ^ fanout37/X (sg13g2_buf_1)
                                                         net37 (net)
                      0.179719    0.000833    0.543304 ^ fanout36/A (sg13g2_buf_1)
     8    0.046597    0.194543    0.234860    0.778164 ^ fanout36/X (sg13g2_buf_1)
                                                         net36 (net)
                      0.194617    0.003147    0.781311 ^ _164_/B (sg13g2_and2_1)
     5    0.022063    0.101340    0.193110    0.974421 ^ _164_/X (sg13g2_and2_1)
                                                         _113_ (net)
                      0.101351    0.001069    0.975490 ^ _180_/A2 (sg13g2_a21oi_1)
     4    0.022219    0.170912    0.170867    1.146357 v _180_/Y (sg13g2_a21oi_1)
                                                         _128_ (net)
                      0.170932    0.001808    1.148165 v _181_/B (sg13g2_and2_1)
     2    0.013011    0.052620    0.151020    1.299185 v _181_/X (sg13g2_and2_1)
                                                         _129_ (net)
                      0.052635    0.000863    1.300048 v _182_/B1 (sg13g2_o21ai_1)
     1    0.004014    0.086498    0.048134    1.348182 ^ _182_/Y (sg13g2_o21ai_1)
                                                         _009_ (net)
                      0.086498    0.000159    1.348341 ^ _183_/A2 (sg13g2_a21oi_1)
     1    0.005258    0.055640    0.088056    1.436397 v _183_/Y (sg13g2_a21oi_1)
                                                         _010_ (net)
                      0.055641    0.000376    1.436773 v _198_/B (sg13g2_nor4_1)
     1    0.005198    0.149745    0.172923    1.609696 ^ _198_/Y (sg13g2_nor4_1)
                                                         _025_ (net)
                      0.149745    0.000210    1.609906 ^ _216_/A2 (sg13g2_a22oi_1)
     1    0.008250    0.083589    0.128230    1.738136 v _216_/Y (sg13g2_a22oi_1)
                                                         net4 (net)
                      0.083594    0.000629    1.738765 v output4/A (sg13g2_buf_1)
     1    0.012257    0.047799    0.107954    1.846720 v output4/X (sg13g2_buf_1)
                                                         sine_out[0] (net)
                      0.047807    0.000631    1.847351 v sine_out[0] (out)
                                              1.847351   data arrival time

                                  5.000000    5.000000   clock clk (rise edge)
                                  0.000000    5.000000   clock network delay (propagated)
                                 -0.150000    4.850000   clock uncertainty
                                  0.000000    4.850000   clock reconvergence pessimism
                                 -1.000000    3.850000   output external delay
                                              3.850000   data required time
---------------------------------------------------------------------------------------------
                                              3.850000   data required time
                                             -1.847351   data arrival time
---------------------------------------------------------------------------------------------
                                              2.002649   slack (MET)




===========================================================================
report_checks --slack_max -0.01
============================================================================
======================= nom_typ_1p20V_25C Corner ===================================

No paths found.


===========================================================================
 report_check_types -max_slew -max_cap -max_fanout -violators
============================================================================
======================= nom_typ_1p20V_25C Corner ===================================



===========================================================================
report_parasitic_annotation -report_unannotated
============================================================================
Found 1 unannotated drivers.
 clkload0/Y
Found 0 partially unannotated drivers.

===========================================================================
max slew violation count 0
max fanout violation count 0
max cap violation count 0
============================================================================

===========================================================================
check_setup -verbose -unconstrained_endpoints -multiple_clock -no_clock -no_input_delay -loops -generated_clocks
===========================================================================
Warning: There is 1 input port missing set_input_delay.
  rst
