Clock: clk
Sources: clk 
Generated: no
Virtual: yes
Propagated: no
Period: 5.000000

===========================================================================
report_clock_properties
============================================================================
Clock                   Period          Waveform
----------------------------------------------------
clk                   5.000000    0.000000  2.500000

===========================================================================
report_clock_latency
============================================================================
Clock clk
rise -> rise
    min     max
0.000000 0.000000 source latency
0.116517         network latency _289_/CLK
        0.120924 network latency _293_/CLK
---------------
0.116517 0.120924 latency
        0.004408 skew

fall -> fall
    min     max
0.000000 0.000000 source latency
0.129655         network latency _289_/CLK
        0.133661 network latency _293_/CLK
---------------
0.129655 0.133661 latency
        0.004007 skew



===========================================================================
report_clock_min_period
============================================================================
clk period_min = 1.92 fmax = 521.43
