2026-03-28 21:41:06 +0000: Memory Usage (425676K) : Starting running IHP-SG13G2 KLayout DRC runset on /home/designer/shared/BASIC/current_generator/digital/DigitalSine/runs/RUN_2026-03-28_21-39-37/57-magic-streamout/DigitalSine.gds
2026-03-28 21:41:06 +0000: Memory Usage (425676K) : Ruby Version for klayout: 3.3.10
2026-03-28 21:41:06 +0000: Memory Usage (426572K) : Loading database to memory is complete.
2026-03-28 21:41:06 +0000: Memory Usage (426572K) : IHP-SG13G2 KLayout DRC runset output at: /home/designer/shared/BASIC/current_generator/digital/DigitalSine/runs/RUN_2026-03-28_21-39-37/65-klayout-drc/reports/drc.klayout.lyrdb
2026-03-28 21:41:06 +0000: Memory Usage (426700K) : Evaluate switches.
2026-03-28 21:41:06 +0000: Memory Usage (426700K) : tables selected: main
2026-03-28 21:41:06 +0000: Memory Usage (426700K) : KLayout will use 12 thread(s) in tiling mode.
2026-03-28 21:41:06 +0000: Memory Usage (426700K) : deep mode is enabled.
2026-03-28 21:41:06 +0000: Memory Usage (426700K) : FEOL enabled: true
2026-03-28 21:41:06 +0000: Memory Usage (426700K) : BEOL enabled: true
2026-03-28 21:41:06 +0000: Memory Usage (426700K) : OFFGRID enabled: true
2026-03-28 21:41:06 +0000: Memory Usage (426700K) : PIN enabled: true
2026-03-28 21:41:06 +0000: Memory Usage (426700K) : FORBIDDEN enabled: true
2026-03-28 21:41:06 +0000: Memory Usage (426700K) : RECOMMENDED enabled: false
2026-03-28 21:41:06 +0000: Memory Usage (426700K) : PreCheck DRC enabled: false
2026-03-28 21:41:06 +0000: Memory Usage (426700K) : CONNECTIVITY_RULES enabled: true.
2026-03-28 21:41:06 +0000: Memory Usage (426700K) : Read in polygons from layers.
2026-03-28 21:41:06 +0000: Memory Usage (428108K) : activ_drw has 1519 polygons
2026-03-28 21:41:06 +0000: Memory Usage (428108K) : activ_pin has 0 polygons
2026-03-28 21:41:06 +0000: Memory Usage (428108K) : activ_mask has 0 polygons
2026-03-28 21:41:06 +0000: Memory Usage (428108K) : activ_filler has 0 polygons
2026-03-28 21:41:06 +0000: Memory Usage (428108K) : activ_nofill has 0 polygons
2026-03-28 21:41:06 +0000: Memory Usage (428108K) : activ_opc has 0 polygons
2026-03-28 21:41:06 +0000: Memory Usage (428108K) : activ_iopc has 0 polygons
2026-03-28 21:41:06 +0000: Memory Usage (428108K) : activ_noqrc has 0 polygons
2026-03-28 21:41:06 +0000: Memory Usage (428108K) : biwind_drw has 0 polygons
2026-03-28 21:41:06 +0000: Memory Usage (428108K) : biwind_opc has 0 polygons
2026-03-28 21:41:06 +0000: Memory Usage (428108K) : pemwind_drw has 0 polygons
2026-03-28 21:41:06 +0000: Memory Usage (428108K) : gatpoly_drw has 1234 polygons
2026-03-28 21:41:06 +0000: Memory Usage (428108K) : gatpoly_pin has 0 polygons
2026-03-28 21:41:06 +0000: Memory Usage (428108K) : gatpoly_filler has 0 polygons
2026-03-28 21:41:06 +0000: Memory Usage (428108K) : gatpoly_nofill has 0 polygons
2026-03-28 21:41:06 +0000: Memory Usage (428108K) : gatpoly_opc has 0 polygons
2026-03-28 21:41:06 +0000: Memory Usage (428108K) : gatpoly_iopc has 0 polygons
2026-03-28 21:41:06 +0000: Memory Usage (428108K) : gatpoly_noqrc has 0 polygons
2026-03-28 21:41:06 +0000: Memory Usage (428108K) : cont_drw has 9840 polygons
2026-03-28 21:41:06 +0000: Memory Usage (428108K) : cont_opc has 0 polygons
2026-03-28 21:41:06 +0000: Memory Usage (428236K) : nsd_drw has 0 polygons
2026-03-28 21:41:06 +0000: Memory Usage (428364K) : nsd_block has 0 polygons
2026-03-28 21:41:06 +0000: Memory Usage (428364K) : metal1_drw has 2934 polygons
2026-03-28 21:41:06 +0000: Memory Usage (428364K) : metal1_pin has 1476 polygons
2026-03-28 21:41:06 +0000: Memory Usage (428492K) : metal1_mask has 0 polygons
2026-03-28 21:41:06 +0000: Memory Usage (428492K) : metal1_filler has 0 polygons
2026-03-28 21:41:06 +0000: Memory Usage (428492K) : metal1_nofill has 0 polygons
2026-03-28 21:41:06 +0000: Memory Usage (428492K) : metal1_slit has 0 polygons
2026-03-28 21:41:06 +0000: Memory Usage (428620K) : metal1_text has 1434 polygons
2026-03-28 21:41:06 +0000: Memory Usage (428620K) : metal1_opc has 0 polygons
2026-03-28 21:41:06 +0000: Memory Usage (428876K) : metal1_noqrc has 0 polygons
2026-03-28 21:41:06 +0000: Memory Usage (428876K) : metal1_res has 0 polygons
2026-03-28 21:41:06 +0000: Memory Usage (428876K) : metal1_iprobe has 0 polygons
2026-03-28 21:41:06 +0000: Memory Usage (428876K) : metal1_diffprb has 0 polygons
2026-03-28 21:41:06 +0000: Memory Usage (428876K) : passiv_drw has 0 polygons
2026-03-28 21:41:06 +0000: Memory Usage (428876K) : passiv_pin has 0 polygons
2026-03-28 21:41:06 +0000: Memory Usage (428876K) : passiv_sbump has 0 polygons
2026-03-28 21:41:06 +0000: Memory Usage (428876K) : passiv_pillar has 0 polygons
2026-03-28 21:41:06 +0000: Memory Usage (429004K) : passiv_pdl has 0 polygons
2026-03-28 21:41:06 +0000: Memory Usage (429004K) : metal2_drw has 930 polygons
2026-03-28 21:41:06 +0000: Memory Usage (429132K) : metal2_pin has 2 polygons
2026-03-28 21:41:06 +0000: Memory Usage (429132K) : metal2_mask has 0 polygons
2026-03-28 21:41:06 +0000: Memory Usage (429260K) : metal2_filler has 0 polygons
2026-03-28 21:41:06 +0000: Memory Usage (429260K) : metal2_nofill has 0 polygons
2026-03-28 21:41:06 +0000: Memory Usage (429388K) : metal2_slit has 0 polygons
2026-03-28 21:41:06 +0000: Memory Usage (429388K) : metal2_text has 2 polygons
2026-03-28 21:41:06 +0000: Memory Usage (429516K) : metal2_opc has 0 polygons
2026-03-28 21:41:06 +0000: Memory Usage (429516K) : metal2_noqrc has 0 polygons
2026-03-28 21:41:06 +0000: Memory Usage (429516K) : metal2_res has 0 polygons
2026-03-28 21:41:06 +0000: Memory Usage (429644K) : metal2_iprobe has 0 polygons
2026-03-28 21:41:06 +0000: Memory Usage (429644K) : metal2_diffprb has 0 polygons
2026-03-28 21:41:06 +0000: Memory Usage (429644K) : baspoly_drw has 0 polygons
2026-03-28 21:41:06 +0000: Memory Usage (429644K) : baspoly_pin has 0 polygons
2026-03-28 21:41:06 +0000: Memory Usage (429644K) : psd_drw has 748 polygons
2026-03-28 21:41:06 +0000: Memory Usage (429644K) : nldb_drw has 0 polygons
2026-03-28 21:41:06 +0000: Memory Usage (429644K) : digibnd_drw has 0 polygons
2026-03-28 21:41:06 +0000: Memory Usage (429772K) : via1_drw has 778 polygons
2026-03-28 21:41:06 +0000: Memory Usage (429772K) : backmetal1_drw has 0 polygons
2026-03-28 21:41:06 +0000: Memory Usage (429900K) : backmetal1_pin has 0 polygons
2026-03-28 21:41:07 +0000: Memory Usage (429900K) : backmetal1_mask has 0 polygons
2026-03-28 21:41:07 +0000: Memory Usage (430028K) : backmetal1_filler has 0 polygons
2026-03-28 21:41:07 +0000: Memory Usage (430028K) : backmetal1_nofill has 0 polygons
2026-03-28 21:41:07 +0000: Memory Usage (430156K) : backmetal1_slit has 0 polygons
2026-03-28 21:41:07 +0000: Memory Usage (430156K) : backmetal1_text has 0 polygons
2026-03-28 21:41:07 +0000: Memory Usage (430284K) : backmetal1_opc has 0 polygons
2026-03-28 21:41:07 +0000: Memory Usage (430284K) : backmetal1_noqrc has 0 polygons
2026-03-28 21:41:07 +0000: Memory Usage (430412K) : backmetal1_res has 0 polygons
2026-03-28 21:41:07 +0000: Memory Usage (430412K) : backmetal1_iprobe has 0 polygons
2026-03-28 21:41:07 +0000: Memory Usage (430540K) : backmetal1_diffprb has 0 polygons
2026-03-28 21:41:07 +0000: Memory Usage (430540K) : backpassiv_drw has 0 polygons
2026-03-28 21:41:07 +0000: Memory Usage (430668K) : res_drw has 0 polygons
2026-03-28 21:41:07 +0000: Memory Usage (430668K) : sram_drw has 0 polygons
2026-03-28 21:41:07 +0000: Memory Usage (430796K) : trans_drw has 0 polygons
2026-03-28 21:41:07 +0000: Memory Usage (430796K) : ind_drw has 0 polygons
2026-03-28 21:41:07 +0000: Memory Usage (430924K) : ind_pin has 0 polygons
2026-03-28 21:41:07 +0000: Memory Usage (430924K) : ind_text has 0 polygons
2026-03-28 21:41:07 +0000: Memory Usage (431052K) : salblock_drw has 0 polygons
2026-03-28 21:41:07 +0000: Memory Usage (431052K) : via2_drw has 723 polygons
2026-03-28 21:41:07 +0000: Memory Usage (431180K) : metal3_drw has 389 polygons
2026-03-28 21:41:07 +0000: Memory Usage (431180K) : metal3_pin has 20 polygons
2026-03-28 21:41:07 +0000: Memory Usage (431308K) : metal3_mask has 0 polygons
2026-03-28 21:41:07 +0000: Memory Usage (431308K) : metal3_filler has 0 polygons
2026-03-28 21:41:07 +0000: Memory Usage (431436K) : metal3_nofill has 0 polygons
2026-03-28 21:41:07 +0000: Memory Usage (431436K) : metal3_slit has 0 polygons
2026-03-28 21:41:07 +0000: Memory Usage (431436K) : metal3_text has 20 polygons
2026-03-28 21:41:07 +0000: Memory Usage (431564K) : metal3_opc has 0 polygons
2026-03-28 21:41:07 +0000: Memory Usage (431564K) : metal3_noqrc has 0 polygons
2026-03-28 21:41:07 +0000: Memory Usage (431692K) : metal3_res has 0 polygons
2026-03-28 21:41:07 +0000: Memory Usage (431948K) : metal3_iprobe has 0 polygons
2026-03-28 21:41:07 +0000: Memory Usage (432076K) : metal3_diffprb has 0 polygons
2026-03-28 21:41:07 +0000: Memory Usage (432076K) : nwell_drw has 370 polygons
2026-03-28 21:41:07 +0000: Memory Usage (432204K) : nwell_pin has 0 polygons
2026-03-28 21:41:07 +0000: Memory Usage (432204K) : nbulay_drw has 0 polygons
2026-03-28 21:41:07 +0000: Memory Usage (432204K) : nbulay_pin has 0 polygons
2026-03-28 21:41:07 +0000: Memory Usage (432204K) : nbulay_block has 0 polygons
2026-03-28 21:41:07 +0000: Memory Usage (432204K) : emwind_drw has 0 polygons
2026-03-28 21:41:07 +0000: Memory Usage (432204K) : emwind_opc has 0 polygons
2026-03-28 21:41:07 +0000: Memory Usage (432332K) : deepco_drw has 0 polygons
2026-03-28 21:41:07 +0000: Memory Usage (432332K) : deepco_drw has 0 polygons
2026-03-28 21:41:07 +0000: Memory Usage (432460K) : mim_drw has 0 polygons
2026-03-28 21:41:07 +0000: Memory Usage (432460K) : edgeseal_drw has 0 polygons
2026-03-28 21:41:07 +0000: Memory Usage (432588K) : edgeseal_bound has 0 polygons
2026-03-28 21:41:07 +0000: Memory Usage (432588K) : substrate_drw has 0 polygons
2026-03-28 21:41:07 +0000: Memory Usage (432716K) : substrate_text has 0 polygons
2026-03-28 21:41:07 +0000: Memory Usage (432716K) : dfpad_drw has 0 polygons
2026-03-28 21:41:07 +0000: Memory Usage (432844K) : dfpad_pillar has 0 polygons
2026-03-28 21:41:07 +0000: Memory Usage (432844K) : dfpad_sbump has 0 polygons
2026-03-28 21:41:07 +0000: Memory Usage (432972K) : thickgateox_drw has 0 polygons
2026-03-28 21:41:07 +0000: Memory Usage (432972K) : pldb_drw has 0 polygons
2026-03-28 21:41:07 +0000: Memory Usage (433100K) : pwell_drw has 0 polygons
2026-03-28 21:41:07 +0000: Memory Usage (433100K) : pwell_pin has 0 polygons
2026-03-28 21:41:07 +0000: Memory Usage (433228K) : pwell_block has 0 polygons
2026-03-28 21:41:07 +0000: Memory Usage (433228K) : ic_drw has 0 polygons
2026-03-28 21:41:07 +0000: Memory Usage (433356K) : via3_drw has 165 polygons
2026-03-28 21:41:07 +0000: Memory Usage (433356K) : metal4_drw has 45 polygons
2026-03-28 21:41:07 +0000: Memory Usage (433484K) : metal4_pin has 6 polygons
2026-03-28 21:41:07 +0000: Memory Usage (433484K) : metal4_mask has 0 polygons
2026-03-28 21:41:07 +0000: Memory Usage (433612K) : metal4_filler has 0 polygons
2026-03-28 21:41:07 +0000: Memory Usage (433612K) : metal4_nofill has 0 polygons
2026-03-28 21:41:07 +0000: Memory Usage (433740K) : metal4_slit has 0 polygons
2026-03-28 21:41:07 +0000: Memory Usage (433740K) : metal4_text has 6 polygons
2026-03-28 21:41:07 +0000: Memory Usage (433868K) : metal4_opc has 0 polygons
2026-03-28 21:41:07 +0000: Memory Usage (433868K) : metal4_noqrc has 0 polygons
2026-03-28 21:41:07 +0000: Memory Usage (433996K) : metal4_res has 0 polygons
2026-03-28 21:41:07 +0000: Memory Usage (433996K) : metal4_iprobe has 0 polygons
2026-03-28 21:41:07 +0000: Memory Usage (434124K) : metal4_diffprb has 0 polygons
2026-03-28 21:41:07 +0000: Memory Usage (434124K) : heattrans_drw has 0 polygons
2026-03-28 21:41:07 +0000: Memory Usage (434252K) : heatres_drw has 0 polygons
2026-03-28 21:41:07 +0000: Memory Usage (434252K) : pempoly_drw has 0 polygons
2026-03-28 21:41:07 +0000: Memory Usage (434380K) : fbe_drw has 0 polygons
2026-03-28 21:41:07 +0000: Memory Usage (434380K) : empoly_drw has 0 polygons
2026-03-28 21:41:07 +0000: Memory Usage (434508K) : ldmos_drw has 0 polygons
2026-03-28 21:41:07 +0000: Memory Usage (434508K) : pbiwind_drw has 0 polygons
2026-03-28 21:41:07 +0000: Memory Usage (434636K) : digisub_drw has 0 polygons
2026-03-28 21:41:07 +0000: Memory Usage (434636K) : nodrc_drw has 0 polygons
2026-03-28 21:41:07 +0000: Memory Usage (434764K) : text_drw has 0 polygons
2026-03-28 21:41:07 +0000: Memory Usage (434764K) : via4_drw has 514 polygons
2026-03-28 21:41:07 +0000: Memory Usage (434892K) : metal5_drw has 7 polygons
2026-03-28 21:41:07 +0000: Memory Usage (434892K) : metal5_pin has 6 polygons
2026-03-28 21:41:07 +0000: Memory Usage (435020K) : metal5_mask has 0 polygons
2026-03-28 21:41:07 +0000: Memory Usage (435020K) : metal5_filler has 0 polygons
2026-03-28 21:41:07 +0000: Memory Usage (435148K) : metal5_nofill has 0 polygons
2026-03-28 21:41:07 +0000: Memory Usage (435148K) : metal5_slit has 0 polygons
2026-03-28 21:41:07 +0000: Memory Usage (435276K) : metal5_text has 6 polygons
2026-03-28 21:41:07 +0000: Memory Usage (435276K) : metal5_opc has 0 polygons
2026-03-28 21:41:07 +0000: Memory Usage (435404K) : metal5_noqrc has 0 polygons
2026-03-28 21:41:07 +0000: Memory Usage (435404K) : metal5_res has 0 polygons
2026-03-28 21:41:07 +0000: Memory Usage (435532K) : metal5_iprobe has 0 polygons
2026-03-28 21:41:07 +0000: Memory Usage (435532K) : metal5_diffprb has 0 polygons
2026-03-28 21:41:07 +0000: Memory Usage (435660K) : radhard_drw has 0 polygons
2026-03-28 21:41:07 +0000: Memory Usage (435660K) : memcap_drw has 0 polygons
2026-03-28 21:41:07 +0000: Memory Usage (435788K) : varicap_drw has 0 polygons
2026-03-28 21:41:07 +0000: Memory Usage (435788K) : flash_drw has 0 polygons
2026-03-28 21:41:07 +0000: Memory Usage (435916K) : intbondvia_drw has 0 polygons
2026-03-28 21:41:07 +0000: Memory Usage (435916K) : intbondmet_drw has 0 polygons
2026-03-28 21:41:07 +0000: Memory Usage (436044K) : devbondvia_drw has 0 polygons
2026-03-28 21:41:07 +0000: Memory Usage (436044K) : devbondmet_drw has 0 polygons
2026-03-28 21:41:07 +0000: Memory Usage (436172K) : devtrench_drw has 0 polygons
2026-03-28 21:41:07 +0000: Memory Usage (436172K) : redist_drw has 0 polygons
2026-03-28 21:41:07 +0000: Memory Usage (436300K) : graphbot_drw has 0 polygons
2026-03-28 21:41:07 +0000: Memory Usage (436428K) : graphtop_drw has 0 polygons
2026-03-28 21:41:07 +0000: Memory Usage (436428K) : antvia1_drw has 0 polygons
2026-03-28 21:41:07 +0000: Memory Usage (436428K) : antmetal2_drw has 0 polygons
2026-03-28 21:41:07 +0000: Memory Usage (436428K) : graphcont_drw has 0 polygons
2026-03-28 21:41:07 +0000: Memory Usage (436428K) : siwg_drw has 0 polygons
2026-03-28 21:41:07 +0000: Memory Usage (436428K) : siwg_filler has 0 polygons
2026-03-28 21:41:07 +0000: Memory Usage (436428K) : siwg_nofill has 0 polygons
2026-03-28 21:41:07 +0000: Memory Usage (436428K) : sigrating_drw has 0 polygons
2026-03-28 21:41:07 +0000: Memory Usage (436428K) : singrating_drw has 0 polygons
2026-03-28 21:41:07 +0000: Memory Usage (436428K) : graphpas_drw has 0 polygons
2026-03-28 21:41:07 +0000: Memory Usage (436428K) : emwind3_drw has 0 polygons
2026-03-28 21:41:07 +0000: Memory Usage (436428K) : emwihv3_drw has 0 polygons
2026-03-28 21:41:07 +0000: Memory Usage (436428K) : redbulay_drw has 0 polygons
2026-03-28 21:41:07 +0000: Memory Usage (436428K) : smos_drw has 0 polygons
2026-03-28 21:41:07 +0000: Memory Usage (436428K) : graphpad_drw has 0 polygons
2026-03-28 21:41:07 +0000: Memory Usage (436428K) : polimide_drw has 0 polygons
2026-03-28 21:41:07 +0000: Memory Usage (436428K) : polimide_pin has 0 polygons
2026-03-28 21:41:07 +0000: Memory Usage (436428K) : recog_drw has 0 polygons
2026-03-28 21:41:07 +0000: Memory Usage (436428K) : recog_pin has 0 polygons
2026-03-28 21:41:07 +0000: Memory Usage (436428K) : recog_esd has 0 polygons
2026-03-28 21:41:07 +0000: Memory Usage (436428K) : recog_diode has 0 polygons
2026-03-28 21:41:07 +0000: Memory Usage (436428K) : recog_tsv has 0 polygons
2026-03-28 21:41:07 +0000: Memory Usage (436428K) : recog_iprobe has 0 polygons
2026-03-28 21:41:07 +0000: Memory Usage (436428K) : recog_diffprb has 0 polygons
2026-03-28 21:41:07 +0000: Memory Usage (436428K) : recog_pillar has 0 polygons
2026-03-28 21:41:07 +0000: Memory Usage (436428K) : recog_sbump has 0 polygons
2026-03-28 21:41:07 +0000: Memory Usage (436428K) : recog_otp has 0 polygons
2026-03-28 21:41:07 +0000: Memory Usage (436428K) : recog_pdiode has 0 polygons
2026-03-28 21:41:07 +0000: Memory Usage (436428K) : recog_mom has 0 polygons
2026-03-28 21:41:07 +0000: Memory Usage (436428K) : recog_pcm has 0 polygons
2026-03-28 21:41:07 +0000: Memory Usage (436428K) : colopen_drw has 0 polygons
2026-03-28 21:41:07 +0000: Memory Usage (436428K) : graphmetal1_drw has 0 polygons
2026-03-28 21:41:07 +0000: Memory Usage (436428K) : graphmetal1_filler has 0 polygons
2026-03-28 21:41:07 +0000: Memory Usage (436428K) : graphmetal1_nofill has 0 polygons
2026-03-28 21:41:07 +0000: Memory Usage (436428K) : graphmetal1_slit has 0 polygons
2026-03-28 21:41:07 +0000: Memory Usage (436428K) : graphmetal1_opc has 0 polygons
2026-03-28 21:41:07 +0000: Memory Usage (436428K) : graphmet1l_drw has 0 polygons
2026-03-28 21:41:07 +0000: Memory Usage (436428K) : graphmet1l_filler has 0 polygons
2026-03-28 21:41:07 +0000: Memory Usage (436428K) : graphmet1l_nofill has 0 polygons
2026-03-28 21:41:07 +0000: Memory Usage (436428K) : graphmet1l_slit has 0 polygons
2026-03-28 21:41:07 +0000: Memory Usage (436428K) : graphmet1l_opc has 0 polygons
2026-03-28 21:41:07 +0000: Memory Usage (436428K) : extblock_drw has 0 polygons
2026-03-28 21:41:07 +0000: Memory Usage (436428K) : nldd_drw has 0 polygons
2026-03-28 21:41:07 +0000: Memory Usage (436428K) : pldd_drw has 0 polygons
2026-03-28 21:41:07 +0000: Memory Usage (436428K) : next_drw has 0 polygons
2026-03-28 21:41:07 +0000: Memory Usage (436428K) : pext_drw has 0 polygons
2026-03-28 21:41:07 +0000: Memory Usage (436428K) : nexthv_drw has 0 polygons
2026-03-28 21:41:07 +0000: Memory Usage (436428K) : pexthv_drw has 0 polygons
2026-03-28 21:41:07 +0000: Memory Usage (436428K) : graphgate_drw has 0 polygons
2026-03-28 21:41:07 +0000: Memory Usage (436428K) : sinwg_drw has 0 polygons
2026-03-28 21:41:07 +0000: Memory Usage (436428K) : sinwg_filler has 0 polygons
2026-03-28 21:41:07 +0000: Memory Usage (436428K) : sinwg_nofill has 0 polygons
2026-03-28 21:41:07 +0000: Memory Usage (436428K) : mempad_drw has 0 polygons
2026-03-28 21:41:07 +0000: Memory Usage (436428K) : topvia1_drw has 0 polygons
2026-03-28 21:41:07 +0000: Memory Usage (436556K) : topmetal1_drw has 0 polygons
2026-03-28 21:41:07 +0000: Memory Usage (436556K) : topmetal1_pin has 0 polygons
2026-03-28 21:41:07 +0000: Memory Usage (436684K) : topmetal1_mask has 0 polygons
2026-03-28 21:41:07 +0000: Memory Usage (436684K) : topmetal1_filler has 0 polygons
2026-03-28 21:41:07 +0000: Memory Usage (436812K) : topmetal1_nofill has 0 polygons
2026-03-28 21:41:07 +0000: Memory Usage (436812K) : topmetal1_slit has 0 polygons
2026-03-28 21:41:07 +0000: Memory Usage (436940K) : topmetal1_text has 0 polygons
2026-03-28 21:41:07 +0000: Memory Usage (436940K) : topmetal1_noqrc has 0 polygons
2026-03-28 21:41:07 +0000: Memory Usage (437068K) : topmetal1_res has 0 polygons
2026-03-28 21:41:07 +0000: Memory Usage (437068K) : topmetal1_iprobe has 0 polygons
2026-03-28 21:41:07 +0000: Memory Usage (437196K) : topmetal1_diffprb has 0 polygons
2026-03-28 21:41:07 +0000: Memory Usage (437196K) : inldpwl_drw has 0 polygons
2026-03-28 21:41:07 +0000: Memory Usage (437324K) : polyres_drw has 0 polygons
2026-03-28 21:41:07 +0000: Memory Usage (437324K) : polyres_pin has 0 polygons
2026-03-28 21:41:07 +0000: Memory Usage (437452K) : vmim_drw has 0 polygons
2026-03-28 21:41:07 +0000: Memory Usage (437452K) : nbulaycut_drw has 0 polygons
2026-03-28 21:41:07 +0000: Memory Usage (437580K) : antmetal1_drw has 0 polygons
2026-03-28 21:41:07 +0000: Memory Usage (437580K) : topvia2_drw has 0 polygons
2026-03-28 21:41:07 +0000: Memory Usage (437708K) : topmetal2_drw has 0 polygons
2026-03-28 21:41:07 +0000: Memory Usage (437708K) : topmetal2_pin has 0 polygons
2026-03-28 21:41:07 +0000: Memory Usage (437836K) : topmetal2_mask has 0 polygons
2026-03-28 21:41:07 +0000: Memory Usage (437836K) : topmetal2_filler has 0 polygons
2026-03-28 21:41:07 +0000: Memory Usage (437964K) : topmetal2_nofill has 0 polygons
2026-03-28 21:41:07 +0000: Memory Usage (437964K) : topmetal2_slit has 0 polygons
2026-03-28 21:41:07 +0000: Memory Usage (438092K) : topmetal2_text has 0 polygons
2026-03-28 21:41:07 +0000: Memory Usage (438092K) : topmetal2_noqrc has 0 polygons
2026-03-28 21:41:07 +0000: Memory Usage (438220K) : topmetal2_res has 0 polygons
2026-03-28 21:41:07 +0000: Memory Usage (438220K) : topmetal2_iprobe has 0 polygons
2026-03-28 21:41:07 +0000: Memory Usage (438348K) : topmetal2_diffprb has 0 polygons
2026-03-28 21:41:07 +0000: Memory Usage (438348K) : snsring_drw has 0 polygons
2026-03-28 21:41:07 +0000: Memory Usage (438476K) : sensor_drw has 0 polygons
2026-03-28 21:41:07 +0000: Memory Usage (438476K) : snsarms_drw has 0 polygons
2026-03-28 21:41:07 +0000: Memory Usage (438604K) : snscmosvia_drw has 0 polygons
2026-03-28 21:41:07 +0000: Memory Usage (438604K) : colwind_drw has 0 polygons
2026-03-28 21:41:07 +0000: Memory Usage (438732K) : flm_drw has 0 polygons
2026-03-28 21:41:07 +0000: Memory Usage (438732K) : hafniumox_drw has 0 polygons
2026-03-28 21:41:07 +0000: Memory Usage (438860K) : memvia_drw has 0 polygons
2026-03-28 21:41:07 +0000: Memory Usage (438860K) : thinfilmres_drw has 0 polygons
2026-03-28 21:41:07 +0000: Memory Usage (438988K) : rfmem_drw has 0 polygons
2026-03-28 21:41:07 +0000: Memory Usage (438988K) : norcx_drw has 0 polygons
2026-03-28 21:41:07 +0000: Memory Usage (439116K) : norcx_m2m3 has 0 polygons
2026-03-28 21:41:07 +0000: Memory Usage (439116K) : norcx_m2m4 has 0 polygons
2026-03-28 21:41:07 +0000: Memory Usage (439244K) : norcx_m2m5 has 0 polygons
2026-03-28 21:41:07 +0000: Memory Usage (439244K) : norcx_m2tm1 has 0 polygons
2026-03-28 21:41:07 +0000: Memory Usage (439372K) : norcx_m2tm2 has 0 polygons
2026-03-28 21:41:07 +0000: Memory Usage (439372K) : norcx_m3m4 has 0 polygons
2026-03-28 21:41:07 +0000: Memory Usage (439500K) : norcx_m3m5 has 0 polygons
2026-03-28 21:41:07 +0000: Memory Usage (439628K) : norcx_m3tm1 has 0 polygons
2026-03-28 21:41:07 +0000: Memory Usage (439628K) : norcx_m3tm2 has 0 polygons
2026-03-28 21:41:07 +0000: Memory Usage (439628K) : norcx_m4m5 has 0 polygons
2026-03-28 21:41:07 +0000: Memory Usage (439628K) : norcx_m4tm1 has 0 polygons
2026-03-28 21:41:07 +0000: Memory Usage (439628K) : norcx_m4tm2 has 0 polygons
2026-03-28 21:41:07 +0000: Memory Usage (439628K) : norcx_m5tm1 has 0 polygons
2026-03-28 21:41:07 +0000: Memory Usage (439628K) : norcx_m5tm2 has 0 polygons
2026-03-28 21:41:07 +0000: Memory Usage (439628K) : norcx_tm1tm2 has 0 polygons
2026-03-28 21:41:07 +0000: Memory Usage (439628K) : norcx_m1sub has 0 polygons
2026-03-28 21:41:07 +0000: Memory Usage (439628K) : norcx_m2sub has 0 polygons
2026-03-28 21:41:07 +0000: Memory Usage (439628K) : norcx_m3sub has 0 polygons
2026-03-28 21:41:07 +0000: Memory Usage (439628K) : norcx_m4sub has 0 polygons
2026-03-28 21:41:07 +0000: Memory Usage (439628K) : norcx_m5sub has 0 polygons
2026-03-28 21:41:07 +0000: Memory Usage (439628K) : norcx_tm1sub has 0 polygons
2026-03-28 21:41:07 +0000: Memory Usage (439628K) : norcx_tm2sub has 0 polygons
2026-03-28 21:41:07 +0000: Memory Usage (439628K) : snsbotvia_drw has 0 polygons
2026-03-28 21:41:07 +0000: Memory Usage (439628K) : snstopvia_drw has 0 polygons
2026-03-28 21:41:07 +0000: Memory Usage (439628K) : deepvia_drw has 0 polygons
2026-03-28 21:41:07 +0000: Memory Usage (439628K) : fgetch_drw has 0 polygons
2026-03-28 21:41:07 +0000: Memory Usage (439628K) : ctrgat_drw has 0 polygons
2026-03-28 21:41:07 +0000: Memory Usage (439628K) : fgimp_drw has 0 polygons
2026-03-28 21:41:07 +0000: Memory Usage (439628K) : emwihv_drw has 0 polygons
2026-03-28 21:41:07 +0000: Memory Usage (439628K) : lbe_drw has 0 polygons
2026-03-28 21:41:07 +0000: Memory Usage (439628K) : alcustop_drw has 0 polygons
2026-03-28 21:41:07 +0000: Memory Usage (439628K) : nometfiller_drw has 0 polygons
2026-03-28 21:41:07 +0000: Memory Usage (439628K) : prboundary_drw has 0 polygons
2026-03-28 21:41:07 +0000: Memory Usage (439628K) : exchange0_drw has 0 polygons
2026-03-28 21:41:07 +0000: Memory Usage (439628K) : exchange0_pin has 0 polygons
2026-03-28 21:41:07 +0000: Memory Usage (439628K) : exchange0_text has 0 polygons
2026-03-28 21:41:07 +0000: Memory Usage (439628K) : exchange1_drw has 0 polygons
2026-03-28 21:41:07 +0000: Memory Usage (439628K) : exchange1_pin has 0 polygons
2026-03-28 21:41:07 +0000: Memory Usage (439628K) : exchange1_text has 0 polygons
2026-03-28 21:41:07 +0000: Memory Usage (439628K) : exchange2_drw has 0 polygons
2026-03-28 21:41:07 +0000: Memory Usage (439628K) : exchange2_pin has 0 polygons
2026-03-28 21:41:07 +0000: Memory Usage (439628K) : exchange2_text has 0 polygons
2026-03-28 21:41:07 +0000: Memory Usage (439628K) : exchange3_drw has 0 polygons
2026-03-28 21:41:07 +0000: Memory Usage (439628K) : exchange3_pin has 0 polygons
2026-03-28 21:41:07 +0000: Memory Usage (439628K) : exchange3_text has 0 polygons
2026-03-28 21:41:07 +0000: Memory Usage (439628K) : exchange4_drw has 0 polygons
2026-03-28 21:41:07 +0000: Memory Usage (439628K) : exchange4_pin has 0 polygons
2026-03-28 21:41:07 +0000: Memory Usage (439628K) : exchange4_text has 0 polygons
2026-03-28 21:41:07 +0000: Memory Usage (439628K) : isonwell_drw has 0 polygons
2026-03-28 21:41:07 +0000: Memory Usage (439628K) : Total no. of polygons in the design is 23174
2026-03-28 21:41:07 +0000: Memory Usage (439628K) : Loaded TECH DRC rules values from /opt/pdks/ciel/ihp-sg13g2/versions/c4b8b4e5e7a05f375cca3815d51b3a37721fbf5c/ihp-sg13g2/libs.tech/klayout/python/sg13g2_pycell_lib/sg13g2_tech_mod.json
2026-03-28 21:41:07 +0000: Memory Usage (439628K) : Loaded default DRC rules values from /opt/pdks/ciel/ihp-sg13g2/versions/c4b8b4e5e7a05f375cca3815d51b3a37721fbf5c/ihp-sg13g2/libs.tech/klayout/tech/drc/rule_decks/sg13g2_tech_default.json
2026-03-28 21:41:07 +0000: Memory Usage (439628K) : The following rules values were missing in tech json and default values were used:
2026-03-28 21:41:07 +0000: Memory Usage (439628K) :   - Cnt_c_digibnd
2026-03-28 21:41:07 +0000: Memory Usage (440524K) : Total area of the design is 7700.478 um^2.
2026-03-28 21:41:07 +0000: Memory Usage (440524K) : The design dimensions are 87.6 µm * 87.905 µm.
2026-03-28 21:41:07 +0000: Memory Usage (440524K) : Starting general IHP-SG13G2 derivations.
2026-03-28 21:41:07 +0000: Memory Usage (440524K) : Starting Pwell derivations
2026-03-28 21:41:07 +0000: Memory Usage (442316K) : Starting n-Activ derivations
2026-03-28 21:41:07 +0000: Memory Usage (442956K) : Starting p-Activ derivations
2026-03-28 21:41:07 +0000: Memory Usage (443340K) : Starting ptap derivations
2026-03-28 21:41:07 +0000: Memory Usage (443724K) : Starting ntap derivations
2026-03-28 21:41:07 +0000: Memory Usage (444236K) : Starting pact FET derivations
2026-03-28 21:41:07 +0000: Memory Usage (444364K) : Starting nact FET derivations
2026-03-28 21:41:07 +0000: Memory Usage (444620K) : Starting Gate derivations
2026-03-28 21:41:07 +0000: Memory Usage (444748K) : Starting cont/contbar general derivations
2026-03-28 21:41:07 +0000: Memory Usage (444748K) : Starting pad general derivations
2026-03-28 21:41:07 +0000: Memory Usage (444748K) : Starting IHP-SG13G2 DRC connectivity related derivations.
2026-03-28 21:41:07 +0000: Memory Usage (444748K) : Starting IHP-SG13G2 DRC connectivity setup
2026-03-28 21:41:07 +0000: Memory Usage (445516K) : Starting IHP-SG13G2 DRC rules.
2026-03-28 21:41:07 +0000: Memory Usage (445516K) : Running all FEOL rules
2026-03-28 21:41:07 +0000: Memory Usage (445516K) : Running all BEOL rules
2026-03-28 21:41:07 +0000: Memory Usage (445516K) : Running all PIN rules
2026-03-28 21:41:07 +0000: Memory Usage (445516K) : Running all FORBIDDEN rules
2026-03-28 21:41:07 +0000: Memory Usage (445516K) : Starting 5.1 NWell table
2026-03-28 21:41:07 +0000: Memory Usage (445516K) : Executing rule NW.b
2026-03-28 21:41:07 +0000: Memory Usage (446540K) : Executing rule NW.b1
2026-03-28 21:41:07 +0000: Memory Usage (446796K) : Starting 5.2 PWell:block
2026-03-28 21:41:07 +0000: Memory Usage (446796K) : Executing rule PWB.e
2026-03-28 21:41:07 +0000: Memory Usage (446796K) : Executing rule PWB.e1
2026-03-28 21:41:07 +0000: Memory Usage (446796K) : Executing rule PWB.f
2026-03-28 21:41:07 +0000: Memory Usage (446796K) : Executing rule PWB.f1
2026-03-28 21:41:07 +0000: Memory Usage (446796K) : Starting 5.3 nBuLay table
2026-03-28 21:41:07 +0000: Memory Usage (446796K) : Executing rule NBL.b
2026-03-28 21:41:07 +0000: Memory Usage (446532K) : Executing rule NBL.c
2026-03-28 21:41:07 +0000: Memory Usage (446660K) : Executing rule NBL.d
2026-03-28 21:41:07 +0000: Memory Usage (446788K) : Executing rule NBL.e
2026-03-28 21:41:07 +0000: Memory Usage (446916K) : Executing rule NBL.f
2026-03-28 21:41:07 +0000: Memory Usage (446916K) : Starting 5.5. Activ table
2026-03-28 21:41:07 +0000: Memory Usage (446916K) : Executing rule Act.a
2026-03-28 21:41:07 +0000: Memory Usage (446916K) : Executing rule Act.b
2026-03-28 21:41:07 +0000: Memory Usage (447556K) : Starting 5.6 Activ:filler table
2026-03-28 21:41:07 +0000: Memory Usage (447556K) : Executing rule AFil.c1
2026-03-28 21:41:07 +0000: Memory Usage (447556K) : Executing rule AFil.c
2026-03-28 21:41:07 +0000: Memory Usage (447556K) : Executing rule AFil.d
2026-03-28 21:41:07 +0000: Memory Usage (447556K) : Executing rule AFil.e
2026-03-28 21:41:07 +0000: Memory Usage (447556K) : Executing rule AFil.j
2026-03-28 21:41:07 +0000: Memory Usage (447556K) : Starting 5.7. ThickGateOx table
2026-03-28 21:41:07 +0000: Memory Usage (447556K) : Executing rule TGO.f
2026-03-28 21:41:07 +0000: Memory Usage (447556K) : Starting 5.8. GatPoly table
2026-03-28 21:41:07 +0000: Memory Usage (447556K) : Executing rule Gat.a
2026-03-28 21:41:07 +0000: Memory Usage (447556K) : Executing rule Gat.b
2026-03-28 21:41:07 +0000: Memory Usage (447424K) : Executing rule Gat.d
2026-03-28 21:41:07 +0000: Memory Usage (447420K) : Executing rule Gat.a1
2026-03-28 21:41:07 +0000: Memory Usage (447804K) : Executing rule Gat.a2
2026-03-28 21:41:07 +0000: Memory Usage (448060K) : Executing rule Gat.g
2026-03-28 21:41:07 +0000: Memory Usage (448060K) : Starting 5.9 GatPoly:filler
2026-03-28 21:41:07 +0000: Memory Usage (448060K) : Executing rule GFil.d
2026-03-28 21:41:07 +0000: Memory Usage (448060K) : Executing rule GFil.e
2026-03-28 21:41:07 +0000: Memory Usage (448060K) : Executing rule GFil.i
2026-03-28 21:41:07 +0000: Memory Usage (448060K) : Starting 5.10 pSD table
2026-03-28 21:41:07 +0000: Memory Usage (448060K) : Executing rule pSD.c1
2026-03-28 21:41:07 +0000: Memory Usage (448308K) : Starting 5.14. Cont table
2026-03-28 21:41:07 +0000: Memory Usage (448308K) : Executing rule Cnt.a
2026-03-28 21:41:07 +0000: Memory Usage (448308K) : Executing rule Cnt.b
2026-03-28 21:41:07 +0000: Memory Usage (448436K) : Executing rule Cnt.c
2026-03-28 21:41:07 +0000: Memory Usage (448692K) : Executing rule Cnt.c
2026-03-28 21:41:07 +0000: Memory Usage (448692K) : Executing rule Cnt.d
2026-03-28 21:41:07 +0000: Memory Usage (448820K) : Executing rule Cnt.e
2026-03-28 21:41:07 +0000: Memory Usage (449204K) : Executing rule Cnt.g1
2026-03-28 21:41:07 +0000: Memory Usage (449588K) : Executing rule Cnt.g2
2026-03-28 21:41:07 +0000: Memory Usage (449456K) : Starting 5.15. ContBar table
2026-03-28 21:41:07 +0000: Memory Usage (449456K) : Executing rule CntB.b1
2026-03-28 21:41:07 +0000: Memory Usage (449456K) : Executing rule CntB.h1
2026-03-28 21:41:07 +0000: Memory Usage (449456K) : Starting 6.1.3 NPN Substrate-Tie table
2026-03-28 21:41:07 +0000: Memory Usage (449456K) : Executing rule npn13G2.bR 
2026-03-28 21:41:07 +0000: Memory Usage (449456K) : Executing rule npn13G2L.cR 
2026-03-28 21:41:07 +0000: Memory Usage (449456K) : Executing rule npn13G2V.cR 
2026-03-28 21:41:07 +0000: Memory Usage (449456K) : Starting 6.7 Schottky diode table
2026-03-28 21:41:07 +0000: Memory Usage (449456K) : Executing rule Sdiod.d
2026-03-28 21:41:07 +0000: Memory Usage (449456K) : Executing rule Sdiod.e
2026-03-28 21:41:07 +0000: Memory Usage (449456K) : Starting 7.2 Latch-up table
2026-03-28 21:41:07 +0000: Memory Usage (449456K) : Executing rule LU.b
2026-03-28 21:41:08 +0000: Memory Usage (449448K) : Starting 5.16. Metal1 table
2026-03-28 21:41:08 +0000: Memory Usage (449448K) : Executing rule M1.a
2026-03-28 21:41:08 +0000: Memory Usage (449448K) : Executing rule M1.b
2026-03-28 21:41:08 +0000: Memory Usage (449956K) : Executing rule M1.e
2026-03-28 21:41:08 +0000: Memory Usage (450084K) : Executing rule M1.f
2026-03-28 21:41:08 +0000: Memory Usage (450084K) : Executing rule M1.g
2026-03-28 21:41:08 +0000: Memory Usage (450468K) : Executing rule M1.i
2026-03-28 21:41:08 +0000: Memory Usage (451108K) : Starting 5.17 Metaln table
2026-03-28 21:41:08 +0000: Memory Usage (451108K) : Executing rule M2.a
2026-03-28 21:41:08 +0000: Memory Usage (451108K) : Executing rule M2.b
2026-03-28 21:41:08 +0000: Memory Usage (451108K) : Executing rule M2.e
2026-03-28 21:41:08 +0000: Memory Usage (451108K) : Executing rule M2.f
2026-03-28 21:41:08 +0000: Memory Usage (451108K) : Executing rule M2.g
2026-03-28 21:41:08 +0000: Memory Usage (451492K) : Executing rule M2.i
2026-03-28 21:41:08 +0000: Memory Usage (452004K) : Executing rule M3.a
2026-03-28 21:41:08 +0000: Memory Usage (452004K) : Executing rule M3.b
2026-03-28 21:41:08 +0000: Memory Usage (451876K) : Executing rule M3.e
2026-03-28 21:41:08 +0000: Memory Usage (451876K) : Executing rule M3.f
2026-03-28 21:41:08 +0000: Memory Usage (452004K) : Executing rule M3.g
2026-03-28 21:41:08 +0000: Memory Usage (452132K) : Executing rule M3.i
2026-03-28 21:41:08 +0000: Memory Usage (452132K) : Executing rule M4.a
2026-03-28 21:41:08 +0000: Memory Usage (452132K) : Executing rule M4.b
2026-03-28 21:41:08 +0000: Memory Usage (452256K) : Executing rule M4.e
2026-03-28 21:41:08 +0000: Memory Usage (452640K) : Executing rule M4.f
2026-03-28 21:41:08 +0000: Memory Usage (452640K) : Executing rule M4.g
2026-03-28 21:41:08 +0000: Memory Usage (452768K) : Executing rule M4.i
2026-03-28 21:41:08 +0000: Memory Usage (452768K) : Executing rule M5.a
2026-03-28 21:41:08 +0000: Memory Usage (452768K) : Executing rule M5.b
2026-03-28 21:41:08 +0000: Memory Usage (452384K) : Executing rule M5.e
2026-03-28 21:41:08 +0000: Memory Usage (452512K) : Executing rule M5.f
2026-03-28 21:41:08 +0000: Memory Usage (452512K) : Executing rule M5.g
2026-03-28 21:41:08 +0000: Memory Usage (452640K) : Executing rule M5.i
2026-03-28 21:41:08 +0000: Memory Usage (452896K) : Starting 5.18 Metaln:filler table
2026-03-28 21:41:08 +0000: Memory Usage (452896K) : Executing rule M1Fil.c
2026-03-28 21:41:08 +0000: Memory Usage (452896K) : Executing rule M1Fil.a2
2026-03-28 21:41:08 +0000: Memory Usage (452896K) : Executing rule M2Fil.c
2026-03-28 21:41:08 +0000: Memory Usage (452896K) : Executing rule M2Fil.a2
2026-03-28 21:41:08 +0000: Memory Usage (452896K) : Executing rule M3Fil.c
2026-03-28 21:41:08 +0000: Memory Usage (452896K) : Executing rule M3Fil.a2
2026-03-28 21:41:08 +0000: Memory Usage (452896K) : Executing rule M4Fil.c
2026-03-28 21:41:08 +0000: Memory Usage (452896K) : Executing rule M4Fil.a2
2026-03-28 21:41:08 +0000: Memory Usage (452896K) : Executing rule M5Fil.c
2026-03-28 21:41:08 +0000: Memory Usage (452896K) : Executing rule M5Fil.a2
2026-03-28 21:41:08 +0000: Memory Usage (452896K) : Starting 5.19. Via1 table
2026-03-28 21:41:08 +0000: Memory Usage (452896K) : Starting 5.19. Via1 table derivations
2026-03-28 21:41:08 +0000: Memory Usage (452896K) : Executing rule V1.a
2026-03-28 21:41:08 +0000: Memory Usage (452896K) : Executing rule V1.b
2026-03-28 21:41:08 +0000: Memory Usage (452896K) : Executing rule V1.c
2026-03-28 21:41:08 +0000: Memory Usage (453024K) : Starting 5.20. Vian table
2026-03-28 21:41:08 +0000: Memory Usage (453024K) : Executing rule V2.a
2026-03-28 21:41:08 +0000: Memory Usage (453024K) : Executing rule V2.b
2026-03-28 21:41:08 +0000: Memory Usage (452896K) : Executing rule V2.c
2026-03-28 21:41:08 +0000: Memory Usage (452636K) : Executing rule V3.a
2026-03-28 21:41:08 +0000: Memory Usage (452636K) : Executing rule V3.b
2026-03-28 21:41:08 +0000: Memory Usage (452764K) : Executing rule V3.c
2026-03-28 21:41:08 +0000: Memory Usage (452764K) : Executing rule V4.a
2026-03-28 21:41:08 +0000: Memory Usage (452764K) : Executing rule V4.b
2026-03-28 21:41:08 +0000: Memory Usage (452892K) : Executing rule V4.c
2026-03-28 21:41:08 +0000: Memory Usage (452892K) : Starting 5.21. TopVia1 table
2026-03-28 21:41:08 +0000: Memory Usage (452892K) : Executing rule TV1.a
2026-03-28 21:41:08 +0000: Memory Usage (452892K) : Executing rule TV1.b
2026-03-28 21:41:08 +0000: Memory Usage (452892K) : Executing rule TV1.c
2026-03-28 21:41:08 +0000: Memory Usage (452892K) : Executing rule TV1.d
2026-03-28 21:41:08 +0000: Memory Usage (452892K) : Starting 5.22. TopMetal1 table
2026-03-28 21:41:08 +0000: Memory Usage (452892K) : Executing rule TM1.a
2026-03-28 21:41:08 +0000: Memory Usage (452892K) : Executing rule TM1.b
2026-03-28 21:41:08 +0000: Memory Usage (452892K) : Starting 5.23 TopMetal1:filler table
2026-03-28 21:41:08 +0000: Memory Usage (452892K) : Executing rule TM1Fil.c
2026-03-28 21:41:08 +0000: Memory Usage (452892K) : Executing rule TM1Fil.a1
2026-03-28 21:41:08 +0000: Memory Usage (452892K) : Starting 5.24. TopVia2 table
2026-03-28 21:41:08 +0000: Memory Usage (452892K) : Executing rule TV2.a
2026-03-28 21:41:08 +0000: Memory Usage (452892K) : Executing rule TV2.b
2026-03-28 21:41:08 +0000: Memory Usage (452892K) : Executing rule TV2.c
2026-03-28 21:41:08 +0000: Memory Usage (452892K) : Executing rule TV2.d
2026-03-28 21:41:08 +0000: Memory Usage (452892K) : Starting 5.25. TopMetal2 table
2026-03-28 21:41:08 +0000: Memory Usage (452892K) : Executing rule TM2.a
2026-03-28 21:41:08 +0000: Memory Usage (452892K) : Executing rule TM2.b
2026-03-28 21:41:08 +0000: Memory Usage (452892K) : Executing rule TM2.bR
2026-03-28 21:41:08 +0000: Memory Usage (452892K) : Starting 5.26 TopMetal2:filler table
2026-03-28 21:41:08 +0000: Memory Usage (452892K) : Executing rule TM2Fil.c
2026-03-28 21:41:08 +0000: Memory Usage (452892K) : Executing rule TM2Fil.a1
2026-03-28 21:41:08 +0000: Memory Usage (452892K) : Starting 5.27. Passiv table
2026-03-28 21:41:08 +0000: Memory Usage (452892K) : Executing rule Pas.a
2026-03-28 21:41:08 +0000: Memory Usage (452892K) : Executing rule Pas.b
2026-03-28 21:41:08 +0000: Memory Usage (452892K) : Executing rule Pas.c
2026-03-28 21:41:08 +0000: Memory Usage (453276K) : Starting 6.9.2 Copper Pillar table
2026-03-28 21:41:08 +0000: Memory Usage (453276K) : Executing rule Padc.a
2026-03-28 21:41:08 +0000: Memory Usage (453532K) : Executing rule Padc.b
2026-03-28 21:41:08 +0000: Memory Usage (453660K) : Executing rule Padc.c
2026-03-28 21:41:08 +0000: Memory Usage (453916K) : Executing rule Padb.f
2026-03-28 21:41:08 +0000: Memory Usage (454300K) : Starting 6.9.1 Solder Bump
2026-03-28 21:41:08 +0000: Memory Usage (454300K) : Executing rule Padb.a
2026-03-28 21:41:08 +0000: Memory Usage (454684K) : Executing rule Padb.b
2026-03-28 21:41:08 +0000: Memory Usage (454812K) : Executing rule Padb.c
2026-03-28 21:41:08 +0000: Memory Usage (455196K) : Executing rule Padb.f
2026-03-28 21:41:08 +0000: Memory Usage (456348K) : Executing rule Padb.d
2026-03-28 21:41:08 +0000: Memory Usage (456476K) : Starting 6.10 Sealring table
2026-03-28 21:41:08 +0000: Memory Usage (456476K) : Executing rule Seal.l
2026-03-28 21:41:08 +0000: Memory Usage (456476K) : Executing rule Seal.n
2026-03-28 21:41:08 +0000: Memory Usage (456732K) : Executing rule seal.b_metal1
2026-03-28 21:41:08 +0000: Memory Usage (456988K) : Executing rule seal.b_metal2
2026-03-28 21:41:08 +0000: Memory Usage (457244K) : Executing rule seal.b_metal3
2026-03-28 21:41:08 +0000: Memory Usage (457500K) : Executing rule seal.b_metal4
2026-03-28 21:41:08 +0000: Memory Usage (457628K) : Executing rule seal.b_metal5
2026-03-28 21:41:08 +0000: Memory Usage (457884K) : Executing rule seal.b_topmetal1
2026-03-28 21:41:08 +0000: Memory Usage (458140K) : Executing rule seal.b_topmetal2
2026-03-28 21:41:08 +0000: Memory Usage (458396K) : Executing rule seal.b_activ
2026-03-28 21:41:08 +0000: Memory Usage (458652K) : Executing rule seal.b_psd
2026-03-28 21:41:08 +0000: Memory Usage (458780K) : Executing rule Seal.k
2026-03-28 21:41:08 +0000: Memory Usage (459036K) : Executing rule Seal.m
2026-03-28 21:41:08 +0000: Memory Usage (459164K) : Starting 6.11 MIM table
2026-03-28 21:41:08 +0000: Memory Usage (459292K) : Executing rule MIM.c
2026-03-28 21:41:08 +0000: Memory Usage (459548K) : Executing rule MIM.d
2026-03-28 21:41:08 +0000: Memory Usage (459676K) : Executing rule MIM.gR
2026-03-28 21:41:08 +0000: Memory Usage (459804K) : Starting 7.3 Metal Slits table
2026-03-28 21:41:08 +0000: Memory Usage (459804K) : Executing rule Slt.e1_M1
2026-03-28 21:41:08 +0000: Memory Usage (459932K) : Executing rule Slt.e1_M2
2026-03-28 21:41:08 +0000: Memory Usage (460060K) : Executing rule Slt.e1_M3
2026-03-28 21:41:08 +0000: Memory Usage (460188K) : Executing rule Slt.e1_M4
2026-03-28 21:41:08 +0000: Memory Usage (460316K) : Executing rule Slt.e1_M5
2026-03-28 21:41:08 +0000: Memory Usage (460572K) : Executing rule Slt.e1_TM1
2026-03-28 21:41:08 +0000: Memory Usage (460700K) : Executing rule Slt.e1_TM2
2026-03-28 21:41:08 +0000: Memory Usage (460700K) : Starting 9.1. LBE table
2026-03-28 21:41:08 +0000: Memory Usage (460700K) : Executing rule LBE.a
2026-03-28 21:41:08 +0000: Memory Usage (460700K) : Executing rule LBE.b
2026-03-28 21:41:08 +0000: Memory Usage (460700K) : Executing rule LBE.b1
2026-03-28 21:41:08 +0000: Memory Usage (460700K) : Executing rule LBE.c
2026-03-28 21:41:08 +0000: Memory Usage (460700K) : Executing rule LBE.d
2026-03-28 21:41:08 +0000: Memory Usage (460700K) : Executing rule LBE.h
2026-03-28 21:41:08 +0000: Memory Usage (460700K) : Starting 7.4. PIN table
2026-03-28 21:41:08 +0000: Memory Usage (460700K) : Executing rule Pin.a
2026-03-28 21:41:08 +0000: Memory Usage (460700K) : Executing rule Pin.b
2026-03-28 21:41:08 +0000: Memory Usage (460700K) : Executing rule Pin.e
2026-03-28 21:41:08 +0000: Memory Usage (460692K) : Executing rule Pin.f_M2
2026-03-28 21:41:08 +0000: Memory Usage (460692K) : Executing rule Pin.f_M3
2026-03-28 21:41:08 +0000: Memory Usage (460692K) : Executing rule Pin.f_M4
2026-03-28 21:41:08 +0000: Memory Usage (460692K) : Executing rule Pin.f_M5
2026-03-28 21:41:08 +0000: Memory Usage (460692K) : Executing rule Pin.g
2026-03-28 21:41:08 +0000: Memory Usage (460692K) : Executing rule Pin.h
2026-03-28 21:41:08 +0000: Memory Usage (460692K) : Starting 3.2. FORBIDDEN table
2026-03-28 21:41:08 +0000: Memory Usage (460692K) : Executing rule forbidden.biwind
2026-03-28 21:41:08 +0000: Memory Usage (460692K) : Executing rule forbidden.pemwind
2026-03-28 21:41:08 +0000: Memory Usage (460692K) : Executing rule forbidden.baspoly
2026-03-28 21:41:08 +0000: Memory Usage (460692K) : Executing rule forbidden.deepco
2026-03-28 21:41:08 +0000: Memory Usage (460692K) : Executing rule forbidden.pempoly
2026-03-28 21:41:08 +0000: Memory Usage (460692K) : Executing rule forbidden.empoly
2026-03-28 21:41:08 +0000: Memory Usage (460692K) : Executing rule forbidden.ldmos
2026-03-28 21:41:08 +0000: Memory Usage (460692K) : Executing rule forbidden.pbiwind
2026-03-28 21:41:08 +0000: Memory Usage (460692K) : Executing rule forbidden.nodrc
2026-03-28 21:41:08 +0000: Memory Usage (460692K) : Executing rule forbidden.flash
2026-03-28 21:41:08 +0000: Memory Usage (460692K) : Executing rule forbidden.colwind
2026-03-28 21:41:08 +0000: Memory Usage (460692K) : KLayout DRC run for tables 'main' completed in 1.97 seconds
