[WARNING ORD-0032] Invalid thread number specification: None.
Reading timing models for corner nom_fast_1p32V_m40C…
Reading timing library for the 'nom_fast_1p32V_m40C' corner at '/foss/pdks/ihp-sg13g2/libs.ref/sg13g2_stdcell/lib/sg13g2_stdcell_fast_1p32V_m40C.lib.gz'…
Reading timing library for the 'nom_fast_1p32V_m40C' corner at '/foss/pdks/ihp-sg13g2/libs.ref/sg13g2_io/lib/sg13g2_io_fast_1p32V_3p6V_m40C.lib.gz'…
Reading timing models for corner nom_slow_1p08V_125C…
Reading timing library for the 'nom_slow_1p08V_125C' corner at '/foss/pdks/ihp-sg13g2/libs.ref/sg13g2_stdcell/lib/sg13g2_stdcell_slow_1p08V_125C.lib.gz'…
Reading timing library for the 'nom_slow_1p08V_125C' corner at '/foss/pdks/ihp-sg13g2/libs.ref/sg13g2_io/lib/sg13g2_io_slow_1p08V_3p0V_125C.lib.gz'…
Reading timing models for corner nom_typ_1p20V_25C…
Reading timing library for the 'nom_typ_1p20V_25C' corner at '/foss/pdks/ihp-sg13g2/libs.ref/sg13g2_stdcell/lib/sg13g2_stdcell_typ_1p20V_25C.lib.gz'…
Reading timing library for the 'nom_typ_1p20V_25C' corner at '/foss/pdks/ihp-sg13g2/libs.ref/sg13g2_io/lib/sg13g2_io_typ_1p2V_3p3V_25C.lib.gz'…
Reading OpenROAD database at '/foss/designs/BASIC/current_generator/digital/DigitalSine/runs/RUN_2026-09-16_23-32-49/28-openroad-globalplacement/DigitalSine.odb'…
Reading design constraints file at '/foss/designs/BASIC/current_generator/digital/DigitalSine/cons.sdc'…
[INFO] No information on clock propagation in input SDC file-- propagating all clocks.
[INFO RSZ-0027] Inserted 1 sg13g2_buf_1 input buffers.
[INFO RSZ-0028] Inserted 20 sg13g2_buf_1 output buffers.
+ repair_design -verbose -max_wire_length 0.0 -slew_margin 20.0 -cap_margin 20.0
Iteration |   Area    | Resized | Buffers | Nets repaired | Remaining
---------------------------------------------------------------------
        0 |     +0.0% |       0 |       0 |             0 |       190
       10 |     +0.0% |       0 |       0 |             0 |       180
       20 |     +0.0% |       0 |       0 |             0 |       170
       30 |     +0.0% |       0 |       0 |             0 |       160
       40 |     +0.0% |       0 |       0 |             0 |       150
       50 |     +0.0% |       0 |       0 |             0 |       140
       60 |     +0.0% |       0 |       0 |             0 |       130
       70 |     +0.0% |       0 |       0 |             0 |       120
       80 |     +0.0% |       0 |       0 |             0 |       110
       90 |     +0.0% |       0 |       0 |             0 |       100
      100 |     +0.0% |       0 |       0 |             0 |        90
      110 |     +0.0% |       0 |       0 |             0 |        80
      120 |     +0.0% |       0 |       0 |             0 |        70
      130 |     +0.0% |       0 |       0 |             0 |        60
      140 |     +0.0% |       0 |       0 |             0 |        50
      150 |     +0.0% |       0 |       0 |             0 |        40
      160 |     +0.4% |       0 |       1 |             1 |        30
      170 |     +0.4% |       0 |       1 |             1 |        20
      180 |     +7.1% |       0 |      20 |             9 |        10
      190 |     +7.5% |       0 |      21 |            10 |         0
    final |     +7.5% |       0 |      21 |            10 |         0
---------------------------------------------------------------------
[INFO RSZ-0035] Found 10 fanout violations.
[INFO RSZ-0038] Inserted 21 buffers in 10 nets.
+ detailed_placement -max_displacement  500 100 
Placement Analysis
---------------------------------
total displacement        950.8 u
average displacement        4.5 u
max displacement           38.4 u
original HPWL            3304.6 u
legalized HPWL           3856.6 u
delta HPWL                   17 %

[INFO DPL-0020] Mirrored 65 instances
[INFO DPL-0021] HPWL before            3856.6 u
[INFO DPL-0022] HPWL after             3777.0 u
[INFO DPL-0023] HPWL delta               -2.1 %
Setting global connections for newly added cells…
[INFO] Setting global connections...
[INFO ODB-0403] 84 connections made, 0 conflicts skipped.
Updating metrics…
Cell type report:                       Count       Area
  Timing Repair Buffer                     42     304.82
  Inverter                                 16      87.09
  Sequential cell                           9     440.90
  Multi-Input combinational cell          142    1362.61
  Total                                   209    2195.42
Writing OpenROAD database to '/foss/designs/BASIC/current_generator/digital/DigitalSine/runs/RUN_2026-09-16_23-32-49/32-openroad-repairdesignpostgpl/DigitalSine.odb'…
Writing netlist to '/foss/designs/BASIC/current_generator/digital/DigitalSine/runs/RUN_2026-09-16_23-32-49/32-openroad-repairdesignpostgpl/DigitalSine.nl.v'…
Writing powered netlist to '/foss/designs/BASIC/current_generator/digital/DigitalSine/runs/RUN_2026-09-16_23-32-49/32-openroad-repairdesignpostgpl/DigitalSine.pnl.v'…
Writing layout to '/foss/designs/BASIC/current_generator/digital/DigitalSine/runs/RUN_2026-09-16_23-32-49/32-openroad-repairdesignpostgpl/DigitalSine.def'…
Writing timing constraints to '/foss/designs/BASIC/current_generator/digital/DigitalSine/runs/RUN_2026-09-16_23-32-49/32-openroad-repairdesignpostgpl/DigitalSine.sdc'…
