Clock: clockone
Sources: clk 
Generated: no
Virtual: yes
Propagated: no
Period: 5.000000

===========================================================================
report_clock_properties
============================================================================
Clock                   Period          Waveform
----------------------------------------------------
clockone              5.000000    0.000000  1.000000

===========================================================================
report_clock_latency
============================================================================
Clock clockone
rise -> rise
    min     max
0.000000 0.000000 source latency
0.086618         network latency _295_/CLK
        0.088621 network latency _294_/CLK
---------------
0.086618 0.088621 latency
        0.002004 skew

fall -> fall
    min     max
0.000000 0.000000 source latency
0.092035         network latency _295_/CLK
        0.093799 network latency _294_/CLK
---------------
0.092035 0.093799 latency
        0.001764 skew



===========================================================================
report_clock_min_period
============================================================================
clockone period_min = 1.42 fmax = 706.48
