
===========================================================================
report_checks -unconstrained
===========================================================================
======================= nom_slow_1p08V_125C Corner ===================================

Startpoint: rst (input port clocked by clk)
Endpoint: _297_ (recovery check against rising-edge clock clk)
Path Group: asynchronous
Path Type: max

Fanout         Cap        Slew       Delay        Time   Description
---------------------------------------------------------------------------------------------
                                  0.000000    0.000000   clock clk (rise edge)
                                  0.000000    0.000000   clock network delay (propagated)
                                  1.000000    1.000000 v input external delay
     1    0.002755    0.027253    0.003213    1.003213 v rst (in)
                                                         rst (net)
                      0.027253    0.000000    1.003213 v input1/A (sg13g2_buf_1)
     2    0.017856    0.104030    0.149503    1.152715 v input1/X (sg13g2_buf_1)
                                                         net1 (net)
                      0.104049    0.001385    1.154101 v fanout78/A (sg13g2_buf_8)
     8    0.035255    0.045739    0.156388    1.310489 v fanout78/X (sg13g2_buf_8)
                                                         net78 (net)
                      0.045875    0.002910    1.313399 v _288_/A (sg13g2_inv_1)
     1    0.006785    0.056469    0.064835    1.378234 ^ _288_/Y (sg13g2_inv_1)
                                                         _004_ (net)
                      0.056476    0.000510    1.378744 ^ _297_/RESET_B (sg13g2_dfrbpq_1)
                                              1.378744   data arrival time

                                  5.000000    5.000000   clock clk (rise edge)
                                  0.000000    5.000000   clock source latency
     1    0.013603    0.047249    0.017995    5.017995 ^ clk (in)
                                                         clk (net)
                      0.047257    0.000000    5.017995 ^ clkbuf_0_clk/A (sg13g2_buf_8)
     2    0.021054    0.037597    0.111793    5.129789 ^ clkbuf_0_clk/X (sg13g2_buf_8)
                                                         clknet_0_clk (net)
                      0.037599    0.000902    5.130691 ^ clkbuf_1_1__f_clk/A (sg13g2_buf_8)
     5    0.020170    0.036671    0.105787    5.236478 ^ clkbuf_1_1__f_clk/X (sg13g2_buf_8)
                                                         clknet_1_1__leaf_clk (net)
                      0.036671    0.000481    5.236959 ^ _297_/CLK (sg13g2_dfrbpq_1)
                                 -0.250000    4.986959   clock uncertainty
                                  0.000000    4.986959   clock reconvergence pessimism
                                 -0.214299    4.772660   library recovery time
                                              4.772660   data required time
---------------------------------------------------------------------------------------------
                                              4.772660   data required time
                                             -1.378744   data arrival time
---------------------------------------------------------------------------------------------
                                              3.393916   slack (MET)


Startpoint: _294_ (rising edge-triggered flip-flop clocked by clk)
Endpoint: sine_out[1] (output port clocked by clk)
Path Group: clk
Path Type: max

Fanout         Cap        Slew       Delay        Time   Description
---------------------------------------------------------------------------------------------
                                  0.000000    0.000000   clock clk (rise edge)
                                  0.000000    0.000000   clock source latency
     1    0.013603    0.047249    0.017995    0.017995 ^ clk (in)
                                                         clk (net)
                      0.047257    0.000000    0.017995 ^ clkbuf_0_clk/A (sg13g2_buf_8)
     2    0.021054    0.037597    0.111794    0.129789 ^ clkbuf_0_clk/X (sg13g2_buf_8)
                                                         clknet_0_clk (net)
                      0.037597    0.000393    0.130182 ^ clkbuf_1_0__f_clk/A (sg13g2_buf_8)
     5    0.020362    0.036801    0.105895    0.236077 ^ clkbuf_1_0__f_clk/X (sg13g2_buf_8)
                                                         clknet_1_0__leaf_clk (net)
                      0.036802    0.000686    0.236763 ^ _294_/CLK (sg13g2_dfrbpq_1)
     1    0.002086    0.028093    0.255404    0.492167 v _294_/Q (sg13g2_dfrbpq_1)
                                                         DPATH.SUM.fa_1.A (net)
                      0.028093    0.000077    0.492244 v hold4/A (sg13g2_dlygate4sd3_1)
     1    0.008329    0.083548    0.615370    1.107614 v hold4/X (sg13g2_dlygate4sd3_1)
                                                         net40 (net)
                      0.083548    0.000657    1.108271 v fanout75/A (sg13g2_buf_8)
     5    0.036130    0.045601    0.145985    1.254256 v fanout75/X (sg13g2_buf_8)
                                                         net75 (net)
                      0.046123    0.003848    1.258105 v fanout74/A (sg13g2_buf_8)
     5    0.028014    0.040674    0.122588    1.380693 v fanout74/X (sg13g2_buf_8)
                                                         net74 (net)
                      0.040682    0.000747    1.381440 v fanout73/A (sg13g2_buf_8)
     8    0.037222    0.045602    0.124571    1.506011 v fanout73/X (sg13g2_buf_8)
                                                         net73 (net)
                      0.045728    0.002179    1.508189 v _140_/A (sg13g2_nor2_2)
     5    0.019277    0.146802    0.153750    1.661939 ^ _140_/Y (sg13g2_nor2_2)
                                                         _109_ (net)
                      0.146815    0.001143    1.663082 ^ _225_/A2 (sg13g2_a21oi_1)
     2    0.010029    0.130666    0.186477    1.849559 v _225_/Y (sg13g2_a21oi_1)
                                                         _050_ (net)
                      0.130669    0.000899    1.850457 v _263_/B1 (sg13g2_a221oi_1)
     1    0.005542    0.213198    0.251708    2.102165 ^ _263_/Y (sg13g2_a221oi_1)
                                                         _087_ (net)
                      0.213199    0.000355    2.102520 ^ _264_/B (sg13g2_nor2_1)
     1    0.004001    0.066933    0.102638    2.205158 v _264_/Y (sg13g2_nor2_1)
                                                         _088_ (net)
                      0.066933    0.000279    2.205437 v _265_/C (sg13g2_nor3_1)
     1    0.005851    0.171184    0.169925    2.375362 ^ _265_/Y (sg13g2_nor3_1)
                                                         _089_ (net)
                      0.171184    0.000366    2.375728 ^ _274_/A2 (sg13g2_a22oi_1)
     1    0.009187    0.134814    0.199523    2.575251 v _274_/Y (sg13g2_a22oi_1)
                                                         net15 (net)
                      0.134821    0.001068    2.576320 v output15/A (sg13g2_buf_1)
     1    0.013550    0.084254    0.182451    2.758770 v output15/X (sg13g2_buf_1)
                                                         sine_out[1] (net)
                      0.084267    0.001057    2.759828 v sine_out[1] (out)
                                              2.759828   data arrival time

                                  5.000000    5.000000   clock clk (rise edge)
                                  0.000000    5.000000   clock network delay (propagated)
                                 -0.250000    4.750000   clock uncertainty
                                  0.000000    4.750000   clock reconvergence pessimism
                                 -1.000000    3.750000   output external delay
                                              3.750000   data required time
---------------------------------------------------------------------------------------------
                                              3.750000   data required time
                                             -2.759828   data arrival time
---------------------------------------------------------------------------------------------
                                              0.990172   slack (MET)




===========================================================================
report_checks --slack_max -0.01
============================================================================
======================= nom_slow_1p08V_125C Corner ===================================

No paths found.


===========================================================================
 report_check_types -max_slew -max_cap -max_fanout -violators
============================================================================
======================= nom_slow_1p08V_125C Corner ===================================



===========================================================================
report_parasitic_annotation -report_unannotated
============================================================================
Found 1 unannotated drivers.
 clkload0/Y
Found 0 partially unannotated drivers.

===========================================================================
max slew violation count 0
max fanout violation count 0
max cap violation count 0
============================================================================

===========================================================================
check_setup -verbose -unconstrained_endpoints -multiple_clock -no_clock -no_input_delay -loops -generated_clocks
===========================================================================
