
===========================================================================
report_checks -path_delay min (Hold)
============================================================================
======================= nom_typ_1p20V_25C Corner ===================================

Startpoint: _295_ (rising edge-triggered flip-flop clocked by clk)
Endpoint: sign (output port clocked by clk)
Path Group: clk
Path Type: min

Fanout         Cap        Slew       Delay        Time   Description
---------------------------------------------------------------------------------------------
                      0.100000    0.000000    0.000000   clock clk (rise edge)
                                  0.000000    0.000000   clock network delay (ideal)
                      0.100000    0.000000    0.000000 ^ _295_/CLK (sg13g2_dfrbpq_1)
     3    0.037398    0.120292    0.279083    0.279083 v _295_/Q (sg13g2_dfrbpq_1)
                                                         sign (net)
                      0.120292    0.000000    0.279083 v sign (out)
                                              0.279083   data arrival time

                      0.100000    0.000000    0.000000   clock clk (rise edge)
                                  0.000000    0.000000   clock network delay (ideal)
                                  0.150000    0.150000   clock uncertainty
                                  0.000000    0.150000   clock reconvergence pessimism
                                  0.000000    0.150000   output external delay
                                              0.150000   data required time
---------------------------------------------------------------------------------------------
                                              0.150000   data required time
                                             -0.279083   data arrival time
---------------------------------------------------------------------------------------------
                                              0.129083   slack (MET)


Startpoint: _293_ (rising edge-triggered flip-flop clocked by clk)
Endpoint: sine_out[17] (output port clocked by clk)
Path Group: clk
Path Type: min

Fanout         Cap        Slew       Delay        Time   Description
---------------------------------------------------------------------------------------------
                      0.100000    0.000000    0.000000   clock clk (rise edge)
                                  0.000000    0.000000   clock network delay (ideal)
                      0.100000    0.000000    0.000000 ^ _293_/CLK (sg13g2_dfrbpq_1)
    15    0.040210    0.128659    0.285329    0.285329 v _293_/Q (sg13g2_dfrbpq_1)
                                                         DPATH.SUM.fa_5.A (net)
                      0.128659    0.000000    0.285329 v _277_/A (sg13g2_nand3_1)
     1    0.010000    0.062855    0.091267    0.376596 ^ _277_/Y (sg13g2_nand3_1)
                                                         sine_out[17] (net)
                      0.062855    0.000000    0.376596 ^ sine_out[17] (out)
                                              0.376596   data arrival time

                      0.100000    0.000000    0.000000   clock clk (rise edge)
                                  0.000000    0.000000   clock network delay (ideal)
                                  0.150000    0.150000   clock uncertainty
                                  0.000000    0.150000   clock reconvergence pessimism
                                  0.000000    0.150000   output external delay
                                              0.150000   data required time
---------------------------------------------------------------------------------------------
                                              0.150000   data required time
                                             -0.376596   data arrival time
---------------------------------------------------------------------------------------------
                                              0.226596   slack (MET)


Startpoint: _295_ (rising edge-triggered flip-flop clocked by clk)
Endpoint: _295_ (rising edge-triggered flip-flop clocked by clk)
Path Group: clk
Path Type: min

Fanout         Cap        Slew       Delay        Time   Description
---------------------------------------------------------------------------------------------
                      0.100000    0.000000    0.000000   clock clk (rise edge)
                                  0.000000    0.000000   clock network delay (ideal)
                      0.100000    0.000000    0.000000 ^ _295_/CLK (sg13g2_dfrbpq_1)
     3    0.037398    0.120292    0.279083    0.279083 v _295_/Q (sg13g2_dfrbpq_1)
                                                         sign (net)
                      0.120292    0.000000    0.279083 v _163_/A (sg13g2_xnor2_1)
     1    0.001430    0.026135    0.084966    0.364049 v _163_/Y (sg13g2_xnor2_1)
                                                         CTRL.P1 (net)
                      0.026135    0.000000    0.364049 v _295_/D (sg13g2_dfrbpq_1)
                                              0.364049   data arrival time

                      0.100000    0.000000    0.000000   clock clk (rise edge)
                                  0.000000    0.000000   clock network delay (ideal)
                                  0.150000    0.150000   clock uncertainty
                                  0.000000    0.150000   clock reconvergence pessimism
                                              0.150000 ^ _295_/CLK (sg13g2_dfrbpq_1)
                                 -0.019649    0.130351   library hold time
                                              0.130351   data required time
---------------------------------------------------------------------------------------------
                                              0.130351   data required time
                                             -0.364049   data arrival time
---------------------------------------------------------------------------------------------
                                              0.233698   slack (MET)


Startpoint: _288_ (rising edge-triggered flip-flop clocked by clk)
Endpoint: _289_ (rising edge-triggered flip-flop clocked by clk)
Path Group: clk
Path Type: min

Fanout         Cap        Slew       Delay        Time   Description
---------------------------------------------------------------------------------------------
                      0.100000    0.000000    0.000000   clock clk (rise edge)
                                  0.000000    0.000000   clock network delay (ideal)
                      0.100000    0.000000    0.000000 ^ _288_/CLK (sg13g2_dfrbpq_1)
    15    0.045837    0.145443    0.297783    0.297783 v _288_/Q (sg13g2_dfrbpq_1)
                                                         DPATH.SUM.Cout0 (net)
                      0.145443    0.000000    0.297783 v _279_/A (sg13g2_xnor2_1)
     1    0.001430    0.026021    0.091152    0.388934 v _279_/Y (sg13g2_xnor2_1)
                                                         DPATH.SUM.fa_1.S (net)
                      0.026021    0.000000    0.388934 v _289_/D (sg13g2_dfrbpq_1)
                                              0.388934   data arrival time

                      0.100000    0.000000    0.000000   clock clk (rise edge)
                                  0.000000    0.000000   clock network delay (ideal)
                                  0.150000    0.150000   clock uncertainty
                                  0.000000    0.150000   clock reconvergence pessimism
                                              0.150000 ^ _289_/CLK (sg13g2_dfrbpq_1)
                                 -0.019613    0.130387   library hold time
                                              0.130387   data required time
---------------------------------------------------------------------------------------------
                                              0.130387   data required time
                                             -0.388934   data arrival time
---------------------------------------------------------------------------------------------
                                              0.258547   slack (MET)


Startpoint: _294_ (rising edge-triggered flip-flop clocked by clk)
Endpoint: sine_out[14] (output port clocked by clk)
Path Group: clk
Path Type: min

Fanout         Cap        Slew       Delay        Time   Description
---------------------------------------------------------------------------------------------
                      0.100000    0.000000    0.000000   clock clk (rise edge)
                                  0.000000    0.000000   clock network delay (ideal)
                      0.100000    0.000000    0.000000 ^ _294_/CLK (sg13g2_dfrbpq_1)
    20    0.052905    0.166521    0.313423    0.313423 v _294_/Q (sg13g2_dfrbpq_1)
                                                         DPATH.SUM.fa_6.A (net)
                      0.166521    0.000000    0.313423 v _273_/A (sg13g2_nand2_1)
     1    0.010000    0.058832    0.096108    0.409531 ^ _273_/Y (sg13g2_nand2_1)
                                                         sine_out[14] (net)
                      0.058832    0.000000    0.409531 ^ sine_out[14] (out)
                                              0.409531   data arrival time

                      0.100000    0.000000    0.000000   clock clk (rise edge)
                                  0.000000    0.000000   clock network delay (ideal)
                                  0.150000    0.150000   clock uncertainty
                                  0.000000    0.150000   clock reconvergence pessimism
                                  0.000000    0.150000   output external delay
                                              0.150000   data required time
---------------------------------------------------------------------------------------------
                                              0.150000   data required time
                                             -0.409531   data arrival time
---------------------------------------------------------------------------------------------
                                              0.259531   slack (MET)


Startpoint: _294_ (rising edge-triggered flip-flop clocked by clk)
Endpoint: sine_out[15] (output port clocked by clk)
Path Group: clk
Path Type: min

Fanout         Cap        Slew       Delay        Time   Description
---------------------------------------------------------------------------------------------
                      0.100000    0.000000    0.000000   clock clk (rise edge)
                                  0.000000    0.000000   clock network delay (ideal)
                      0.100000    0.000000    0.000000 ^ _294_/CLK (sg13g2_dfrbpq_1)
    20    0.052905    0.166521    0.313423    0.313423 v _294_/Q (sg13g2_dfrbpq_1)
                                                         DPATH.SUM.fa_6.A (net)
                      0.166521    0.000000    0.313423 v _274_/A (sg13g2_nand2_1)
     1    0.010000    0.058298    0.096108    0.409531 ^ _274_/Y (sg13g2_nand2_1)
                                                         sine_out[15] (net)
                      0.058298    0.000000    0.409531 ^ sine_out[15] (out)
                                              0.409531   data arrival time

                      0.100000    0.000000    0.000000   clock clk (rise edge)
                                  0.000000    0.000000   clock network delay (ideal)
                                  0.150000    0.150000   clock uncertainty
                                  0.000000    0.150000   clock reconvergence pessimism
                                  0.000000    0.150000   output external delay
                                              0.150000   data required time
---------------------------------------------------------------------------------------------
                                              0.150000   data required time
                                             -0.409531   data arrival time
---------------------------------------------------------------------------------------------
                                              0.259531   slack (MET)


Startpoint: _293_ (rising edge-triggered flip-flop clocked by clk)
Endpoint: sine_out[12] (output port clocked by clk)
Path Group: clk
Path Type: min

Fanout         Cap        Slew       Delay        Time   Description
---------------------------------------------------------------------------------------------
                      0.100000    0.000000    0.000000   clock clk (rise edge)
                                  0.000000    0.000000   clock network delay (ideal)
                      0.100000    0.000000    0.000000 ^ _293_/CLK (sg13g2_dfrbpq_1)
    15    0.040210    0.128659    0.285329    0.285329 v _293_/Q (sg13g2_dfrbpq_1)
                                                         DPATH.SUM.fa_5.A (net)
                      0.128659    0.000000    0.285329 v _271_/A1 (sg13g2_a21oi_1)
     1    0.010000    0.098879    0.136333    0.421662 ^ _271_/Y (sg13g2_a21oi_1)
                                                         sine_out[12] (net)
                      0.098879    0.000000    0.421662 ^ sine_out[12] (out)
                                              0.421662   data arrival time

                      0.100000    0.000000    0.000000   clock clk (rise edge)
                                  0.000000    0.000000   clock network delay (ideal)
                                  0.150000    0.150000   clock uncertainty
                                  0.000000    0.150000   clock reconvergence pessimism
                                  0.000000    0.150000   output external delay
                                              0.150000   data required time
---------------------------------------------------------------------------------------------
                                              0.150000   data required time
                                             -0.421662   data arrival time
---------------------------------------------------------------------------------------------
                                              0.271662   slack (MET)


Startpoint: _293_ (rising edge-triggered flip-flop clocked by clk)
Endpoint: sine_out[9] (output port clocked by clk)
Path Group: clk
Path Type: min

Fanout         Cap        Slew       Delay        Time   Description
---------------------------------------------------------------------------------------------
                      0.100000    0.000000    0.000000   clock clk (rise edge)
                                  0.000000    0.000000   clock network delay (ideal)
                      0.100000    0.000000    0.000000 ^ _293_/CLK (sg13g2_dfrbpq_1)
    15    0.040210    0.128659    0.285329    0.285329 v _293_/Q (sg13g2_dfrbpq_1)
                                                         DPATH.SUM.fa_5.A (net)
                      0.128659    0.000000    0.285329 v _265_/A1 (sg13g2_a21oi_1)
     1    0.010000    0.098879    0.136333    0.421662 ^ _265_/Y (sg13g2_a21oi_1)
                                                         sine_out[9] (net)
                      0.098879    0.000000    0.421662 ^ sine_out[9] (out)
                                              0.421662   data arrival time

                      0.100000    0.000000    0.000000   clock clk (rise edge)
                                  0.000000    0.000000   clock network delay (ideal)
                                  0.150000    0.150000   clock uncertainty
                                  0.000000    0.150000   clock reconvergence pessimism
                                  0.000000    0.150000   output external delay
                                              0.150000   data required time
---------------------------------------------------------------------------------------------
                                              0.150000   data required time
                                             -0.421662   data arrival time
---------------------------------------------------------------------------------------------
                                              0.271662   slack (MET)


Startpoint: _294_ (rising edge-triggered flip-flop clocked by clk)
Endpoint: sine_out[16] (output port clocked by clk)
Path Group: clk
Path Type: min

Fanout         Cap        Slew       Delay        Time   Description
---------------------------------------------------------------------------------------------
                      0.100000    0.000000    0.000000   clock clk (rise edge)
                                  0.000000    0.000000   clock network delay (ideal)
                      0.100000    0.000000    0.000000 ^ _294_/CLK (sg13g2_dfrbpq_1)
    20    0.052905    0.166521    0.313423    0.313423 v _294_/Q (sg13g2_dfrbpq_1)
                                                         DPATH.SUM.fa_6.A (net)
                      0.166521    0.000000    0.313423 v _275_/B1 (sg13g2_o21ai_1)
     1    0.010000    0.084910    0.108974    0.422397 ^ _275_/Y (sg13g2_o21ai_1)
                                                         sine_out[16] (net)
                      0.084910    0.000000    0.422397 ^ sine_out[16] (out)
                                              0.422397   data arrival time

                      0.100000    0.000000    0.000000   clock clk (rise edge)
                                  0.000000    0.000000   clock network delay (ideal)
                                  0.150000    0.150000   clock uncertainty
                                  0.000000    0.150000   clock reconvergence pessimism
                                  0.000000    0.150000   output external delay
                                              0.150000   data required time
---------------------------------------------------------------------------------------------
                                              0.150000   data required time
                                             -0.422397   data arrival time
---------------------------------------------------------------------------------------------
                                              0.272397   slack (MET)


Startpoint: _295_ (rising edge-triggered flip-flop clocked by clk)
Endpoint: signB (output port clocked by clk)
Path Group: clk
Path Type: min

Fanout         Cap        Slew       Delay        Time   Description
---------------------------------------------------------------------------------------------
                      0.100000    0.000000    0.000000   clock clk (rise edge)
                                  0.000000    0.000000   clock network delay (ideal)
                      0.100000    0.000000    0.000000 ^ _295_/CLK (sg13g2_dfrbpq_1)
     3    0.037398    0.120292    0.279083    0.279083 v _295_/Q (sg13g2_dfrbpq_1)
                                                         sign (net)
                      0.120292    0.000000    0.279083 v _133_/A (sg13g2_inv_1)
     1    0.030000    0.139808    0.157382    0.436464 ^ _133_/Y (sg13g2_inv_1)
                                                         signB (net)
                      0.139808    0.000000    0.436464 ^ signB (out)
                                              0.436464   data arrival time

                      0.100000    0.000000    0.000000   clock clk (rise edge)
                                  0.000000    0.000000   clock network delay (ideal)
                                  0.150000    0.150000   clock uncertainty
                                  0.000000    0.150000   clock reconvergence pessimism
                                  0.000000    0.150000   output external delay
                                              0.150000   data required time
---------------------------------------------------------------------------------------------
                                              0.150000   data required time
                                             -0.436464   data arrival time
---------------------------------------------------------------------------------------------
                                              0.286464   slack (MET)


Startpoint: _292_ (rising edge-triggered flip-flop clocked by clk)
Endpoint: sine_out[6] (output port clocked by clk)
Path Group: clk
Path Type: min

Fanout         Cap        Slew       Delay        Time   Description
---------------------------------------------------------------------------------------------
                      0.100000    0.000000    0.000000   clock clk (rise edge)
                                  0.000000    0.000000   clock network delay (ideal)
                      0.100000    0.000000    0.000000 ^ _292_/CLK (sg13g2_dfrbpq_1)
    18    0.047284    0.149759    0.300985    0.300985 v _292_/Q (sg13g2_dfrbpq_1)
                                                         DPATH.SUM.fa_4.A (net)
                      0.149759    0.000000    0.300985 v _262_/A1 (sg13g2_a21oi_1)
     1    0.010000    0.079633    0.141620    0.442605 ^ _262_/Y (sg13g2_a21oi_1)
                                                         sine_out[6] (net)
                      0.079633    0.000000    0.442605 ^ sine_out[6] (out)
                                              0.442605   data arrival time

                      0.100000    0.000000    0.000000   clock clk (rise edge)
                                  0.000000    0.000000   clock network delay (ideal)
                                  0.150000    0.150000   clock uncertainty
                                  0.000000    0.150000   clock reconvergence pessimism
                                  0.000000    0.150000   output external delay
                                              0.150000   data required time
---------------------------------------------------------------------------------------------
                                              0.150000   data required time
                                             -0.442605   data arrival time
---------------------------------------------------------------------------------------------
                                              0.292605   slack (MET)


Startpoint: _292_ (rising edge-triggered flip-flop clocked by clk)
Endpoint: sine_out[7] (output port clocked by clk)
Path Group: clk
Path Type: min

Fanout         Cap        Slew       Delay        Time   Description
---------------------------------------------------------------------------------------------
                      0.100000    0.000000    0.000000   clock clk (rise edge)
                                  0.000000    0.000000   clock network delay (ideal)
                      0.100000    0.000000    0.000000 ^ _292_/CLK (sg13g2_dfrbpq_1)
    18    0.047284    0.149759    0.300985    0.300985 v _292_/Q (sg13g2_dfrbpq_1)
                                                         DPATH.SUM.fa_4.A (net)
                      0.149759    0.000000    0.300985 v _263_/A1 (sg13g2_a21oi_1)
     1    0.010000    0.079633    0.141620    0.442605 ^ _263_/Y (sg13g2_a21oi_1)
                                                         sine_out[7] (net)
                      0.079633    0.000000    0.442605 ^ sine_out[7] (out)
                                              0.442605   data arrival time

                      0.100000    0.000000    0.000000   clock clk (rise edge)
                                  0.000000    0.000000   clock network delay (ideal)
                                  0.150000    0.150000   clock uncertainty
                                  0.000000    0.150000   clock reconvergence pessimism
                                  0.000000    0.150000   output external delay
                                              0.150000   data required time
---------------------------------------------------------------------------------------------
                                              0.150000   data required time
                                             -0.442605   data arrival time
---------------------------------------------------------------------------------------------
                                              0.292605   slack (MET)


Startpoint: _292_ (rising edge-triggered flip-flop clocked by clk)
Endpoint: sine_out[8] (output port clocked by clk)
Path Group: clk
Path Type: min

Fanout         Cap        Slew       Delay        Time   Description
---------------------------------------------------------------------------------------------
                      0.100000    0.000000    0.000000   clock clk (rise edge)
                                  0.000000    0.000000   clock network delay (ideal)
                      0.100000    0.000000    0.000000 ^ _292_/CLK (sg13g2_dfrbpq_1)
    18    0.047284    0.149759    0.300985    0.300985 v _292_/Q (sg13g2_dfrbpq_1)
                                                         DPATH.SUM.fa_4.A (net)
                      0.149759    0.000000    0.300985 v _264_/A1 (sg13g2_a21oi_1)
     1    0.010000    0.079633    0.141620    0.442605 ^ _264_/Y (sg13g2_a21oi_1)
                                                         sine_out[8] (net)
                      0.079633    0.000000    0.442605 ^ sine_out[8] (out)
                                              0.442605   data arrival time

                      0.100000    0.000000    0.000000   clock clk (rise edge)
                                  0.000000    0.000000   clock network delay (ideal)
                                  0.150000    0.150000   clock uncertainty
                                  0.000000    0.150000   clock reconvergence pessimism
                                  0.000000    0.150000   output external delay
                                              0.150000   data required time
---------------------------------------------------------------------------------------------
                                              0.150000   data required time
                                             -0.442605   data arrival time
---------------------------------------------------------------------------------------------
                                              0.292605   slack (MET)


Startpoint: _294_ (rising edge-triggered flip-flop clocked by clk)
Endpoint: sine_out[11] (output port clocked by clk)
Path Group: clk
Path Type: min

Fanout         Cap        Slew       Delay        Time   Description
---------------------------------------------------------------------------------------------
                      0.100000    0.000000    0.000000   clock clk (rise edge)
                                  0.000000    0.000000   clock network delay (ideal)
                      0.100000    0.000000    0.000000 ^ _294_/CLK (sg13g2_dfrbpq_1)
    20    0.052905    0.166521    0.313423    0.313423 v _294_/Q (sg13g2_dfrbpq_1)
                                                         DPATH.SUM.fa_6.A (net)
                      0.166521    0.000000    0.313423 v _269_/A (sg13g2_nor2_1)
     1    0.010000    0.100966    0.138034    0.451458 ^ _269_/Y (sg13g2_nor2_1)
                                                         sine_out[11] (net)
                      0.100966    0.000000    0.451458 ^ sine_out[11] (out)
                                              0.451458   data arrival time

                      0.100000    0.000000    0.000000   clock clk (rise edge)
                                  0.000000    0.000000   clock network delay (ideal)
                                  0.150000    0.150000   clock uncertainty
                                  0.000000    0.150000   clock reconvergence pessimism
                                  0.000000    0.150000   output external delay
                                              0.150000   data required time
---------------------------------------------------------------------------------------------
                                              0.150000   data required time
                                             -0.451458   data arrival time
---------------------------------------------------------------------------------------------
                                              0.301458   slack (MET)


Startpoint: _294_ (rising edge-triggered flip-flop clocked by clk)
Endpoint: sine_out[13] (output port clocked by clk)
Path Group: clk
Path Type: min

Fanout         Cap        Slew       Delay        Time   Description
---------------------------------------------------------------------------------------------
                      0.100000    0.000000    0.000000   clock clk (rise edge)
                                  0.000000    0.000000   clock network delay (ideal)
                      0.100000    0.000000    0.000000 ^ _294_/CLK (sg13g2_dfrbpq_1)
    20    0.052905    0.166521    0.313423    0.313423 v _294_/Q (sg13g2_dfrbpq_1)
                                                         DPATH.SUM.fa_6.A (net)
                      0.166521    0.000000    0.313423 v _272_/A (sg13g2_nor2_1)
     1    0.010000    0.101808    0.138034    0.451458 ^ _272_/Y (sg13g2_nor2_1)
                                                         sine_out[13] (net)
                      0.101808    0.000000    0.451458 ^ sine_out[13] (out)
                                              0.451458   data arrival time

                      0.100000    0.000000    0.000000   clock clk (rise edge)
                                  0.000000    0.000000   clock network delay (ideal)
                                  0.150000    0.150000   clock uncertainty
                                  0.000000    0.150000   clock reconvergence pessimism
                                  0.000000    0.150000   output external delay
                                              0.150000   data required time
---------------------------------------------------------------------------------------------
                                              0.150000   data required time
                                             -0.451458   data arrival time
---------------------------------------------------------------------------------------------
                                              0.301458   slack (MET)


Startpoint: _294_ (rising edge-triggered flip-flop clocked by clk)
Endpoint: sine_out[3] (output port clocked by clk)
Path Group: clk
Path Type: min

Fanout         Cap        Slew       Delay        Time   Description
---------------------------------------------------------------------------------------------
                      0.100000    0.000000    0.000000   clock clk (rise edge)
                                  0.000000    0.000000   clock network delay (ideal)
                      0.100000    0.000000    0.000000 ^ _294_/CLK (sg13g2_dfrbpq_1)
    20    0.052905    0.166521    0.313423    0.313423 v _294_/Q (sg13g2_dfrbpq_1)
                                                         DPATH.SUM.fa_6.A (net)
                      0.166521    0.000000    0.313423 v _256_/A (sg13g2_nor2_1)
     1    0.010000    0.103961    0.138034    0.451458 ^ _256_/Y (sg13g2_nor2_1)
                                                         sine_out[3] (net)
                      0.103961    0.000000    0.451458 ^ sine_out[3] (out)
                                              0.451458   data arrival time

                      0.100000    0.000000    0.000000   clock clk (rise edge)
                                  0.000000    0.000000   clock network delay (ideal)
                                  0.150000    0.150000   clock uncertainty
                                  0.000000    0.150000   clock reconvergence pessimism
                                  0.000000    0.150000   output external delay
                                              0.150000   data required time
---------------------------------------------------------------------------------------------
                                              0.150000   data required time
                                             -0.451458   data arrival time
---------------------------------------------------------------------------------------------
                                              0.301458   slack (MET)


Startpoint: _293_ (rising edge-triggered flip-flop clocked by clk)
Endpoint: _293_ (rising edge-triggered flip-flop clocked by clk)
Path Group: clk
Path Type: min

Fanout         Cap        Slew       Delay        Time   Description
---------------------------------------------------------------------------------------------
                      0.100000    0.000000    0.000000   clock clk (rise edge)
                                  0.000000    0.000000   clock network delay (ideal)
                      0.100000    0.000000    0.000000 ^ _293_/CLK (sg13g2_dfrbpq_1)
    15    0.040210    0.128659    0.285329    0.285329 v _293_/Q (sg13g2_dfrbpq_1)
                                                         DPATH.SUM.fa_5.A (net)
                      0.128659    0.000000    0.285329 v _150_/B (sg13g2_xnor2_1)
     2    0.007374    0.059886    0.106050    0.391378 v _150_/Y (sg13g2_xnor2_1)
                                                         _102_ (net)
                      0.059886    0.000000    0.391378 v _151_/B (sg13g2_xor2_1)
     1    0.001430    0.023286    0.056541    0.447919 v _151_/X (sg13g2_xor2_1)
                                                         DPATH.SUM.fa_5.S (net)
                      0.023286    0.000000    0.447919 v _293_/D (sg13g2_dfrbpq_1)
                                              0.447919   data arrival time

                      0.100000    0.000000    0.000000   clock clk (rise edge)
                                  0.000000    0.000000   clock network delay (ideal)
                                  0.150000    0.150000   clock uncertainty
                                  0.000000    0.150000   clock reconvergence pessimism
                                              0.150000 ^ _293_/CLK (sg13g2_dfrbpq_1)
                                 -0.018741    0.131259   library hold time
                                              0.131259   data required time
---------------------------------------------------------------------------------------------
                                              0.131259   data required time
                                             -0.447919   data arrival time
---------------------------------------------------------------------------------------------
                                              0.316660   slack (MET)


Startpoint: _294_ (rising edge-triggered flip-flop clocked by clk)
Endpoint: sine_out[4] (output port clocked by clk)
Path Group: clk
Path Type: min

Fanout         Cap        Slew       Delay        Time   Description
---------------------------------------------------------------------------------------------
                      0.100000    0.000000    0.000000   clock clk (rise edge)
                                  0.000000    0.000000   clock network delay (ideal)
                      0.100000    0.000000    0.000000 ^ _294_/CLK (sg13g2_dfrbpq_1)
    20    0.054535    0.227799    0.347304    0.347304 ^ _294_/Q (sg13g2_dfrbpq_1)
                                                         DPATH.SUM.fa_6.A (net)
                      0.227799    0.000000    0.347304 ^ _258_/A (sg13g2_nor3_1)
     1    0.010000    0.051101    0.124243    0.471548 v _258_/Y (sg13g2_nor3_1)
                                                         sine_out[4] (net)
                      0.051101    0.000000    0.471548 v sine_out[4] (out)
                                              0.471548   data arrival time

                      0.100000    0.000000    0.000000   clock clk (rise edge)
                                  0.000000    0.000000   clock network delay (ideal)
                                  0.150000    0.150000   clock uncertainty
                                  0.000000    0.150000   clock reconvergence pessimism
                                  0.000000    0.150000   output external delay
                                              0.150000   data required time
---------------------------------------------------------------------------------------------
                                              0.150000   data required time
                                             -0.471548   data arrival time
---------------------------------------------------------------------------------------------
                                              0.321548   slack (MET)


Startpoint: _294_ (rising edge-triggered flip-flop clocked by clk)
Endpoint: sine_out[5] (output port clocked by clk)
Path Group: clk
Path Type: min

Fanout         Cap        Slew       Delay        Time   Description
---------------------------------------------------------------------------------------------
                      0.100000    0.000000    0.000000   clock clk (rise edge)
                                  0.000000    0.000000   clock network delay (ideal)
                      0.100000    0.000000    0.000000 ^ _294_/CLK (sg13g2_dfrbpq_1)
    20    0.054535    0.227799    0.347304    0.347304 ^ _294_/Q (sg13g2_dfrbpq_1)
                                                         DPATH.SUM.fa_6.A (net)
                      0.227799    0.000000    0.347304 ^ _260_/A (sg13g2_nor3_1)
     1    0.010000    0.048004    0.124243    0.471548 v _260_/Y (sg13g2_nor3_1)
                                                         sine_out[5] (net)
                      0.048004    0.000000    0.471548 v sine_out[5] (out)
                                              0.471548   data arrival time

                      0.100000    0.000000    0.000000   clock clk (rise edge)
                                  0.000000    0.000000   clock network delay (ideal)
                                  0.150000    0.150000   clock uncertainty
                                  0.000000    0.150000   clock reconvergence pessimism
                                  0.000000    0.150000   output external delay
                                              0.150000   data required time
---------------------------------------------------------------------------------------------
                                              0.150000   data required time
                                             -0.471548   data arrival time
---------------------------------------------------------------------------------------------
                                              0.321548   slack (MET)


Startpoint: _296_ (rising edge-triggered flip-flop clocked by clk)
Endpoint: _294_ (rising edge-triggered flip-flop clocked by clk)
Path Group: clk
Path Type: min

Fanout         Cap        Slew       Delay        Time   Description
---------------------------------------------------------------------------------------------
                      0.100000    0.000000    0.000000   clock clk (rise edge)
                                  0.000000    0.000000   clock network delay (ideal)
                      0.100000    0.000000    0.000000 ^ _296_/CLK (sg13g2_dfrbpq_1)
    13    0.045736    0.145140    0.297558    0.297558 v _296_/Q (sg13g2_dfrbpq_1)
                                                         CTRL.S0 (net)
                      0.145140    0.000000    0.297558 v _153_/A (sg13g2_xnor2_1)
     1    0.004405    0.044258    0.105901    0.403459 v _153_/Y (sg13g2_xnor2_1)
                                                         _104_ (net)
                      0.044258    0.000000    0.403459 v _154_/B (sg13g2_xnor2_1)
     1    0.001430    0.025145    0.052105    0.455565 v _154_/Y (sg13g2_xnor2_1)
                                                         DPATH.SUM.fa_6.S (net)
                      0.025145    0.000000    0.455565 v _294_/D (sg13g2_dfrbpq_1)
                                              0.455565   data arrival time

                      0.100000    0.000000    0.000000   clock clk (rise edge)
                                  0.000000    0.000000   clock network delay (ideal)
                                  0.150000    0.150000   clock uncertainty
                                  0.000000    0.150000   clock reconvergence pessimism
                                              0.150000 ^ _294_/CLK (sg13g2_dfrbpq_1)
                                 -0.019334    0.130666   library hold time
                                              0.130666   data required time
---------------------------------------------------------------------------------------------
                                              0.130666   data required time
                                             -0.455565   data arrival time
---------------------------------------------------------------------------------------------
                                              0.324898   slack (MET)


Startpoint: _296_ (rising edge-triggered flip-flop clocked by clk)
Endpoint: _290_ (rising edge-triggered flip-flop clocked by clk)
Path Group: clk
Path Type: min

Fanout         Cap        Slew       Delay        Time   Description
---------------------------------------------------------------------------------------------
                      0.100000    0.000000    0.000000   clock clk (rise edge)
                                  0.000000    0.000000   clock network delay (ideal)
                      0.100000    0.000000    0.000000 ^ _296_/CLK (sg13g2_dfrbpq_1)
    13    0.045736    0.145140    0.297558    0.297558 v _296_/Q (sg13g2_dfrbpq_1)
                                                         CTRL.S0 (net)
                      0.145140    0.000000    0.297558 v _139_/A (sg13g2_xor2_1)
     2    0.007150    0.041562    0.115819    0.413377 v _139_/X (sg13g2_xor2_1)
                                                         _093_ (net)
                      0.041562    0.000000    0.413377 v _278_/B (sg13g2_xor2_1)
     1    0.001430    0.023605    0.049584    0.462961 v _278_/X (sg13g2_xor2_1)
                                                         DPATH.SUM.fa_2.S (net)
                      0.023605    0.000000    0.462961 v _290_/D (sg13g2_dfrbpq_1)
                                              0.462961   data arrival time

                      0.100000    0.000000    0.000000   clock clk (rise edge)
                                  0.000000    0.000000   clock network delay (ideal)
                                  0.150000    0.150000   clock uncertainty
                                  0.000000    0.150000   clock reconvergence pessimism
                                              0.150000 ^ _290_/CLK (sg13g2_dfrbpq_1)
                                 -0.018842    0.131158   library hold time
                                              0.131158   data required time
---------------------------------------------------------------------------------------------
                                              0.131158   data required time
                                             -0.462961   data arrival time
---------------------------------------------------------------------------------------------
                                              0.331804   slack (MET)


Startpoint: _296_ (rising edge-triggered flip-flop clocked by clk)
Endpoint: _292_ (rising edge-triggered flip-flop clocked by clk)
Path Group: clk
Path Type: min

Fanout         Cap        Slew       Delay        Time   Description
---------------------------------------------------------------------------------------------
                      0.100000    0.000000    0.000000   clock clk (rise edge)
                                  0.000000    0.000000   clock network delay (ideal)
                      0.100000    0.000000    0.000000 ^ _296_/CLK (sg13g2_dfrbpq_1)
    13    0.045736    0.145140    0.297558    0.297558 v _296_/Q (sg13g2_dfrbpq_1)
                                                         CTRL.S0 (net)
                      0.145140    0.000000    0.297558 v _146_/A (sg13g2_xor2_1)
     2    0.007150    0.041562    0.115819    0.413377 v _146_/X (sg13g2_xor2_1)
                                                         _099_ (net)
                      0.041562    0.000000    0.413377 v _147_/B (sg13g2_xor2_1)
     1    0.001430    0.023605    0.049584    0.462961 v _147_/X (sg13g2_xor2_1)
                                                         DPATH.SUM.fa_4.S (net)
                      0.023605    0.000000    0.462961 v _292_/D (sg13g2_dfrbpq_1)
                                              0.462961   data arrival time

                      0.100000    0.000000    0.000000   clock clk (rise edge)
                                  0.000000    0.000000   clock network delay (ideal)
                                  0.150000    0.150000   clock uncertainty
                                  0.000000    0.150000   clock reconvergence pessimism
                                              0.150000 ^ _292_/CLK (sg13g2_dfrbpq_1)
                                 -0.018843    0.131157   library hold time
                                              0.131157   data required time
---------------------------------------------------------------------------------------------
                                              0.131157   data required time
                                             -0.462961   data arrival time
---------------------------------------------------------------------------------------------
                                              0.331804   slack (MET)


Startpoint: _293_ (rising edge-triggered flip-flop clocked by clk)
Endpoint: sine_out[2] (output port clocked by clk)
Path Group: clk
Path Type: min

Fanout         Cap        Slew       Delay        Time   Description
---------------------------------------------------------------------------------------------
                      0.100000    0.000000    0.000000   clock clk (rise edge)
                                  0.000000    0.000000   clock network delay (ideal)
                      0.100000    0.000000    0.000000 ^ _293_/CLK (sg13g2_dfrbpq_1)
    15    0.040210    0.128659    0.285329    0.285329 v _293_/Q (sg13g2_dfrbpq_1)
                                                         DPATH.SUM.fa_5.A (net)
                      0.128659    0.000000    0.285329 v _245_/A1 (sg13g2_o21ai_1)
     1    0.002862    0.028132    0.116701    0.402029 ^ _245_/Y (sg13g2_o21ai_1)
                                                         _070_ (net)
                      0.028132    0.000000    0.402029 ^ _253_/A2 (sg13g2_o21ai_1)
     1    0.010000    0.069299    0.080654    0.482683 v _253_/Y (sg13g2_o21ai_1)
                                                         sine_out[2] (net)
                      0.069299    0.000000    0.482683 v sine_out[2] (out)
                                              0.482683   data arrival time

                      0.100000    0.000000    0.000000   clock clk (rise edge)
                                  0.000000    0.000000   clock network delay (ideal)
                                  0.150000    0.150000   clock uncertainty
                                  0.000000    0.150000   clock reconvergence pessimism
                                  0.000000    0.150000   output external delay
                                              0.150000   data required time
---------------------------------------------------------------------------------------------
                                              0.150000   data required time
                                             -0.482683   data arrival time
---------------------------------------------------------------------------------------------
                                              0.332683   slack (MET)


Startpoint: _296_ (rising edge-triggered flip-flop clocked by clk)
Endpoint: _291_ (rising edge-triggered flip-flop clocked by clk)
Path Group: clk
Path Type: min

Fanout         Cap        Slew       Delay        Time   Description
---------------------------------------------------------------------------------------------
                      0.100000    0.000000    0.000000   clock clk (rise edge)
                                  0.000000    0.000000   clock network delay (ideal)
                      0.100000    0.000000    0.000000 ^ _296_/CLK (sg13g2_dfrbpq_1)
    13    0.045736    0.145140    0.297558    0.297558 v _296_/Q (sg13g2_dfrbpq_1)
                                                         CTRL.S0 (net)
                      0.145140    0.000000    0.297558 v _142_/A (sg13g2_xnor2_1)
     2    0.007374    0.059886    0.120688    0.418246 v _142_/Y (sg13g2_xnor2_1)
                                                         _096_ (net)
                      0.059886    0.000000    0.418246 v _143_/B (sg13g2_xor2_1)
     1    0.001430    0.023287    0.056541    0.474787 v _143_/X (sg13g2_xor2_1)
                                                         DPATH.SUM.fa_3.S (net)
                      0.023287    0.000000    0.474787 v _291_/D (sg13g2_dfrbpq_1)
                                              0.474787   data arrival time

                      0.100000    0.000000    0.000000   clock clk (rise edge)
                                  0.000000    0.000000   clock network delay (ideal)
                                  0.150000    0.150000   clock uncertainty
                                  0.000000    0.150000   clock reconvergence pessimism
                                              0.150000 ^ _291_/CLK (sg13g2_dfrbpq_1)
                                 -0.018741    0.131259   library hold time
                                              0.131259   data required time
---------------------------------------------------------------------------------------------
                                              0.131259   data required time
                                             -0.474787   data arrival time
---------------------------------------------------------------------------------------------
                                              0.343528   slack (MET)


Startpoint: _296_ (rising edge-triggered flip-flop clocked by clk)
Endpoint: _296_ (rising edge-triggered flip-flop clocked by clk)
Path Group: clk
Path Type: min

Fanout         Cap        Slew       Delay        Time   Description
---------------------------------------------------------------------------------------------
                      0.100000    0.000000    0.000000   clock clk (rise edge)
                                  0.000000    0.000000   clock network delay (ideal)
                      0.100000    0.000000    0.000000 ^ _296_/CLK (sg13g2_dfrbpq_1)
    13    0.045736    0.145140    0.297558    0.297558 v _296_/Q (sg13g2_dfrbpq_1)
                                                         CTRL.S0 (net)
                      0.145140    0.000000    0.297558 v _170_/B1 (sg13g2_a21o_1)
     1    0.002317    0.024799    0.114523    0.412081 v _170_/X (sg13g2_a21o_1)
                                                         _119_ (net)
                      0.024799    0.000000    0.412081 v _171_/B (sg13g2_and2_1)
     1    0.001430    0.016779    0.065385    0.477467 v _171_/X (sg13g2_and2_1)
                                                         CTRL.P0 (net)
                      0.016779    0.000000    0.477467 v _296_/D (sg13g2_dfrbpq_1)
                                              0.477467   data arrival time

                      0.100000    0.000000    0.000000   clock clk (rise edge)
                                  0.000000    0.000000   clock network delay (ideal)
                                  0.150000    0.150000   clock uncertainty
                                  0.000000    0.150000   clock reconvergence pessimism
                                              0.150000 ^ _296_/CLK (sg13g2_dfrbpq_1)
                                 -0.016666    0.133334   library hold time
                                              0.133334   data required time
---------------------------------------------------------------------------------------------
                                              0.133334   data required time
                                             -0.477467   data arrival time
---------------------------------------------------------------------------------------------
                                              0.344133   slack (MET)


Startpoint: _292_ (rising edge-triggered flip-flop clocked by clk)
Endpoint: sine_out[10] (output port clocked by clk)
Path Group: clk
Path Type: min

Fanout         Cap        Slew       Delay        Time   Description
---------------------------------------------------------------------------------------------
                      0.100000    0.000000    0.000000   clock clk (rise edge)
                                  0.000000    0.000000   clock network delay (ideal)
                      0.100000    0.000000    0.000000 ^ _292_/CLK (sg13g2_dfrbpq_1)
    18    0.047284    0.149759    0.300985    0.300985 v _292_/Q (sg13g2_dfrbpq_1)
                                                         DPATH.SUM.fa_4.A (net)
                      0.149759    0.000000    0.300985 v _257_/A (sg13g2_nor2_1)
     1    0.002871    0.057481    0.086825    0.387810 ^ _257_/Y (sg13g2_nor2_1)
                                                         _080_ (net)
                      0.057481    0.000000    0.387810 ^ _266_/B1 (sg13g2_o21ai_1)
     1    0.002661    0.035314    0.048626    0.436437 v _266_/Y (sg13g2_o21ai_1)
                                                         _083_ (net)
                      0.035314    0.000000    0.436437 v _267_/B (sg13g2_nand2_1)
     1    0.010000    0.055544    0.059120    0.495557 ^ _267_/Y (sg13g2_nand2_1)
                                                         sine_out[10] (net)
                      0.055544    0.000000    0.495557 ^ sine_out[10] (out)
                                              0.495557   data arrival time

                      0.100000    0.000000    0.000000   clock clk (rise edge)
                                  0.000000    0.000000   clock network delay (ideal)
                                  0.150000    0.150000   clock uncertainty
                                  0.000000    0.150000   clock reconvergence pessimism
                                  0.000000    0.150000   output external delay
                                              0.150000   data required time
---------------------------------------------------------------------------------------------
                                              0.150000   data required time
                                             -0.495557   data arrival time
---------------------------------------------------------------------------------------------
                                              0.345557   slack (MET)


Startpoint: _294_ (rising edge-triggered flip-flop clocked by clk)
Endpoint: sine_out[0] (output port clocked by clk)
Path Group: clk
Path Type: min

Fanout         Cap        Slew       Delay        Time   Description
---------------------------------------------------------------------------------------------
                      0.100000    0.000000    0.000000   clock clk (rise edge)
                                  0.000000    0.000000   clock network delay (ideal)
                      0.100000    0.000000    0.000000 ^ _294_/CLK (sg13g2_dfrbpq_1)
    20    0.052905    0.166521    0.313423    0.313423 v _294_/Q (sg13g2_dfrbpq_1)
                                                         DPATH.SUM.fa_6.A (net)
                      0.166521    0.000000    0.313423 v _214_/A (sg13g2_nand3_1)
     1    0.002422    0.028925    0.066466    0.379889 ^ _214_/Y (sg13g2_nand3_1)
                                                         _041_ (net)
                      0.028925    0.000000    0.379889 ^ _215_/B1 (sg13g2_a21oi_1)
     1    0.002597    0.018181    0.028544    0.408433 v _215_/Y (sg13g2_a21oi_1)
                                                         _042_ (net)
                      0.018181    0.000000    0.408433 v _216_/B2 (sg13g2_a22oi_1)
     1    0.010000    0.106715    0.093041    0.501473 ^ _216_/Y (sg13g2_a22oi_1)
                                                         sine_out[0] (net)
                      0.106715    0.000000    0.501473 ^ sine_out[0] (out)
                                              0.501473   data arrival time

                      0.100000    0.000000    0.000000   clock clk (rise edge)
                                  0.000000    0.000000   clock network delay (ideal)
                                  0.150000    0.150000   clock uncertainty
                                  0.000000    0.150000   clock reconvergence pessimism
                                  0.000000    0.150000   output external delay
                                              0.150000   data required time
---------------------------------------------------------------------------------------------
                                              0.150000   data required time
                                             -0.501473   data arrival time
---------------------------------------------------------------------------------------------
                                              0.351473   slack (MET)


Startpoint: _294_ (rising edge-triggered flip-flop clocked by clk)
Endpoint: sine_out[1] (output port clocked by clk)
Path Group: clk
Path Type: min

Fanout         Cap        Slew       Delay        Time   Description
---------------------------------------------------------------------------------------------
                      0.100000    0.000000    0.000000   clock clk (rise edge)
                                  0.000000    0.000000   clock network delay (ideal)
                      0.100000    0.000000    0.000000 ^ _294_/CLK (sg13g2_dfrbpq_1)
    20    0.052905    0.166521    0.313423    0.313423 v _294_/Q (sg13g2_dfrbpq_1)
                                                         DPATH.SUM.fa_6.A (net)
                      0.166521    0.000000    0.313423 v _130_/A (sg13g2_inv_1)
     3    0.008527    0.068736    0.085240    0.398663 ^ _130_/Y (sg13g2_inv_1)
                                                         _087_ (net)
                      0.068736    0.000000    0.398663 ^ _235_/A1 (sg13g2_o21ai_1)
     1    0.010000    0.069627    0.103940    0.502604 v _235_/Y (sg13g2_o21ai_1)
                                                         sine_out[1] (net)
                      0.069627    0.000000    0.502604 v sine_out[1] (out)
                                              0.502604   data arrival time

                      0.100000    0.000000    0.000000   clock clk (rise edge)
                                  0.000000    0.000000   clock network delay (ideal)
                                  0.150000    0.150000   clock uncertainty
                                  0.000000    0.150000   clock reconvergence pessimism
                                  0.000000    0.150000   output external delay
                                              0.150000   data required time
---------------------------------------------------------------------------------------------
                                              0.150000   data required time
                                             -0.502604   data arrival time
---------------------------------------------------------------------------------------------
                                              0.352604   slack (MET)


Startpoint: _288_ (rising edge-triggered flip-flop clocked by clk)
Endpoint: _288_ (rising edge-triggered flip-flop clocked by clk)
Path Group: clk
Path Type: min

Fanout         Cap        Slew       Delay        Time   Description
---------------------------------------------------------------------------------------------
                      0.100000    0.000000    0.000000   clock clk (rise edge)
                                  0.000000    0.000000   clock network delay (ideal)
                      0.100000    0.000000    0.000000 ^ _288_/CLK (sg13g2_dfrbpq_1)
    15    0.045837    0.145443    0.297783    0.297783 v _288_/Q (sg13g2_dfrbpq_1)
                                                         DPATH.SUM.Cout0 (net)
                      0.145443    0.000000    0.297783 v _132_/A (sg13g2_inv_1)
     8    0.022830    0.119649    0.146002    0.443785 ^ _132_/Y (sg13g2_inv_1)
                                                         DPATH.SUM.ha_0.S (net)
                      0.119649    0.000000    0.443785 ^ _288_/D (sg13g2_dfrbpq_1)
                                              0.443785   data arrival time

                      0.100000    0.000000    0.000000   clock clk (rise edge)
                                  0.000000    0.000000   clock network delay (ideal)
                                  0.150000    0.150000   clock uncertainty
                                  0.000000    0.150000   clock reconvergence pessimism
                                              0.150000 ^ _288_/CLK (sg13g2_dfrbpq_1)
                                 -0.077470    0.072530   library hold time
                                              0.072530   data required time
---------------------------------------------------------------------------------------------
                                              0.072530   data required time
                                             -0.443785   data arrival time
---------------------------------------------------------------------------------------------
                                              0.371255   slack (MET)



