Reading timing models for corner nom_typ_1p20V_25C…
Reading timing library for the 'nom_typ_1p20V_25C' corner at '/opt/pdks/ciel/ihp-sg13g2/versions/c4b8b4e5e7a05f375cca3815d51b3a37721fbf5c/ihp-sg13g2/libs.ref/sg13g2_stdcell/lib/sg13g2_stdcell_typ_1p20V_25C.lib'…
Reading timing library for the 'nom_typ_1p20V_25C' corner at '/opt/pdks/ciel/ihp-sg13g2/versions/c4b8b4e5e7a05f375cca3815d51b3a37721fbf5c/ihp-sg13g2/libs.ref/sg13g2_io/lib/sg13g2_io_typ_1p2V_3p3V_25C.lib'…
Reading OpenROAD database at '/home/designer/shared/BASIC/current_generator/digital/DigitalSine/runs/RUN_2026-03-28_21-39-37/26-odb-customioplacement/DigitalSine.odb'…
Reading design constraints file at '/home/designer/shared/BASIC/current_generator/digital/DigitalSine/cons.sdc'…
[WARNING STA-1551] /home/designer/shared/BASIC/current_generator/digital/DigitalSine/cons.sdc line 22, 'rst' is not a valid endpoint.
[WARNING STA-0441] set_input_delay relative to a clock defined on the same port/pin not allowed.
[WARNING STA-0441] set_input_delay relative to a clock defined on the same port/pin not allowed.
[WARNING STA-0441] set_input_delay relative to a clock defined on the same port/pin not allowed.
[WARNING STA-0441] set_input_delay relative to a clock defined on the same port/pin not allowed.
[INFO] No information on clock propagation in input SDC file-- propagating all clocks.
[INFO] Setting signal min routing layer to: Metal2 and clock min routing layer to Metal2. 
[INFO] Setting signal max routing layer to: TopMetal2 and clock max routing layer to TopMetal2. 
+ global_placement -density 0.690556 -routability_driven -pad_right 0 -pad_left 0 -init_wirelength_coef 0.25
[INFO GPL-0001] ---- Initialize GPL Main Data Structures
[INFO GPL-0002] DBU: 1000
[INFO GPL-0003] SiteSize: (  0.480  3.780 ) um
[INFO GPL-0004] CoreBBox: (  5.760 15.120 ) ( 63.360 71.820 ) um
[INFO GPL-0036] Movable instances area:       1928.707 um^2
[INFO GPL-0037] Total instances area:         1928.707 um^2
[INFO GPL-0035] Pin density area adjust:       315.654 um^2
[INFO GPL-0032] ---- Initialize Region: Top-level
[INFO GPL-0006] Number of instances:               175
[INFO GPL-0007] Movable instances:                 175
[INFO GPL-0008] Fixed instances:                     0
[INFO GPL-0009] Dummy instances:                     0
[INFO GPL-0010] Number of nets:                    177
[INFO GPL-0011] Number of pins:                    622
[INFO GPL-0012] Die BBox:  (  0.000  0.000 ) ( 69.185 87.905 ) um
[INFO GPL-0013] Core BBox: (  5.760 15.120 ) ( 63.360 71.820 ) um
[INFO GPL-0016] Core area:                    3265.920 um^2
[INFO GPL-0014] Region name: top-level.
[INFO GPL-0015] Region area:                  3265.920 um^2
[INFO GPL-0017] Fixed instances area:            0.000 um^2
[INFO GPL-0018] Movable instances area:       2244.361 um^2
[INFO GPL-0019] Utilization:                    68.721 %
[INFO GPL-0020] Standard cells area:          2244.361 um^2
[INFO GPL-0021] Large instances area:            0.000 um^2
[INFO GPL-0005] ---- Execute Conjugate Gradient Initial Placement.
[INFO GPL-0051] Source of initial instance position counters:
	Odb location = 0	Core center = 175	Region center = 0
[InitialPlace]  Iter: 1 conjugate gradient residual: 0.00000007 HPWL: 3620280
[InitialPlace]  Iter: 2 conjugate gradient residual: 0.00000011 HPWL: 2114037
[InitialPlace]  Iter: 3 conjugate gradient residual: 0.00000004 HPWL: 2100645
[InitialPlace]  Iter: 4 conjugate gradient residual: 0.00000010 HPWL: 2104537
[InitialPlace]  Iter: 5 conjugate gradient residual: 0.00000006 HPWL: 2092746
[INFO GPL-0033] ---- Initialize Nesterov Region: Top-level
[INFO GPL-0023] Placement target density:       0.6906
[INFO GPL-0024] Movable insts average area:     12.825 um^2
[INFO GPL-0025] Ideal bin area:                 18.572 um^2
[INFO GPL-0026] Ideal bin count:                   175
[INFO GPL-0027] Total bin area:               3265.920 um^2
[INFO GPL-0028] Bin count (X, Y):           8 ,      8
[INFO GPL-0029] Bin size (W * H):       7.200 *  7.088 um
[INFO GPL-0030] Number of bins:                     64
[INFO GPL-0007] ---- Execute Nesterov Global Placement.
[INFO GPL-0031] HPWL: Half-Perimeter Wirelength
Iteration | Overflow |     HPWL (um) |  HPWL(%) |   Penalty | Group
---------------------------------------------------------------
        0 |   0.8587 |  1.188300e+03 |   +0.00% |  3.15e-14 |      
       10 |   0.8107 |  1.318605e+03 |  +10.97% |  5.13e-14 |      
       20 |   0.7922 |  1.323521e+03 |   +0.37% |  8.35e-14 |      
       30 |   0.7944 |  1.321890e+03 |   -0.12% |  1.36e-13 |      
       40 |   0.7953 |  1.321213e+03 |   -0.05% |  2.22e-13 |      
       50 |   0.7948 |  1.321926e+03 |   +0.05% |  3.61e-13 |      
       60 |   0.7941 |  1.321899e+03 |   -0.00% |  5.88e-13 |      
       70 |   0.7939 |  1.322112e+03 |   +0.02% |  9.58e-13 |      
       80 |   0.7939 |  1.322808e+03 |   +0.05% |  1.56e-12 |      
       90 |   0.7935 |  1.323851e+03 |   +0.08% |  2.54e-12 |      
      100 |   0.7925 |  1.325663e+03 |   +0.14% |  4.14e-12 |      
      110 |   0.7910 |  1.328385e+03 |   +0.21% |  6.74e-12 |      
      120 |   0.7887 |  1.332899e+03 |   +0.34% |  1.10e-11 |      
      130 |   0.7845 |  1.340823e+03 |   +0.59% |  1.79e-11 |      
      140 |   0.7795 |  1.354273e+03 |   +1.00% |  2.91e-11 |      
      150 |   0.7749 |  1.376535e+03 |   +1.64% |  4.75e-11 |      
      160 |   0.7654 |  1.416584e+03 |   +2.91% |  7.73e-11 |      
      170 |   0.7407 |  1.469385e+03 |   +3.73% |  1.26e-10 |      
      180 |   0.7172 |  1.529797e+03 |   +4.11% |  2.05e-10 |      
      190 |   0.6980 |  1.615708e+03 |   +5.62% |  3.34e-10 |      
      200 |   0.6815 |  1.708035e+03 |   +5.71% |  5.44e-10 |      
      210 |   0.6364 |  1.823772e+03 |   +6.78% |  8.86e-10 |      
      220 |   0.6177 |  1.938103e+03 |   +6.27% |  1.44e-09 |      
[INFO GPL-0038] Routability snapshot saved at iter = 227
      226 |   0.5944 |  2.023243e+03 |          |           |      
      230 |   0.5749 |  2.066285e+03 |   +6.61% |  2.35e-09 |      
      240 |   0.5339 |  2.170122e+03 |   +5.03% |  3.83e-09 |      
      250 |   0.5002 |  2.303568e+03 |   +6.15% |  6.24e-09 |      
      260 |   0.4570 |  2.415095e+03 |   +4.84% |  1.02e-08 |      
      270 |   0.4068 |  2.501299e+03 |   +3.57% |  1.66e-08 |      
      280 |   0.3603 |  2.572185e+03 |   +2.83% |  2.70e-08 |      
      290 |   0.3161 |  2.635707e+03 |   +2.47% |  4.14e-08 |      
[INFO GPL-0040] Routability iteration: 1
[INFO GPL-0041] Total routing overflow: 0.0000
[INFO GPL-0042] Number of overflowed tiles: 0 (0.00%)
[INFO GPL-0043] Average top 0.5% routing congestion: 0.6721
[INFO GPL-0044] Average top 1.0% routing congestion: 0.6643
[INFO GPL-0045] Average top 2.0% routing congestion: 0.6601
[INFO GPL-0046] Average top 5.0% routing congestion: 0.6376
[INFO GPL-0047] Routability iteration weighted routing congestion: 0.6682
[INFO GPL-0050] Weighted routing congestion is lower than target routing congestion(1.0100), end routability optimization.
[INFO GPL-0090] Routability finished. Target routing congestion achieved succesfully.
Iteration | Overflow |     HPWL (um) |  HPWL(%) |   Penalty | Group
---------------------------------------------------------------
      300 |   0.2632 |  2.666104e+03 |   +1.15% |  6.09e-08 |      
      310 |   0.2202 |  2.730661e+03 |   +2.42% |  8.98e-08 |      
      320 |   0.1864 |  2.788990e+03 |   +2.14% |  1.32e-07 |      
      330 |   0.1524 |  2.822212e+03 |   +1.19% |  1.95e-07 |      
      340 |   0.1267 |  2.862945e+03 |   +1.44% |  2.87e-07 |      
      350 |   0.1028 |  2.889331e+03 |   +0.92% |  4.23e-07 |      
      353 |   0.0982 |  2.898531e+03 |          |  4.94e-07 |      
---------------------------------------------------------------
[INFO GPL-1001] Global placement finished at iteration 353
[INFO GPL-1003] Routability mode iteration count: 67
[INFO GPL-1005] Routability final weighted congestion: 0.6492
[INFO GPL-1002] Placed Cell Area             2244.3612
[INFO GPL-1003] Available Free Area          3265.9200
[INFO GPL-1004] Minimum Feasible Density        0.6900 (cell_area / free_area)
[INFO GPL-1006]   Suggested Target Densities:
[INFO GPL-1007]     - For 90% usage of free space: 0.7636
[INFO GPL-1008]     - For 80% usage of free space: 0.8590
[INFO GPL-1011] Original area (um^2): 2244.36
[INFO GPL-1012] Total routability artificial inflation: 0.00 (+0.00%)
[INFO GPL-1014] Final placement area: 2244.36 (+0.00%)
Setting global connections for newly added cells…
[INFO] Setting global connections...
[INFO ODB-0403] 0 connections made, 0 conflicts skipped.
Updating metrics…
Cell type report:                       Count       Area
  Inverter                                 16      87.09
  Sequential cell                           9     440.90
  Multi-Input combinational cell          150    1400.72
  Total                                   175    1928.71
Writing OpenROAD database to '/home/designer/shared/BASIC/current_generator/digital/DigitalSine/runs/RUN_2026-03-28_21-39-37/28-openroad-globalplacement/DigitalSine.odb'…
Writing netlist to '/home/designer/shared/BASIC/current_generator/digital/DigitalSine/runs/RUN_2026-03-28_21-39-37/28-openroad-globalplacement/DigitalSine.nl.v'…
Writing powered netlist to '/home/designer/shared/BASIC/current_generator/digital/DigitalSine/runs/RUN_2026-03-28_21-39-37/28-openroad-globalplacement/DigitalSine.pnl.v'…
Writing layout to '/home/designer/shared/BASIC/current_generator/digital/DigitalSine/runs/RUN_2026-03-28_21-39-37/28-openroad-globalplacement/DigitalSine.def'…
Writing timing constraints to '/home/designer/shared/BASIC/current_generator/digital/DigitalSine/runs/RUN_2026-03-28_21-39-37/28-openroad-globalplacement/DigitalSine.sdc'…
