
===========================================================================
report_checks -unconstrained
===========================================================================
======================= nom_typ_1p20V_25C Corner ===================================

Startpoint: _285_ (rising edge-triggered flip-flop clocked by clk)
Endpoint: sine_out[2] (output port clocked by clk)
Path Group: clk
Path Type: max

Fanout         Cap        Slew       Delay        Time   Description
---------------------------------------------------------------------------------------------
                                  0.000000    0.000000   clock clk (rise edge)
                                  0.000000    0.000000   clock source latency
     1    0.015486    0.000000    0.000000    0.000000 ^ clk (in)
                                                         clk (net)
                      0.001673    0.000837    0.000837 ^ clkbuf_0_clk/A (sg13g2_buf_8)
     2    0.023190    0.023691    0.056024    0.056861 ^ clkbuf_0_clk/X (sg13g2_buf_8)
                                                         clknet_0_clk (net)
                      0.023709    0.001125    0.057986 ^ clkbuf_1_1__f_clk/A (sg13g2_buf_8)
     5    0.026098    0.025987    0.067738    0.125724 ^ clkbuf_1_1__f_clk/X (sg13g2_buf_8)
                                                         clknet_1_1__leaf_clk (net)
                      0.026032    0.001682    0.127406 ^ _285_/CLK (sg13g2_dfrbpq_1)
     1    0.008637    0.035377    0.176361    0.303767 v _285_/Q (sg13g2_dfrbpq_1)
                                                         DPATH.SUM.fa_1.A (net)
                      0.035380    0.000351    0.304117 v fanout70/A (sg13g2_buf_8)
     7    0.043149    0.030932    0.085357    0.389475 v fanout70/X (sg13g2_buf_8)
                                                         net70 (net)
                      0.031226    0.001838    0.391312 v fanout69/A (sg13g2_buf_8)
     8    0.042610    0.030604    0.082984    0.474296 v fanout69/X (sg13g2_buf_8)
                                                         net69 (net)
                      0.031064    0.002450    0.476746 v _193_/A1 (sg13g2_o21ai_1)
     5    0.019243    0.216996    0.199101    0.675847 ^ _193_/Y (sg13g2_o21ai_1)
                                                         _022_ (net)
                      0.217001    0.000854    0.676701 ^ _203_/B (sg13g2_nand2b_1)
     3    0.011143    0.097863    0.140049    0.816750 v _203_/Y (sg13g2_nand2b_1)
                                                         _032_ (net)
                      0.097865    0.000657    0.817406 v _237_/B (sg13g2_nand2b_1)
     2    0.009271    0.063255    0.082551    0.899958 ^ _237_/Y (sg13g2_nand2b_1)
                                                         _064_ (net)
                      0.063255    0.000261    0.900218 ^ _244_/C (sg13g2_nand3_1)
     1    0.004313    0.065109    0.092240    0.992459 v _244_/Y (sg13g2_nand3_1)
                                                         _071_ (net)
                      0.065110    0.000437    0.992895 v _248_/A2 (sg13g2_a221oi_1)
     1    0.003893    0.118008    0.162495    1.155390 ^ _248_/Y (sg13g2_a221oi_1)
                                                         _075_ (net)
                      0.118008    0.000277    1.155667 ^ _249_/A1 (sg13g2_mux2_1)
     1    0.003678    0.037779    0.121975    1.277642 ^ _249_/X (sg13g2_mux2_1)
                                                         _076_ (net)
                      0.037779    0.000147    1.277789 ^ _250_/B1 (sg13g2_o21ai_1)
     1    0.003413    0.041003    0.046294    1.324083 v _250_/Y (sg13g2_o21ai_1)
                                                         net14 (net)
                      0.041003    0.000224    1.324307 v output14/A (sg13g2_buf_1)
     1    0.011693    0.045210    0.088333    1.412640 v output14/X (sg13g2_buf_1)
                                                         sine_out[2] (net)
                      0.045216    0.000526    1.413167 v sine_out[2] (out)
                                              1.413167   data arrival time

                                  5.000000    5.000000   clock clk (rise edge)
                                  0.000000    5.000000   clock network delay (propagated)
                                 -0.150000    4.850000   clock uncertainty
                                  0.000000    4.850000   clock reconvergence pessimism
                                 -1.000000    3.850000   output external delay
                                              3.850000   data required time
---------------------------------------------------------------------------------------------
                                              3.850000   data required time
                                             -1.413167   data arrival time
---------------------------------------------------------------------------------------------
                                              2.436833   slack (MET)




===========================================================================
report_checks --slack_max -0.01
============================================================================
======================= nom_typ_1p20V_25C Corner ===================================

No paths found.


===========================================================================
 report_check_types -max_slew -max_cap -max_fanout -violators
============================================================================
======================= nom_typ_1p20V_25C Corner ===================================



===========================================================================
report_parasitic_annotation -report_unannotated
============================================================================
Found 1 unannotated drivers.
 clkload0/Y
Found 0 partially unannotated drivers.

===========================================================================
max slew violation count 0
max fanout violation count 0
max cap violation count 0
============================================================================

===========================================================================
check_setup -verbose -unconstrained_endpoints -multiple_clock -no_clock -no_input_delay -loops -generated_clocks
===========================================================================
