Clock: clk
Sources: clk 
Generated: no
Virtual: yes
Propagated: no
Period: 5.000000

===========================================================================
report_clock_properties
============================================================================
Clock                   Period          Waveform
----------------------------------------------------
clk                   5.000000    0.000000  2.500000

===========================================================================
report_clock_latency
============================================================================
Clock clk
rise -> rise
    min     max
0.000000 0.000000 source latency
0.000482         network latency _295_/CLK
        0.000867 network latency _289_/CLK
---------------
0.000482 0.000867 latency
        0.000386 skew

fall -> fall
    min     max
0.000000 0.000000 source latency
0.000456         network latency _295_/CLK
        0.000846 network latency _289_/CLK
---------------
0.000456 0.000846 latency
        0.000390 skew



===========================================================================
report_clock_min_period
============================================================================
clk period_min = 1.77 fmax = 564.80
