
===========================================================================
report_checks -path_delay max (Setup)
============================================================================
======================= nom_typ_1p20V_25C Corner ===================================

Startpoint: _290_ (rising edge-triggered flip-flop clocked by clk)
Endpoint: sine_out[0] (output port clocked by clk)
Path Group: clk
Path Type: max

Fanout         Cap        Slew       Delay        Time   Description
---------------------------------------------------------------------------------------------
                                  0.000000    0.000000   clock clk (rise edge)
                                  0.000000    0.000000   clock source latency
     9    0.036904    0.000000    0.000000    0.000000 ^ clk (in)
                                                         clk (net)
                      0.001645    0.000823    0.000823 ^ _290_/CLK (sg13g2_dfrbpq_1)
    18    0.082448    0.336024    0.376232    0.377055 ^ _290_/Q (sg13g2_dfrbpq_1)
                                                         DPATH.SUM.fa_2.A (net)
                      0.336130    0.001935    0.378990 ^ _164_/B (sg13g2_and2_1)
     5    0.019111    0.091932    0.213501    0.592490 ^ _164_/X (sg13g2_and2_1)
                                                         _113_ (net)
                      0.091932    0.000194    0.592684 ^ _180_/A2 (sg13g2_a21oi_1)
     4    0.018795    0.176552    0.152124    0.744808 v _180_/Y (sg13g2_a21oi_1)
                                                         _128_ (net)
                      0.176552    0.000267    0.745076 v _181_/B (sg13g2_and2_1)
     2    0.009205    0.041672    0.143002    0.888077 v _181_/X (sg13g2_and2_1)
                                                         _129_ (net)
                      0.041672    0.000111    0.888188 v _182_/B1 (sg13g2_o21ai_1)
     1    0.003852    0.093882    0.043858    0.932046 ^ _182_/Y (sg13g2_o21ai_1)
                                                         _009_ (net)
                      0.093882    0.000028    0.932075 ^ _183_/A2 (sg13g2_a21oi_1)
     1    0.003841    0.054273    0.084549    1.016624 v _183_/Y (sg13g2_a21oi_1)
                                                         _010_ (net)
                      0.054273    0.000029    1.016652 v _198_/B (sg13g2_nor4_1)
     1    0.004853    0.150625    0.168415    1.185067 ^ _198_/Y (sg13g2_nor4_1)
                                                         _025_ (net)
                      0.150625    0.000070    1.185137 ^ _216_/A2 (sg13g2_a22oi_1)
     1    0.010000    0.095844    0.137336    1.322473 v _216_/Y (sg13g2_a22oi_1)
                                                         sine_out[0] (net)
                      0.095844    0.000000    1.322473 v sine_out[0] (out)
                                              1.322473   data arrival time

                                  5.000000    5.000000   clock clk (rise edge)
                                  0.000000    5.000000   clock network delay (propagated)
                                 -0.150000    4.850000   clock uncertainty
                                  0.000000    4.850000   clock reconvergence pessimism
                                 -1.000000    3.850000   output external delay
                                              3.850000   data required time
---------------------------------------------------------------------------------------------
                                              3.850000   data required time
                                             -1.322473   data arrival time
---------------------------------------------------------------------------------------------
                                              2.527527   slack (MET)


Startpoint: _290_ (rising edge-triggered flip-flop clocked by clk)
Endpoint: sine_out[1] (output port clocked by clk)
Path Group: clk
Path Type: max

Fanout         Cap        Slew       Delay        Time   Description
---------------------------------------------------------------------------------------------
                                  0.000000    0.000000   clock clk (rise edge)
                                  0.000000    0.000000   clock source latency
     9    0.036904    0.000000    0.000000    0.000000 ^ clk (in)
                                                         clk (net)
                      0.001645    0.000823    0.000823 ^ _290_/CLK (sg13g2_dfrbpq_1)
    18    0.082448    0.336024    0.376232    0.377055 ^ _290_/Q (sg13g2_dfrbpq_1)
                                                         DPATH.SUM.fa_2.A (net)
                      0.336119    0.001067    0.378122 ^ _156_/B (sg13g2_nor2_1)
     5    0.022150    0.158297    0.199296    0.577418 v _156_/Y (sg13g2_nor2_1)
                                                         _106_ (net)
                      0.158297    0.000116    0.577534 v _157_/A (sg13g2_inv_1)
     4    0.015379    0.096354    0.115892    0.693426 ^ _157_/Y (sg13g2_inv_1)
                                                         _107_ (net)
                      0.096354    0.000141    0.693566 ^ _229_/A (sg13g2_nand2_1)
     3    0.015929    0.130316    0.127742    0.821309 v _229_/Y (sg13g2_nand2_1)
                                                         _055_ (net)
                      0.130316    0.000255    0.821564 v _230_/B (sg13g2_xnor2_1)
     1    0.003550    0.062699    0.123730    0.945294 v _230_/Y (sg13g2_xnor2_1)
                                                         _056_ (net)
                      0.062699    0.000021    0.945315 v _231_/A2 (sg13g2_o21ai_1)
     1    0.004680    0.089721    0.101604    1.046919 ^ _231_/Y (sg13g2_o21ai_1)
                                                         _057_ (net)
                      0.089721    0.000061    1.046980 ^ _233_/B2 (sg13g2_a221oi_1)
     1    0.004717    0.131890    0.094171    1.141151 v _233_/Y (sg13g2_a221oi_1)
                                                         _059_ (net)
                      0.131890    0.000067    1.141218 v _235_/A2 (sg13g2_o21ai_1)
     1    0.010000    0.146070    0.165836    1.307055 ^ _235_/Y (sg13g2_o21ai_1)
                                                         sine_out[1] (net)
                      0.146070    0.000000    1.307055 ^ sine_out[1] (out)
                                              1.307055   data arrival time

                                  5.000000    5.000000   clock clk (rise edge)
                                  0.000000    5.000000   clock network delay (propagated)
                                 -0.150000    4.850000   clock uncertainty
                                  0.000000    4.850000   clock reconvergence pessimism
                                 -1.000000    3.850000   output external delay
                                              3.850000   data required time
---------------------------------------------------------------------------------------------
                                              3.850000   data required time
                                             -1.307055   data arrival time
---------------------------------------------------------------------------------------------
                                              2.542945   slack (MET)


Startpoint: _290_ (rising edge-triggered flip-flop clocked by clk)
Endpoint: sine_out[2] (output port clocked by clk)
Path Group: clk
Path Type: max

Fanout         Cap        Slew       Delay        Time   Description
---------------------------------------------------------------------------------------------
                                  0.000000    0.000000   clock clk (rise edge)
                                  0.000000    0.000000   clock source latency
     9    0.036904    0.000000    0.000000    0.000000 ^ clk (in)
                                                         clk (net)
                      0.001645    0.000823    0.000823 ^ _290_/CLK (sg13g2_dfrbpq_1)
    18    0.078842    0.244721    0.322747    0.323570 v _290_/Q (sg13g2_dfrbpq_1)
                                                         DPATH.SUM.fa_2.A (net)
                      0.244722    0.001011    0.324581 v _156_/B (sg13g2_nor2_1)
     5    0.023010    0.231872    0.259690    0.584271 ^ _156_/Y (sg13g2_nor2_1)
                                                         _106_ (net)
                      0.231872    0.000120    0.584391 ^ _157_/A (sg13g2_inv_1)
     4    0.014465    0.094527    0.124722    0.709113 v _157_/Y (sg13g2_inv_1)
                                                         _107_ (net)
                      0.094527    0.000135    0.709248 v _229_/A (sg13g2_nand2_1)
     3    0.016288    0.109006    0.101155    0.810403 ^ _229_/Y (sg13g2_nand2_1)
                                                         _055_ (net)
                      0.109006    0.000290    0.810693 ^ _243_/A2 (sg13g2_a21oi_1)
     1    0.003990    0.074880    0.089594    0.900287 v _243_/Y (sg13g2_a21oi_1)
                                                         _068_ (net)
                      0.074880    0.000032    0.900319 v _244_/B1 (sg13g2_o21ai_1)
     1    0.004085    0.082847    0.056002    0.956321 ^ _244_/Y (sg13g2_o21ai_1)
                                                         _069_ (net)
                      0.082847    0.000029    0.956350 ^ _245_/B1 (sg13g2_o21ai_1)
     1    0.007402    0.088294    0.079099    1.035449 v _245_/Y (sg13g2_o21ai_1)
                                                         _070_ (net)
                      0.088294    0.000208    1.035657 v _253_/A2 (sg13g2_o21ai_1)
     1    0.010000    0.155332    0.150431    1.186088 ^ _253_/Y (sg13g2_o21ai_1)
                                                         sine_out[2] (net)
                      0.155332    0.000000    1.186088 ^ sine_out[2] (out)
                                              1.186088   data arrival time

                                  5.000000    5.000000   clock clk (rise edge)
                                  0.000000    5.000000   clock network delay (propagated)
                                 -0.150000    4.850000   clock uncertainty
                                  0.000000    4.850000   clock reconvergence pessimism
                                 -1.000000    3.850000   output external delay
                                              3.850000   data required time
---------------------------------------------------------------------------------------------
                                              3.850000   data required time
                                             -1.186088   data arrival time
---------------------------------------------------------------------------------------------
                                              2.663912   slack (MET)


Startpoint: _290_ (rising edge-triggered flip-flop clocked by clk)
Endpoint: sine_out[12] (output port clocked by clk)
Path Group: clk
Path Type: max

Fanout         Cap        Slew       Delay        Time   Description
---------------------------------------------------------------------------------------------
                                  0.000000    0.000000   clock clk (rise edge)
                                  0.000000    0.000000   clock source latency
     9    0.036904    0.000000    0.000000    0.000000 ^ clk (in)
                                                         clk (net)
                      0.001645    0.000823    0.000823 ^ _290_/CLK (sg13g2_dfrbpq_1)
    18    0.082448    0.336024    0.376232    0.377055 ^ _290_/Q (sg13g2_dfrbpq_1)
                                                         DPATH.SUM.fa_2.A (net)
                      0.336130    0.001935    0.378990 ^ _164_/B (sg13g2_and2_1)
     5    0.019111    0.091932    0.213501    0.592490 ^ _164_/X (sg13g2_and2_1)
                                                         _113_ (net)
                      0.091932    0.000194    0.592684 ^ _180_/A2 (sg13g2_a21oi_1)
     4    0.018795    0.176552    0.152124    0.744808 v _180_/Y (sg13g2_a21oi_1)
                                                         _128_ (net)
                      0.176552    0.000275    0.745083 v _270_/A (sg13g2_nor2b_1)
     2    0.009005    0.112364    0.130493    0.875576 ^ _270_/Y (sg13g2_nor2b_1)
                                                         _085_ (net)
                      0.112364    0.000054    0.875630 ^ _271_/A2 (sg13g2_a21oi_1)
     1    0.010000    0.118136    0.118885    0.994515 v _271_/Y (sg13g2_a21oi_1)
                                                         sine_out[12] (net)
                      0.118136    0.000000    0.994515 v sine_out[12] (out)
                                              0.994515   data arrival time

                                  5.000000    5.000000   clock clk (rise edge)
                                  0.000000    5.000000   clock network delay (propagated)
                                 -0.150000    4.850000   clock uncertainty
                                  0.000000    4.850000   clock reconvergence pessimism
                                 -1.000000    3.850000   output external delay
                                              3.850000   data required time
---------------------------------------------------------------------------------------------
                                              3.850000   data required time
                                             -0.994515   data arrival time
---------------------------------------------------------------------------------------------
                                              2.855485   slack (MET)


Startpoint: _290_ (rising edge-triggered flip-flop clocked by clk)
Endpoint: sine_out[16] (output port clocked by clk)
Path Group: clk
Path Type: max

Fanout         Cap        Slew       Delay        Time   Description
---------------------------------------------------------------------------------------------
                                  0.000000    0.000000   clock clk (rise edge)
                                  0.000000    0.000000   clock source latency
     9    0.036904    0.000000    0.000000    0.000000 ^ clk (in)
                                                         clk (net)
                      0.001645    0.000823    0.000823 ^ _290_/CLK (sg13g2_dfrbpq_1)
    18    0.082448    0.336024    0.376232    0.377055 ^ _290_/Q (sg13g2_dfrbpq_1)
                                                         DPATH.SUM.fa_2.A (net)
                      0.336130    0.001935    0.378990 ^ _164_/B (sg13g2_and2_1)
     5    0.019111    0.091932    0.213501    0.592490 ^ _164_/X (sg13g2_and2_1)
                                                         _113_ (net)
                      0.091932    0.000194    0.592684 ^ _180_/A2 (sg13g2_a21oi_1)
     4    0.018795    0.176552    0.152124    0.744808 v _180_/Y (sg13g2_a21oi_1)
                                                         _128_ (net)
                      0.176552    0.000275    0.745083 v _270_/A (sg13g2_nor2b_1)
     2    0.009005    0.112364    0.130493    0.875576 ^ _270_/Y (sg13g2_nor2b_1)
                                                         _085_ (net)
                      0.112364    0.000073    0.875649 ^ _275_/A2 (sg13g2_o21ai_1)
     1    0.010000    0.120819    0.109138    0.984787 v _275_/Y (sg13g2_o21ai_1)
                                                         sine_out[16] (net)
                      0.120819    0.000000    0.984787 v sine_out[16] (out)
                                              0.984787   data arrival time

                                  5.000000    5.000000   clock clk (rise edge)
                                  0.000000    5.000000   clock network delay (propagated)
                                 -0.150000    4.850000   clock uncertainty
                                  0.000000    4.850000   clock reconvergence pessimism
                                 -1.000000    3.850000   output external delay
                                              3.850000   data required time
---------------------------------------------------------------------------------------------
                                              3.850000   data required time
                                             -0.984787   data arrival time
---------------------------------------------------------------------------------------------
                                              2.865213   slack (MET)


Startpoint: _290_ (rising edge-triggered flip-flop clocked by clk)
Endpoint: sine_out[8] (output port clocked by clk)
Path Group: clk
Path Type: max

Fanout         Cap        Slew       Delay        Time   Description
---------------------------------------------------------------------------------------------
                                  0.000000    0.000000   clock clk (rise edge)
                                  0.000000    0.000000   clock source latency
     9    0.036904    0.000000    0.000000    0.000000 ^ clk (in)
                                                         clk (net)
                      0.001645    0.000823    0.000823 ^ _290_/CLK (sg13g2_dfrbpq_1)
    18    0.082448    0.336024    0.376232    0.377055 ^ _290_/Q (sg13g2_dfrbpq_1)
                                                         DPATH.SUM.fa_2.A (net)
                      0.336130    0.001935    0.378990 ^ _164_/B (sg13g2_and2_1)
     5    0.019111    0.091932    0.213501    0.592490 ^ _164_/X (sg13g2_and2_1)
                                                         _113_ (net)
                      0.091932    0.000193    0.592683 ^ _166_/B (sg13g2_nand2_1)
     4    0.017448    0.192780    0.134902    0.727585 v _166_/Y (sg13g2_nand2_1)
                                                         _115_ (net)
                      0.192780    0.000248    0.727833 v _259_/B (sg13g2_nor2_1)
     2    0.008646    0.112000    0.130971    0.858804 ^ _259_/Y (sg13g2_nor2_1)
                                                         _081_ (net)
                      0.112000    0.000087    0.858891 ^ _264_/A2 (sg13g2_a21oi_1)
     1    0.010000    0.124958    0.118771    0.977662 v _264_/Y (sg13g2_a21oi_1)
                                                         sine_out[8] (net)
                      0.124958    0.000000    0.977662 v sine_out[8] (out)
                                              0.977662   data arrival time

                                  5.000000    5.000000   clock clk (rise edge)
                                  0.000000    5.000000   clock network delay (propagated)
                                 -0.150000    4.850000   clock uncertainty
                                  0.000000    4.850000   clock reconvergence pessimism
                                 -1.000000    3.850000   output external delay
                                              3.850000   data required time
---------------------------------------------------------------------------------------------
                                              3.850000   data required time
                                             -0.977662   data arrival time
---------------------------------------------------------------------------------------------
                                              2.872339   slack (MET)


Startpoint: _290_ (rising edge-triggered flip-flop clocked by clk)
Endpoint: sine_out[13] (output port clocked by clk)
Path Group: clk
Path Type: max

Fanout         Cap        Slew       Delay        Time   Description
---------------------------------------------------------------------------------------------
                                  0.000000    0.000000   clock clk (rise edge)
                                  0.000000    0.000000   clock source latency
     9    0.036904    0.000000    0.000000    0.000000 ^ clk (in)
                                                         clk (net)
                      0.001645    0.000823    0.000823 ^ _290_/CLK (sg13g2_dfrbpq_1)
    18    0.082448    0.336024    0.376232    0.377055 ^ _290_/Q (sg13g2_dfrbpq_1)
                                                         DPATH.SUM.fa_2.A (net)
                      0.336130    0.001935    0.378990 ^ _164_/B (sg13g2_and2_1)
     5    0.019111    0.091932    0.213501    0.592490 ^ _164_/X (sg13g2_and2_1)
                                                         _113_ (net)
                      0.091932    0.000193    0.592683 ^ _166_/B (sg13g2_nand2_1)
     4    0.017448    0.192780    0.134902    0.727585 v _166_/Y (sg13g2_nand2_1)
                                                         _115_ (net)
                      0.192780    0.000159    0.727744 v _168_/A (sg13g2_nor2_1)
     2    0.010252    0.124498    0.144981    0.872725 ^ _168_/Y (sg13g2_nor2_1)
                                                         _117_ (net)
                      0.124498    0.000084    0.872809 ^ _272_/B (sg13g2_nor2_1)
     1    0.010000    0.098394    0.081392    0.954201 v _272_/Y (sg13g2_nor2_1)
                                                         sine_out[13] (net)
                      0.098394    0.000000    0.954201 v sine_out[13] (out)
                                              0.954201   data arrival time

                                  5.000000    5.000000   clock clk (rise edge)
                                  0.000000    5.000000   clock network delay (propagated)
                                 -0.150000    4.850000   clock uncertainty
                                  0.000000    4.850000   clock reconvergence pessimism
                                 -1.000000    3.850000   output external delay
                                              3.850000   data required time
---------------------------------------------------------------------------------------------
                                              3.850000   data required time
                                             -0.954201   data arrival time
---------------------------------------------------------------------------------------------
                                              2.895799   slack (MET)


Startpoint: _290_ (rising edge-triggered flip-flop clocked by clk)
Endpoint: sine_out[5] (output port clocked by clk)
Path Group: clk
Path Type: max

Fanout         Cap        Slew       Delay        Time   Description
---------------------------------------------------------------------------------------------
                                  0.000000    0.000000   clock clk (rise edge)
                                  0.000000    0.000000   clock source latency
     9    0.036904    0.000000    0.000000    0.000000 ^ clk (in)
                                                         clk (net)
                      0.001645    0.000823    0.000823 ^ _290_/CLK (sg13g2_dfrbpq_1)
    18    0.082448    0.336024    0.376232    0.377055 ^ _290_/Q (sg13g2_dfrbpq_1)
                                                         DPATH.SUM.fa_2.A (net)
                      0.336130    0.001935    0.378990 ^ _164_/B (sg13g2_and2_1)
     5    0.019111    0.091932    0.213501    0.592490 ^ _164_/X (sg13g2_and2_1)
                                                         _113_ (net)
                      0.091932    0.000193    0.592683 ^ _166_/B (sg13g2_nand2_1)
     4    0.017448    0.192780    0.134902    0.727585 v _166_/Y (sg13g2_nand2_1)
                                                         _115_ (net)
                      0.192780    0.000248    0.727833 v _259_/B (sg13g2_nor2_1)
     2    0.008646    0.112000    0.130971    0.858804 ^ _259_/Y (sg13g2_nor2_1)
                                                         _081_ (net)
                      0.112000    0.000074    0.858878 ^ _260_/C (sg13g2_nor3_1)
     1    0.010000    0.104658    0.080580    0.939458 v _260_/Y (sg13g2_nor3_1)
                                                         sine_out[5] (net)
                      0.104658    0.000000    0.939458 v sine_out[5] (out)
                                              0.939458   data arrival time

                                  5.000000    5.000000   clock clk (rise edge)
                                  0.000000    5.000000   clock network delay (propagated)
                                 -0.150000    4.850000   clock uncertainty
                                  0.000000    4.850000   clock reconvergence pessimism
                                 -1.000000    3.850000   output external delay
                                              3.850000   data required time
---------------------------------------------------------------------------------------------
                                              3.850000   data required time
                                             -0.939458   data arrival time
---------------------------------------------------------------------------------------------
                                              2.910542   slack (MET)


Startpoint: _290_ (rising edge-triggered flip-flop clocked by clk)
Endpoint: sine_out[15] (output port clocked by clk)
Path Group: clk
Path Type: max

Fanout         Cap        Slew       Delay        Time   Description
---------------------------------------------------------------------------------------------
                                  0.000000    0.000000   clock clk (rise edge)
                                  0.000000    0.000000   clock source latency
     9    0.036904    0.000000    0.000000    0.000000 ^ clk (in)
                                                         clk (net)
                      0.001645    0.000823    0.000823 ^ _290_/CLK (sg13g2_dfrbpq_1)
    18    0.082448    0.336024    0.376232    0.377055 ^ _290_/Q (sg13g2_dfrbpq_1)
                                                         DPATH.SUM.fa_2.A (net)
                      0.336130    0.001935    0.378990 ^ _164_/B (sg13g2_and2_1)
     5    0.019111    0.091932    0.213501    0.592490 ^ _164_/X (sg13g2_and2_1)
                                                         _113_ (net)
                      0.091932    0.000193    0.592683 ^ _166_/B (sg13g2_nand2_1)
     4    0.017448    0.192780    0.134902    0.727585 v _166_/Y (sg13g2_nand2_1)
                                                         _115_ (net)
                      0.192780    0.000272    0.727856 v _246_/B (sg13g2_nand2b_1)
     2    0.009395    0.081074    0.108328    0.836184 ^ _246_/Y (sg13g2_nand2b_1)
                                                         _071_ (net)
                      0.081074    0.000127    0.836311 ^ _274_/B (sg13g2_nand2_1)
     1    0.010000    0.120770    0.096146    0.932457 v _274_/Y (sg13g2_nand2_1)
                                                         sine_out[15] (net)
                      0.120770    0.000000    0.932457 v sine_out[15] (out)
                                              0.932457   data arrival time

                                  5.000000    5.000000   clock clk (rise edge)
                                  0.000000    5.000000   clock network delay (propagated)
                                 -0.150000    4.850000   clock uncertainty
                                  0.000000    4.850000   clock reconvergence pessimism
                                 -1.000000    3.850000   output external delay
                                              3.850000   data required time
---------------------------------------------------------------------------------------------
                                              3.850000   data required time
                                             -0.932457   data arrival time
---------------------------------------------------------------------------------------------
                                              2.917543   slack (MET)


Startpoint: _290_ (rising edge-triggered flip-flop clocked by clk)
Endpoint: sine_out[7] (output port clocked by clk)
Path Group: clk
Path Type: max

Fanout         Cap        Slew       Delay        Time   Description
---------------------------------------------------------------------------------------------
                                  0.000000    0.000000   clock clk (rise edge)
                                  0.000000    0.000000   clock source latency
     9    0.036904    0.000000    0.000000    0.000000 ^ clk (in)
                                                         clk (net)
                      0.001645    0.000823    0.000823 ^ _290_/CLK (sg13g2_dfrbpq_1)
    18    0.082448    0.336024    0.376232    0.377055 ^ _290_/Q (sg13g2_dfrbpq_1)
                                                         DPATH.SUM.fa_2.A (net)
                      0.336119    0.001067    0.378122 ^ _156_/B (sg13g2_nor2_1)
     5    0.022150    0.158297    0.199296    0.577418 v _156_/Y (sg13g2_nor2_1)
                                                         _106_ (net)
                      0.158297    0.000099    0.577517 v _201_/A (sg13g2_nor2b_1)
     3    0.015268    0.158399    0.171119    0.748635 ^ _201_/Y (sg13g2_nor2b_1)
                                                         _028_ (net)
                      0.158399    0.000271    0.748906 ^ _263_/A2 (sg13g2_a21oi_1)
     1    0.010000    0.124958    0.133349    0.882256 v _263_/Y (sg13g2_a21oi_1)
                                                         sine_out[7] (net)
                      0.124958    0.000000    0.882256 v sine_out[7] (out)
                                              0.882256   data arrival time

                                  5.000000    5.000000   clock clk (rise edge)
                                  0.000000    5.000000   clock network delay (propagated)
                                 -0.150000    4.850000   clock uncertainty
                                  0.000000    4.850000   clock reconvergence pessimism
                                 -1.000000    3.850000   output external delay
                                              3.850000   data required time
---------------------------------------------------------------------------------------------
                                              3.850000   data required time
                                             -0.882256   data arrival time
---------------------------------------------------------------------------------------------
                                              2.967744   slack (MET)


Startpoint: _290_ (rising edge-triggered flip-flop clocked by clk)
Endpoint: sine_out[4] (output port clocked by clk)
Path Group: clk
Path Type: max

Fanout         Cap        Slew       Delay        Time   Description
---------------------------------------------------------------------------------------------
                                  0.000000    0.000000   clock clk (rise edge)
                                  0.000000    0.000000   clock source latency
     9    0.036904    0.000000    0.000000    0.000000 ^ clk (in)
                                                         clk (net)
                      0.001645    0.000823    0.000823 ^ _290_/CLK (sg13g2_dfrbpq_1)
    18    0.078842    0.244721    0.322747    0.323570 v _290_/Q (sg13g2_dfrbpq_1)
                                                         DPATH.SUM.fa_2.A (net)
                      0.244722    0.001011    0.324581 v _156_/B (sg13g2_nor2_1)
     5    0.023010    0.231872    0.259690    0.584271 ^ _156_/Y (sg13g2_nor2_1)
                                                         _106_ (net)
                      0.231872    0.000104    0.584374 ^ _201_/A (sg13g2_nor2b_1)
     3    0.014918    0.097149    0.130168    0.714542 v _201_/Y (sg13g2_nor2b_1)
                                                         _028_ (net)
                      0.097149    0.000141    0.714683 v _258_/C (sg13g2_nor3_1)
     1    0.010000    0.176767    0.162608    0.877291 ^ _258_/Y (sg13g2_nor3_1)
                                                         sine_out[4] (net)
                      0.176767    0.000000    0.877291 ^ sine_out[4] (out)
                                              0.877291   data arrival time

                                  5.000000    5.000000   clock clk (rise edge)
                                  0.000000    5.000000   clock network delay (propagated)
                                 -0.150000    4.850000   clock uncertainty
                                  0.000000    4.850000   clock reconvergence pessimism
                                 -1.000000    3.850000   output external delay
                                              3.850000   data required time
---------------------------------------------------------------------------------------------
                                              3.850000   data required time
                                             -0.877291   data arrival time
---------------------------------------------------------------------------------------------
                                              2.972709   slack (MET)


Startpoint: _292_ (rising edge-triggered flip-flop clocked by clk)
Endpoint: sine_out[3] (output port clocked by clk)
Path Group: clk
Path Type: max

Fanout         Cap        Slew       Delay        Time   Description
---------------------------------------------------------------------------------------------
                                  0.000000    0.000000   clock clk (rise edge)
                                  0.000000    0.000000   clock source latency
     9    0.036904    0.000000    0.000000    0.000000 ^ clk (in)
                                                         clk (net)
                      0.001416    0.000708    0.000708 ^ _292_/CLK (sg13g2_dfrbpq_1)
    18    0.074917    0.233056    0.313383    0.314091 v _292_/Q (sg13g2_dfrbpq_1)
                                                         DPATH.SUM.fa_4.A (net)
                      0.233070    0.001949    0.316040 v _159_/A (sg13g2_or2_1)
     9    0.035245    0.121884    0.249863    0.565903 v _159_/X (sg13g2_or2_1)
                                                         _109_ (net)
                      0.121884    0.000193    0.566097 v _161_/B (sg13g2_nor2_1)
     2    0.007374    0.114891    0.105518    0.671614 ^ _161_/Y (sg13g2_nor2_1)
                                                         _111_ (net)
                      0.114891    0.000033    0.671648 ^ _255_/A (sg13g2_nand2_1)
     2    0.007179    0.077674    0.088503    0.760151 v _255_/Y (sg13g2_nand2_1)
                                                         _079_ (net)
                      0.077674    0.000042    0.760193 v _256_/B (sg13g2_nor2_1)
     1    0.010000    0.125001    0.109763    0.869956 ^ _256_/Y (sg13g2_nor2_1)
                                                         sine_out[3] (net)
                      0.125001    0.000000    0.869956 ^ sine_out[3] (out)
                                              0.869956   data arrival time

                                  5.000000    5.000000   clock clk (rise edge)
                                  0.000000    5.000000   clock network delay (propagated)
                                 -0.150000    4.850000   clock uncertainty
                                  0.000000    4.850000   clock reconvergence pessimism
                                 -1.000000    3.850000   output external delay
                                              3.850000   data required time
---------------------------------------------------------------------------------------------
                                              3.850000   data required time
                                             -0.869956   data arrival time
---------------------------------------------------------------------------------------------
                                              2.980044   slack (MET)


Startpoint: _291_ (rising edge-triggered flip-flop clocked by clk)
Endpoint: sine_out[17] (output port clocked by clk)
Path Group: clk
Path Type: max

Fanout         Cap        Slew       Delay        Time   Description
---------------------------------------------------------------------------------------------
                                  0.000000    0.000000   clock clk (rise edge)
                                  0.000000    0.000000   clock source latency
     9    0.036904    0.000000    0.000000    0.000000 ^ clk (in)
                                                         clk (net)
                      0.001651    0.000826    0.000826 ^ _291_/CLK (sg13g2_dfrbpq_1)
    26    0.109479    0.444132    0.450181    0.451006 ^ _291_/Q (sg13g2_dfrbpq_1)
                                                         DPATH.SUM.fa_3.A (net)
                      0.444167    0.003307    0.454314 ^ _160_/A (sg13g2_nor2_1)
     4    0.019004    0.158297    0.212560    0.666874 v _160_/Y (sg13g2_nor2_1)
                                                         _110_ (net)
                      0.158297    0.000174    0.667048 v _276_/B (sg13g2_nand2b_1)
     1    0.004115    0.056854    0.076998    0.744045 ^ _276_/Y (sg13g2_nand2b_1)
                                                         _086_ (net)
                      0.056854    0.000037    0.744082 ^ _277_/C (sg13g2_nand3_1)
     1    0.010000    0.144233    0.125247    0.869330 v _277_/Y (sg13g2_nand3_1)
                                                         sine_out[17] (net)
                      0.144233    0.000000    0.869330 v sine_out[17] (out)
                                              0.869330   data arrival time

                                  5.000000    5.000000   clock clk (rise edge)
                                  0.000000    5.000000   clock network delay (propagated)
                                 -0.150000    4.850000   clock uncertainty
                                  0.000000    4.850000   clock reconvergence pessimism
                                 -1.000000    3.850000   output external delay
                                              3.850000   data required time
---------------------------------------------------------------------------------------------
                                              3.850000   data required time
                                             -0.869330   data arrival time
---------------------------------------------------------------------------------------------
                                              2.980670   slack (MET)


Startpoint: _291_ (rising edge-triggered flip-flop clocked by clk)
Endpoint: sine_out[10] (output port clocked by clk)
Path Group: clk
Path Type: max

Fanout         Cap        Slew       Delay        Time   Description
---------------------------------------------------------------------------------------------
                                  0.000000    0.000000   clock clk (rise edge)
                                  0.000000    0.000000   clock source latency
     9    0.036904    0.000000    0.000000    0.000000 ^ clk (in)
                                                         clk (net)
                      0.001651    0.000826    0.000826 ^ _291_/CLK (sg13g2_dfrbpq_1)
    26    0.109479    0.444132    0.450181    0.451006 ^ _291_/Q (sg13g2_dfrbpq_1)
                                                         DPATH.SUM.fa_3.A (net)
                      0.444163    0.003140    0.454146 ^ _202_/B1 (sg13g2_o21ai_1)
     3    0.009921    0.135261    0.160924    0.615071 v _202_/Y (sg13g2_o21ai_1)
                                                         _029_ (net)
                      0.135261    0.000041    0.615112 v _266_/A2 (sg13g2_o21ai_1)
     1    0.006698    0.113447    0.141704    0.756816 ^ _266_/Y (sg13g2_o21ai_1)
                                                         _083_ (net)
                      0.113447    0.000158    0.756974 ^ _267_/B (sg13g2_nand2_1)
     1    0.010000    0.076801    0.106625    0.863599 v _267_/Y (sg13g2_nand2_1)
                                                         sine_out[10] (net)
                      0.076801    0.000000    0.863599 v sine_out[10] (out)
                                              0.863599   data arrival time

                                  5.000000    5.000000   clock clk (rise edge)
                                  0.000000    5.000000   clock network delay (propagated)
                                 -0.150000    4.850000   clock uncertainty
                                  0.000000    4.850000   clock reconvergence pessimism
                                 -1.000000    3.850000   output external delay
                                              3.850000   data required time
---------------------------------------------------------------------------------------------
                                              3.850000   data required time
                                             -0.863599   data arrival time
---------------------------------------------------------------------------------------------
                                              2.986401   slack (MET)


Startpoint: _291_ (rising edge-triggered flip-flop clocked by clk)
Endpoint: sine_out[9] (output port clocked by clk)
Path Group: clk
Path Type: max

Fanout         Cap        Slew       Delay        Time   Description
---------------------------------------------------------------------------------------------
                                  0.000000    0.000000   clock clk (rise edge)
                                  0.000000    0.000000   clock source latency
     9    0.036904    0.000000    0.000000    0.000000 ^ clk (in)
                                                         clk (net)
                      0.001651    0.000826    0.000826 ^ _291_/CLK (sg13g2_dfrbpq_1)
    26    0.108172    0.333291    0.386577    0.387403 v _291_/Q (sg13g2_dfrbpq_1)
                                                         DPATH.SUM.fa_3.A (net)
                      0.333323    0.003286    0.390689 v _160_/A (sg13g2_nor2_1)
     4    0.019224    0.210914    0.245234    0.635922 ^ _160_/Y (sg13g2_nor2_1)
                                                         _110_ (net)
                      0.210914    0.000109    0.636032 ^ _254_/A (sg13g2_nand2_1)
     1    0.004029    0.065923    0.089478    0.725510 v _254_/Y (sg13g2_nand2_1)
                                                         _078_ (net)
                      0.065923    0.000037    0.725547 v _265_/A2 (sg13g2_a21oi_1)
     1    0.010000    0.143919    0.126092    0.851638 ^ _265_/Y (sg13g2_a21oi_1)
                                                         sine_out[9] (net)
                      0.143919    0.000000    0.851638 ^ sine_out[9] (out)
                                              0.851638   data arrival time

                                  5.000000    5.000000   clock clk (rise edge)
                                  0.000000    5.000000   clock network delay (propagated)
                                 -0.150000    4.850000   clock uncertainty
                                  0.000000    4.850000   clock reconvergence pessimism
                                 -1.000000    3.850000   output external delay
                                              3.850000   data required time
---------------------------------------------------------------------------------------------
                                              3.850000   data required time
                                             -0.851638   data arrival time
---------------------------------------------------------------------------------------------
                                              2.998361   slack (MET)


Startpoint: _292_ (rising edge-triggered flip-flop clocked by clk)
Endpoint: sine_out[14] (output port clocked by clk)
Path Group: clk
Path Type: max

Fanout         Cap        Slew       Delay        Time   Description
---------------------------------------------------------------------------------------------
                                  0.000000    0.000000   clock clk (rise edge)
                                  0.000000    0.000000   clock source latency
     9    0.036904    0.000000    0.000000    0.000000 ^ clk (in)
                                                         clk (net)
                      0.001416    0.000708    0.000708 ^ _292_/CLK (sg13g2_dfrbpq_1)
    18    0.074654    0.305121    0.354077    0.354785 ^ _292_/Q (sg13g2_dfrbpq_1)
                                                         DPATH.SUM.fa_4.A (net)
                      0.305138    0.001924    0.356709 ^ _159_/A (sg13g2_or2_1)
     9    0.036470    0.154232    0.251831    0.608540 ^ _159_/X (sg13g2_or2_1)
                                                         _109_ (net)
                      0.154232    0.000200    0.608740 ^ _161_/B (sg13g2_nor2_1)
     2    0.007162    0.101266    0.077413    0.686153 v _161_/Y (sg13g2_nor2_1)
                                                         _111_ (net)
                      0.101266    0.000034    0.686186 v _255_/A (sg13g2_nand2_1)
     2    0.007757    0.072979    0.070620    0.756807 ^ _255_/Y (sg13g2_nand2_1)
                                                         _079_ (net)
                      0.072979    0.000059    0.756866 ^ _273_/B (sg13g2_nand2_1)
     1    0.010000    0.120771    0.093078    0.849944 v _273_/Y (sg13g2_nand2_1)
                                                         sine_out[14] (net)
                      0.120771    0.000000    0.849944 v sine_out[14] (out)
                                              0.849944   data arrival time

                                  5.000000    5.000000   clock clk (rise edge)
                                  0.000000    5.000000   clock network delay (propagated)
                                 -0.150000    4.850000   clock uncertainty
                                  0.000000    4.850000   clock reconvergence pessimism
                                 -1.000000    3.850000   output external delay
                                              3.850000   data required time
---------------------------------------------------------------------------------------------
                                              3.850000   data required time
                                             -0.849944   data arrival time
---------------------------------------------------------------------------------------------
                                              3.000056   slack (MET)


Startpoint: _291_ (rising edge-triggered flip-flop clocked by clk)
Endpoint: sine_out[11] (output port clocked by clk)
Path Group: clk
Path Type: max

Fanout         Cap        Slew       Delay        Time   Description
---------------------------------------------------------------------------------------------
                                  0.000000    0.000000   clock clk (rise edge)
                                  0.000000    0.000000   clock source latency
     9    0.036904    0.000000    0.000000    0.000000 ^ clk (in)
                                                         clk (net)
                      0.001651    0.000826    0.000826 ^ _291_/CLK (sg13g2_dfrbpq_1)
    26    0.108172    0.333291    0.386577    0.387403 v _291_/Q (sg13g2_dfrbpq_1)
                                                         DPATH.SUM.fa_3.A (net)
                      0.333323    0.003307    0.390710 v _210_/A (sg13g2_nor2_1)
     4    0.016354    0.184096    0.221577    0.612287 ^ _210_/Y (sg13g2_nor2_1)
                                                         _037_ (net)
                      0.184096    0.000063    0.612350 ^ _268_/A2 (sg13g2_a21oi_1)
     1    0.003480    0.059504    0.106247    0.718597 v _268_/Y (sg13g2_a21oi_1)
                                                         _084_ (net)
                      0.059504    0.000023    0.718620 v _269_/B (sg13g2_nor2_1)
     1    0.010000    0.125003    0.103271    0.821891 ^ _269_/Y (sg13g2_nor2_1)
                                                         sine_out[11] (net)
                      0.125003    0.000000    0.821891 ^ sine_out[11] (out)
                                              0.821891   data arrival time

                                  5.000000    5.000000   clock clk (rise edge)
                                  0.000000    5.000000   clock network delay (propagated)
                                 -0.150000    4.850000   clock uncertainty
                                  0.000000    4.850000   clock reconvergence pessimism
                                 -1.000000    3.850000   output external delay
                                              3.850000   data required time
---------------------------------------------------------------------------------------------
                                              3.850000   data required time
                                             -0.821891   data arrival time
---------------------------------------------------------------------------------------------
                                              3.028109   slack (MET)


Startpoint: _291_ (rising edge-triggered flip-flop clocked by clk)
Endpoint: sine_out[6] (output port clocked by clk)
Path Group: clk
Path Type: max

Fanout         Cap        Slew       Delay        Time   Description
---------------------------------------------------------------------------------------------
                                  0.000000    0.000000   clock clk (rise edge)
                                  0.000000    0.000000   clock source latency
     9    0.036904    0.000000    0.000000    0.000000 ^ clk (in)
                                                         clk (net)
                      0.001651    0.000826    0.000826 ^ _291_/CLK (sg13g2_dfrbpq_1)
    26    0.108172    0.333291    0.386577    0.387403 v _291_/Q (sg13g2_dfrbpq_1)
                                                         DPATH.SUM.fa_3.A (net)
                      0.333323    0.003307    0.390710 v _210_/A (sg13g2_nor2_1)
     4    0.016354    0.184096    0.221577    0.612287 ^ _210_/Y (sg13g2_nor2_1)
                                                         _037_ (net)
                      0.184096    0.000073    0.612360 ^ _211_/A (sg13g2_inv_1)
     1    0.003816    0.045214    0.064341    0.676701 v _211_/Y (sg13g2_inv_1)
                                                         _038_ (net)
                      0.045214    0.000028    0.676730 v _262_/A2 (sg13g2_a21oi_1)
     1    0.010000    0.121679    0.118081    0.794811 ^ _262_/Y (sg13g2_a21oi_1)
                                                         sine_out[6] (net)
                      0.121679    0.000000    0.794811 ^ sine_out[6] (out)
                                              0.794811   data arrival time

                                  5.000000    5.000000   clock clk (rise edge)
                                  0.000000    5.000000   clock network delay (propagated)
                                 -0.150000    4.850000   clock uncertainty
                                  0.000000    4.850000   clock reconvergence pessimism
                                 -1.000000    3.850000   output external delay
                                              3.850000   data required time
---------------------------------------------------------------------------------------------
                                              3.850000   data required time
                                             -0.794811   data arrival time
---------------------------------------------------------------------------------------------
                                              3.055189   slack (MET)


Startpoint: _288_ (rising edge-triggered flip-flop clocked by clk)
Endpoint: _294_ (rising edge-triggered flip-flop clocked by clk)
Path Group: clk
Path Type: max

Fanout         Cap        Slew       Delay        Time   Description
---------------------------------------------------------------------------------------------
                                  0.000000    0.000000   clock clk (rise edge)
                                  0.000000    0.000000   clock source latency
     9    0.036904    0.000000    0.000000    0.000000 ^ clk (in)
                                                         clk (net)
                      0.001724    0.000862    0.000862 ^ _288_/CLK (sg13g2_dfrbpq_1)
    15    0.074272    0.303389    0.353980    0.354842 ^ _288_/Q (sg13g2_dfrbpq_1)
                                                         DPATH.SUM.Cout0 (net)
                      0.303389    0.000870    0.355711 ^ _132_/A (sg13g2_inv_1)
     8    0.039008    0.178568    0.248924    0.604635 v _132_/Y (sg13g2_inv_1)
                                                         DPATH.SUM.ha_0.S (net)
                      0.178568    0.000543    0.605177 v _138_/A1 (sg13g2_o21ai_1)
     2    0.010978    0.149128    0.190582    0.795760 ^ _138_/Y (sg13g2_o21ai_1)
                                                         _092_ (net)
                      0.149128    0.000133    0.795893 ^ _140_/A1 (sg13g2_a21oi_1)
     2    0.010766    0.097771    0.133461    0.929354 v _140_/Y (sg13g2_a21oi_1)
                                                         _094_ (net)
                      0.097771    0.000039    0.929392 v _144_/A1 (sg13g2_o21ai_1)
     2    0.011510    0.151710    0.171010    1.100402 ^ _144_/Y (sg13g2_o21ai_1)
                                                         _097_ (net)
                      0.151710    0.000158    1.100560 ^ _148_/A1 (sg13g2_a21oi_1)
     2    0.011393    0.101591    0.137699    1.238259 v _148_/Y (sg13g2_a21oi_1)
                                                         _100_ (net)
                      0.101591    0.000092    1.238351 v _152_/A1 (sg13g2_o21ai_1)
     1    0.007157    0.112034    0.140858    1.379209 ^ _152_/Y (sg13g2_o21ai_1)
                                                         _103_ (net)
                      0.112034    0.000051    1.379260 ^ _154_/A (sg13g2_xnor2_1)
     1    0.002020    0.065914    0.111284    1.490545 ^ _154_/Y (sg13g2_xnor2_1)
                                                         DPATH.SUM.fa_6.S (net)
                      0.065914    0.000014    1.490558 ^ _294_/D (sg13g2_dfrbpq_1)
                                              1.490558   data arrival time

                                  5.000000    5.000000   clock clk (rise edge)
                                  0.000000    5.000000   clock source latency
     9    0.032878    0.000000    0.000000    5.000000 ^ clk (in)
                                                         clk (net)
                      0.001006    0.000503    5.000503 ^ _294_/CLK (sg13g2_dfrbpq_1)
                                 -0.150000    4.850503   clock uncertainty
                                  0.000000    4.850503   clock reconvergence pessimism
                                 -0.130470    4.720033   library setup time
                                              4.720033   data required time
---------------------------------------------------------------------------------------------
                                              4.720033   data required time
                                             -1.490558   data arrival time
---------------------------------------------------------------------------------------------
                                              3.229475   slack (MET)


Startpoint: _288_ (rising edge-triggered flip-flop clocked by clk)
Endpoint: _293_ (rising edge-triggered flip-flop clocked by clk)
Path Group: clk
Path Type: max

Fanout         Cap        Slew       Delay        Time   Description
---------------------------------------------------------------------------------------------
                                  0.000000    0.000000   clock clk (rise edge)
                                  0.000000    0.000000   clock source latency
     9    0.036904    0.000000    0.000000    0.000000 ^ clk (in)
                                                         clk (net)
                      0.001724    0.000862    0.000862 ^ _288_/CLK (sg13g2_dfrbpq_1)
    15    0.074272    0.303389    0.353980    0.354842 ^ _288_/Q (sg13g2_dfrbpq_1)
                                                         DPATH.SUM.Cout0 (net)
                      0.303389    0.000870    0.355711 ^ _132_/A (sg13g2_inv_1)
     8    0.039008    0.178568    0.248924    0.604635 v _132_/Y (sg13g2_inv_1)
                                                         DPATH.SUM.ha_0.S (net)
                      0.178568    0.000543    0.605177 v _138_/A1 (sg13g2_o21ai_1)
     2    0.010978    0.149128    0.190582    0.795760 ^ _138_/Y (sg13g2_o21ai_1)
                                                         _092_ (net)
                      0.149128    0.000133    0.795893 ^ _140_/A1 (sg13g2_a21oi_1)
     2    0.010766    0.097771    0.133461    0.929354 v _140_/Y (sg13g2_a21oi_1)
                                                         _094_ (net)
                      0.097771    0.000039    0.929392 v _144_/A1 (sg13g2_o21ai_1)
     2    0.011510    0.151710    0.171010    1.100402 ^ _144_/Y (sg13g2_o21ai_1)
                                                         _097_ (net)
                      0.151710    0.000158    1.100560 ^ _148_/A1 (sg13g2_a21oi_1)
     2    0.011393    0.101591    0.137699    1.238259 v _148_/Y (sg13g2_a21oi_1)
                                                         _100_ (net)
                      0.101591    0.000092    1.238351 v _151_/A (sg13g2_xor2_1)
     1    0.001922    0.056042    0.120413    1.358764 v _151_/X (sg13g2_xor2_1)
                                                         DPATH.SUM.fa_5.S (net)
                      0.056042    0.000010    1.358774 v _293_/D (sg13g2_dfrbpq_1)
                                              1.358774   data arrival time

                                  5.000000    5.000000   clock clk (rise edge)
                                  0.000000    5.000000   clock source latency
     9    0.032878    0.000000    0.000000    5.000000 ^ clk (in)
                                                         clk (net)
                      0.001050    0.000525    5.000525 ^ _293_/CLK (sg13g2_dfrbpq_1)
                                 -0.150000    4.850525   clock uncertainty
                                  0.000000    4.850525   clock reconvergence pessimism
                                 -0.130441    4.720085   library setup time
                                              4.720085   data required time
---------------------------------------------------------------------------------------------
                                              4.720085   data required time
                                             -1.358774   data arrival time
---------------------------------------------------------------------------------------------
                                              3.361310   slack (MET)


Startpoint: _295_ (rising edge-triggered flip-flop clocked by clk)
Endpoint: signB (output port clocked by clk)
Path Group: clk
Path Type: max

Fanout         Cap        Slew       Delay        Time   Description
---------------------------------------------------------------------------------------------
                                  0.000000    0.000000   clock clk (rise edge)
                                  0.000000    0.000000   clock source latency
     9    0.036904    0.000000    0.000000    0.000000 ^ clk (in)
                                                         clk (net)
                      0.001086    0.000543    0.000543 ^ _295_/CLK (sg13g2_dfrbpq_1)
     3    0.040019    0.169592    0.259134    0.259677 ^ _295_/Q (sg13g2_dfrbpq_1)
                                                         sign (net)
                      0.169592    0.000000    0.259677 ^ _133_/A (sg13g2_inv_1)
     1    0.030000    0.125012    0.168528    0.428206 v _133_/Y (sg13g2_inv_1)
                                                         signB (net)
                      0.125012    0.000000    0.428206 v signB (out)
                                              0.428206   data arrival time

                                  5.000000    5.000000   clock clk (rise edge)
                                  0.000000    5.000000   clock network delay (propagated)
                                 -0.150000    4.850000   clock uncertainty
                                  0.000000    4.850000   clock reconvergence pessimism
                                 -1.000000    3.850000   output external delay
                                              3.850000   data required time
---------------------------------------------------------------------------------------------
                                              3.850000   data required time
                                             -0.428206   data arrival time
---------------------------------------------------------------------------------------------
                                              3.421794   slack (MET)


Startpoint: _288_ (rising edge-triggered flip-flop clocked by clk)
Endpoint: _292_ (rising edge-triggered flip-flop clocked by clk)
Path Group: clk
Path Type: max

Fanout         Cap        Slew       Delay        Time   Description
---------------------------------------------------------------------------------------------
                                  0.000000    0.000000   clock clk (rise edge)
                                  0.000000    0.000000   clock source latency
     9    0.036904    0.000000    0.000000    0.000000 ^ clk (in)
                                                         clk (net)
                      0.001724    0.000862    0.000862 ^ _288_/CLK (sg13g2_dfrbpq_1)
    15    0.074272    0.303389    0.353980    0.354842 ^ _288_/Q (sg13g2_dfrbpq_1)
                                                         DPATH.SUM.Cout0 (net)
                      0.303389    0.000870    0.355711 ^ _132_/A (sg13g2_inv_1)
     8    0.039008    0.178568    0.248924    0.604635 v _132_/Y (sg13g2_inv_1)
                                                         DPATH.SUM.ha_0.S (net)
                      0.178568    0.000543    0.605177 v _138_/A1 (sg13g2_o21ai_1)
     2    0.010978    0.149128    0.190582    0.795760 ^ _138_/Y (sg13g2_o21ai_1)
                                                         _092_ (net)
                      0.149128    0.000133    0.795893 ^ _140_/A1 (sg13g2_a21oi_1)
     2    0.010766    0.097771    0.133461    0.929354 v _140_/Y (sg13g2_a21oi_1)
                                                         _094_ (net)
                      0.097771    0.000039    0.929392 v _144_/A1 (sg13g2_o21ai_1)
     2    0.011510    0.151710    0.171010    1.100402 ^ _144_/Y (sg13g2_o21ai_1)
                                                         _097_ (net)
                      0.151710    0.000160    1.100562 ^ _147_/A (sg13g2_xor2_1)
     1    0.001669    0.053463    0.130401    1.230963 ^ _147_/X (sg13g2_xor2_1)
                                                         DPATH.SUM.fa_4.S (net)
                      0.053463    0.000007    1.230970 ^ _292_/D (sg13g2_dfrbpq_1)
                                              1.230970   data arrival time

                                  5.000000    5.000000   clock clk (rise edge)
                                  0.000000    5.000000   clock source latency
     9    0.032878    0.000000    0.000000    5.000000 ^ clk (in)
                                                         clk (net)
                      0.001255    0.000627    5.000628 ^ _292_/CLK (sg13g2_dfrbpq_1)
                                 -0.150000    4.850627   clock uncertainty
                                  0.000000    4.850627   clock reconvergence pessimism
                                 -0.126371    4.724256   library setup time
                                              4.724256   data required time
---------------------------------------------------------------------------------------------
                                              4.724256   data required time
                                             -1.230970   data arrival time
---------------------------------------------------------------------------------------------
                                              3.493286   slack (MET)


Startpoint: _295_ (rising edge-triggered flip-flop clocked by clk)
Endpoint: sign (output port clocked by clk)
Path Group: clk
Path Type: max

Fanout         Cap        Slew       Delay        Time   Description
---------------------------------------------------------------------------------------------
                                  0.000000    0.000000   clock clk (rise edge)
                                  0.000000    0.000000   clock source latency
     9    0.036904    0.000000    0.000000    0.000000 ^ clk (in)
                                                         clk (net)
                      0.001086    0.000543    0.000543 ^ _295_/CLK (sg13g2_dfrbpq_1)
     3    0.040019    0.169592    0.259134    0.259677 ^ _295_/Q (sg13g2_dfrbpq_1)
                                                         sign (net)
                      0.169592    0.000000    0.259677 ^ sign (out)
                                              0.259677   data arrival time

                                  5.000000    5.000000   clock clk (rise edge)
                                  0.000000    5.000000   clock network delay (propagated)
                                 -0.150000    4.850000   clock uncertainty
                                  0.000000    4.850000   clock reconvergence pessimism
                                 -1.000000    3.850000   output external delay
                                              3.850000   data required time
---------------------------------------------------------------------------------------------
                                              3.850000   data required time
                                             -0.259677   data arrival time
---------------------------------------------------------------------------------------------
                                              3.590322   slack (MET)


Startpoint: _290_ (rising edge-triggered flip-flop clocked by clk)
Endpoint: _295_ (rising edge-triggered flip-flop clocked by clk)
Path Group: clk
Path Type: max

Fanout         Cap        Slew       Delay        Time   Description
---------------------------------------------------------------------------------------------
                                  0.000000    0.000000   clock clk (rise edge)
                                  0.000000    0.000000   clock source latency
     9    0.036904    0.000000    0.000000    0.000000 ^ clk (in)
                                                         clk (net)
                      0.001645    0.000823    0.000823 ^ _290_/CLK (sg13g2_dfrbpq_1)
    18    0.078842    0.244721    0.322747    0.323570 v _290_/Q (sg13g2_dfrbpq_1)
                                                         DPATH.SUM.fa_2.A (net)
                      0.244722    0.001011    0.324581 v _156_/B (sg13g2_nor2_1)
     5    0.023010    0.231872    0.259690    0.584271 ^ _156_/Y (sg13g2_nor2_1)
                                                         _106_ (net)
                      0.231872    0.000120    0.584391 ^ _157_/A (sg13g2_inv_1)
     4    0.014465    0.094527    0.124722    0.709113 v _157_/Y (sg13g2_inv_1)
                                                         _107_ (net)
                      0.094527    0.000067    0.709180 v _158_/B (sg13g2_nor2_1)
     1    0.003830    0.066648    0.075963    0.785143 ^ _158_/Y (sg13g2_nor2_1)
                                                         _108_ (net)
                      0.066648    0.000026    0.785169 ^ _162_/C (sg13g2_nand4_1)
     2    0.010304    0.178232    0.169947    0.955116 v _162_/Y (sg13g2_nand4_1)
                                                         _112_ (net)
                      0.178232    0.000149    0.955265 v _163_/B (sg13g2_xnor2_1)
     1    0.002131    0.048001    0.130349    1.085614 v _163_/Y (sg13g2_xnor2_1)
                                                         CTRL.P1 (net)
                      0.048001    0.000014    1.085628 v _295_/D (sg13g2_dfrbpq_1)
                                              1.085628   data arrival time

                                  5.000000    5.000000   clock clk (rise edge)
                                  0.000000    5.000000   clock source latency
     9    0.032878    0.000000    0.000000    5.000000 ^ clk (in)
                                                         clk (net)
                      0.000964    0.000482    5.000482 ^ _295_/CLK (sg13g2_dfrbpq_1)
                                 -0.150000    4.850482   clock uncertainty
                                  0.000000    4.850482   clock reconvergence pessimism
                                 -0.127569    4.722913   library setup time
                                              4.722913   data required time
---------------------------------------------------------------------------------------------
                                              4.722913   data required time
                                             -1.085628   data arrival time
---------------------------------------------------------------------------------------------
                                              3.637286   slack (MET)


Startpoint: _290_ (rising edge-triggered flip-flop clocked by clk)
Endpoint: _296_ (rising edge-triggered flip-flop clocked by clk)
Path Group: clk
Path Type: max

Fanout         Cap        Slew       Delay        Time   Description
---------------------------------------------------------------------------------------------
                                  0.000000    0.000000   clock clk (rise edge)
                                  0.000000    0.000000   clock source latency
     9    0.036904    0.000000    0.000000    0.000000 ^ clk (in)
                                                         clk (net)
                      0.001645    0.000823    0.000823 ^ _290_/CLK (sg13g2_dfrbpq_1)
    18    0.082448    0.336024    0.376232    0.377055 ^ _290_/Q (sg13g2_dfrbpq_1)
                                                         DPATH.SUM.fa_2.A (net)
                      0.336130    0.001935    0.378990 ^ _164_/B (sg13g2_and2_1)
     5    0.019111    0.091932    0.213501    0.592490 ^ _164_/X (sg13g2_and2_1)
                                                         _113_ (net)
                      0.091932    0.000193    0.592683 ^ _166_/B (sg13g2_nand2_1)
     4    0.017448    0.192780    0.134902    0.727585 v _166_/Y (sg13g2_nand2_1)
                                                         _115_ (net)
                      0.192780    0.000159    0.727744 v _168_/A (sg13g2_nor2_1)
     2    0.010252    0.124498    0.144981    0.872725 ^ _168_/Y (sg13g2_nor2_1)
                                                         _117_ (net)
                      0.124537    0.000178    0.872903 ^ _170_/A1 (sg13g2_a21o_1)
     1    0.003277    0.038021    0.133054    1.005957 ^ _170_/X (sg13g2_a21o_1)
                                                         _119_ (net)
                      0.038021    0.000024    1.005980 ^ _171_/B (sg13g2_and2_1)
     1    0.001803    0.024082    0.081036    1.087016 ^ _171_/X (sg13g2_and2_1)
                                                         CTRL.P0 (net)
                      0.024082    0.000010    1.087026 ^ _296_/D (sg13g2_dfrbpq_1)
                                              1.087026   data arrival time

                                  5.000000    5.000000   clock clk (rise edge)
                                  0.000000    5.000000   clock source latency
     9    0.032878    0.000000    0.000000    5.000000 ^ clk (in)
                                                         clk (net)
                      0.001035    0.000518    5.000518 ^ _296_/CLK (sg13g2_dfrbpq_1)
                                 -0.150000    4.850518   clock uncertainty
                                  0.000000    4.850518   clock reconvergence pessimism
                                 -0.116818    4.733699   library setup time
                                              4.733699   data required time
---------------------------------------------------------------------------------------------
                                              4.733699   data required time
                                             -1.087026   data arrival time
---------------------------------------------------------------------------------------------
                                              3.646673   slack (MET)


Startpoint: _288_ (rising edge-triggered flip-flop clocked by clk)
Endpoint: _291_ (rising edge-triggered flip-flop clocked by clk)
Path Group: clk
Path Type: max

Fanout         Cap        Slew       Delay        Time   Description
---------------------------------------------------------------------------------------------
                                  0.000000    0.000000   clock clk (rise edge)
                                  0.000000    0.000000   clock source latency
     9    0.036904    0.000000    0.000000    0.000000 ^ clk (in)
                                                         clk (net)
                      0.001724    0.000862    0.000862 ^ _288_/CLK (sg13g2_dfrbpq_1)
    15    0.074272    0.303389    0.353980    0.354842 ^ _288_/Q (sg13g2_dfrbpq_1)
                                                         DPATH.SUM.Cout0 (net)
                      0.303389    0.000870    0.355711 ^ _132_/A (sg13g2_inv_1)
     8    0.039008    0.178568    0.248924    0.604635 v _132_/Y (sg13g2_inv_1)
                                                         DPATH.SUM.ha_0.S (net)
                      0.178568    0.000543    0.605177 v _138_/A1 (sg13g2_o21ai_1)
     2    0.010978    0.149128    0.190582    0.795760 ^ _138_/Y (sg13g2_o21ai_1)
                                                         _092_ (net)
                      0.149128    0.000133    0.795893 ^ _140_/A1 (sg13g2_a21oi_1)
     2    0.010766    0.097771    0.133461    0.929354 v _140_/Y (sg13g2_a21oi_1)
                                                         _094_ (net)
                      0.097771    0.000051    0.929404 v _143_/A (sg13g2_xor2_1)
     1    0.002013    0.061322    0.119705    1.049109 v _143_/X (sg13g2_xor2_1)
                                                         DPATH.SUM.fa_3.S (net)
                      0.061322    0.000011    1.049121 v _291_/D (sg13g2_dfrbpq_1)
                                              1.049121   data arrival time

                                  5.000000    5.000000   clock clk (rise edge)
                                  0.000000    5.000000   clock source latency
     9    0.032878    0.000000    0.000000    5.000000 ^ clk (in)
                                                         clk (net)
                      0.001462    0.000731    5.000731 ^ _291_/CLK (sg13g2_dfrbpq_1)
                                 -0.150000    4.850731   clock uncertainty
                                  0.000000    4.850731   clock reconvergence pessimism
                                 -0.132236    4.718494   library setup time
                                              4.718494   data required time
---------------------------------------------------------------------------------------------
                                              4.718494   data required time
                                             -1.049121   data arrival time
---------------------------------------------------------------------------------------------
                                              3.669374   slack (MET)


Startpoint: _288_ (rising edge-triggered flip-flop clocked by clk)
Endpoint: _290_ (rising edge-triggered flip-flop clocked by clk)
Path Group: clk
Path Type: max

Fanout         Cap        Slew       Delay        Time   Description
---------------------------------------------------------------------------------------------
                                  0.000000    0.000000   clock clk (rise edge)
                                  0.000000    0.000000   clock source latency
     9    0.036904    0.000000    0.000000    0.000000 ^ clk (in)
                                                         clk (net)
                      0.001724    0.000862    0.000862 ^ _288_/CLK (sg13g2_dfrbpq_1)
    15    0.074272    0.303389    0.353980    0.354842 ^ _288_/Q (sg13g2_dfrbpq_1)
                                                         DPATH.SUM.Cout0 (net)
                      0.303389    0.000870    0.355711 ^ _132_/A (sg13g2_inv_1)
     8    0.039008    0.178568    0.248924    0.604635 v _132_/Y (sg13g2_inv_1)
                                                         DPATH.SUM.ha_0.S (net)
                      0.178568    0.000543    0.605177 v _138_/A1 (sg13g2_o21ai_1)
     2    0.010978    0.149128    0.190582    0.795760 ^ _138_/Y (sg13g2_o21ai_1)
                                                         _092_ (net)
                      0.149128    0.000138    0.795898 ^ _278_/A (sg13g2_xor2_1)
     1    0.001915    0.054998    0.131026    0.926924 ^ _278_/X (sg13g2_xor2_1)
                                                         DPATH.SUM.fa_2.S (net)
                      0.054998    0.000012    0.926935 ^ _290_/D (sg13g2_dfrbpq_1)
                                              0.926935   data arrival time

                                  5.000000    5.000000   clock clk (rise edge)
                                  0.000000    5.000000   clock source latency
     9    0.032878    0.000000    0.000000    5.000000 ^ clk (in)
                                                         clk (net)
                      0.001456    0.000728    5.000729 ^ _290_/CLK (sg13g2_dfrbpq_1)
                                 -0.150000    4.850729   clock uncertainty
                                  0.000000    4.850729   clock reconvergence pessimism
                                 -0.126842    4.723886   library setup time
                                              4.723886   data required time
---------------------------------------------------------------------------------------------
                                              4.723886   data required time
                                             -0.926935   data arrival time
---------------------------------------------------------------------------------------------
                                              3.796951   slack (MET)


Startpoint: _288_ (rising edge-triggered flip-flop clocked by clk)
Endpoint: _288_ (rising edge-triggered flip-flop clocked by clk)
Path Group: clk
Path Type: max

Fanout         Cap        Slew       Delay        Time   Description
---------------------------------------------------------------------------------------------
                                  0.000000    0.000000   clock clk (rise edge)
                                  0.000000    0.000000   clock source latency
     9    0.036904    0.000000    0.000000    0.000000 ^ clk (in)
                                                         clk (net)
                      0.001724    0.000862    0.000862 ^ _288_/CLK (sg13g2_dfrbpq_1)
    15    0.074272    0.303389    0.353980    0.354842 ^ _288_/Q (sg13g2_dfrbpq_1)
                                                         DPATH.SUM.Cout0 (net)
                      0.303389    0.000870    0.355711 ^ _132_/A (sg13g2_inv_1)
     8    0.039008    0.178568    0.248924    0.604635 v _132_/Y (sg13g2_inv_1)
                                                         DPATH.SUM.ha_0.S (net)
                      0.178568    0.000582    0.605217 v _288_/D (sg13g2_dfrbpq_1)
                                              0.605217   data arrival time

                                  5.000000    5.000000   clock clk (rise edge)
                                  0.000000    5.000000   clock source latency
     9    0.032878    0.000000    0.000000    5.000000 ^ clk (in)
                                                         clk (net)
                      0.001525    0.000763    5.000762 ^ _288_/CLK (sg13g2_dfrbpq_1)
                                 -0.150000    4.850762   clock uncertainty
                                  0.000099    4.850862   clock reconvergence pessimism
                                 -0.174422    4.676439   library setup time
                                              4.676439   data required time
---------------------------------------------------------------------------------------------
                                              4.676439   data required time
                                             -0.605217   data arrival time
---------------------------------------------------------------------------------------------
                                              4.071222   slack (MET)


Startpoint: _296_ (rising edge-triggered flip-flop clocked by clk)
Endpoint: _289_ (rising edge-triggered flip-flop clocked by clk)
Path Group: clk
Path Type: max

Fanout         Cap        Slew       Delay        Time   Description
---------------------------------------------------------------------------------------------
                                  0.000000    0.000000   clock clk (rise edge)
                                  0.000000    0.000000   clock source latency
     9    0.036904    0.000000    0.000000    0.000000 ^ clk (in)
                                                         clk (net)
                      0.001168    0.000584    0.000584 ^ _296_/CLK (sg13g2_dfrbpq_1)
    13    0.069280    0.283679    0.338789    0.339373 ^ _296_/Q (sg13g2_dfrbpq_1)
                                                         CTRL.S0 (net)
                      0.283810    0.003078    0.342451 ^ _137_/A (sg13g2_xnor2_1)
     2    0.010289    0.152844    0.183980    0.526431 ^ _137_/Y (sg13g2_xnor2_1)
                                                         _091_ (net)
                      0.152844    0.000041    0.526472 ^ _279_/B (sg13g2_xnor2_1)
     1    0.001822    0.077781    0.118374    0.644846 ^ _279_/Y (sg13g2_xnor2_1)
                                                         DPATH.SUM.fa_1.S (net)
                      0.077781    0.000010    0.644856 ^ _289_/D (sg13g2_dfrbpq_1)
                                              0.644856   data arrival time

                                  5.000000    5.000000   clock clk (rise edge)
                                  0.000000    5.000000   clock source latency
     9    0.032878    0.000000    0.000000    5.000000 ^ clk (in)
                                                         clk (net)
                      0.001535    0.000767    5.000768 ^ _289_/CLK (sg13g2_dfrbpq_1)
                                 -0.150000    4.850768   clock uncertainty
                                  0.000000    4.850768   clock reconvergence pessimism
                                 -0.134262    4.716505   library setup time
                                              4.716505   data required time
---------------------------------------------------------------------------------------------
                                              4.716505   data required time
                                             -0.644856   data arrival time
---------------------------------------------------------------------------------------------
                                              4.071649   slack (MET)



