
===========================================================================
report_checks -path_delay min (Hold)
============================================================================
======================= nom_typ_1p20V_25C Corner ===================================

Startpoint: _295_ (rising edge-triggered flip-flop clocked by clk)
Endpoint: sign (output port clocked by clk)
Path Group: clk
Path Type: min

Fanout         Cap        Slew       Delay        Time   Description
---------------------------------------------------------------------------------------------
                                  0.000000    0.000000   clock clk (rise edge)
                                  0.000000    0.000000   clock source latency
     9    0.032878    0.000000    0.000000    0.000000 ^ clk (in)
                                                         clk (net)
                      0.000964    0.000482    0.000482 ^ _295_/CLK (sg13g2_dfrbpq_1)
     3    0.037398    0.120275    0.231802    0.232284 v _295_/Q (sg13g2_dfrbpq_1)
                                                         sign (net)
                      0.120275    0.000000    0.232284 v sign (out)
                                              0.232284   data arrival time

                                  0.000000    0.000000   clock clk (rise edge)
                                  0.000000    0.000000   clock network delay (propagated)
                                  0.150000    0.150000   clock uncertainty
                                  0.000000    0.150000   clock reconvergence pessimism
                                  0.000000    0.150000   output external delay
                                              0.150000   data required time
---------------------------------------------------------------------------------------------
                                              0.150000   data required time
                                             -0.232284   data arrival time
---------------------------------------------------------------------------------------------
                                              0.082284   slack (MET)


Startpoint: _295_ (rising edge-triggered flip-flop clocked by clk)
Endpoint: _295_ (rising edge-triggered flip-flop clocked by clk)
Path Group: clk
Path Type: min

Fanout         Cap        Slew       Delay        Time   Description
---------------------------------------------------------------------------------------------
                                  0.000000    0.000000   clock clk (rise edge)
                                  0.000000    0.000000   clock source latency
     9    0.032878    0.000000    0.000000    0.000000 ^ clk (in)
                                                         clk (net)
                      0.000964    0.000482    0.000482 ^ _295_/CLK (sg13g2_dfrbpq_1)
     3    0.037398    0.120275    0.231802    0.232284 v _295_/Q (sg13g2_dfrbpq_1)
                                                         sign (net)
                      0.120275    0.000000    0.232284 v _163_/A (sg13g2_xnor2_1)
     1    0.001780    0.028175    0.086640    0.318924 v _163_/Y (sg13g2_xnor2_1)
                                                         CTRL.P1 (net)
                      0.028175    0.000011    0.318935 v _295_/D (sg13g2_dfrbpq_1)
                                              0.318935   data arrival time

                                  0.000000    0.000000   clock clk (rise edge)
                                  0.000000    0.000000   clock source latency
     9    0.036904    0.000000    0.000000    0.000000 ^ clk (in)
                                                         clk (net)
                      0.001086    0.000543    0.000543 ^ _295_/CLK (sg13g2_dfrbpq_1)
                                  0.150000    0.150543   clock uncertainty
                                 -0.000061    0.150482   clock reconvergence pessimism
                                 -0.040917    0.109565   library hold time
                                              0.109565   data required time
---------------------------------------------------------------------------------------------
                                              0.109565   data required time
                                             -0.318935   data arrival time
---------------------------------------------------------------------------------------------
                                              0.209370   slack (MET)


Startpoint: _293_ (rising edge-triggered flip-flop clocked by clk)
Endpoint: sine_out[17] (output port clocked by clk)
Path Group: clk
Path Type: min

Fanout         Cap        Slew       Delay        Time   Description
---------------------------------------------------------------------------------------------
                                  0.000000    0.000000   clock clk (rise edge)
                                  0.000000    0.000000   clock source latency
     9    0.032878    0.000000    0.000000    0.000000 ^ clk (in)
                                                         clk (net)
                      0.001050    0.000525    0.000525 ^ _293_/CLK (sg13g2_dfrbpq_1)
    15    0.053396    0.168057    0.266082    0.266607 v _293_/Q (sg13g2_dfrbpq_1)
                                                         DPATH.SUM.fa_5.A (net)
                      0.168064    0.001209    0.267816 v _277_/A (sg13g2_nand3_1)
     1    0.010000    0.063519    0.101832    0.369647 ^ _277_/Y (sg13g2_nand3_1)
                                                         sine_out[17] (net)
                      0.063519    0.000000    0.369647 ^ sine_out[17] (out)
                                              0.369647   data arrival time

                                  0.000000    0.000000   clock clk (rise edge)
                                  0.000000    0.000000   clock network delay (propagated)
                                  0.150000    0.150000   clock uncertainty
                                  0.000000    0.150000   clock reconvergence pessimism
                                  0.000000    0.150000   output external delay
                                              0.150000   data required time
---------------------------------------------------------------------------------------------
                                              0.150000   data required time
                                             -0.369647   data arrival time
---------------------------------------------------------------------------------------------
                                              0.219647   slack (MET)


Startpoint: _295_ (rising edge-triggered flip-flop clocked by clk)
Endpoint: signB (output port clocked by clk)
Path Group: clk
Path Type: min

Fanout         Cap        Slew       Delay        Time   Description
---------------------------------------------------------------------------------------------
                                  0.000000    0.000000   clock clk (rise edge)
                                  0.000000    0.000000   clock source latency
     9    0.032878    0.000000    0.000000    0.000000 ^ clk (in)
                                                         clk (net)
                      0.000964    0.000482    0.000482 ^ _295_/CLK (sg13g2_dfrbpq_1)
     3    0.037398    0.120275    0.231802    0.232284 v _295_/Q (sg13g2_dfrbpq_1)
                                                         sign (net)
                      0.120275    0.000000    0.232284 v _133_/A (sg13g2_inv_1)
     1    0.030000    0.139804    0.157373    0.389657 ^ _133_/Y (sg13g2_inv_1)
                                                         signB (net)
                      0.139804    0.000000    0.389657 ^ signB (out)
                                              0.389657   data arrival time

                                  0.000000    0.000000   clock clk (rise edge)
                                  0.000000    0.000000   clock network delay (propagated)
                                  0.150000    0.150000   clock uncertainty
                                  0.000000    0.150000   clock reconvergence pessimism
                                  0.000000    0.150000   output external delay
                                              0.150000   data required time
---------------------------------------------------------------------------------------------
                                              0.150000   data required time
                                             -0.389657   data arrival time
---------------------------------------------------------------------------------------------
                                              0.239657   slack (MET)


Startpoint: _294_ (rising edge-triggered flip-flop clocked by clk)
Endpoint: sine_out[15] (output port clocked by clk)
Path Group: clk
Path Type: min

Fanout         Cap        Slew       Delay        Time   Description
---------------------------------------------------------------------------------------------
                                  0.000000    0.000000   clock clk (rise edge)
                                  0.000000    0.000000   clock source latency
     9    0.032878    0.000000    0.000000    0.000000 ^ clk (in)
                                                         clk (net)
                      0.001006    0.000503    0.000503 ^ _294_/CLK (sg13g2_dfrbpq_1)
    20    0.067613    0.210825    0.297587    0.298090 v _294_/Q (sg13g2_dfrbpq_1)
                                                         DPATH.SUM.fa_6.A (net)
                      0.210826    0.000782    0.298872 v _274_/A (sg13g2_nand2_1)
     1    0.010000    0.060376    0.104878    0.403750 ^ _274_/Y (sg13g2_nand2_1)
                                                         sine_out[15] (net)
                      0.060376    0.000000    0.403750 ^ sine_out[15] (out)
                                              0.403750   data arrival time

                                  0.000000    0.000000   clock clk (rise edge)
                                  0.000000    0.000000   clock network delay (propagated)
                                  0.150000    0.150000   clock uncertainty
                                  0.000000    0.150000   clock reconvergence pessimism
                                  0.000000    0.150000   output external delay
                                              0.150000   data required time
---------------------------------------------------------------------------------------------
                                              0.150000   data required time
                                             -0.403750   data arrival time
---------------------------------------------------------------------------------------------
                                              0.253750   slack (MET)


Startpoint: _294_ (rising edge-triggered flip-flop clocked by clk)
Endpoint: sine_out[14] (output port clocked by clk)
Path Group: clk
Path Type: min

Fanout         Cap        Slew       Delay        Time   Description
---------------------------------------------------------------------------------------------
                                  0.000000    0.000000   clock clk (rise edge)
                                  0.000000    0.000000   clock source latency
     9    0.032878    0.000000    0.000000    0.000000 ^ clk (in)
                                                         clk (net)
                      0.001006    0.000503    0.000503 ^ _294_/CLK (sg13g2_dfrbpq_1)
    20    0.067613    0.210825    0.297587    0.298090 v _294_/Q (sg13g2_dfrbpq_1)
                                                         DPATH.SUM.fa_6.A (net)
                      0.210831    0.001341    0.299431 v _273_/A (sg13g2_nand2_1)
     1    0.010000    0.059802    0.104879    0.404310 ^ _273_/Y (sg13g2_nand2_1)
                                                         sine_out[14] (net)
                      0.059802    0.000000    0.404310 ^ sine_out[14] (out)
                                              0.404310   data arrival time

                                  0.000000    0.000000   clock clk (rise edge)
                                  0.000000    0.000000   clock network delay (propagated)
                                  0.150000    0.150000   clock uncertainty
                                  0.000000    0.150000   clock reconvergence pessimism
                                  0.000000    0.150000   output external delay
                                              0.150000   data required time
---------------------------------------------------------------------------------------------
                                              0.150000   data required time
                                             -0.404310   data arrival time
---------------------------------------------------------------------------------------------
                                              0.254310   slack (MET)


Startpoint: _293_ (rising edge-triggered flip-flop clocked by clk)
Endpoint: sine_out[12] (output port clocked by clk)
Path Group: clk
Path Type: min

Fanout         Cap        Slew       Delay        Time   Description
---------------------------------------------------------------------------------------------
                                  0.000000    0.000000   clock clk (rise edge)
                                  0.000000    0.000000   clock source latency
     9    0.032878    0.000000    0.000000    0.000000 ^ clk (in)
                                                         clk (net)
                      0.001050    0.000525    0.000525 ^ _293_/CLK (sg13g2_dfrbpq_1)
    15    0.053396    0.168057    0.266082    0.266607 v _293_/Q (sg13g2_dfrbpq_1)
                                                         DPATH.SUM.fa_5.A (net)
                      0.168075    0.001757    0.268364 v _271_/A1 (sg13g2_a21oi_1)
     1    0.010000    0.106481    0.146209    0.414573 ^ _271_/Y (sg13g2_a21oi_1)
                                                         sine_out[12] (net)
                      0.106481    0.000000    0.414573 ^ sine_out[12] (out)
                                              0.414573   data arrival time

                                  0.000000    0.000000   clock clk (rise edge)
                                  0.000000    0.000000   clock network delay (propagated)
                                  0.150000    0.150000   clock uncertainty
                                  0.000000    0.150000   clock reconvergence pessimism
                                  0.000000    0.150000   output external delay
                                              0.150000   data required time
---------------------------------------------------------------------------------------------
                                              0.150000   data required time
                                             -0.414573   data arrival time
---------------------------------------------------------------------------------------------
                                              0.264573   slack (MET)


Startpoint: _293_ (rising edge-triggered flip-flop clocked by clk)
Endpoint: sine_out[9] (output port clocked by clk)
Path Group: clk
Path Type: min

Fanout         Cap        Slew       Delay        Time   Description
---------------------------------------------------------------------------------------------
                                  0.000000    0.000000   clock clk (rise edge)
                                  0.000000    0.000000   clock source latency
     9    0.032878    0.000000    0.000000    0.000000 ^ clk (in)
                                                         clk (net)
                      0.001050    0.000525    0.000525 ^ _293_/CLK (sg13g2_dfrbpq_1)
    15    0.053396    0.168057    0.266082    0.266607 v _293_/Q (sg13g2_dfrbpq_1)
                                                         DPATH.SUM.fa_5.A (net)
                      0.168076    0.001808    0.268415 v _265_/A1 (sg13g2_a21oi_1)
     1    0.010000    0.106481    0.146209    0.414624 ^ _265_/Y (sg13g2_a21oi_1)
                                                         sine_out[9] (net)
                      0.106481    0.000000    0.414624 ^ sine_out[9] (out)
                                              0.414624   data arrival time

                                  0.000000    0.000000   clock clk (rise edge)
                                  0.000000    0.000000   clock network delay (propagated)
                                  0.150000    0.150000   clock uncertainty
                                  0.000000    0.150000   clock reconvergence pessimism
                                  0.000000    0.150000   output external delay
                                              0.150000   data required time
---------------------------------------------------------------------------------------------
                                              0.150000   data required time
                                             -0.414624   data arrival time
---------------------------------------------------------------------------------------------
                                              0.264624   slack (MET)


Startpoint: _294_ (rising edge-triggered flip-flop clocked by clk)
Endpoint: sine_out[16] (output port clocked by clk)
Path Group: clk
Path Type: min

Fanout         Cap        Slew       Delay        Time   Description
---------------------------------------------------------------------------------------------
                                  0.000000    0.000000   clock clk (rise edge)
                                  0.000000    0.000000   clock source latency
     9    0.032878    0.000000    0.000000    0.000000 ^ clk (in)
                                                         clk (net)
                      0.001006    0.000503    0.000503 ^ _294_/CLK (sg13g2_dfrbpq_1)
    20    0.067613    0.210825    0.297587    0.298090 v _294_/Q (sg13g2_dfrbpq_1)
                                                         DPATH.SUM.fa_6.A (net)
                      0.210833    0.001499    0.299589 v _275_/B1 (sg13g2_o21ai_1)
     1    0.010000    0.092652    0.119154    0.418743 ^ _275_/Y (sg13g2_o21ai_1)
                                                         sine_out[16] (net)
                      0.092652    0.000000    0.418743 ^ sine_out[16] (out)
                                              0.418743   data arrival time

                                  0.000000    0.000000   clock clk (rise edge)
                                  0.000000    0.000000   clock network delay (propagated)
                                  0.150000    0.150000   clock uncertainty
                                  0.000000    0.150000   clock reconvergence pessimism
                                  0.000000    0.150000   output external delay
                                              0.150000   data required time
---------------------------------------------------------------------------------------------
                                              0.150000   data required time
                                             -0.418743   data arrival time
---------------------------------------------------------------------------------------------
                                              0.268743   slack (MET)


Startpoint: _288_ (rising edge-triggered flip-flop clocked by clk)
Endpoint: _289_ (rising edge-triggered flip-flop clocked by clk)
Path Group: clk
Path Type: min

Fanout         Cap        Slew       Delay        Time   Description
---------------------------------------------------------------------------------------------
                                  0.000000    0.000000   clock clk (rise edge)
                                  0.000000    0.000000   clock source latency
     9    0.032878    0.000000    0.000000    0.000000 ^ clk (in)
                                                         clk (net)
                      0.001525    0.000763    0.000763 ^ _288_/CLK (sg13g2_dfrbpq_1)
    15    0.059322    0.185715    0.280042    0.280805 v _288_/Q (sg13g2_dfrbpq_1)
                                                         DPATH.SUM.Cout0 (net)
                      0.185715    0.000459    0.281264 v _279_/A (sg13g2_xnor2_1)
     1    0.001647    0.026909    0.101321    0.382585 v _279_/Y (sg13g2_xnor2_1)
                                                         DPATH.SUM.fa_1.S (net)
                      0.026909    0.000009    0.382594 v _289_/D (sg13g2_dfrbpq_1)
                                              0.382594   data arrival time

                                  0.000000    0.000000   clock clk (rise edge)
                                  0.000000    0.000000   clock source latency
     9    0.036904    0.000000    0.000000    0.000000 ^ clk (in)
                                                         clk (net)
                      0.001735    0.000867    0.000867 ^ _289_/CLK (sg13g2_dfrbpq_1)
                                  0.150000    0.150867   clock uncertainty
                                  0.000000    0.150867   clock reconvergence pessimism
                                 -0.040381    0.110486   library hold time
                                              0.110486   data required time
---------------------------------------------------------------------------------------------
                                              0.110486   data required time
                                             -0.382594   data arrival time
---------------------------------------------------------------------------------------------
                                              0.272108   slack (MET)


Startpoint: _292_ (rising edge-triggered flip-flop clocked by clk)
Endpoint: sine_out[6] (output port clocked by clk)
Path Group: clk
Path Type: min

Fanout         Cap        Slew       Delay        Time   Description
---------------------------------------------------------------------------------------------
                                  0.000000    0.000000   clock clk (rise edge)
                                  0.000000    0.000000   clock source latency
     9    0.032878    0.000000    0.000000    0.000000 ^ clk (in)
                                                         clk (net)
                      0.001255    0.000628    0.000628 ^ _292_/CLK (sg13g2_dfrbpq_1)
    18    0.062217    0.194700    0.285560    0.286188 v _292_/Q (sg13g2_dfrbpq_1)
                                                         DPATH.SUM.fa_4.A (net)
                      0.194714    0.001770    0.287958 v _262_/A1 (sg13g2_a21oi_1)
     1    0.010000    0.079798    0.151667    0.439625 ^ _262_/Y (sg13g2_a21oi_1)
                                                         sine_out[6] (net)
                      0.079798    0.000000    0.439625 ^ sine_out[6] (out)
                                              0.439625   data arrival time

                                  0.000000    0.000000   clock clk (rise edge)
                                  0.000000    0.000000   clock network delay (propagated)
                                  0.150000    0.150000   clock uncertainty
                                  0.000000    0.150000   clock reconvergence pessimism
                                  0.000000    0.150000   output external delay
                                              0.150000   data required time
---------------------------------------------------------------------------------------------
                                              0.150000   data required time
                                             -0.439625   data arrival time
---------------------------------------------------------------------------------------------
                                              0.289625   slack (MET)


Startpoint: _292_ (rising edge-triggered flip-flop clocked by clk)
Endpoint: sine_out[8] (output port clocked by clk)
Path Group: clk
Path Type: min

Fanout         Cap        Slew       Delay        Time   Description
---------------------------------------------------------------------------------------------
                                  0.000000    0.000000   clock clk (rise edge)
                                  0.000000    0.000000   clock source latency
     9    0.032878    0.000000    0.000000    0.000000 ^ clk (in)
                                                         clk (net)
                      0.001255    0.000628    0.000628 ^ _292_/CLK (sg13g2_dfrbpq_1)
    18    0.062217    0.194700    0.285560    0.286188 v _292_/Q (sg13g2_dfrbpq_1)
                                                         DPATH.SUM.fa_4.A (net)
                      0.194715    0.001783    0.287971 v _264_/A1 (sg13g2_a21oi_1)
     1    0.010000    0.079798    0.151667    0.439638 ^ _264_/Y (sg13g2_a21oi_1)
                                                         sine_out[8] (net)
                      0.079798    0.000000    0.439638 ^ sine_out[8] (out)
                                              0.439638   data arrival time

                                  0.000000    0.000000   clock clk (rise edge)
                                  0.000000    0.000000   clock network delay (propagated)
                                  0.150000    0.150000   clock uncertainty
                                  0.000000    0.150000   clock reconvergence pessimism
                                  0.000000    0.150000   output external delay
                                              0.150000   data required time
---------------------------------------------------------------------------------------------
                                              0.150000   data required time
                                             -0.439638   data arrival time
---------------------------------------------------------------------------------------------
                                              0.289638   slack (MET)


Startpoint: _292_ (rising edge-triggered flip-flop clocked by clk)
Endpoint: sine_out[7] (output port clocked by clk)
Path Group: clk
Path Type: min

Fanout         Cap        Slew       Delay        Time   Description
---------------------------------------------------------------------------------------------
                                  0.000000    0.000000   clock clk (rise edge)
                                  0.000000    0.000000   clock source latency
     9    0.032878    0.000000    0.000000    0.000000 ^ clk (in)
                                                         clk (net)
                      0.001255    0.000628    0.000628 ^ _292_/CLK (sg13g2_dfrbpq_1)
    18    0.062217    0.194700    0.285560    0.286188 v _292_/Q (sg13g2_dfrbpq_1)
                                                         DPATH.SUM.fa_4.A (net)
                      0.194715    0.001785    0.287972 v _263_/A1 (sg13g2_a21oi_1)
     1    0.010000    0.079798    0.151667    0.439639 ^ _263_/Y (sg13g2_a21oi_1)
                                                         sine_out[7] (net)
                      0.079798    0.000000    0.439639 ^ sine_out[7] (out)
                                              0.439639   data arrival time

                                  0.000000    0.000000   clock clk (rise edge)
                                  0.000000    0.000000   clock network delay (propagated)
                                  0.150000    0.150000   clock uncertainty
                                  0.000000    0.150000   clock reconvergence pessimism
                                  0.000000    0.150000   output external delay
                                              0.150000   data required time
---------------------------------------------------------------------------------------------
                                              0.150000   data required time
                                             -0.439639   data arrival time
---------------------------------------------------------------------------------------------
                                              0.289639   slack (MET)


Startpoint: _294_ (rising edge-triggered flip-flop clocked by clk)
Endpoint: sine_out[3] (output port clocked by clk)
Path Group: clk
Path Type: min

Fanout         Cap        Slew       Delay        Time   Description
---------------------------------------------------------------------------------------------
                                  0.000000    0.000000   clock clk (rise edge)
                                  0.000000    0.000000   clock source latency
     9    0.032878    0.000000    0.000000    0.000000 ^ clk (in)
                                                         clk (net)
                      0.001006    0.000503    0.000503 ^ _294_/CLK (sg13g2_dfrbpq_1)
    20    0.067613    0.210825    0.297587    0.298090 v _294_/Q (sg13g2_dfrbpq_1)
                                                         DPATH.SUM.fa_6.A (net)
                      0.210829    0.001197    0.299288 v _256_/A (sg13g2_nor2_1)
     1    0.010000    0.104754    0.146612    0.445899 ^ _256_/Y (sg13g2_nor2_1)
                                                         sine_out[3] (net)
                      0.104754    0.000000    0.445899 ^ sine_out[3] (out)
                                              0.445899   data arrival time

                                  0.000000    0.000000   clock clk (rise edge)
                                  0.000000    0.000000   clock network delay (propagated)
                                  0.150000    0.150000   clock uncertainty
                                  0.000000    0.150000   clock reconvergence pessimism
                                  0.000000    0.150000   output external delay
                                              0.150000   data required time
---------------------------------------------------------------------------------------------
                                              0.150000   data required time
                                             -0.445899   data arrival time
---------------------------------------------------------------------------------------------
                                              0.295899   slack (MET)


Startpoint: _294_ (rising edge-triggered flip-flop clocked by clk)
Endpoint: sine_out[13] (output port clocked by clk)
Path Group: clk
Path Type: min

Fanout         Cap        Slew       Delay        Time   Description
---------------------------------------------------------------------------------------------
                                  0.000000    0.000000   clock clk (rise edge)
                                  0.000000    0.000000   clock source latency
     9    0.032878    0.000000    0.000000    0.000000 ^ clk (in)
                                                         clk (net)
                      0.001006    0.000503    0.000503 ^ _294_/CLK (sg13g2_dfrbpq_1)
    20    0.067613    0.210825    0.297587    0.298090 v _294_/Q (sg13g2_dfrbpq_1)
                                                         DPATH.SUM.fa_6.A (net)
                      0.210839    0.001806    0.299897 v _272_/A (sg13g2_nor2_1)
     1    0.010000    0.103564    0.146613    0.446510 ^ _272_/Y (sg13g2_nor2_1)
                                                         sine_out[13] (net)
                      0.103564    0.000000    0.446510 ^ sine_out[13] (out)
                                              0.446510   data arrival time

                                  0.000000    0.000000   clock clk (rise edge)
                                  0.000000    0.000000   clock network delay (propagated)
                                  0.150000    0.150000   clock uncertainty
                                  0.000000    0.150000   clock reconvergence pessimism
                                  0.000000    0.150000   output external delay
                                              0.150000   data required time
---------------------------------------------------------------------------------------------
                                              0.150000   data required time
                                             -0.446510   data arrival time
---------------------------------------------------------------------------------------------
                                              0.296510   slack (MET)


Startpoint: _294_ (rising edge-triggered flip-flop clocked by clk)
Endpoint: sine_out[11] (output port clocked by clk)
Path Group: clk
Path Type: min

Fanout         Cap        Slew       Delay        Time   Description
---------------------------------------------------------------------------------------------
                                  0.000000    0.000000   clock clk (rise edge)
                                  0.000000    0.000000   clock source latency
     9    0.032878    0.000000    0.000000    0.000000 ^ clk (in)
                                                         clk (net)
                      0.001006    0.000503    0.000503 ^ _294_/CLK (sg13g2_dfrbpq_1)
    20    0.067613    0.210825    0.297587    0.298090 v _294_/Q (sg13g2_dfrbpq_1)
                                                         DPATH.SUM.fa_6.A (net)
                      0.210839    0.001827    0.299917 v _269_/A (sg13g2_nor2_1)
     1    0.010000    0.101692    0.146613    0.446531 ^ _269_/Y (sg13g2_nor2_1)
                                                         sine_out[11] (net)
                      0.101692    0.000000    0.446531 ^ sine_out[11] (out)
                                              0.446531   data arrival time

                                  0.000000    0.000000   clock clk (rise edge)
                                  0.000000    0.000000   clock network delay (propagated)
                                  0.150000    0.150000   clock uncertainty
                                  0.000000    0.150000   clock reconvergence pessimism
                                  0.000000    0.150000   output external delay
                                              0.150000   data required time
---------------------------------------------------------------------------------------------
                                              0.150000   data required time
                                             -0.446531   data arrival time
---------------------------------------------------------------------------------------------
                                              0.296531   slack (MET)


Startpoint: _296_ (rising edge-triggered flip-flop clocked by clk)
Endpoint: _294_ (rising edge-triggered flip-flop clocked by clk)
Path Group: clk
Path Type: min

Fanout         Cap        Slew       Delay        Time   Description
---------------------------------------------------------------------------------------------
                                  0.000000    0.000000   clock clk (rise edge)
                                  0.000000    0.000000   clock source latency
     9    0.032878    0.000000    0.000000    0.000000 ^ clk (in)
                                                         clk (net)
                      0.001035    0.000518    0.000518 ^ _296_/CLK (sg13g2_dfrbpq_1)
    13    0.053629    0.168840    0.266341    0.266859 v _296_/Q (sg13g2_dfrbpq_1)
                                                         CTRL.S0 (net)
                      0.168851    0.001481    0.268340 v _153_/A (sg13g2_xnor2_1)
     1    0.004597    0.044463    0.113244    0.381584 v _153_/Y (sg13g2_xnor2_1)
                                                         _104_ (net)
                      0.044463    0.000026    0.381610 v _154_/B (sg13g2_xnor2_1)
     1    0.001845    0.027071    0.054006    0.435616 v _154_/Y (sg13g2_xnor2_1)
                                                         DPATH.SUM.fa_6.S (net)
                      0.027071    0.000012    0.435629 v _294_/D (sg13g2_dfrbpq_1)
                                              0.435629   data arrival time

                                  0.000000    0.000000   clock clk (rise edge)
                                  0.000000    0.000000   clock source latency
     9    0.036904    0.000000    0.000000    0.000000 ^ clk (in)
                                                         clk (net)
                      0.001134    0.000567    0.000567 ^ _294_/CLK (sg13g2_dfrbpq_1)
                                  0.150000    0.150567   clock uncertainty
                                  0.000000    0.150567   clock reconvergence pessimism
                                 -0.040557    0.110010   library hold time
                                              0.110010   data required time
---------------------------------------------------------------------------------------------
                                              0.110010   data required time
                                             -0.435629   data arrival time
---------------------------------------------------------------------------------------------
                                              0.325619   slack (MET)


Startpoint: _294_ (rising edge-triggered flip-flop clocked by clk)
Endpoint: sine_out[4] (output port clocked by clk)
Path Group: clk
Path Type: min

Fanout         Cap        Slew       Delay        Time   Description
---------------------------------------------------------------------------------------------
                                  0.000000    0.000000   clock clk (rise edge)
                                  0.000000    0.000000   clock source latency
     9    0.032878    0.000000    0.000000    0.000000 ^ clk (in)
                                                         clk (net)
                      0.001006    0.000503    0.000503 ^ _294_/CLK (sg13g2_dfrbpq_1)
    20    0.069243    0.283541    0.339339    0.339841 ^ _294_/Q (sg13g2_dfrbpq_1)
                                                         DPATH.SUM.fa_6.A (net)
                      0.283541    0.001141    0.340983 ^ _258_/A (sg13g2_nor3_1)
     1    0.010000    0.058357    0.137599    0.478581 v _258_/Y (sg13g2_nor3_1)
                                                         sine_out[4] (net)
                      0.058357    0.000000    0.478581 v sine_out[4] (out)
                                              0.478581   data arrival time

                                  0.000000    0.000000   clock clk (rise edge)
                                  0.000000    0.000000   clock network delay (propagated)
                                  0.150000    0.150000   clock uncertainty
                                  0.000000    0.150000   clock reconvergence pessimism
                                  0.000000    0.150000   output external delay
                                              0.150000   data required time
---------------------------------------------------------------------------------------------
                                              0.150000   data required time
                                             -0.478581   data arrival time
---------------------------------------------------------------------------------------------
                                              0.328581   slack (MET)


Startpoint: _294_ (rising edge-triggered flip-flop clocked by clk)
Endpoint: sine_out[5] (output port clocked by clk)
Path Group: clk
Path Type: min

Fanout         Cap        Slew       Delay        Time   Description
---------------------------------------------------------------------------------------------
                                  0.000000    0.000000   clock clk (rise edge)
                                  0.000000    0.000000   clock source latency
     9    0.032878    0.000000    0.000000    0.000000 ^ clk (in)
                                                         clk (net)
                      0.001006    0.000503    0.000503 ^ _294_/CLK (sg13g2_dfrbpq_1)
    20    0.069243    0.283541    0.339339    0.339841 ^ _294_/Q (sg13g2_dfrbpq_1)
                                                         DPATH.SUM.fa_6.A (net)
                      0.283546    0.001633    0.341474 ^ _260_/A (sg13g2_nor3_1)
     1    0.010000    0.050671    0.137600    0.479074 v _260_/Y (sg13g2_nor3_1)
                                                         sine_out[5] (net)
                      0.050671    0.000000    0.479074 v sine_out[5] (out)
                                              0.479074   data arrival time

                                  0.000000    0.000000   clock clk (rise edge)
                                  0.000000    0.000000   clock network delay (propagated)
                                  0.150000    0.150000   clock uncertainty
                                  0.000000    0.150000   clock reconvergence pessimism
                                  0.000000    0.150000   output external delay
                                              0.150000   data required time
---------------------------------------------------------------------------------------------
                                              0.150000   data required time
                                             -0.479074   data arrival time
---------------------------------------------------------------------------------------------
                                              0.329074   slack (MET)


Startpoint: _293_ (rising edge-triggered flip-flop clocked by clk)
Endpoint: _293_ (rising edge-triggered flip-flop clocked by clk)
Path Group: clk
Path Type: min

Fanout         Cap        Slew       Delay        Time   Description
---------------------------------------------------------------------------------------------
                                  0.000000    0.000000   clock clk (rise edge)
                                  0.000000    0.000000   clock source latency
     9    0.032878    0.000000    0.000000    0.000000 ^ clk (in)
                                                         clk (net)
                      0.001050    0.000525    0.000525 ^ _293_/CLK (sg13g2_dfrbpq_1)
    15    0.053396    0.168057    0.266082    0.266607 v _293_/Q (sg13g2_dfrbpq_1)
                                                         DPATH.SUM.fa_5.A (net)
                      0.168057    0.000269    0.266876 v _150_/B (sg13g2_xnor2_1)
     2    0.007556    0.059258    0.117285    0.384161 v _150_/Y (sg13g2_xnor2_1)
                                                         _102_ (net)
                      0.059258    0.000030    0.384191 v _151_/B (sg13g2_xor2_1)
     1    0.001571    0.023636    0.056944    0.441135 v _151_/X (sg13g2_xor2_1)
                                                         DPATH.SUM.fa_5.S (net)
                      0.023636    0.000008    0.441142 v _293_/D (sg13g2_dfrbpq_1)
                                              0.441142   data arrival time

                                  0.000000    0.000000   clock clk (rise edge)
                                  0.000000    0.000000   clock source latency
     9    0.036904    0.000000    0.000000    0.000000 ^ clk (in)
                                                         clk (net)
                      0.001184    0.000592    0.000592 ^ _293_/CLK (sg13g2_dfrbpq_1)
                                  0.150000    0.150592   clock uncertainty
                                 -0.000067    0.150525   clock reconvergence pessimism
                                 -0.039460    0.111065   library hold time
                                              0.111065   data required time
---------------------------------------------------------------------------------------------
                                              0.111065   data required time
                                             -0.441142   data arrival time
---------------------------------------------------------------------------------------------
                                              0.330078   slack (MET)


Startpoint: _296_ (rising edge-triggered flip-flop clocked by clk)
Endpoint: _292_ (rising edge-triggered flip-flop clocked by clk)
Path Group: clk
Path Type: min

Fanout         Cap        Slew       Delay        Time   Description
---------------------------------------------------------------------------------------------
                                  0.000000    0.000000   clock clk (rise edge)
                                  0.000000    0.000000   clock source latency
     9    0.032878    0.000000    0.000000    0.000000 ^ clk (in)
                                                         clk (net)
                      0.001035    0.000518    0.000518 ^ _296_/CLK (sg13g2_dfrbpq_1)
    13    0.053629    0.168840    0.266341    0.266859 v _296_/Q (sg13g2_dfrbpq_1)
                                                         CTRL.S0 (net)
                      0.168863    0.001953    0.268812 v _146_/A (sg13g2_xor2_1)
     2    0.007408    0.041339    0.124080    0.392892 v _146_/X (sg13g2_xor2_1)
                                                         _099_ (net)
                      0.041339    0.000032    0.392923 v _147_/B (sg13g2_xor2_1)
     1    0.001495    0.023754    0.049786    0.442710 v _147_/X (sg13g2_xor2_1)
                                                         DPATH.SUM.fa_4.S (net)
                      0.023754    0.000007    0.442716 v _292_/D (sg13g2_dfrbpq_1)
                                              0.442716   data arrival time

                                  0.000000    0.000000   clock clk (rise edge)
                                  0.000000    0.000000   clock source latency
     9    0.036904    0.000000    0.000000    0.000000 ^ clk (in)
                                                         clk (net)
                      0.001416    0.000708    0.000708 ^ _292_/CLK (sg13g2_dfrbpq_1)
                                  0.150000    0.150708   clock uncertainty
                                  0.000000    0.150708   clock reconvergence pessimism
                                 -0.039449    0.111259   library hold time
                                              0.111259   data required time
---------------------------------------------------------------------------------------------
                                              0.111259   data required time
                                             -0.442716   data arrival time
---------------------------------------------------------------------------------------------
                                              0.331457   slack (MET)


Startpoint: _296_ (rising edge-triggered flip-flop clocked by clk)
Endpoint: _290_ (rising edge-triggered flip-flop clocked by clk)
Path Group: clk
Path Type: min

Fanout         Cap        Slew       Delay        Time   Description
---------------------------------------------------------------------------------------------
                                  0.000000    0.000000   clock clk (rise edge)
                                  0.000000    0.000000   clock source latency
     9    0.032878    0.000000    0.000000    0.000000 ^ clk (in)
                                                         clk (net)
                      0.001035    0.000518    0.000518 ^ _296_/CLK (sg13g2_dfrbpq_1)
    13    0.053629    0.168840    0.266341    0.266859 v _296_/Q (sg13g2_dfrbpq_1)
                                                         CTRL.S0 (net)
                      0.168873    0.002275    0.269134 v _139_/A (sg13g2_xor2_1)
     2    0.007320    0.041105    0.123636    0.392769 v _139_/X (sg13g2_xor2_1)
                                                         _093_ (net)
                      0.041105    0.000027    0.392797 v _278_/B (sg13g2_xor2_1)
     1    0.001740    0.024414    0.050780    0.443577 v _278_/X (sg13g2_xor2_1)
                                                         DPATH.SUM.fa_2.S (net)
                      0.024414    0.000011    0.443587 v _290_/D (sg13g2_dfrbpq_1)
                                              0.443587   data arrival time

                                  0.000000    0.000000   clock clk (rise edge)
                                  0.000000    0.000000   clock source latency
     9    0.036904    0.000000    0.000000    0.000000 ^ clk (in)
                                                         clk (net)
                      0.001645    0.000823    0.000823 ^ _290_/CLK (sg13g2_dfrbpq_1)
                                  0.150000    0.150823   clock uncertainty
                                  0.000000    0.150823   clock reconvergence pessimism
                                 -0.039610    0.111212   library hold time
                                              0.111212   data required time
---------------------------------------------------------------------------------------------
                                              0.111212   data required time
                                             -0.443587   data arrival time
---------------------------------------------------------------------------------------------
                                              0.332375   slack (MET)


Startpoint: _294_ (rising edge-triggered flip-flop clocked by clk)
Endpoint: sine_out[2] (output port clocked by clk)
Path Group: clk
Path Type: min

Fanout         Cap        Slew       Delay        Time   Description
---------------------------------------------------------------------------------------------
                                  0.000000    0.000000   clock clk (rise edge)
                                  0.000000    0.000000   clock source latency
     9    0.032878    0.000000    0.000000    0.000000 ^ clk (in)
                                                         clk (net)
                      0.001006    0.000503    0.000503 ^ _294_/CLK (sg13g2_dfrbpq_1)
    20    0.067613    0.210825    0.297587    0.298090 v _294_/Q (sg13g2_dfrbpq_1)
                                                         DPATH.SUM.fa_6.A (net)
                      0.210834    0.001554    0.299644 v _253_/A1 (sg13g2_o21ai_1)
     1    0.010000    0.061653    0.190702    0.490347 ^ _253_/Y (sg13g2_o21ai_1)
                                                         sine_out[2] (net)
                      0.061653    0.000000    0.490347 ^ sine_out[2] (out)
                                              0.490347   data arrival time

                                  0.000000    0.000000   clock clk (rise edge)
                                  0.000000    0.000000   clock network delay (propagated)
                                  0.150000    0.150000   clock uncertainty
                                  0.000000    0.150000   clock reconvergence pessimism
                                  0.000000    0.150000   output external delay
                                              0.150000   data required time
---------------------------------------------------------------------------------------------
                                              0.150000   data required time
                                             -0.490347   data arrival time
---------------------------------------------------------------------------------------------
                                              0.340347   slack (MET)


Startpoint: _296_ (rising edge-triggered flip-flop clocked by clk)
Endpoint: _296_ (rising edge-triggered flip-flop clocked by clk)
Path Group: clk
Path Type: min

Fanout         Cap        Slew       Delay        Time   Description
---------------------------------------------------------------------------------------------
                                  0.000000    0.000000   clock clk (rise edge)
                                  0.000000    0.000000   clock source latency
     9    0.032878    0.000000    0.000000    0.000000 ^ clk (in)
                                                         clk (net)
                      0.001035    0.000518    0.000518 ^ _296_/CLK (sg13g2_dfrbpq_1)
    13    0.053629    0.168840    0.266341    0.266859 v _296_/Q (sg13g2_dfrbpq_1)
                                                         CTRL.S0 (net)
                      0.168842    0.000799    0.267658 v _170_/B1 (sg13g2_a21o_1)
     1    0.002724    0.025732    0.121941    0.389599 v _170_/X (sg13g2_a21o_1)
                                                         _119_ (net)
                      0.025732    0.000019    0.389618 v _171_/B (sg13g2_and2_1)
     1    0.001629    0.017243    0.066317    0.455935 v _171_/X (sg13g2_and2_1)
                                                         CTRL.P0 (net)
                      0.017243    0.000009    0.455944 v _296_/D (sg13g2_dfrbpq_1)
                                              0.455944   data arrival time

                                  0.000000    0.000000   clock clk (rise edge)
                                  0.000000    0.000000   clock source latency
     9    0.036904    0.000000    0.000000    0.000000 ^ clk (in)
                                                         clk (net)
                      0.001168    0.000584    0.000584 ^ _296_/CLK (sg13g2_dfrbpq_1)
                                  0.150000    0.150584   clock uncertainty
                                 -0.000066    0.150518   clock reconvergence pessimism
                                 -0.037441    0.113077   library hold time
                                              0.113077   data required time
---------------------------------------------------------------------------------------------
                                              0.113077   data required time
                                             -0.455944   data arrival time
---------------------------------------------------------------------------------------------
                                              0.342867   slack (MET)


Startpoint: _296_ (rising edge-triggered flip-flop clocked by clk)
Endpoint: _291_ (rising edge-triggered flip-flop clocked by clk)
Path Group: clk
Path Type: min

Fanout         Cap        Slew       Delay        Time   Description
---------------------------------------------------------------------------------------------
                                  0.000000    0.000000   clock clk (rise edge)
                                  0.000000    0.000000   clock source latency
     9    0.032878    0.000000    0.000000    0.000000 ^ clk (in)
                                                         clk (net)
                      0.001035    0.000518    0.000518 ^ _296_/CLK (sg13g2_dfrbpq_1)
    13    0.053629    0.168840    0.266341    0.266859 v _296_/Q (sg13g2_dfrbpq_1)
                                                         CTRL.S0 (net)
                      0.168872    0.002261    0.269120 v _142_/A (sg13g2_xnor2_1)
     2    0.007542    0.059187    0.128446    0.397565 v _142_/Y (sg13g2_xnor2_1)
                                                         _096_ (net)
                      0.059187    0.000030    0.397595 v _143_/B (sg13g2_xor2_1)
     1    0.001662    0.023859    0.057330    0.454926 v _143_/X (sg13g2_xor2_1)
                                                         DPATH.SUM.fa_3.S (net)
                      0.023859    0.000009    0.454935 v _291_/D (sg13g2_dfrbpq_1)
                                              0.454935   data arrival time

                                  0.000000    0.000000   clock clk (rise edge)
                                  0.000000    0.000000   clock source latency
     9    0.036904    0.000000    0.000000    0.000000 ^ clk (in)
                                                         clk (net)
                      0.001651    0.000826    0.000826 ^ _291_/CLK (sg13g2_dfrbpq_1)
                                  0.150000    0.150826   clock uncertainty
                                  0.000000    0.150826   clock reconvergence pessimism
                                 -0.039433    0.111392   library hold time
                                              0.111392   data required time
---------------------------------------------------------------------------------------------
                                              0.111392   data required time
                                             -0.454935   data arrival time
---------------------------------------------------------------------------------------------
                                              0.343543   slack (MET)


Startpoint: _294_ (rising edge-triggered flip-flop clocked by clk)
Endpoint: sine_out[0] (output port clocked by clk)
Path Group: clk
Path Type: min

Fanout         Cap        Slew       Delay        Time   Description
---------------------------------------------------------------------------------------------
                                  0.000000    0.000000   clock clk (rise edge)
                                  0.000000    0.000000   clock source latency
     9    0.032878    0.000000    0.000000    0.000000 ^ clk (in)
                                                         clk (net)
                      0.001006    0.000503    0.000503 ^ _294_/CLK (sg13g2_dfrbpq_1)
    20    0.067613    0.210825    0.297587    0.298090 v _294_/Q (sg13g2_dfrbpq_1)
                                                         DPATH.SUM.fa_6.A (net)
                      0.210831    0.001334    0.299424 v _214_/A (sg13g2_nand3_1)
     1    0.002698    0.029998    0.073369    0.372793 ^ _214_/Y (sg13g2_nand3_1)
                                                         _041_ (net)
                      0.029998    0.000016    0.372809 ^ _215_/B1 (sg13g2_a21oi_1)
     1    0.002975    0.019015    0.029794    0.402603 v _215_/Y (sg13g2_a21oi_1)
                                                         _042_ (net)
                      0.019015    0.000020    0.402623 v _216_/B2 (sg13g2_a22oi_1)
     1    0.010000    0.106822    0.093350    0.495973 ^ _216_/Y (sg13g2_a22oi_1)
                                                         sine_out[0] (net)
                      0.106822    0.000000    0.495973 ^ sine_out[0] (out)
                                              0.495973   data arrival time

                                  0.000000    0.000000   clock clk (rise edge)
                                  0.000000    0.000000   clock network delay (propagated)
                                  0.150000    0.150000   clock uncertainty
                                  0.000000    0.150000   clock reconvergence pessimism
                                  0.000000    0.150000   output external delay
                                              0.150000   data required time
---------------------------------------------------------------------------------------------
                                              0.150000   data required time
                                             -0.495973   data arrival time
---------------------------------------------------------------------------------------------
                                              0.345973   slack (MET)


Startpoint: _293_ (rising edge-triggered flip-flop clocked by clk)
Endpoint: sine_out[10] (output port clocked by clk)
Path Group: clk
Path Type: min

Fanout         Cap        Slew       Delay        Time   Description
---------------------------------------------------------------------------------------------
                                  0.000000    0.000000   clock clk (rise edge)
                                  0.000000    0.000000   clock source latency
     9    0.032878    0.000000    0.000000    0.000000 ^ clk (in)
                                                         clk (net)
                      0.001050    0.000525    0.000525 ^ _293_/CLK (sg13g2_dfrbpq_1)
    15    0.053396    0.168057    0.266082    0.266607 v _293_/Q (sg13g2_dfrbpq_1)
                                                         DPATH.SUM.fa_5.A (net)
                      0.168076    0.001801    0.268408 v _261_/A (sg13g2_or2_1)
     4    0.010647    0.050920    0.169871    0.438279 v _261_/X (sg13g2_or2_1)
                                                         _082_ (net)
                      0.050920    0.000030    0.438309 v _267_/A (sg13g2_nand2_1)
     1    0.010000    0.055737    0.060793    0.499101 ^ _267_/Y (sg13g2_nand2_1)
                                                         sine_out[10] (net)
                      0.055737    0.000000    0.499101 ^ sine_out[10] (out)
                                              0.499101   data arrival time

                                  0.000000    0.000000   clock clk (rise edge)
                                  0.000000    0.000000   clock network delay (propagated)
                                  0.150000    0.150000   clock uncertainty
                                  0.000000    0.150000   clock reconvergence pessimism
                                  0.000000    0.150000   output external delay
                                              0.150000   data required time
---------------------------------------------------------------------------------------------
                                              0.150000   data required time
                                             -0.499101   data arrival time
---------------------------------------------------------------------------------------------
                                              0.349101   slack (MET)


Startpoint: _294_ (rising edge-triggered flip-flop clocked by clk)
Endpoint: sine_out[1] (output port clocked by clk)
Path Group: clk
Path Type: min

Fanout         Cap        Slew       Delay        Time   Description
---------------------------------------------------------------------------------------------
                                  0.000000    0.000000   clock clk (rise edge)
                                  0.000000    0.000000   clock source latency
     9    0.032878    0.000000    0.000000    0.000000 ^ clk (in)
                                                         clk (net)
                      0.001006    0.000503    0.000503 ^ _294_/CLK (sg13g2_dfrbpq_1)
    20    0.067613    0.210825    0.297587    0.298090 v _294_/Q (sg13g2_dfrbpq_1)
                                                         DPATH.SUM.fa_6.A (net)
                      0.210829    0.001201    0.299291 v _130_/A (sg13g2_inv_1)
     3    0.009513    0.078610    0.098287    0.397578 ^ _130_/Y (sg13g2_inv_1)
                                                         _087_ (net)
                      0.078610    0.000044    0.397622 ^ _235_/A1 (sg13g2_o21ai_1)
     1    0.010000    0.070798    0.107765    0.505387 v _235_/Y (sg13g2_o21ai_1)
                                                         sine_out[1] (net)
                      0.070798    0.000000    0.505387 v sine_out[1] (out)
                                              0.505387   data arrival time

                                  0.000000    0.000000   clock clk (rise edge)
                                  0.000000    0.000000   clock network delay (propagated)
                                  0.150000    0.150000   clock uncertainty
                                  0.000000    0.150000   clock reconvergence pessimism
                                  0.000000    0.150000   output external delay
                                              0.150000   data required time
---------------------------------------------------------------------------------------------
                                              0.150000   data required time
                                             -0.505387   data arrival time
---------------------------------------------------------------------------------------------
                                              0.355387   slack (MET)


Startpoint: _288_ (rising edge-triggered flip-flop clocked by clk)
Endpoint: _288_ (rising edge-triggered flip-flop clocked by clk)
Path Group: clk
Path Type: min

Fanout         Cap        Slew       Delay        Time   Description
---------------------------------------------------------------------------------------------
                                  0.000000    0.000000   clock clk (rise edge)
                                  0.000000    0.000000   clock source latency
     9    0.032878    0.000000    0.000000    0.000000 ^ clk (in)
                                                         clk (net)
                      0.001525    0.000763    0.000763 ^ _288_/CLK (sg13g2_dfrbpq_1)
    15    0.059322    0.185715    0.280042    0.280805 v _288_/Q (sg13g2_dfrbpq_1)
                                                         DPATH.SUM.Cout0 (net)
                      0.185716    0.000691    0.281496 v _132_/A (sg13g2_inv_1)
     8    0.033244    0.163418    0.196974    0.478469 ^ _132_/Y (sg13g2_inv_1)
                                                         DPATH.SUM.ha_0.S (net)
                      0.163418    0.000488    0.478958 ^ _288_/D (sg13g2_dfrbpq_1)
                                              0.478958   data arrival time

                                  0.000000    0.000000   clock clk (rise edge)
                                  0.000000    0.000000   clock source latency
     9    0.036904    0.000000    0.000000    0.000000 ^ clk (in)
                                                         clk (net)
                      0.001724    0.000862    0.000862 ^ _288_/CLK (sg13g2_dfrbpq_1)
                                  0.150000    0.150862   clock uncertainty
                                 -0.000099    0.150763   clock reconvergence pessimism
                                 -0.099999    0.050764   library hold time
                                              0.050764   data required time
---------------------------------------------------------------------------------------------
                                              0.050764   data required time
                                             -0.478958   data arrival time
---------------------------------------------------------------------------------------------
                                              0.428194   slack (MET)



