
===========================================================================
 report_power
============================================================================
======================= nom_typ_1p20V_25C Corner ===================================

Group                    Internal    Switching      Leakage        Total
                            Power        Power        Power        Power (Watts)
------------------------------------------------------------------------
Sequential           9.488835e-05 0.000000e+00 4.413539e-09 9.489277e-05  98.8%
Combinational        2.984389e-07 7.924747e-07 1.864912e-08 1.109563e-06   1.2%
Clock                0.000000e+00 0.000000e+00 0.000000e+00 0.000000e+00   0.0%
Macro                0.000000e+00 0.000000e+00 0.000000e+00 0.000000e+00   0.0%
Pad                  0.000000e+00 0.000000e+00 0.000000e+00 0.000000e+00   0.0%
------------------------------------------------------------------------
Total                9.518679e-05 7.924747e-07 2.306266e-08 9.600233e-05 100.0%
                            99.2%         0.8%         0.0%
Writing metric power__internal__total: 9.518679144093767e-5
Writing metric power__switching__total: 7.924746796561521e-7
Writing metric power__leakage__total: 2.306265756146786e-8
Writing metric power__total: 9.600233170203865e-5

