[WARNING ORD-0032] Invalid thread number specification: None.
Reading timing models for corner nom_typ_1p20V_25C…
Reading timing library for the 'nom_typ_1p20V_25C' corner at '/foss/pdks/ihp-sg13g2/libs.ref/sg13g2_stdcell/lib/sg13g2_stdcell_typ_1p20V_25C.lib.gz'…
Reading timing library for the 'nom_typ_1p20V_25C' corner at '/foss/pdks/ihp-sg13g2/libs.ref/sg13g2_io/lib/sg13g2_io_typ_1p2V_3p3V_25C.lib.gz'…
Reading OpenROAD database at '/foss/designs/BASIC/current_generator/digital/DigitalSine/runs/RUN_2026-09-16_23-32-49/42-openroad-repairantennas/1-openroad-diodeinsertion/DigitalSine.odb'…
Reading design constraints file at '/foss/designs/BASIC/current_generator/digital/DigitalSine/cons.sdc'…
[INFO] No information on clock propagation in input SDC file-- propagating all clocks.
+ detailed_route -droute_end_iter 64 -or_seed 42 -verbose 1 -output_drc /foss/designs/BASIC/current_generator/digital/DigitalSine/runs/RUN_2026-09-16_23-32-49/44-openroad-detailedrouting/drt-run-0/DigitalSine.drc
[INFO DRT-0149] Reading tech and libs.
[WARNING DRT-0349] LEF58_ENCLOSURE with no CUTCLASS is not supported. Skipping for layer Cont
[WARNING DRT-0349] LEF58_ENCLOSURE with no CUTCLASS is not supported. Skipping for layer Via1
[WARNING DRT-0349] LEF58_ENCLOSURE with no CUTCLASS is not supported. Skipping for layer Via1
[WARNING DRT-0349] LEF58_ENCLOSURE with no CUTCLASS is not supported. Skipping for layer Via2
[WARNING DRT-0349] LEF58_ENCLOSURE with no CUTCLASS is not supported. Skipping for layer Via3
[WARNING DRT-0349] LEF58_ENCLOSURE with no CUTCLASS is not supported. Skipping for layer Via4
[WARNING DRT-0349] LEF58_ENCLOSURE with no CUTCLASS is not supported. Skipping for layer TopVia1
[WARNING DRT-0349] LEF58_ENCLOSURE with no CUTCLASS is not supported. Skipping for layer TopVia1
[WARNING DRT-0349] LEF58_ENCLOSURE with no CUTCLASS is not supported. Skipping for layer TopVia2
[WARNING DRT-0349] LEF58_ENCLOSURE with no CUTCLASS is not supported. Skipping for layer TopVia2

Units:                1000
Number of layers:     15
Number of macros:     106
Number of vias:       77
Number of viarulegen: 6

[INFO DRT-0150] Reading design.

Design:                   DigitalSine
Die area:                 ( 0 0 ) ( 67190 85910 )
Number of track patterns: 14
Number of DEF vias:       0
Number of components:     214
Number of terminals:      24
Number of snets:          2
Number of nets:           215

[INFO DRT-0167] List of default vias:
  Layer Via2
    default via: Via2_YX
  Layer Via3
    default via: Via3_XY
  Layer Via4
    default via: Via4_YX
  Layer TopVia1
    default via: TopVia1EWNS
  Layer TopVia2
    default via: TopVia2EWNS
[INFO DRT-0162] Library cell analysis.
[INFO DRT-0163] Instance analysis.
[INFO DRT-0164] Number of unique instances = 65.
[INFO DRT-0168] Init region query.
[INFO DRT-0024]   Complete GatPoly.
[INFO DRT-0024]   Complete Cont.
[INFO DRT-0024]   Complete Metal1.
[INFO DRT-0024]   Complete Via1.
[INFO DRT-0024]   Complete Metal2.
[INFO DRT-0024]   Complete Via2.
[INFO DRT-0024]   Complete Metal3.
[INFO DRT-0024]   Complete Via3.
[INFO DRT-0024]   Complete Metal4.
[INFO DRT-0024]   Complete Via4.
[INFO DRT-0024]   Complete Metal5.
[INFO DRT-0024]   Complete TopVia1.
[INFO DRT-0024]   Complete TopMetal1.
[INFO DRT-0024]   Complete TopVia2.
[INFO DRT-0024]   Complete TopMetal2.
[INFO DRT-0033] GatPoly shape region query size = 0.
[INFO DRT-0033] Cont shape region query size = 0.
[INFO DRT-0033] Metal1 shape region query size = 3989.
[INFO DRT-0033] Via1 shape region query size = 75.
[INFO DRT-0033] Metal2 shape region query size = 32.
[INFO DRT-0033] Via2 shape region query size = 75.
[INFO DRT-0033] Metal3 shape region query size = 50.
[INFO DRT-0033] Via3 shape region query size = 75.
[INFO DRT-0033] Metal4 shape region query size = 45.
[INFO DRT-0033] Via4 shape region query size = 512.
[INFO DRT-0033] Metal5 shape region query size = 30.
[INFO DRT-0033] TopVia1 shape region query size = 0.
[INFO DRT-0033] TopMetal1 shape region query size = 0.
[INFO DRT-0033] TopVia2 shape region query size = 0.
[INFO DRT-0033] TopMetal2 shape region query size = 0.
[INFO DRT-0165] Start pin access.
[INFO DRT-0078]   Complete 351 pins.
[INFO DRT-0081]   Complete 65 unique inst patterns.
[INFO DRT-0084]   Complete 69 groups.
#scanned instances     = 214
#unique  instances     = 65
#stdCellGenAp          = 3271
#stdCellValidPlanarAp  = 0
#stdCellValidViaAp     = 2577
#stdCellPinNoAp        = 0
#stdCellPinCnt         = 665
#instTermValidViaApCnt = 0
#macroGenAp            = 0
#macroValidPlanarAp    = 0
#macroValidViaAp       = 0
#macroNoAp             = 0
[INFO DRT-0166] Complete pin access.
[INFO DRT-0267] cpu time = 00:00:10, elapsed time = 00:00:10, memory = 101.30 (MB), peak = 101.19 (MB)

[INFO DRT-0157] Number of guides:     1481

[INFO DRT-0169] Post process guides.
[INFO DRT-0176] GCELLGRID X 0 DO 9 STEP 7200 ;
[INFO DRT-0177] GCELLGRID Y 0 DO 11 STEP 7200 ;
[INFO DRT-0028]   Complete GatPoly.
[INFO DRT-0028]   Complete Cont.
[INFO DRT-0028]   Complete Metal1.
[INFO DRT-0028]   Complete Via1.
[INFO DRT-0028]   Complete Metal2.
[INFO DRT-0028]   Complete Via2.
[INFO DRT-0028]   Complete Metal3.
[INFO DRT-0028]   Complete Via3.
[INFO DRT-0028]   Complete Metal4.
[INFO DRT-0028]   Complete Via4.
[INFO DRT-0028]   Complete Metal5.
[INFO DRT-0028]   Complete TopVia1.
[INFO DRT-0028]   Complete TopMetal1.
[INFO DRT-0028]   Complete TopVia2.
[INFO DRT-0028]   Complete TopMetal2.
[INFO DRT-0178] Init guide query.
[INFO DRT-0035]   Complete GatPoly (guide).
[INFO DRT-0035]   Complete Cont (guide).
[INFO DRT-0035]   Complete Metal1 (guide).
[INFO DRT-0035]   Complete Via1 (guide).
[INFO DRT-0035]   Complete Metal2 (guide).
[INFO DRT-0035]   Complete Via2 (guide).
[INFO DRT-0035]   Complete Metal3 (guide).
[INFO DRT-0035]   Complete Via3 (guide).
[INFO DRT-0035]   Complete Metal4 (guide).
[INFO DRT-0035]   Complete Via4 (guide).
[INFO DRT-0035]   Complete Metal5 (guide).
[INFO DRT-0035]   Complete TopVia1 (guide).
[INFO DRT-0035]   Complete TopMetal1 (guide).
[INFO DRT-0035]   Complete TopVia2 (guide).
[INFO DRT-0035]   Complete TopMetal2 (guide).
[INFO DRT-0036] GatPoly guide region query size = 0.
[INFO DRT-0036] Cont guide region query size = 0.
[INFO DRT-0036] Metal1 guide region query size = 538.
[INFO DRT-0036] Via1 guide region query size = 0.
[INFO DRT-0036] Metal2 guide region query size = 440.
[INFO DRT-0036] Via2 guide region query size = 0.
[INFO DRT-0036] Metal3 guide region query size = 222.
[INFO DRT-0036] Via3 guide region query size = 0.
[INFO DRT-0036] Metal4 guide region query size = 10.
[INFO DRT-0036] Via4 guide region query size = 0.
[INFO DRT-0036] Metal5 guide region query size = 1.
[INFO DRT-0036] TopVia1 guide region query size = 0.
[INFO DRT-0036] TopMetal1 guide region query size = 0.
[INFO DRT-0036] TopVia2 guide region query size = 0.
[INFO DRT-0036] TopMetal2 guide region query size = 0.
[INFO DRT-0179] Init gr pin query.
[INFO DRT-0267] cpu time = 00:00:00, elapsed time = 00:00:00, memory = 101.84 (MB), peak = 101.69 (MB)
[INFO DRT-0245] skipped writing guide updates to database.
[INFO DRT-0185] Post process initialize RPin region query.
[INFO DRT-0181] Start track assignment.
[INFO DRT-0184] Done with 450 vertical wires in 1 frboxes and 761 horizontal wires in 1 frboxes.
[INFO DRT-0186] Done with 164 vertical wires in 1 frboxes and 104 horizontal wires in 1 frboxes.
[INFO DRT-0182] Complete track assignment.
[INFO DRT-0267] cpu time = 00:00:00, elapsed time = 00:00:00, memory = 103.96 (MB), peak = 103.82 (MB)
[INFO DRT-0187] Start routing data preparation.
[INFO DRT-0267] cpu time = 00:00:00, elapsed time = 00:00:00, memory = 104.09 (MB), peak = 103.94 (MB)
[INFO DRT-0194] Start detail routing.
[INFO DRT-0195] Start 0th optimization iteration.
    Completing 20% with 0 violations.
    elapsed time = 00:00:03, memory = 112.83 (MB).
    Completing 50% with 21 violations.
    elapsed time = 00:00:04, memory = 132.29 (MB).
    Completing 70% with 60 violations.
    elapsed time = 00:00:04, memory = 132.29 (MB).
    Completing 100% with 75 violations.
    elapsed time = 00:00:05, memory = 132.29 (MB).
[INFO DRT-0199]   Number of violations = 104.
Viol/Layer      Metal2 Metal3 Metal4
Metal Spacing       18      3      0
Recheck             19      9      1
Short               47      7      0
[INFO DRT-0267] cpu time = 00:00:05, elapsed time = 00:00:05, memory = 515.29 (MB), peak = 515.18 (MB)
Total wire length = 5116 um.
Total wire length on LAYER Metal1 = 0 um.
Total wire length on LAYER Metal2 = 2515 um.
Total wire length on LAYER Metal3 = 2294 um.
Total wire length on LAYER Metal4 = 276 um.
Total wire length on LAYER Metal5 = 30 um.
Total wire length on LAYER TopMetal1 = 0 um.
Total wire length on LAYER TopMetal2 = 0 um.
Total number of vias = 1362.
Up-via summary (total 1362):

------------------
   GatPoly       0
    Metal1     674
    Metal2     627
    Metal3      59
    Metal4       2
    Metal5       0
 TopMetal1       0
------------------
          1362


[INFO DRT-0195] Start 1st optimization iteration.
    Completing 20% with 104 violations.
    elapsed time = 00:00:00, memory = 515.29 (MB).
    Completing 50% with 100 violations.
    elapsed time = 00:00:03, memory = 515.29 (MB).
    Completing 70% with 77 violations.
    elapsed time = 00:00:03, memory = 515.29 (MB).
    Completing 100% with 42 violations.
    elapsed time = 00:00:07, memory = 515.29 (MB).
[INFO DRT-0199]   Number of violations = 42.
Viol/Layer      Metal2
Metal Spacing       20
Short               22
[INFO DRT-0267] cpu time = 00:00:08, elapsed time = 00:00:08, memory = 515.32 (MB), peak = 515.18 (MB)
Total wire length = 5052 um.
Total wire length on LAYER Metal1 = 0 um.
Total wire length on LAYER Metal2 = 2417 um.
Total wire length on LAYER Metal3 = 2269 um.
Total wire length on LAYER Metal4 = 334 um.
Total wire length on LAYER Metal5 = 30 um.
Total wire length on LAYER TopMetal1 = 0 um.
Total wire length on LAYER TopMetal2 = 0 um.
Total number of vias = 1340.
Up-via summary (total 1340):

------------------
   GatPoly       0
    Metal1     673
    Metal2     601
    Metal3      64
    Metal4       2
    Metal5       0
 TopMetal1       0
------------------
          1340


[INFO DRT-0195] Start 2nd optimization iteration.
    Completing 10% with 42 violations.
    elapsed time = 00:00:00, memory = 515.32 (MB).
    Completing 30% with 42 violations.
    elapsed time = 00:00:00, memory = 515.32 (MB).
    Completing 50% with 42 violations.
    elapsed time = 00:00:00, memory = 515.32 (MB).
    Completing 60% with 29 violations.
    elapsed time = 00:00:00, memory = 515.32 (MB).
    Completing 80% with 29 violations.
    elapsed time = 00:00:00, memory = 515.32 (MB).
    Completing 100% with 37 violations.
    elapsed time = 00:00:10, memory = 515.32 (MB).
[INFO DRT-0199]   Number of violations = 37.
Viol/Layer      Metal2
Metal Spacing       14
Short               23
[INFO DRT-0267] cpu time = 00:00:10, elapsed time = 00:00:11, memory = 515.32 (MB), peak = 515.18 (MB)
Total wire length = 5006 um.
Total wire length on LAYER Metal1 = 0 um.
Total wire length on LAYER Metal2 = 2436 um.
Total wire length on LAYER Metal3 = 2226 um.
Total wire length on LAYER Metal4 = 312 um.
Total wire length on LAYER Metal5 = 32 um.
Total wire length on LAYER TopMetal1 = 0 um.
Total wire length on LAYER TopMetal2 = 0 um.
Total number of vias = 1321.
Up-via summary (total 1321):

------------------
   GatPoly       0
    Metal1     674
    Metal2     594
    Metal3      51
    Metal4       2
    Metal5       0
 TopMetal1       0
------------------
          1321


[INFO DRT-0195] Start 3rd guides tiles iteration.
    Completing 20% with 37 violations.
    elapsed time = 00:00:04, memory = 515.32 (MB).
    Completing 50% with 8 violations.
    elapsed time = 00:00:04, memory = 515.32 (MB).
    Completing 70% with 8 violations.
    elapsed time = 00:00:04, memory = 515.32 (MB).
    Completing 100% with 0 violations.
    elapsed time = 00:00:04, memory = 515.32 (MB).
[INFO DRT-0199]   Number of violations = 0.
[INFO DRT-0267] cpu time = 00:00:05, elapsed time = 00:00:05, memory = 515.32 (MB), peak = 515.18 (MB)
Total wire length = 4997 um.
Total wire length on LAYER Metal1 = 0 um.
Total wire length on LAYER Metal2 = 2339 um.
Total wire length on LAYER Metal3 = 2235 um.
Total wire length on LAYER Metal4 = 389 um.
Total wire length on LAYER Metal5 = 32 um.
Total wire length on LAYER TopMetal1 = 0 um.
Total wire length on LAYER TopMetal2 = 0 um.
Total number of vias = 1352.
Up-via summary (total 1352):

------------------
   GatPoly       0
    Metal1     675
    Metal2     604
    Metal3      71
    Metal4       2
    Metal5       0
 TopMetal1       0
------------------
          1352


[INFO DRT-0198] Complete detail routing.
Total wire length = 4997 um.
Total wire length on LAYER Metal1 = 0 um.
Total wire length on LAYER Metal2 = 2339 um.
Total wire length on LAYER Metal3 = 2235 um.
Total wire length on LAYER Metal4 = 389 um.
Total wire length on LAYER Metal5 = 32 um.
Total wire length on LAYER TopMetal1 = 0 um.
Total wire length on LAYER TopMetal2 = 0 um.
Total number of vias = 1352.
Up-via summary (total 1352):

------------------
   GatPoly       0
    Metal1     675
    Metal2     604
    Metal3      71
    Metal4       2
    Metal5       0
 TopMetal1       0
------------------
          1352


[INFO DRT-0267] cpu time = 00:00:29, elapsed time = 00:00:29, memory = 515.44 (MB), peak = 515.30 (MB)

[INFO DRT-0180] Post processing.
+ check_antennas 
[INFO ANT-0002] Found 0 net violations.
[INFO ANT-0001] Found 0 pin violations.
Setting global connections for newly added cells…
[INFO] Setting global connections...
[INFO ODB-0403] 0 connections made, 0 conflicts skipped.
Updating metrics…
Cell type report:                       Count       Area
  Clock buffer                              3     136.08
  Timing Repair Buffer                     43     321.15
  Inverter                                 16      87.09
  Clock inverter                            1       5.44
  Sequential cell                           9     440.90
  Multi-Input combinational cell          142    1362.61
  Total                                   214    2353.28
Writing OpenROAD database to '/foss/designs/BASIC/current_generator/digital/DigitalSine/runs/RUN_2026-09-16_23-32-49/44-openroad-detailedrouting/DigitalSine.odb'…
Writing netlist to '/foss/designs/BASIC/current_generator/digital/DigitalSine/runs/RUN_2026-09-16_23-32-49/44-openroad-detailedrouting/DigitalSine.nl.v'…
Writing powered netlist to '/foss/designs/BASIC/current_generator/digital/DigitalSine/runs/RUN_2026-09-16_23-32-49/44-openroad-detailedrouting/DigitalSine.pnl.v'…
Writing layout to '/foss/designs/BASIC/current_generator/digital/DigitalSine/runs/RUN_2026-09-16_23-32-49/44-openroad-detailedrouting/DigitalSine.def'…
Writing timing constraints to '/foss/designs/BASIC/current_generator/digital/DigitalSine/runs/RUN_2026-09-16_23-32-49/44-openroad-detailedrouting/DigitalSine.sdc'…
