1 Lint warnings found.
[ORD-0032] Invalid thread number specification: None.
[ORD-0032] Invalid thread number specification: None.
[ORD-0032] Invalid thread number specification: None.
[ORD-0032] Invalid thread number specification: None.
[ORD-0032] Invalid thread number specification: None.
[PDN-0239] Ring shape falls outside the die bounds.
Overriding minimum distance 0.22 with 0.61 for pins on side E to avoid overlap.
[ORD-0032] Invalid thread number specification: None.
[GPL-0302] Target density 0.7472 is too low for the available free area.
[ORD-0032] Invalid thread number specification: None.
[ORD-0032] Invalid thread number specification: None.
[ORD-0032] Invalid thread number specification: None.
[ORD-0032] Invalid thread number specification: None.
[ORD-0032] Invalid thread number specification: None.
[ORD-0032] Invalid thread number specification: None.
[ORD-0032] Invalid thread number specification: None.
[ORD-0032] Invalid thread number specification: None.
[GRT-0041] Net DVDD has wires/vias outside die area.
[GRT-0041] Net DVDD has wires/vias outside die area.
[GRT-0041] Net DVDD has wires/vias outside die area.
[GRT-0041] Net DVDD has wires/vias outside die area.
[GRT-0041] Net DVDD has wires/vias outside die area.
[GRT-0041] Net DVDD has wires/vias outside die area.
[GRT-0041] Net DVDD has wires/vias outside die area.
[GRT-0041] Net DVDD has wires/vias outside die area.
[GRT-0041] Net DVDD has wires/vias outside die area.
[GRT-0041] Net DVDD has wires/vias outside die area.
[GRT-0041] Net DVDD has wires/vias outside die area.
[GRT-0041] Net DVDD has wires/vias outside die area.
[GRT-0041] Net DVDD has wires/vias outside die area.
[GRT-0041] Net DVDD has wires/vias outside die area.
[GRT-0041] Net DVDD has wires/vias outside die area.
[GRT-0041] Net DVDD has wires/vias outside die area.
[GRT-0041] Net DVDD has wires/vias outside die area.
[GRT-0041] Net DVSS has wires/vias outside die area.
[GRT-0041] Net DVSS has wires/vias outside die area.
[GRT-0041] Net DVSS has wires/vias outside die area.
[GRT-0041] Net DVSS has wires/vias outside die area.
[GRT-0041] Net DVSS has wires/vias outside die area.
[GRT-0041] Net DVSS has wires/vias outside die area.
[GRT-0041] Net DVSS has wires/vias outside die area.
[GRT-0041] Net DVSS has wires/vias outside die area.
[GRT-0041] Net DVSS has wires/vias outside die area.
[GRT-0041] Net DVSS has wires/vias outside die area.
[GRT-0041] Net DVSS has wires/vias outside die area.
[GRT-0041] Net DVSS has wires/vias outside die area.
[GRT-0041] Net DVSS has wires/vias outside die area.
[GRT-0041] Net DVSS has wires/vias outside die area.
[GRT-0041] Net DVSS has wires/vias outside die area.
[GRT-0041] Net DVSS has wires/vias outside die area.
[GRT-0041] Net DVSS has wires/vias outside die area.
[ORD-0032] Invalid thread number specification: None.
[ORD-0032] Invalid thread number specification: None.
[ORD-0032] Invalid thread number specification: None.
[ORD-0032] Invalid thread number specification: None.
[ORD-0032] Invalid thread number specification: None.
[DRT-0349] LEF58_ENCLOSURE with no CUTCLASS is not supported. Skipping for layer Cont
[DRT-0349] LEF58_ENCLOSURE with no CUTCLASS is not supported. Skipping for layer Via1
[DRT-0349] LEF58_ENCLOSURE with no CUTCLASS is not supported. Skipping for layer Via1
[DRT-0349] LEF58_ENCLOSURE with no CUTCLASS is not supported. Skipping for layer Via2
[DRT-0349] LEF58_ENCLOSURE with no CUTCLASS is not supported. Skipping for layer Via3
[DRT-0349] LEF58_ENCLOSURE with no CUTCLASS is not supported. Skipping for layer Via4
[DRT-0349] LEF58_ENCLOSURE with no CUTCLASS is not supported. Skipping for layer TopVia1
[DRT-0349] LEF58_ENCLOSURE with no CUTCLASS is not supported. Skipping for layer TopVia1
[DRT-0349] LEF58_ENCLOSURE with no CUTCLASS is not supported. Skipping for layer TopVia2
[DRT-0349] LEF58_ENCLOSURE with no CUTCLASS is not supported. Skipping for layer TopVia2
[ORD-0032] Invalid thread number specification: None.
Threshold for Threshold-surpassing long wires is not set. The checker will be skipped.
[ORD-0032] Invalid thread number specification: None.
[ORD-0032] Invalid thread number specification: None.
'VSRC_LOC_FILES' was not given a value, which may make the results of IR drop analysis inaccurate. If you are not integrating a top-level chip for manufacture, you may ignore this warning, otherwise, see the documentation for 'VSRC_LOC_FILES'.
[ORD-0032] Invalid thread number specification: None.
