[WARNING ORD-0032] Invalid thread number specification: None.
Reading timing models for corner nom_typ_1p20V_25C…
Reading timing library for the 'nom_typ_1p20V_25C' corner at '/foss/pdks/ihp-sg13g2/libs.ref/sg13g2_stdcell/lib/sg13g2_stdcell_typ_1p20V_25C.lib.gz'…
Reading timing library for the 'nom_typ_1p20V_25C' corner at '/foss/pdks/ihp-sg13g2/libs.ref/sg13g2_io/lib/sg13g2_io_typ_1p2V_3p3V_25C.lib.gz'…
Reading OpenROAD database at '/foss/designs/BASIC/current_generator/digital/DigitalSine/runs/RUN_2026-09-16_23-32-49/26-odb-customioplacement/DigitalSine.odb'…
Reading design constraints file at '/foss/designs/BASIC/current_generator/digital/DigitalSine/cons.sdc'…
[INFO] No information on clock propagation in input SDC file-- propagating all clocks.
[INFO] Setting signal min routing layer to: Metal2 and clock min routing layer to Metal2. 
[INFO] Setting signal max routing layer to: TopMetal2 and clock max routing layer to TopMetal2. 
+ global_placement -density 0.747205 -routability_driven -pad_right 0 -pad_left 0 -init_wirelength_coef 0.25
[INFO GPL-0001] ---- Initialize GPL Main Data Structures
[INFO GPL-0002] DBU: 1000
[INFO GPL-0003] SiteSize: (  0.480  3.780 ) um
[INFO GPL-0004] CoreBBox: (  5.760 15.120 ) ( 60.960 68.040 ) um
[INFO GPL-0036] Movable instances area:       1890.605 um^2
[INFO GPL-0037] Total instances area:         1890.605 um^2
[INFO GPL-0035] Pin density area adjust:       303.335 um^2
[INFO GPL-0032] ---- Initialize Region: Top-level
[INFO GPL-0006] Number of instances:               167
[INFO GPL-0007] Movable instances:                 167
[INFO GPL-0008] Fixed instances:                     0
[INFO GPL-0009] Dummy instances:                     0
[INFO GPL-0010] Number of nets:                    169
[INFO GPL-0011] Number of pins:                    594
[INFO GPL-0012] Die BBox:  (  0.000  0.000 ) ( 67.190 85.910 ) um
[INFO GPL-0013] Core BBox: (  5.760 15.120 ) ( 60.960 68.040 ) um
[INFO GPL-0016] Core area:                    2921.184 um^2
[INFO GPL-0014] Region name: top-level.
[INFO GPL-0015] Region area:                  2921.184 um^2
[INFO GPL-0017] Fixed instances area:            0.000 um^2
[INFO GPL-0018] Movable instances area:       2193.940 um^2
[INFO GPL-0019] Utilization:                    75.104 %
[INFO GPL-0020] Standard cells area:          2193.940 um^2
[INFO GPL-0021] Large instances area:            0.000 um^2
[INFO GPL-0005] ---- Execute Conjugate Gradient Initial Placement.
[INFO GPL-0051] Source of initial instance position counters:
	Odb location = 0	Core center = 167	Region center = 0
[InitialPlace]  Iter: 1 conjugate gradient residual: 0.00000010 HPWL: 3526780
[InitialPlace]  Iter: 2 conjugate gradient residual: 0.00000011 HPWL: 2071376
[InitialPlace]  Iter: 3 conjugate gradient residual: 0.00000008 HPWL: 2051304
[InitialPlace]  Iter: 4 conjugate gradient residual: 0.00000011 HPWL: 2051888
[InitialPlace]  Iter: 5 conjugate gradient residual: 0.00000004 HPWL: 2044661
[INFO GPL-0033] ---- Initialize Nesterov Region: Top-level
[WARNING GPL-0302] Target density 0.7472 is too low for the available free area.
Automatically adjusting to uniform density 0.7600.
[INFO GPL-0023] Placement target density:       0.7600
[INFO GPL-0024] Movable insts average area:     13.137 um^2
[INFO GPL-0025] Ideal bin area:                 17.286 um^2
[INFO GPL-0026] Ideal bin count:                   168
[INFO GPL-0027] Total bin area:               2921.184 um^2
[INFO GPL-0028] Bin count (X, Y):           8 ,      8
[INFO GPL-0029] Bin size (W * H):       6.900 *  6.615 um
[INFO GPL-0030] Number of bins:                     64
[INFO GPL-0007] ---- Execute Nesterov Global Placement.
[INFO GPL-0031] HPWL: Half-Perimeter Wirelength
Iteration | Overflow |     HPWL (um) |  HPWL(%) |   Penalty | Group
---------------------------------------------------------------
        0 |   0.8783 |  1.139880e+03 |   +0.00% |  2.89e-14 |      
       10 |   0.8033 |  1.303257e+03 |  +14.33% |  4.71e-14 |      
       20 |   0.7957 |  1.302392e+03 |   -0.07% |  7.67e-14 |      
       30 |   0.7962 |  1.299474e+03 |   -0.22% |  1.25e-13 |      
       40 |   0.7963 |  1.299007e+03 |   -0.04% |  2.03e-13 |      
       50 |   0.7961 |  1.299894e+03 |   +0.07% |  3.31e-13 |      
       60 |   0.7966 |  1.300022e+03 |   +0.01% |  5.40e-13 |      
       70 |   0.7966 |  1.300185e+03 |   +0.01% |  8.79e-13 |      
       80 |   0.7954 |  1.300613e+03 |   +0.03% |  1.43e-12 |      
       90 |   0.7939 |  1.301303e+03 |   +0.05% |  2.33e-12 |      
      100 |   0.7929 |  1.302632e+03 |   +0.10% |  3.80e-12 |      
      110 |   0.7915 |  1.304737e+03 |   +0.16% |  6.19e-12 |      
      120 |   0.7907 |  1.308531e+03 |   +0.29% |  1.01e-11 |      
      130 |   0.7890 |  1.315617e+03 |   +0.54% |  1.64e-11 |      
      140 |   0.7863 |  1.327799e+03 |   +0.93% |  2.68e-11 |      
      150 |   0.7833 |  1.347256e+03 |   +1.47% |  4.36e-11 |      
      160 |   0.7728 |  1.382451e+03 |   +2.61% |  7.10e-11 |      
      170 |   0.7382 |  1.423605e+03 |   +2.98% |  1.16e-10 |      
      180 |   0.7189 |  1.471030e+03 |   +3.33% |  1.88e-10 |      
      190 |   0.7017 |  1.547574e+03 |   +5.20% |  3.07e-10 |      
      200 |   0.6774 |  1.621329e+03 |   +4.77% |  5.00e-10 |      
      210 |   0.6436 |  1.725534e+03 |   +6.43% |  8.14e-10 |      
      220 |   0.6109 |  1.804383e+03 |   +4.57% |  1.33e-09 |      
[INFO GPL-0038] Routability snapshot saved at iter = 228
      227 |   0.5960 |  1.894582e+03 |          |           |      
      230 |   0.5824 |  1.936835e+03 |   +7.34% |  2.16e-09 |      
      240 |   0.5417 |  2.030879e+03 |   +4.86% |  3.52e-09 |      
      250 |   0.5002 |  2.121724e+03 |   +4.47% |  5.73e-09 |      
      260 |   0.4559 |  2.205621e+03 |   +3.95% |  9.33e-09 |      
      270 |   0.4093 |  2.272182e+03 |   +3.02% |  1.52e-08 |      
      280 |   0.3639 |  2.333637e+03 |   +2.70% |  2.48e-08 |      
      290 |   0.3250 |  2.394098e+03 |   +2.59% |  3.80e-08 |      
[INFO GPL-0040] Routability iteration: 1
[INFO GPL-0041] Total routing overflow: 0.0000
[INFO GPL-0042] Number of overflowed tiles: 0 (0.00%)
[INFO GPL-0043] Average top 0.5% routing congestion: 0.6837
[INFO GPL-0044] Average top 1.0% routing congestion: 0.6837
[INFO GPL-0045] Average top 2.0% routing congestion: 0.6736
[INFO GPL-0046] Average top 5.0% routing congestion: 0.6475
[INFO GPL-0047] Routability iteration weighted routing congestion: 0.6837
[INFO GPL-0050] Weighted routing congestion is lower than target routing congestion(1.0100), end routability optimization.
[INFO GPL-0090] Routability finished. Target routing congestion achieved succesfully.
Iteration | Overflow |     HPWL (um) |  HPWL(%) |   Penalty | Group
---------------------------------------------------------------
      300 |   0.2831 |  2.436006e+03 |   +1.75% |  5.59e-08 |      
      310 |   0.2404 |  2.467292e+03 |   +1.28% |  8.24e-08 |      
      320 |   0.2040 |  2.505859e+03 |   +1.56% |  1.21e-07 |      
      330 |   0.1672 |  2.535023e+03 |   +1.16% |  1.79e-07 |      
      340 |   0.1425 |  2.563524e+03 |   +1.12% |  2.63e-07 |      
      350 |   0.1100 |  2.587954e+03 |   +0.95% |  3.88e-07 |      
      354 |   0.0989 |  2.593885e+03 |          |  4.71e-07 |      
---------------------------------------------------------------
[INFO GPL-1001] Global placement finished at iteration 354
[INFO GPL-1003] Routability mode iteration count: 69
[INFO GPL-1005] Routability final weighted congestion: 0.6358
[INFO GPL-1002] Placed Cell Area             2193.9402
[INFO GPL-1003] Available Free Area          2921.1840
[INFO GPL-1004] Minimum Feasible Density        0.7600 (cell_area / free_area)
[INFO GPL-1006]   Suggested Target Densities:
[INFO GPL-1007]     - For 90% usage of free space: 0.8345
[INFO GPL-1008]     - For 80% usage of free space: 0.9388
[INFO GPL-1011] Original area (um^2): 2193.94
[INFO GPL-1012] Total routability artificial inflation: 0.00 (+0.00%)
[INFO GPL-1014] Final placement area: 2193.94 (+0.00%)
Setting global connections for newly added cells…
[INFO] Setting global connections...
[INFO ODB-0403] 0 connections made, 0 conflicts skipped.
Updating metrics…
Cell type report:                       Count       Area
  Inverter                                 16      87.09
  Sequential cell                           9     440.90
  Multi-Input combinational cell          142    1362.61
  Total                                   167    1890.60
Writing OpenROAD database to '/foss/designs/BASIC/current_generator/digital/DigitalSine/runs/RUN_2026-09-16_23-32-49/28-openroad-globalplacement/DigitalSine.odb'…
Writing netlist to '/foss/designs/BASIC/current_generator/digital/DigitalSine/runs/RUN_2026-09-16_23-32-49/28-openroad-globalplacement/DigitalSine.nl.v'…
Writing powered netlist to '/foss/designs/BASIC/current_generator/digital/DigitalSine/runs/RUN_2026-09-16_23-32-49/28-openroad-globalplacement/DigitalSine.pnl.v'…
Writing layout to '/foss/designs/BASIC/current_generator/digital/DigitalSine/runs/RUN_2026-09-16_23-32-49/28-openroad-globalplacement/DigitalSine.def'…
Writing timing constraints to '/foss/designs/BASIC/current_generator/digital/DigitalSine/runs/RUN_2026-09-16_23-32-49/28-openroad-globalplacement/DigitalSine.sdc'…
